******************************************************************************
                  TI ARM Linker PC v18.1.2                     
******************************************************************************
>> Linked Wed Nov 28 09:25:33 2018

OUTPUT FILE NAME:   <ece3849_lab2_starter.out>
ENTRY POINT SYMBOL: "_c_int00"  address: 000091c1


MEMORY CONFIGURATION

         name            origin    length      used     unused   attr    fill
----------------------  --------  ---------  --------  --------  ----  --------
  FLASH                 00000000   00100000  0000e37e  000f1c82  R  X
  SRAM                  20000000   00040000  0001646c  00029b94  RW X


SEGMENT ALLOCATION MAP

run origin  load origin   length   init length attrs members
----------  ----------- ---------- ----------- ----- -------
00000000    00000000    0000e388   0000e388    r-x
  00000000    00000000    0000003c   0000003c    r-- .resetVecs
  00000040    00000040    0000b572   0000b572    r-x .text
  0000b5b8    0000b5b8    00002ae8   00002ae8    r-- .const
  0000e0a0    0000e0a0    000002e8   000002e8    r-- .cinit
20000000    20000000    00016470   00000000    rw-
  20000000    20000000    00000360   00000000    rw- .vecs
  20000360    20000360    0000d712   00000000    rw- .bss
  2000da74    2000da74    000086fa   00000000    rw- .data
  20016170    20016170    00000300   00000000    rw- .stack


SECTION ALLOCATION MAP

 output                                  attributes/
section   page    origin      length       input sections
--------  ----  ----------  ----------   ----------------
.text      0    00000040    0000b572     
                  00000040    00000a5e     rtsv7M4_T_le_v4SPD16_eabi.lib : _printfi.c.obj (.text:__TI_printfi)
                  00000a9e    00000002                                   : _lock.c.obj (.text:_nop)
                  00000aa0    00000738                                   : k_rem_pio2.c.obj (.text:__kernel_rem_pio2)
                  000011d8    000005dc                                   : s_cos.c.obj (.text:cos)
                  000017b4    000005c4                                   : s_sin.c.obj (.text:sin)
                  00001d78    00000480     main.obj (.text:Display_Task)
                  000021f8    00000430     sysbios.aem4f : BIOS.obj (.text:ti_sysbios_family_arm_m3_Hwi_excDumpRegs__I)
                  00002628    0000034c     ti.targets.arm.rtsarm.aem4f : System.oem4f (.text:xdc_runtime_System_doPrint__I)
                  00002974    00000004     rtsv7M4_T_le_v4SPD16_eabi.lib : exit.c.obj (.text:abort:abort)
                  00002978    000002d0     sysbios.aem4f : BIOS.obj (.text:ti_sysbios_knl_Semaphore_pend__E)
                  00002c48    0000028e     kiss_fft.obj (.text:kf_bfly5)
                  00002ed6    00000002     rtsv7M4_T_le_v4SPD16_eabi.lib : div0.asm.obj (.text)
                  00002ed8    00000270                                   : _printfi.c.obj (.text:_pconv_a)
                  00003148    0000026c     sysbios.aem4f : BIOS.obj (.text:ti_sysbios_heaps_HeapMem_free__E)
                  000033b4    00000256     grlib.lib : string.obj (.text:GrFontGlyphRender)
                  0000360a    00000006     driverlib.lib : gpio.obj (.text:GPIOPinRead)
                  00003610    00000250     sysbios.aem4f : BIOS.obj (.text:ti_sysbios_heaps_HeapMem_alloc__E)
                  00003860    00000204     driverlib.lib : sysctl.obj (.text:SysCtlClockFreqSet)
                  00003a64    00000204     Boot.aem4f : Boot_sysctl.oem4f (.text:ti_catalog_arm_cortexm4_tiva_ce_Boot_sysCtlClockFreqSetI__I)
                  00003c68    000001fc     sysbios.aem4f : BIOS.obj (.text:ti_sysbios_family_arm_m3_Hwi_excHandlerMax__I)
                  00003e64    00000004                   : BIOS.obj (.text:ti_sysbios_family_arm_lm4_Timer_masterEnable__I)
                  00003e68    000001f8     main.obj (.text:Processing_Task)
                  00004060    000001f0     kiss_fft.obj (.text:kf_bfly4)
                  00004250    000001d0     rtsv7M4_T_le_v4SPD16_eabi.lib : _printfi.c.obj (.text:_pconv_g)
                  00004420    000001cc     OscilliscopeADC.obj (.text:changeADCSampleRate)
                  000045ec    000001b6     rtsv7M4_T_le_v4SPD16_eabi.lib : fd_add_t2.asm.obj (.text)
                  000047a2    00000002     --HOLE-- [fill = 0]
                  000047a4    00000174                                   : k_sin.c.obj (.text:__kernel_sin)
                  00004918    00000174     sysbios.aem4f : BIOS.obj (.text:ti_sysbios_family_arm_m3_Hwi_excBusFault__I)
                  00004a8c    0000016c     rtsv7M4_T_le_v4SPD16_eabi.lib : k_cos.c.obj (.text:__kernel_cos)
                  00004bf8    00000164     sysbios.aem4f : BIOS.obj (.text:ti_sysbios_family_arm_m3_Hwi_excUsageFault__I)
                  00004d5c    00000158     rtsv7M4_T_le_v4SPD16_eabi.lib : e_log10f.c.obj (.text:log10f)
                  00004eb4    00000158                                   : e_sqrt.c.obj (.text:sqrt)
                  0000500c    00000004     ti.targets.arm.rtsarm.aem4f : Error.oem4f (.text:xdc_runtime_Error_getSite__E)
                  00005010    00000154     OscilliscopeADC.obj (.text:GetWaveform)
                  00005164    00000004     ti.targets.arm.rtsarm.aem4f : System.oem4f (.text:xdc_runtime_System_aprintf_va__F)
                  00005168    0000014e     kiss_fft.obj (.text:kf_bfly3)
                  000052b6    00000002     --HOLE-- [fill = 0]
                  000052b8    00000148     sysbios.aem4f : BIOS.obj (.text:ti_sysbios_family_arm_m3_Hwi_excMemFault__I)
                  00005400    0000013c     rtsv7M4_T_le_v4SPD16_eabi.lib : _printfi.c.obj (.text:_pconv_e)
                  0000553c    00000004     ti.targets.arm.rtsarm.aem4f : System.oem4f (.text:xdc_runtime_System_printf_va__F)
                  00005540    0000013c     sysbios.aem4f : BIOS.obj (.text:ti_sysbios_heaps_HeapMem_Instance_init__E)
                  0000567c    00000136     rtsv7M4_T_le_v4SPD16_eabi.lib : fd_div_t2.asm.obj (.text)
                  000057b2    00000130     driverlib.lib : gpio.obj (.text:GPIOPadConfigSet)
                  000058e2    00000006                   : gpio.obj (.text:GPIOPinWrite)
                  000058e8    00000124     buttons.obj (.text:ButtonInit)
                  00005a0c    00000120     rtsv7M4_T_le_v4SPD16_eabi.lib : _printfi.c.obj (.text:fcvt)
                  00005b2c    00000118     ti.targets.arm.rtsarm.aem4f : Error.oem4f (.text:xdc_runtime_Error_policyDefault__E)
                  00005c44    00000110     rtsv7M4_T_le_v4SPD16_eabi.lib : s_scalbn.c.obj (.text:scalbn)
                  00005d54    00000004     --HOLE-- [fill = 0]
                  00005d58    00000108     sysbios.aem4f : BIOS.obj (.text:ti_sysbios_family_arm_lm4_Timer_start__E)
                  00005e60    00000106     grlib.lib : line.obj (.text:GrLineDraw)
                  00005f66    00000002     --HOLE-- [fill = 0]
                  00005f68    00000104     sysbios.aem4f : BIOS.obj (.text:ti_sysbios_knl_Event_post__E)
                  0000606c    00000100     ti.targets.arm.rtsarm.aem4f : Core-mem.oem4f (.text:xdc_runtime_Core_createObject__I)
                  0000616c    00000004     --HOLE-- [fill = 0]
                  00006170    000000fc     main.obj (.text:Waveform_Task)
                  0000626c    00000004     --HOLE-- [fill = 0]
                  00006270    000000fc     kiss_fft.obj (.text:kf_bfly_generic)
                  0000636c    000000fc     rtsv7M4_T_le_v4SPD16_eabi.lib : fd_mul_t2.asm.obj (.text)
                  00006468    000000fc     sysbios.aem4f : BIOS.obj (.text:ti_sysbios_knl_Semaphore_post__E)
                  00006564    00000004     --HOLE-- [fill = 0]
                  00006568    000000fc     rtos_pem4f.oem4f (.text:xdc_runtime_System_printfExtend__I)
                  00006664    000000f8     rtsv7M4_T_le_v4SPD16_eabi.lib : s_floor.c.obj (.text:floor)
                  0000675c    000000f8     ti.targets.arm.rtsarm.aem4f : Startup.oem4f (.text:xdc_runtime_Startup_startMods__I)
                  00006854    000000f4     sysbios.aem4f : m3_Hwi_asm.obj (.text:ti_sysbios_family_arm_m3_Hwi_dispatch__I)
                  00006948    000000f0     main.obj (.text:task_UserInput)
                  00006a38    000000ec     OscilliscopeADC.obj (.text:initADC)
                  00006b24    00000004     --HOLE-- [fill = 0]
                  00006b28    000000e2     kiss_fft.obj (.text:kf_work)
                  00006c0a    00000006     grlib.lib : string.obj (.text:GrContextFontSet)
                  00006c10    000000dc     Crystalfontz128x128_ST7735.obj (.text:Crystalfontz128x128_PixelDrawMultiple)
                  00006cec    00000004     --HOLE-- [fill = 0]
                  00006cf0    000000d4     buttons.obj (.text:ButtonReadJoystick)
                  00006dc4    00000004     --HOLE-- [fill = 0]
                  00006dc8    000000cc     kiss_fft.obj (.text:kiss_fft_alloc)
                  00006e94    000000cc     ti.targets.arm.rtsarm.aem4f : Core-smem.oem4f (.text:xdc_runtime_Core_constructObject__I)
                  00006f60    000000c4     grlib.lib : string.obj (.text:GrDefaultStringRenderer)
                  00007024    000000c0               : line.obj (.text:GrLineClip)
                  000070e4    00000004     --HOLE-- [fill = 0]
                  000070e8    000000bc     Crystalfontz128x128_ST7735.obj (.text:Crystalfontz128x128_Init)
                  000071a4    00000004     --HOLE-- [fill = 0]
                  000071a8    000000bc     main.obj (.text:task_GetButtons)
                  00007264    00000004     --HOLE-- [fill = 0]
                  00007268    000000bc     sysbios.aem4f : BIOS.obj (.text:ti_sysbios_family_arm_m3_Hwi_excDebugMon__I)
                  00007324    00000004     --HOLE-- [fill = 0]
                  00007328    000000bc                   : BIOS.obj (.text:ti_sysbios_family_arm_m3_Hwi_excHardFault__I)
                  000073e4    000000b4     rtsv7M4_T_le_v4SPD16_eabi.lib : s_cosf.c.obj (.text:cosf)
                  00007498    000000b4     sysbios.aem4f : BIOS.obj (.text:ti_sysbios_gates_GateMutex_enter__E)
                  0000754c    00000004     --HOLE-- [fill = 0]
                  00007550    000000b4                   : BIOS.obj (.text:ti_sysbios_knl_Task_checkStacks__E)
                  00007604    000000b1     rtsv7M4_T_le_v4SPD16_eabi.lib : _printfi.c.obj (.text:_ltostr)
                  000076b5    00000003     --HOLE-- [fill = 0]
                  000076b8    000000ac     sysbios.aem4f : BIOS.obj (.text:ti_sysbios_family_arm_lm4_Timer_enableTiva__I)
                  00007764    000000a0     auto_init.aem4f : auto_init.oem4f (.text)
                  00007804    000000a0     ti.targets.arm.rtsarm.aem4f : Text.oem4f (.text:xdc_runtime_Text_putMod__E)
                  000078a4    00000004     --HOLE-- [fill = 0]
                  000078a8    0000009c     Crystalfontz128x128_ST7735.obj (.text:Crystalfontz128x128_SetDrawFrame)
                  00007944    0000009c     rtsv7M4_T_le_v4SPD16_eabi.lib : memcpy_t2.asm.obj (.text)
                  000079e0    0000009a     ti.targets.arm.rtsarm.aem4f : Text.oem4f (.text:xdc_runtime_Text_putSite__E)
                  00007a7a    00000002     --HOLE-- [fill = 0]
                  00007a7c    00000098     Boot.aem4f : Boot.oem4f (.text:ti_catalog_arm_cortexm4_tiva_ce_Boot_sysCtlClockFreqSet__E)
                  00007b14    00000096     rtsv7M4_T_le_v4SPD16_eabi.lib : ull_div_t2.asm.obj (.text)
                  00007baa    00000006     driverlib.lib : sysctl.obj (.text:SysCtlDelay)
                  00007bb0    00000094     buttons.obj (.text:HandleButtonPress)
                  00007c44    00000004     --HOLE-- [fill = 0]
                  00007c48    00000094     sysbios.aem4f : BIOS.obj (.text:ti_sysbios_family_arm_m3_Hwi_initNVIC__E)
                  00007cdc    00000004     --HOLE-- [fill = 0]
                  00007ce0    00000094                   : BIOS.obj (.text:ti_sysbios_knl_Task_postInit__I)
                  00007d74    00000004     --HOLE-- [fill = 0]
                  00007d78    00000090     main.obj (.text:main)
                  00007e08    0000008c     sysbios.aem4f : m3_TaskSupport_asm.obj (.text:ti_sysbios_family_arm_m3_TaskSupport_buildTaskStack)
                  00007e94    00000004     --HOLE-- [fill = 0]
                  00007e98    00000088                   : BIOS.obj (.text:ti_sysbios_knl_Mailbox_post__E)
                  00007f20    00000086     grlib.lib : rectangle.obj (.text:GrRectFill)
                  00007fa6    00000086     rtsv7M4_T_le_v4SPD16_eabi.lib : fd_cmp_t2.asm.obj (.text:__aeabi_cdcmple)
                  0000802c    00000086                                   : fd_cmp_t2.asm.obj (.text:__aeabi_cdrcmple)
                  000080b2    00000006     ti.targets.arm.rtsarm.aem4f : System.oem4f (.text:xdc_runtime_System_Module_startup__E)
                  000080b8    00000084     buttons.obj (.text:getButtonPresses)
                  0000813c    00000004     --HOLE-- [fill = 0]
                  00008140    00000084     sysbios.aem4f : BIOS.obj (.text:ti_sysbios_family_arm_m3_Hwi_postInit__I)
                  000081c4    00000004     --HOLE-- [fill = 0]
                  000081c8    00000080     Crystalfontz128x128_ST7735.obj (.text:Crystalfontz128x128_RectFill)
                  00008248    00000080     rtsv7M4_T_le_v4SPD16_eabi.lib : s_floorf.c.obj (.text:floorf)
                  000082c8    00000080     kiss_fft.obj (.text:kf_bfly2)
                  00008348    0000007a     driverlib.lib : adc.obj (.text:ADCSequenceStepConfigure)
                  000083c2    0000007a     rtsv7M4_T_le_v4SPD16_eabi.lib : memset_t2.asm.obj (.text)
                  0000843c    00000004     --HOLE-- [fill = 0]
                  00008440    00000078     HAL_EK_TM4C1294XL_Crystalfontz128x128_ST7735.obj (.text:HAL_LCD_PortInit)
                  000084b8    00000078     HAL_EK_TM4C1294XL_Crystalfontz128x128_ST7735.obj (.text:HAL_LCD_SpiInit)
                  00008530    00000074     sysbios.aem4f : BIOS.obj (.text:ti_sysbios_knl_Mailbox_pend__E)
                  000085a4    00000004     --HOLE-- [fill = 0]
                  000085a8    00000070                   : BIOS.obj (.text:ti_sysbios_knl_Clock_workFunc__E)
                  00008618    00000070                   : BIOS.obj (.text:ti_sysbios_knl_Semaphore_Instance_init__E)
                  00008688    00000070                   : BIOS.obj (.text:ti_sysbios_knl_Task_exit__E)
                  000086f8    0000006e     rtsv7M4_T_le_v4SPD16_eabi.lib : _printfi.c.obj (.text:_mcpy)
                  00008766    0000006e                                   : s_roundf.c.obj (.text:roundf)
                  000087d4    0000006e                                   : fd_tos_t2.asm.obj (.text)
                  00008842    00000002     --HOLE-- [fill = 0]
                  00008844    0000006d     ti.targets.arm.rtsarm.aem4f : System.oem4f (.text:xdc_runtime_System_formatNum__I)
                  000088b1    00000007     --HOLE-- [fill = 0]
                  000088b8    0000006c     kiss_fft.obj (.text:kf_factor)
                  00008924    00000004     --HOLE-- [fill = 0]
                  00008928    0000006c     sysbios.aem4f : BIOS.obj (.text:ti_sysbios_knl_Swi_restoreHwi__E)
                  00008994    0000006c     ti.targets.arm.rtsarm.aem4f : Error.oem4f (.text:xdc_runtime_Error_print__E)
                  00008a00    0000006c                                 : Memory.oem4f (.text:xdc_runtime_Memory_alloc__E)
                  00008a6c    00000068     grlib.lib : context.obj (.text:GrContextInit)
                  00008ad4    00000068     driverlib.lib : interrupt.obj (.text:IntEnable)
                  00008b3c    00000068     rtsv7M4_T_le_v4SPD16_eabi.lib : copy_decompress_lzss.c.obj (.text:decompress:lzss:__TI_decompress_lzss)
                  00008ba4    00000004     --HOLE-- [fill = 0]
                  00008ba8    00000068     sysbios.aem4f : BIOS.obj (.text:ti_sysbios_family_arm_lm4_TimestampProvider_initTimerHandle__I)
                  00008c10    00000066     ti.targets.arm.rtsarm.aem4f : Core-mem.oem4f (.text:xdc_runtime_Core_deleteObject__I)
                  00008c76    00000002     --HOLE-- [fill = 0]
                  00008c78    00000064     rtsv7M4_T_le_v4SPD16_eabi.lib : s_frexp.c.obj (.text:frexp)
                  00008cdc    00000004     --HOLE-- [fill = 0]
                  00008ce0    00000064     sysbios.aem4f : BIOS.obj (.text:ti_sysbios_family_arm_lm4_Timer_Module_startup__E)
                  00008d44    00000004     --HOLE-- [fill = 0]
                  00008d48    00000064                   : BIOS.obj (.text:ti_sysbios_family_arm_m3_Hwi_dispatchC__I)
                  00008dac    00000004     --HOLE-- [fill = 0]
                  00008db0    00000060     buttons.obj (.text:ButtonDebounce)
                  00008e10    00000060     driverlib.lib : timer.obj (.text:TimerConfigure)
                  00008e70    00000060     sysbios.aem4f : BIOS.obj (.text:ti_sysbios_knl_Task_schedule__I)
                  00008ed0    0000005c     kiss_fft.obj (.text:kiss_fft_stride)
                  00008f2c    00000004     --HOLE-- [fill = 0]
                  00008f30    0000005c     sysbios.aem4f : BIOS.obj (.text:ti_sysbios_knl_Swi_run__I)
                  00008f8c    00000004     --HOLE-- [fill = 0]
                  00008f90    0000005c                   : BIOS.obj (.text:ti_sysbios_knl_Swi_schedule__I)
                  00008fec    00000004     --HOLE-- [fill = 0]
                  00008ff0    0000005c                   : BIOS.obj (.text:ti_sysbios_knl_Task_Module_startup__E)
                  0000904c    00000004     --HOLE-- [fill = 0]
                  00009050    0000005c                   : BIOS.obj (.text:ti_sysbios_knl_Task_startCore__E)
                  000090ac    0000005b     ti.targets.arm.rtsarm.aem4f : Text.oem4f (.text:xdc_runtime_Text_putLab__E)
                  00009107    00000001     --HOLE-- [fill = 0]
                  00009108    0000005a     grlib.lib : string.obj (.text:FontWideGlyphDataGet)
                  00009162    00000006     --HOLE-- [fill = 0]
                  00009168    00000058     buttons.obj (.text:ButtonAutoRepeat)
                  000091c0    00000058     boot.aem4f : boot.oem4f (.text)
                  00009218    00000058     rtsv7M4_T_le_v4SPD16_eabi.lib : hostwrite.c.obj (.text:HOSTwrite)
                  00009270    00000058     driverlib.lib : timer.obj (.text:TimerControlTrigger)
                  000092c8    00000058     sysbios.aem4f : m3_Hwi_asm_switch.obj (.text:ti_sysbios_family_arm_m3_Hwi_initStacks__E)
                  00009320    00000056     rtsv7M4_T_le_v4SPD16_eabi.lib : _printfi.c.obj (.text:_pconv_f)
                  00009376    00000054                                   : ltoa.c.obj (.text:ltoa)
                  000093ca    00000006     --HOLE-- [fill = 0]
                  000093d0    00000054     sysbios.aem4f : BIOS.obj (.text:ti_sysbios_family_arm_lm4_Timer_initDevice__I)
                  00009424    00000054     ti.targets.arm.rtsarm.aem4f : Assert.oem4f (.text:xdc_runtime_Assert_raise__I)
                  00009478    00000052     rtsv7M4_T_le_v4SPD16_eabi.lib : _printfi.c.obj (.text:_ecpy)
                  000094ca    00000002     --HOLE-- [fill = 0]
                  000094cc    00000050     Boot.aem4f : Boot_sysctl.oem4f (.text:_SysCtlFrequencyGet)
                  0000951c    00000004     --HOLE-- [fill = 0]
                  00009520    00000050     sysbios.aem4f : BIOS.obj (.text:ti_sysbios_family_arm_m3_Hwi_Module_startup__E)
                  00009570    00000050     ti.targets.arm.rtsarm.aem4f : Startup.oem4f (.text:xdc_runtime_Startup_exec__E)
                  000095c0    00000050                                 : Text.oem4f (.text:xdc_runtime_Text_visitRope2__I)
                  00009610    0000004c     OscilliscopeADC.obj (.text:ADC_ISR)
                  0000965c    0000004c     rtsv7M4_T_le_v4SPD16_eabi.lib : atoi.c.obj (.text:atoi)
                  000096a8    0000004c                                   : cpy_tbl.c.obj (.text:copy_in)
                  000096f4    0000004c                                   : snprintf.c.obj (.text:snprintf)
                  00009740    0000004c     sysbios.aem4f : BIOS.obj (.text:ti_sysbios_heaps_HeapMem_getStats__E)
                  0000978c    00000004     --HOLE-- [fill = 0]
                  00009790    0000004c                   : BIOS.obj (.text:ti_sysbios_knl_Swi_runLoop__I)
                  000097dc    00000004     --HOLE-- [fill = 0]
                  000097e0    0000004c                   : BIOS.obj (.text:ti_sysbios_knl_Task_allBlockedFunction__I)
                  0000982c    0000004a     grlib.lib : string.obj (.text:UpdateContextCharMapping)
                  00009876    00000002     --HOLE-- [fill = 0]
                  00009878    00000048     driverlib.lib : gpio.obj (.text:GPIOPinConfigure)
                  000098c0    00000048     HAL_EK_TM4C1294XL_Crystalfontz128x128_ST7735.obj (.text:HAL_LCD_writeCommand)
                  00009908    00000048     sysctl_pll.obj (.text:SysCtlFrequencyGet)
                  00009950    00000048     driverlib.lib : sysctl.obj (.text:_SysCtlFrequencyGet)
                  00009998    00000048     rtsv7M4_T_le_v4SPD16_eabi.lib : fd_toi_t2.asm.obj (.text)
                  000099e0    00000048     sysbios.aem4f : BIOS.obj (.text:ti_sysbios_family_arm_lm4_Timer_enableTimers__I)
                  00009a28    00000048                   : BIOS.obj (.text:ti_sysbios_family_arm_m3_Hwi_disableInterrupt__E)
                  00009a70    00000048                   : BIOS.obj (.text:ti_sysbios_family_arm_m3_Hwi_enableInterrupt__E)
                  00009ab8    00000048                   : BIOS.obj (.text:ti_sysbios_family_arm_m3_Hwi_excReserved__I)
                  00009b00    00000048                   : BIOS.obj (.text:ti_sysbios_knl_Mailbox_Module_startup__E)
                  00009b48    00000046     grlib.lib : line.obj (.text:GrLineDrawH)
                  00009b8e    00000046               : line.obj (.text:GrLineDrawV)
                  00009bd4    00000046     ti.targets.arm.rtsarm.aem4f : Core-params.oem4f (.text:xdc_runtime_Core_assignParams__I)
                  00009c1a    00000006     --HOLE-- [fill = 0]
                  00009c20    00000044     Crystalfontz128x128_ST7735.obj (.text:Crystalfontz128x128_SetOrientation)
                  00009c64    00000004     --HOLE-- [fill = 0]
                  00009c68    00000044     sysbios.aem4f : BIOS.obj (.text:ti_sysbios_family_arm_lm4_Timer_isrStub__E)
                  00009cac    00000004     --HOLE-- [fill = 0]
                  00009cb0    00000044                   : BIOS.obj (.text:ti_sysbios_family_arm_m3_Hwi_getStackInfo__E)
                  00009cf4    00000004     --HOLE-- [fill = 0]
                  00009cf8    00000044                   : BIOS.obj (.text:ti_sysbios_knl_Swi_post__E)
                  00009d3c    00000044     ti.targets.arm.rtsarm.aem4f : Error.oem4f (.text:xdc_runtime_Error_setX__E)
                  00009d80    00000044                                 : SysMin.oem4f (.text:xdc_runtime_SysMin_flush__E)
                  00009dc4    00000044                                 : Text.oem4f (.text:xdc_runtime_Text_xprintf__I)
                  00009e08    00000040     Crystalfontz128x128_ST7735.obj (.text:Crystalfontz128x128_LineDrawH)
                  00009e48    00000040     OscilliscopeADC.obj (.text:GetSpectrum)
                  00009e88    00000040     rtsv7M4_T_le_v4SPD16_eabi.lib : u_divt2.asm.obj (.text)
                  00009ec8    00000040     sysbios.aem4f : BIOS.obj (.text:ti_sysbios_family_arm_lm4_Timer_startup__E)
                  00009f08    0000003e     driverlib.lib : adc.obj (.text:ADCSequenceConfigure)
                  00009f46    0000003e     rtsv7M4_T_le_v4SPD16_eabi.lib : _printfi.c.obj (.text:_fcpy)
                  00009f84    0000003c     driverlib.lib : ssi.obj (.text:SSIConfigSetExpClk)
                  00009fc0    0000003c     sysbios.aem4f : BIOS.obj (.text:ti_sysbios_family_arm_m3_Hwi_excSvCall__I)
                  00009ffc    00000004     --HOLE-- [fill = 0]
                  0000a000    0000003c                   : BIOS.obj (.text:ti_sysbios_heaps_HeapMem_init__I)
                  0000a03c    00000004     --HOLE-- [fill = 0]
                  0000a040    0000003c                   : BIOS.obj (.text:ti_sysbios_knl_Swi_restore__E)
                  0000a07c    0000003a     grlib.lib : string.obj (.text:FontGlyphDataGet)
                  0000a0b6    00000002     --HOLE-- [fill = 0]
                  0000a0b8    00000038     Crystalfontz128x128_ST7735.obj (.text:Crystalfontz128x128_Flush)
                  0000a0f0    00000038     rtsv7M4_T_le_v4SPD16_eabi.lib : trgmsg.c.obj (.text:__TI_writemsg)
                  0000a128    00000038                                   : fs_tod_t2.asm.obj (.text)
                  0000a160    00000038     sysbios.aem4f : BIOS.obj (.text:ti_sysbios_family_arm_m3_Hwi_excNoIsr__I)
                  0000a198    00000038                   : BIOS.obj (.text:ti_sysbios_knl_Task_processVitalTaskFlag__I)
                  0000a1d0    00000038     ti.targets.arm.rtsarm.aem4f : SysMin.oem4f (.text:xdc_runtime_SysMin_putch__E)
                  0000a208    00000038                                 : System.oem4f (.text:xdc_runtime_System_atexit__E)
                  0000a240    00000036     grlib.lib : line.obj (.text:GrClipCodeGet)
                  0000a276    00000002     --HOLE-- [fill = 0]
                  0000a278    00000034     driverlib.lib : sysctl.obj (.text:SysCtlPeripheralEnable)
                  0000a2ac    00000034     rtsv7M4_T_le_v4SPD16_eabi.lib : trgmsg.c.obj (.text:__TI_readmsg)
                  0000a2e0    00000034     sysbios.aem4f : BIOS.obj (.text:ti_sysbios_family_arm_m3_Hwi_excNmi__I)
                  0000a314    00000004     --HOLE-- [fill = 0]
                  0000a318    00000034                   : BIOS.obj (.text:ti_sysbios_hal_Hwi_checkStack)
                  0000a34c    00000034     ti.targets.arm.rtsarm.aem4f : Core-label.oem4f (.text:xdc_runtime_Core_assignLabel__I)
                  0000a380    00000033                                 : Text.oem4f (.text:xdc_runtime_Text_printVisFxn__I)
                  0000a3b3    00000005     --HOLE-- [fill = 0]
                  0000a3b8    00000032     sysbios.aem4f : BIOS.obj (.text:ti_sysbios_hal_Hwi_initStack)
                  0000a3ea    00000006     --HOLE-- [fill = 0]
                  0000a3f0    00000030     main.obj (.text:Clock_Task)
                  0000a420    00000030     rtsv7M4_T_le_v4SPD16_eabi.lib : snprintf.c.obj (.text:_outs)
                  0000a450    00000030     rtos_pem4f.oem4f (.text:ti_sysbios_BIOS_atExitFunc__I)
                  0000a480    00000030     sysbios.aem4f : BIOS.obj (.text:ti_sysbios_family_arm_lm4_Timer_stop__E)
                  0000a4b0    00000030                   : BIOS.obj (.text:ti_sysbios_family_arm_m3_TaskSupport_start__E)
                  0000a4e0    00000030     rtos_pem4f.oem4f (.text:ti_sysbios_gates_GateHwi_Object__create__S)
                  0000a510    00000030     rtos_pem4f.oem4f (.text:ti_sysbios_gates_GateMutex_Object__create__S)
                  0000a540    00000030     rtos_pem4f.oem4f (.text:ti_sysbios_heaps_HeapMem_Object__create__S)
                  0000a570    00000030     sysbios.aem4f : BIOS.obj (.text:ti_sysbios_knl_Mailbox_postInit__I)
                  0000a5a0    00000030     rtos_pem4f.oem4f (.text:ti_sysbios_knl_Semaphore_construct)
                  0000a5d0    00000030     sysbios.aem4f : BIOS.obj (.text:ti_sysbios_knl_Semaphore_pendTimeout__I)
                  0000a600    00000030                   : BIOS.obj (.text:ti_sysbios_knl_Task_unblockI__E)
                  0000a630    00000030     ti.targets.arm.rtsarm.aem4f : SysMin.oem4f (.text:xdc_runtime_SysMin_abort__E)
                  0000a660    00000030                                 : System.oem4f (.text:xdc_runtime_System_processAtExit__E)
                  0000a690    0000002e     driverlib.lib : adc.obj (.text:ADCIntStatus)
                  0000a6be    0000002e     grlib.lib : string.obj (.text:GrStringNextCharGet)
                  0000a6ec    00000004     --HOLE-- [fill = 0]
                  0000a6f0    0000002e     rtos_pem4f.oem4f (.text:malloc)
                  0000a71e    0000002e     rtsv7M4_T_le_v4SPD16_eabi.lib : i_tofd_t2.asm.obj (.text)
                  0000a74c    00000004     --HOLE-- [fill = 0]
                  0000a750    0000002c     rtos_pem4f.oem4f (.text:ti_sysbios_knl_Clock_doTick__I)
                  0000a77c    00000004     --HOLE-- [fill = 0]
                  0000a780    0000002c     rtos_pem4f.oem4f (.text:ti_sysbios_knl_Queue_construct)
                  0000a7ac    00000004     --HOLE-- [fill = 0]
                  0000a7b0    0000002c     sysbios.aem4f : BIOS.obj (.text:ti_sysbios_knl_Task_restore__E)
                  0000a7dc    0000002c     ti.targets.arm.rtsarm.aem4f : Text.oem4f (.text:xdc_runtime_Text_cordText__E)
                  0000a808    0000002a     driverlib.lib : gpio.obj (.text:GPIODirModeSet)
                  0000a832    0000002a     ti.targets.arm.rtsarm.aem4f : System.oem4f (.text:xdc_runtime_System_putchar__I)
                  0000a85c    00000004     --HOLE-- [fill = 0]
                  0000a860    00000028     sysbios.aem4f : BIOS.obj (.text:ti_sysbios_knl_Clock_addI__E)
                  0000a888    00000028                   : BIOS.obj (.text:ti_sysbios_knl_Semaphore_Instance_finalize__E)
                  0000a8b0    00000028                   : BIOS.obj (.text:ti_sysbios_knl_Swi_Module_startup__E)
                  0000a8d8    00000026     grlib.lib : string.obj (.text:GrFontInfoGet)
                  0000a8fe    00000026     sysbios.aem4f : m3_Hwi_asm.obj (.text:ti_sysbios_family_arm_m3_Hwi_pendSV__I)
                  0000a924    00000026     ti.targets.arm.rtsarm.aem4f : System.oem4f (.text:xdc_runtime_System_avprintf__E)
                  0000a94a    00000002     --HOLE-- [fill = 0]
                  0000a94c    00000024     driverlib.lib : interrupt.obj (.text:IntPrioritySet)
                  0000a970    00000024     rtos_pem4f.oem4f (.text:ti_sysbios_BIOS_errorRaiseHook__I)
                  0000a994    00000004     --HOLE-- [fill = 0]
                  0000a998    00000024     rtos_pem4f.oem4f (.text:ti_sysbios_BIOS_registerRTSLock__I)
                  0000a9bc    00000004     --HOLE-- [fill = 0]
                  0000a9c0    00000024     rtos_pem4f.oem4f (.text:ti_sysbios_BIOS_removeRTSLock__I)
                  0000a9e4    00000004     --HOLE-- [fill = 0]
                  0000a9e8    00000024     rtos_pem4f.oem4f (.text:ti_sysbios_BIOS_startFunc__I)
                  0000aa0c    00000004     --HOLE-- [fill = 0]
                  0000aa10    00000024     rtos_pem4f.oem4f (.text:ti_sysbios_gates_GateMutex_Object__delete__S)
                  0000aa34    00000004     --HOLE-- [fill = 0]
                  0000aa38    00000024     sysbios.aem4f : BIOS.obj (.text:ti_sysbios_knl_Clock_Module_startup__E)
                  0000aa5c    00000004     --HOLE-- [fill = 0]
                  0000aa60    00000024                   : BIOS.obj (.text:ti_sysbios_knl_Task_restoreHwi__E)
                  0000aa84    00000024     ti.targets.arm.rtsarm.aem4f : System.oem4f (.text:xdc_runtime_System_vprintf__E)
                  0000aaa8    00000022     grlib.lib : string.obj (.text:GrFontGlyphDataGet)
                  0000aaca    00000006     --HOLE-- [fill = 0]
                  0000aad0    00000022     sysbios.aem4f : BIOS.obj (.text:ti_sysbios_family_arm_lm4_Timer_write__I)
                  0000aaf2    00000006     --HOLE-- [fill = 0]
                  0000aaf8    00000022     rtos_pem4f.oem4f (.text:xdc_runtime_SysMin_output__I)
                  0000ab1a    00000002     --HOLE-- [fill = 0]
                  0000ab1c    00000020     Boot.aem4f : Boot_sysctl.oem4f (.text:_SysCtlMemTimingGet)
                  0000ab3c    00000004     --HOLE-- [fill = 0]
                  0000ab40    00000020     rtos_pem4f.oem4f (.text:ti_sysbios_BIOS_rtsLock__I)
                  0000ab60    00000020     sysbios.aem4f : m3_Hwi_asm.obj (.text:ti_sysbios_family_arm_m3_Hwi_excHandlerAsm__I)
                  0000ab80    00000020                   : BIOS.obj (.text:ti_sysbios_family_arm_m3_Hwi_excHandler__I)
                  0000aba0    00000020     rtos_pem4f.oem4f (.text:ti_sysbios_gates_GateHwi_Object__delete__S)
                  0000abc0    00000020     rtos_pem4f.oem4f (.text:ti_sysbios_heaps_HeapMem_Object__delete__S)
                  0000abe0    00000020     sysbios.aem4f : BIOS.obj (.text:ti_sysbios_knl_Idle_run__E)
                  0000ac00    00000020     rtos_pem4f.oem4f (.text:ti_sysbios_knl_Semaphore_Object__destruct__S)
                  0000ac20    00000020     ti.targets.arm.rtsarm.aem4f : Registry.oem4f (.text:xdc_runtime_Registry_findById__E)
                  0000ac40    00000020                                 : SysMin.oem4f (.text:xdc_runtime_SysMin_Module_startup__E)
                  0000ac60    0000001e     driverlib.lib : adc.obj (.text:ADCSequenceDataGet)
                  0000ac7e    00000002     --HOLE-- [fill = 0]
                  0000ac80    0000001e     Crystalfontz128x128_ST7735.obj (.text:Crystalfontz128x128_ColorTranslate)
                  0000ac9e    0000001e     grlib.lib : string.obj (.text:GrFontCodepageGet)
                  0000acbc    0000001e     sysbios.aem4f : m3_Hwi_asm_switch.obj (.text:ti_sysbios_family_xxx_Hwi_switchAndRunFunc)
                  0000acda    00000006     --HOLE-- [fill = 0]
                  0000ace0    0000001c     Crystalfontz128x128_ST7735.obj (.text:Crystalfontz128x128_LineDrawV)
                  0000acfc    0000001c     driverlib.lib : sysctl.obj (.text:_SysCtlMemTimingGet)
                  0000ad18    0000001c     rtsv7M4_T_le_v4SPD16_eabi.lib : memccpy.c.obj (.text:memccpy)
                  0000ad34    00000004     --HOLE-- [fill = 0]
                  0000ad38    0000001c     sysbios.aem4f : BIOS.obj (.text:ti_sysbios_gates_GateMutex_Instance_init__E)
                  0000ad54    00000004     --HOLE-- [fill = 0]
                  0000ad58    0000001c     rtos_pem4f.oem4f (.text:ti_sysbios_knl_Queue_Object__destruct__S)
                  0000ad74    00000004     --HOLE-- [fill = 0]
                  0000ad78    0000001c     sysbios.aem4f : BIOS.obj (.text:ti_sysbios_knl_Queue_get__E)
                  0000ad94    00000004     --HOLE-- [fill = 0]
                  0000ad98    0000001c                   : BIOS.obj (.text:ti_sysbios_knl_Queue_put__E)
                  0000adb4    00000004     --HOLE-- [fill = 0]
                  0000adb8    0000001c                   : BIOS.obj (.text:ti_sysbios_knl_Task_enter__I)
                  0000add4    0000001c     ti.targets.arm.rtsarm.aem4f : Error.oem4f (.text:xdc_runtime_Error_raiseX__E)
                  0000adf0    0000001c                                 : Memory.oem4f (.text:xdc_runtime_Memory_valloc__E)
                  0000ae0c    0000001c                                 : SysMin.oem4f (.text:xdc_runtime_SysMin_exit__E)
                  0000ae28    0000001c                                 : System.oem4f (.text:xdc_runtime_System_abort__E)
                  0000ae44    00000004     --HOLE-- [fill = 0]
                  0000ae48    0000001a     rtos_pem4f.oem4f (.text:free)
                  0000ae62    00000006     --HOLE-- [fill = 0]
                  0000ae68    0000001a     rtos_pem4f.oem4f (.text:ti_sysbios_family_arm_m3_Hwi_Handle__label__S)
                  0000ae82    00000006     --HOLE-- [fill = 0]
                  0000ae88    0000001a     rtos_pem4f.oem4f (.text:ti_sysbios_gates_GateHwi_Handle__label__S)
                  0000aea2    00000006     --HOLE-- [fill = 0]
                  0000aea8    0000001a     rtos_pem4f.oem4f (.text:ti_sysbios_gates_GateMutex_Handle__label__S)
                  0000aec2    00000006     --HOLE-- [fill = 0]
                  0000aec8    0000001a     rtos_pem4f.oem4f (.text:ti_sysbios_heaps_HeapMem_Handle__label__S)
                  0000aee2    00000006     --HOLE-- [fill = 0]
                  0000aee8    0000001a     rtos_pem4f.oem4f (.text:ti_sysbios_knl_Swi_Handle__label__S)
                  0000af02    00000006     --HOLE-- [fill = 0]
                  0000af08    0000001a     rtos_pem4f.oem4f (.text:ti_sysbios_knl_Task_Handle__label__S)
                  0000af22    00000006     --HOLE-- [fill = 0]
                  0000af28    0000001a     rtos_pem4f.oem4f (.text:xdc_runtime_System_aprintf__E)
                  0000af42    00000006     --HOLE-- [fill = 0]
                  0000af48    0000001a     rtos_pem4f.oem4f (.text:xdc_runtime_System_printf__E)
                  0000af62    00000018     driverlib.lib : adc.obj (.text:ADCClockConfigSet)
                  0000af7a    00000018                   : adc.obj (.text:ADCProcessorTrigger)
                  0000af92    00000018                   : gpio.obj (.text:GPIOPinTypeGPIOOutput)
                  0000afaa    00000002     --HOLE-- [fill = 0]
                  0000afac    00000018     rtsv7M4_T_le_v4SPD16_eabi.lib : args_main.c.obj (.text:_args_main)
                  0000afc4    00000018                                   : snprintf.c.obj (.text:_outc)
                  0000afdc    00000004     --HOLE-- [fill = 0]
                  0000afe0    00000018     rtos_pem4f.oem4f (.text:ti_sysbios_BIOS_rtsUnlock__I)
                  0000aff8    00000018     rtos_pem4f.oem4f (.text:ti_sysbios_family_arm_lm4_Timer_Module__startupDone__F)
                  0000b010    00000018     rtos_pem4f.oem4f (.text:ti_sysbios_family_arm_m3_Hwi_Module__startupDone__F)
                  0000b028    00000018     sysbios.aem4f : m3_TaskSupport_asm.obj (.text:ti_sysbios_family_arm_m3_TaskSupport_swap__E)
                  0000b040    00000018                   : BIOS.obj (.text:ti_sysbios_gates_GateMutex_leave__E)
                  0000b058    00000018     ti.targets.arm.rtsarm.aem4f : Error.oem4f (.text:xdc_runtime_Error_check__E)
                  0000b070    00000018                                 : System.oem4f (.text:xdc_runtime_System_exit__E)
                  0000b088    00000018                                 : Text.oem4f (.text:xdc_runtime_Text_ropeText__E)
                  0000b0a0    00000016     grlib.lib : string.obj (.text:GrStringDraw)
                  0000b0b6    00000016     rtsv7M4_T_le_v4SPD16_eabi.lib : strchr.c.obj (.text:strchr)
                  0000b0cc    00000004     --HOLE-- [fill = 0]
                  0000b0d0    00000016     rtos_pem4f.oem4f (.text:ti_sysbios_BIOS_exitFunc__I)
                  0000b0e6    00000002     --HOLE-- [fill = 0]
                  0000b0e8    00000014     Crystalfontz128x128_ST7735.obj (.text:Crystalfontz128x128_PixelDraw)
                  0000b0fc    00000014     driverlib.lib : timer.obj (.text:TimerDisable)
                  0000b110    00000014     rtsv7M4_T_le_v4SPD16_eabi.lib : s_copysign.c.obj (.text:copysign)
                  0000b124    00000014                                   : strlen.c.obj (.text:strlen)
                  0000b138    00000014     rtos_pem4f.oem4f (.text:ti_sysbios_family_arm_m3_Hwi_Object__get__S)
                  0000b14c    00000004     --HOLE-- [fill = 0]
                  0000b150    00000014     sysbios.aem4f : BIOS.obj (.text:ti_sysbios_family_arm_m3_Hwi_switchFromBootStack__E)
                  0000b164    00000004     --HOLE-- [fill = 0]
                  0000b168    00000014     rtos_pem4f.oem4f (.text:ti_sysbios_heaps_HeapMem_Object__get__S)
                  0000b17c    00000004     --HOLE-- [fill = 0]
                  0000b180    00000014     rtos_pem4f.oem4f (.text:ti_sysbios_knl_Mailbox_Object__get__S)
                  0000b194    00000004     --HOLE-- [fill = 0]
                  0000b198    00000014     rtos_pem4f.oem4f (.text:ti_sysbios_knl_Swi_Object__get__S)
                  0000b1ac    00000012     driverlib.lib : gpio.obj (.text:GPIOPinTypeADC)
                  0000b1be    00000012                   : gpio.obj (.text:GPIOPinTypeGPIOInput)
                  0000b1d0    00000012                   : gpio.obj (.text:GPIOPinTypeSSI)
                  0000b1e2    00000012                   : timer.obj (.text:TimerLoadSet)
                  0000b1f4    00000004     --HOLE-- [fill = 0]
                  0000b1f8    00000012     sysbios.aem4f : BIOS.obj (.text:ti_sysbios_hal_Hwi_Module_startup__E)
                  0000b20a    00000006     --HOLE-- [fill = 0]
                  0000b210    00000012                   : BIOS.obj (.text:ti_sysbios_knl_Event_sync__E)
                  0000b222    00000012     rtsv7M4_T_le_v4SPD16_eabi.lib : wcslen.c.obj (.text:wcslen)
                  0000b234    00000004     --HOLE-- [fill = 0]
                  0000b238    00000012     rtos_pem4f.oem4f (.text:xdc_runtime_Startup_exec__I)
                  0000b24a    00000006     --HOLE-- [fill = 0]
                  0000b250    00000010     rtos_pem4f.oem4f (.text:.bootCodeSection:ti_catalog_arm_cortexm4_tiva_ce_Boot_init__I)
                  0000b260    00000010     driverlib.lib : adc.obj (.text:ADCIntEnable)
                  0000b270    00000010                   : fpu.obj (.text:FPUEnable)
                  0000b280    00000010                   : fpu.obj (.text:FPULazyStackingEnable)
                  0000b290    00000010                   : interrupt.obj (.text:IntMasterDisable)
                  0000b2a0    00000010                   : interrupt.obj (.text:IntMasterEnable)
                  0000b2b0    00000010     sysbios.aem4f : BIOS.obj (.text:ti_sysbios_BIOS_setThreadType__E)
                  0000b2c0    00000010                   : BIOS.obj (.text:ti_sysbios_BIOS_start__E)
                  0000b2d0    00000010                   : m3_TaskSupport_asm.obj (.text:ti_sysbios_family_arm_m3_TaskSupport_glue)
                  0000b2e0    00000010                   : BIOS.obj (.text:ti_sysbios_gates_GateMutex_Instance_finalize__E)
                  0000b2f0    00000010                   : BIOS.obj (.text:ti_sysbios_knl_Swi_disable__E)
                  0000b300    00000010     rtos_pem4f.oem4f (.text:ti_sysbios_knl_Task_Object__get__S)
                  0000b310    00000010     sysbios.aem4f : BIOS.obj (.text:ti_sysbios_knl_Task_disable__E)
                  0000b320    00000010     ti.targets.arm.rtsarm.aem4f : Gate.oem4f (.text:xdc_runtime_Gate_leaveSystem__E)
                  0000b330    00000010                                 : Memory.oem4f (.text:xdc_runtime_Memory_free__E)
                  0000b340    00000010                                 : SysMin.oem4f (.text:xdc_runtime_SysMin_ready__E)
                  0000b350    00000010                                 : System.oem4f (.text:xdc_runtime_System_vsnprintf__E)
                  0000b360    00000010     rtos_pem4f.oem4f (.text:xdc_runtime_Text_visitRope__I)
                  0000b370    0000000e     driverlib.lib : adc.obj (.text:ADCSequenceDisable)
                  0000b37e    0000000e                   : adc.obj (.text:ADCSequenceEnable)
                  0000b38c    0000000e                   : timer.obj (.text:TimerEnable)
                  0000b39a    0000000e     rtsv7M4_T_le_v4SPD16_eabi.lib : copy_decompress_none.c.obj (.text:decompress:none:__TI_decompress_none)
                  0000b3a8    0000000e     sysbios.aem4f : BIOS.obj (.text:ti_sysbios_knl_Idle_loop__E)
                  0000b3b6    00000002     --HOLE-- [fill = 0]
                  0000b3b8    0000000e                   : BIOS.obj (.text:ti_sysbios_knl_Queue_empty__E)
                  0000b3c6    0000000c     driverlib.lib : cpu.obj (.text:CPUcpsid)
                  0000b3d2    0000000c                   : cpu.obj (.text:CPUcpsie)
                  0000b3de    00000002     --HOLE-- [fill = 0]
                  0000b3e0    0000000c     HAL_EK_TM4C1294XL_Crystalfontz128x128_ST7735.obj (.text:HAL_LCD_writeData)
                  0000b3ec    0000000c     rtsv7M4_T_le_v4SPD16_eabi.lib : _lock.c.obj (.text:_register_lock)
                  0000b3f8    0000000c                                   : _lock.c.obj (.text:_register_unlock)
                  0000b404    0000000c                                   : copy_zero_init.c.obj (.text:decompress:ZI:__TI_zero_init)
                  0000b410    0000000c     sysbios.aem4f : BIOS.obj (.text:ti_sysbios_family_arm_lm4_Timer_getMaxTicks__E)
                  0000b41c    00000004     --HOLE-- [fill = 0]
                  0000b420    0000000c                   : BIOS.obj (.text:ti_sysbios_family_arm_m3_TaskSupport_checkStack__E)
                  0000b42c    00000004     --HOLE-- [fill = 0]
                  0000b430    0000000c                   : BIOS.obj (.text:ti_sysbios_gates_GateHwi_enter__E)
                  0000b43c    00000004     --HOLE-- [fill = 0]
                  0000b440    0000000c     rtos_pem4f.oem4f (.text:ti_sysbios_knl_Queue_Object__get__S)
                  0000b44c    0000000c     ti.targets.arm.rtsarm.aem4f : Error.oem4f (.text:xdc_runtime_Error_init__E)
                  0000b458    0000000c                                 : Gate.oem4f (.text:xdc_runtime_Gate_enterSystem__E)
                  0000b464    0000000c                                 : Memory.oem4f (.text:xdc_runtime_Memory_calloc__E)
                  0000b470    0000000c                                 : Memory.oem4f (.text:xdc_runtime_Memory_getMaxDefaultTypeAlign__E)
                  0000b47c    0000000a     driverlib.lib : adc.obj (.text:ADCIntClear)
                  0000b486    0000000a                   : ssi.obj (.text:SSIDataPut)
                  0000b490    0000000a                   : ssi.obj (.text:SSIEnable)
                  0000b49a    00000006     --HOLE-- [fill = 0]
                  0000b4a0    0000000a     rtos_pem4f.oem4f (.text:xdc_runtime_IHeap_alloc)
                  0000b4aa    00000006     --HOLE-- [fill = 0]
                  0000b4b0    0000000a     rtos_pem4f.oem4f (.text:xdc_runtime_IHeap_free)
                  0000b4ba    00000008     grlib.lib : charmap.obj (.text:GrMapISO8859_1_Unicode)
                  0000b4c2    00000008     driverlib.lib : ssi.obj (.text:SSIBusy)
                  0000b4ca    00000002     --HOLE-- [fill = 0]
                  0000b4cc    00000008     rtsv7M4_T_le_v4SPD16_eabi.lib : errno.c.obj (.text:__aeabi_errno_addr)
                  0000b4d4    00000008     sysbios.aem4f : BIOS.obj (.text:ti_sysbios_family_arm_lm4_Timer_masterDisable__I)
                  0000b4dc    00000004     --HOLE-- [fill = 0]
                  0000b4e0    00000008                   : BIOS.obj (.text:ti_sysbios_family_arm_m3_Hwi_doSwiRestore__I)
                  0000b4e8    00000008                   : BIOS.obj (.text:ti_sysbios_family_arm_m3_Hwi_startup__E)
                  0000b4f0    00000006     kiss_fft.obj (.text:kiss_fft)
                  0000b4f6    00000002     --HOLE-- [fill = 0]
                  0000b4f8    00000006     sysbios.aem4f : BIOS.obj (.text:ti_sysbios_family_arm_lm4_TimestampProvider_Module_startup__E)
                  0000b4fe    00000002     --HOLE-- [fill = 0]
                  0000b500    00000006                   : BIOS.obj (.text:ti_sysbios_family_arm_m3_Hwi_doTaskRestore__I)
                  0000b506    00000002     --HOLE-- [fill = 0]
                  0000b508    00000006                   : BIOS.obj (.text:ti_sysbios_gates_GateHwi_leave__E)
                  0000b50e    00000002     --HOLE-- [fill = 0]
                  0000b510    00000006                   : BIOS.obj (.text:ti_sysbios_heaps_HeapMem_isBlocking__E)
                  0000b516    00000002     --HOLE-- [fill = 0]
                  0000b518    00000006                   : BIOS.obj (.text:ti_sysbios_knl_Queue_Instance_init__E)
                  0000b51e    00000002     --HOLE-- [fill = 0]
                  0000b520    00000006                   : BIOS.obj (.text:ti_sysbios_knl_Swi_startup__E)
                  0000b526    00000002     --HOLE-- [fill = 0]
                  0000b528    00000004     rtos_pem4f.oem4f (.text:ti_sysbios_BIOS_RtsGateProxy_enter__E)
                  0000b52c    00000004     --HOLE-- [fill = 0]
                  0000b530    00000004     rtos_pem4f.oem4f (.text:ti_sysbios_BIOS_RtsGateProxy_leave__E)
                  0000b534    00000004     --HOLE-- [fill = 0]
                  0000b538    00000004     rtos_pem4f.oem4f (.text:ti_sysbios_family_arm_m3_TaskSupport_Module__startupDone__S)
                  0000b53c    00000004     --HOLE-- [fill = 0]
                  0000b540    00000004     sysbios.aem4f : BIOS.obj (.text:ti_sysbios_gates_GateHwi_query__E)
                  0000b544    00000004     --HOLE-- [fill = 0]
                  0000b548    00000004                   : BIOS.obj (.text:ti_sysbios_gates_GateMutex_query__E)
                  0000b54c    00000004     --HOLE-- [fill = 0]
                  0000b550    00000004     rtos_pem4f.oem4f (.text:ti_sysbios_heaps_HeapMem_Module_GateProxy_enter__E)
                  0000b554    00000004     --HOLE-- [fill = 0]
                  0000b558    00000004     rtos_pem4f.oem4f (.text:ti_sysbios_heaps_HeapMem_Module_GateProxy_leave__E)
                  0000b55c    00000004     --HOLE-- [fill = 0]
                  0000b560    00000004     rtos_pem4f.oem4f (.text:ti_sysbios_knl_Clock_TimerProxy_getMaxTicks__E)
                  0000b564    00000004     --HOLE-- [fill = 0]
                  0000b568    00000004     rtos_pem4f.oem4f (.text:ti_sysbios_knl_Queue_destruct)
                  0000b56c    00000004     --HOLE-- [fill = 0]
                  0000b570    00000004     rtos_pem4f.oem4f (.text:ti_sysbios_knl_Semaphore_destruct)
                  0000b574    00000004     --HOLE-- [fill = 0]
                  0000b578    00000004     sysbios.aem4f : BIOS.obj (.text:ti_sysbios_knl_Semaphore_getCount__E)
                  0000b57c    00000004     --HOLE-- [fill = 0]
                  0000b580    00000004                   : BIOS.obj (.text:ti_sysbios_knl_Task_startup__E)
                  0000b584    00000004     --HOLE-- [fill = 0]
                  0000b588    00000004     rtos_pem4f.oem4f (.text:xdc_runtime_System_Module_GateProxy_enter__E)
                  0000b58c    00000004     --HOLE-- [fill = 0]
                  0000b590    00000004     rtos_pem4f.oem4f (.text:xdc_runtime_System_Module_GateProxy_leave__E)
                  0000b594    00000004     --HOLE-- [fill = 0]
                  0000b598    00000002     rtos_pem4f.oem4f (.text:ti_sysbios_BIOS_nullFunc__I)
                  0000b59a    00000006     --HOLE-- [fill = 0]
                  0000b5a0    00000002     sysbios.aem4f : BIOS.obj (.text:ti_sysbios_gates_GateHwi_Instance_init__E)
                  0000b5a2    00000006     --HOLE-- [fill = 0]
                  0000b5a8    00000002                   : BIOS.obj (.text:ti_sysbios_knl_Clock_logTick__E)
                  0000b5aa    00000006     --HOLE-- [fill = 0]
                  0000b5b0    00000002     rtos_pem4f.oem4f (.text:xdc_runtime_Startup_reset__I)

.const     0    0000b5b8    00002ae8     
                  0000b5b8    000019ac     rtos_pem4f.oem4f (.const:xdc_runtime_Text_charTab__A)
                  0000cf64    000002f8     grlib.lib : fontfixed6x8.obj (.const:.string:g_pui8FontFixed6x8Data)
                  0000d25c    00000004     rtos_pem4f.oem4f (.const:ti_catalog_arm_cortexm4_tiva_ce_Boot_A_mustNotUseEnhancedClockMode__C)
                  0000d260    00000158     rtsv7M4_T_le_v4SPD16_eabi.lib : k_rem_pio2.c.obj (.const:$O1$$)
                  0000d3b8    00000120     Boot.aem4f : Boot_sysctl.oem4f (.const:g_pppui32XTALtoVCO)
                  0000d4d8    00000120     driverlib.lib : sysctl.obj (.const:g_pppui32XTALtoVCO)
                  0000d5f8    00000101     rtsv7M4_T_le_v4SPD16_eabi.lib : ctype.c.obj (.const:.string:_ctypes_)
                  0000d6f9    00000001     rtos_pem4f.oem4f (.const:xdc_runtime_Error_policy__C)
                  0000d6fa    00000002     rtos_pem4f.oem4f (.const:ti_catalog_arm_cortexm4_tiva_ce_Boot_Module__id__C)
                  0000d6fc    000000c8     grlib.lib : fontfixed6x8.obj (.const:g_sFontFixed6x8)
                  0000d7c4    000000c8     rtos_pem4f.oem4f (.const:xdc_runtime_Text_nodeTab__A)
                  0000d88c    0000009c     driverlib.lib : interrupt.obj (.const:g_pui32Regs)
                  0000d928    00000090                   : gpio.obj (.const:g_pui32GPIOBaseAddrs)
                  0000d9b8    00000070                   : interrupt.obj (.const)
                  0000da28    0000006c     Boot.aem4f : Boot_sysctl.oem4f (.const:g_pui32Xtals)
                  0000da94    0000006c     driverlib.lib : sysctl.obj (.const:g_pui32Xtals)
                  0000db00    00000068     main.obj (.const:.string)
                  0000db68    00000048     rtos_pem4f.oem4f (.const:.string)
                  0000dbb0    00000030     Boot.aem4f : Boot_sysctl.oem4f (.const:g_sXTALtoMEMTIM)
                  0000dbe0    00000030     driverlib.lib : sysctl.obj (.const:g_sXTALtoMEMTIM)
                  0000dc10    00000030     rtos_pem4f.oem4f (.const)
                  0000dc40    00000028     main.obj (.const:TimeScaleStr)
                  0000dc68    00000028     Crystalfontz128x128_ST7735.obj (.const:g_sCrystalfontz128x128)
                  0000dc90    00000028     rtos_pem4f.oem4f (.const:ti_sysbios_heaps_HeapMem_Module__FXNS__C)
                  0000dcb8    00000028     rtos_pem4f.oem4f (.const:xdc_runtime_Startup_sfxnTab__A)
                  0000dce0    00000024     rtos_pem4f.oem4f (.const:ti_sysbios_gates_GateHwi_Module__FXNS__C)
                  0000dd04    00000024     rtos_pem4f.oem4f (.const:ti_sysbios_gates_GateMutex_Module__FXNS__C)
                  0000dd28    00000024     rtos_pem4f.oem4f (.const:ti_sysbios_heaps_HeapMem_Object__PARAMS__C)
                  0000dd4c    00000024     rtos_pem4f.oem4f (.const:ti_sysbios_knl_Semaphore_Object__PARAMS__C)
                  0000dd70    00000020     rtos_pem4f.oem4f (.const:ti_sysbios_gates_GateHwi_Object__DESC__C)
                  0000dd90    00000020     rtos_pem4f.oem4f (.const:ti_sysbios_gates_GateMutex_Object__DESC__C)
                  0000ddb0    00000020     rtos_pem4f.oem4f (.const:ti_sysbios_heaps_HeapMem_Object__DESC__C)
                  0000ddd0    00000020     rtos_pem4f.oem4f (.const:ti_sysbios_knl_Queue_Object__DESC__C)
                  0000ddf0    00000020     rtos_pem4f.oem4f (.const:ti_sysbios_knl_Semaphore_Object__DESC__C)
                  0000de10    00000018     rtos_pem4f.oem4f (.const:ti_sysbios_gates_GateHwi_Object__PARAMS__C)
                  0000de28    00000018     rtos_pem4f.oem4f (.const:ti_sysbios_gates_GateMutex_Object__PARAMS__C)
                  0000de40    00000018     rtos_pem4f.oem4f (.const:ti_sysbios_knl_Queue_Object__PARAMS__C)
                  0000de58    00000018     rtos_pem4f.oem4f (.const:xdc_runtime_Startup_firstFxns__A)
                  0000de70    00000014     rtos_pem4f.oem4f (.const:xdc_runtime_Startup_sfxnRts__A)
                  0000de84    00000010     main.obj (.const:VoltageScaleStr)
                  0000de94    00000010     grlib.lib : context.obj (.const)
                  0000dea4    00000008     Boot.aem4f : Boot_sysctl.oem4f (.const)
                  0000deac    00000008     driverlib.lib : sysctl.obj (.const)
                  0000deb4    00000008     rtos_pem4f.oem4f (.const:ti_sysbios_family_arm_m3_Hwi_excHookFuncs__A)
                  0000debc    00000008     rtos_pem4f.oem4f (.const:ti_sysbios_knl_Idle_funcList__C)
                  0000dec4    00000008     rtos_pem4f.oem4f (.const:xdc_runtime_Startup_firstFxns__C)
                  0000decc    00000008     rtos_pem4f.oem4f (.const:xdc_runtime_Startup_lastFxns__C)
                  0000ded4    00000004     rtos_pem4f.oem4f (.const:ti_catalog_arm_cortexm4_tiva_ce_Boot_Module__diagsEnabled__C)
                  0000ded8    00000004     rtos_pem4f.oem4f (.const:ti_catalog_arm_cortexm4_tiva_ce_Boot_Module__diagsIncluded__C)
                  0000dedc    00000004     rtos_pem4f.oem4f (.const:ti_catalog_arm_cortexm4_tiva_ce_Boot_Module__diagsMask__C)
                  0000dee0    00000004     rtos_pem4f.oem4f (.const:ti_sysbios_family_arm_lm4_Timer_enableFunc__C)
                  0000dee4    00000004     rtos_pem4f.oem4f (.const:ti_sysbios_family_arm_lm4_Timer_numTimerDevices__C)
                  0000dee8    00000004     rtos_pem4f.oem4f (.const:ti_sysbios_family_arm_lm4_Timer_startupNeeded__C)
                  0000deec    00000004     rtos_pem4f.oem4f (.const:ti_sysbios_family_arm_lm4_TimestampProvider_Module__diagsEnabled__C)
                  0000def0    00000004     rtos_pem4f.oem4f (.const:ti_sysbios_family_arm_lm4_TimestampProvider_Module__diagsIncluded__C)
                  0000def4    00000004     rtos_pem4f.oem4f (.const:ti_sysbios_family_arm_lm4_TimestampProvider_Module__diagsMask__C)
                  0000def8    00000004     rtos_pem4f.oem4f (.const:ti_sysbios_family_arm_m3_Hwi_E_NMI__C)
                  0000defc    00000004     rtos_pem4f.oem4f (.const:ti_sysbios_family_arm_m3_Hwi_E_busFault__C)
                  0000df00    00000004     rtos_pem4f.oem4f (.const:ti_sysbios_family_arm_m3_Hwi_E_debugMon__C)
                  0000df04    00000004     rtos_pem4f.oem4f (.const:ti_sysbios_family_arm_m3_Hwi_E_hardFault__C)
                  0000df08    00000004     rtos_pem4f.oem4f (.const:ti_sysbios_family_arm_m3_Hwi_E_memFault__C)
                  0000df0c    00000004     rtos_pem4f.oem4f (.const:ti_sysbios_family_arm_m3_Hwi_E_noIsr__C)
                  0000df10    00000004     rtos_pem4f.oem4f (.const:ti_sysbios_family_arm_m3_Hwi_E_reserved__C)
                  0000df14    00000004     rtos_pem4f.oem4f (.const:ti_sysbios_family_arm_m3_Hwi_E_svCall__C)
                  0000df18    00000004     rtos_pem4f.oem4f (.const:ti_sysbios_family_arm_m3_Hwi_E_usageFault__C)
                  0000df1c    00000004     rtos_pem4f.oem4f (.const:ti_sysbios_family_arm_m3_Hwi_NUM_INTERRUPTS__C)
                  0000df20    00000004     rtos_pem4f.oem4f (.const:ti_sysbios_family_arm_m3_Hwi_Object__count__C)
                  0000df24    00000004     rtos_pem4f.oem4f (.const:ti_sysbios_family_arm_m3_Hwi_ccr__C)
                  0000df28    00000004     rtos_pem4f.oem4f (.const:ti_sysbios_family_arm_m3_Hwi_excHandlerFunc__C)
                  0000df2c    00000004     rtos_pem4f.oem4f (.const:ti_sysbios_family_arm_m3_Hwi_excHookFuncs__C)
                  0000df30    00000004     rtos_pem4f.oem4f (.const:ti_sysbios_family_arm_m3_Hwi_nullIsrFunc__C)
                  0000df34    00000004     rtos_pem4f.oem4f (.const:ti_sysbios_family_arm_m3_Hwi_priGroup__C)
                  0000df38    00000004     rtos_pem4f.oem4f (.const:ti_sysbios_gates_GateMutex_A_badContext__C)
                  0000df3c    00000004     rtos_pem4f.oem4f (.const:ti_sysbios_gates_GateMutex_Instance_State_sem__O)
                  0000df40    00000004     rtos_pem4f.oem4f (.const:ti_sysbios_gates_GateMutex_Module__diagsEnabled__C)
                  0000df44    00000004     rtos_pem4f.oem4f (.const:ti_sysbios_gates_GateMutex_Module__diagsIncluded__C)
                  0000df48    00000004     rtos_pem4f.oem4f (.const:ti_sysbios_gates_GateMutex_Module__diagsMask__C)
                  0000df4c    00000004     rtos_pem4f.oem4f (.const:ti_sysbios_hal_Hwi_E_stackOverflow__C)
                  0000df50    00000004     rtos_pem4f.oem4f (.const:ti_sysbios_heaps_HeapMem_A_align__C)
                  0000df54    00000004     rtos_pem4f.oem4f (.const:ti_sysbios_heaps_HeapMem_A_heapSize__C)
                  0000df58    00000004     rtos_pem4f.oem4f (.const:ti_sysbios_heaps_HeapMem_A_invalidFree__C)
                  0000df5c    00000004     rtos_pem4f.oem4f (.const:ti_sysbios_heaps_HeapMem_A_zeroBlock__C)
                  0000df60    00000004     rtos_pem4f.oem4f (.const:ti_sysbios_heaps_HeapMem_E_memory__C)
                  0000df64    00000004     rtos_pem4f.oem4f (.const:ti_sysbios_heaps_HeapMem_Module__diagsEnabled__C)
                  0000df68    00000004     rtos_pem4f.oem4f (.const:ti_sysbios_heaps_HeapMem_Module__diagsIncluded__C)
                  0000df6c    00000004     rtos_pem4f.oem4f (.const:ti_sysbios_heaps_HeapMem_Module__diagsMask__C)
                  0000df70    00000004     rtos_pem4f.oem4f (.const:ti_sysbios_heaps_HeapMem_Module__gateObj__C)
                  0000df74    00000004     rtos_pem4f.oem4f (.const:ti_sysbios_heaps_HeapMem_Object__count__C)
                  0000df78    00000004     rtos_pem4f.oem4f (.const:ti_sysbios_heaps_HeapMem_reqAlign__C)
                  0000df7c    00000004     rtos_pem4f.oem4f (.const:ti_sysbios_knl_Clock_Module_State_clockQ__O)
                  0000df80    00000004     rtos_pem4f.oem4f (.const:ti_sysbios_knl_Event_A_nullEventId__C)
                  0000df84    00000004     rtos_pem4f.oem4f (.const:ti_sysbios_knl_Event_Instance_State_pendQ__O)
                  0000df88    00000004     rtos_pem4f.oem4f (.const:ti_sysbios_knl_Event_Module__diagsEnabled__C)
                  0000df8c    00000004     rtos_pem4f.oem4f (.const:ti_sysbios_knl_Event_Module__diagsIncluded__C)
                  0000df90    00000004     rtos_pem4f.oem4f (.const:ti_sysbios_knl_Event_Module__diagsMask__C)
                  0000df94    00000004     rtos_pem4f.oem4f (.const:ti_sysbios_knl_Idle_funcList__A)
                  0000df98    00000004     rtos_pem4f.oem4f (.const:ti_sysbios_knl_Mailbox_Instance_State_dataQue__O)
                  0000df9c    00000004     rtos_pem4f.oem4f (.const:ti_sysbios_knl_Mailbox_Instance_State_dataSem__O)
                  0000dfa0    00000004     rtos_pem4f.oem4f (.const:ti_sysbios_knl_Mailbox_Instance_State_freeQue__O)
                  0000dfa4    00000004     rtos_pem4f.oem4f (.const:ti_sysbios_knl_Mailbox_Instance_State_freeSem__O)
                  0000dfa8    00000004     rtos_pem4f.oem4f (.const:ti_sysbios_knl_Mailbox_Object__count__C)
                  0000dfac    00000004     rtos_pem4f.oem4f (.const:ti_sysbios_knl_Mailbox_maxTypeAlign__C)
                  0000dfb0    00000004     rtos_pem4f.oem4f (.const:ti_sysbios_knl_Semaphore_A_badContext__C)
                  0000dfb4    00000004     rtos_pem4f.oem4f (.const:ti_sysbios_knl_Semaphore_A_overflow__C)
                  0000dfb8    00000004     rtos_pem4f.oem4f (.const:ti_sysbios_knl_Semaphore_A_pendTaskDisabled__C)
                  0000dfbc    00000004     rtos_pem4f.oem4f (.const:ti_sysbios_knl_Semaphore_Instance_State_pendQ__O)
                  0000dfc0    00000004     rtos_pem4f.oem4f (.const:ti_sysbios_knl_Semaphore_Module__diagsEnabled__C)
                  0000dfc4    00000004     rtos_pem4f.oem4f (.const:ti_sysbios_knl_Semaphore_Module__diagsIncluded__C)
                  0000dfc8    00000004     rtos_pem4f.oem4f (.const:ti_sysbios_knl_Semaphore_Module__diagsMask__C)
                  0000dfcc    00000004     rtos_pem4f.oem4f (.const:ti_sysbios_knl_Semaphore_eventPost__C)
                  0000dfd0    00000004     rtos_pem4f.oem4f (.const:ti_sysbios_knl_Semaphore_eventSync__C)
                  0000dfd4    00000004     rtos_pem4f.oem4f (.const:ti_sysbios_knl_Swi_Object__count__C)
                  0000dfd8    00000004     rtos_pem4f.oem4f (.const:ti_sysbios_knl_Task_E_spOutOfBounds__C)
                  0000dfdc    00000004     rtos_pem4f.oem4f (.const:ti_sysbios_knl_Task_E_stackOverflow__C)
                  0000dfe0    00000004     rtos_pem4f.oem4f (.const:ti_sysbios_knl_Task_Module_State_inactiveQ__O)
                  0000dfe4    00000004     rtos_pem4f.oem4f (.const:ti_sysbios_knl_Task_Object__count__C)
                  0000dfe8    00000004     rtos_pem4f.oem4f (.const:ti_sysbios_knl_Task_allBlockedFunc__C)
                  0000dfec    00000004     rtos_pem4f.oem4f (.const:ti_sysbios_knl_Task_numConstructedTasks__C)
                  0000dff0    00000004     rtos_pem4f.oem4f (.const:xdc_runtime_Assert_E_assertFailed__C)
                  0000dff4    00000004     rtos_pem4f.oem4f (.const:xdc_runtime_Core_A_initializedParams__C)
                  0000dff8    00000004     rtos_pem4f.oem4f (.const:xdc_runtime_Core_Module__diagsEnabled__C)
                  0000dffc    00000004     rtos_pem4f.oem4f (.const:xdc_runtime_Core_Module__diagsIncluded__C)
                  0000e000    00000004     rtos_pem4f.oem4f (.const:xdc_runtime_Core_Module__diagsMask__C)
                  0000e004    00000004     rtos_pem4f.oem4f (.const:xdc_runtime_Error_E_memory__C)
                  0000e008    00000004     rtos_pem4f.oem4f (.const:xdc_runtime_Error_Module__diagsEnabled__C)
                  0000e00c    00000004     rtos_pem4f.oem4f (.const:xdc_runtime_Error_Module__diagsIncluded__C)
                  0000e010    00000004     rtos_pem4f.oem4f (.const:xdc_runtime_Error_Module__diagsMask__C)
                  0000e014    00000004     rtos_pem4f.oem4f (.const:xdc_runtime_Error_Module__loggerFxn8__C)
                  0000e018    00000004     rtos_pem4f.oem4f (.const:xdc_runtime_Error_Module__loggerObj__C)
                  0000e01c    00000004     rtos_pem4f.oem4f (.const:xdc_runtime_Error_policyFxn__C)
                  0000e020    00000004     rtos_pem4f.oem4f (.const:xdc_runtime_Error_raiseHook__C)
                  0000e024    00000004     rtos_pem4f.oem4f (.const:xdc_runtime_IGateProvider_Interface__BASE__C)
                  0000e028    00000004     rtos_pem4f.oem4f (.const:xdc_runtime_IHeap_Interface__BASE__C)
                  0000e02c    00000004     rtos_pem4f.oem4f (.const:xdc_runtime_IModule_Interface__BASE__C)
                  0000e030    00000004     rtos_pem4f.oem4f (.const:xdc_runtime_Log_L_error__C)
                  0000e034    00000004     rtos_pem4f.oem4f (.const:xdc_runtime_Memory_defaultHeapInstance__C)
                  0000e038    00000004     rtos_pem4f.oem4f (.const:xdc_runtime_Startup_execImpl__C)
                  0000e03c    00000004     rtos_pem4f.oem4f (.const:xdc_runtime_Startup_maxPasses__C)
                  0000e040    00000004     rtos_pem4f.oem4f (.const:xdc_runtime_Startup_sfxnRts__C)
                  0000e044    00000004     rtos_pem4f.oem4f (.const:xdc_runtime_Startup_sfxnTab__C)
                  0000e048    00000004     rtos_pem4f.oem4f (.const:xdc_runtime_SysMin_bufSize__C)
                  0000e04c    00000004     rtos_pem4f.oem4f (.const:xdc_runtime_SysMin_outputFunc__C)
                  0000e050    00000004     rtos_pem4f.oem4f (.const:xdc_runtime_System_Module__gateObj__C)
                  0000e054    00000004     rtos_pem4f.oem4f (.const:xdc_runtime_System_abortFxn__C)
                  0000e058    00000004     rtos_pem4f.oem4f (.const:xdc_runtime_System_exitFxn__C)
                  0000e05c    00000004     rtos_pem4f.oem4f (.const:xdc_runtime_System_extendFxn__C)
                  0000e060    00000004     rtos_pem4f.oem4f (.const:xdc_runtime_System_maxAtexitHandlers__C)
                  0000e064    00000004     rtos_pem4f.oem4f (.const:xdc_runtime_Text_charTab__C)
                  0000e068    00000004     rtos_pem4f.oem4f (.const:xdc_runtime_Text_nameEmpty__C)
                  0000e06c    00000004     rtos_pem4f.oem4f (.const:xdc_runtime_Text_nameStatic__C)
                  0000e070    00000004     rtos_pem4f.oem4f (.const:xdc_runtime_Text_nameUnknown__C)
                  0000e074    00000004     rtos_pem4f.oem4f (.const:xdc_runtime_Text_nodeTab__C)
                  0000e078    00000004     rtos_pem4f.oem4f (.const:xdc_runtime_Text_visitRopeFxn__C)
                  0000e07c    00000002     rtos_pem4f.oem4f (.const:ti_sysbios_family_arm_lm4_TimestampProvider_Module__id__C)
                  0000e07e    00000002     rtos_pem4f.oem4f (.const:ti_sysbios_family_arm_lm4_TimestampProvider_useClockTimer__C)
                  0000e080    00000002     rtos_pem4f.oem4f (.const:ti_sysbios_family_arm_m3_Hwi_Module__id__C)
                  0000e082    00000002     rtos_pem4f.oem4f (.const:ti_sysbios_gates_GateMutex_Module__id__C)
                  0000e084    00000002     rtos_pem4f.oem4f (.const:ti_sysbios_hal_Hwi_Module__id__C)
                  0000e086    00000002     rtos_pem4f.oem4f (.const:ti_sysbios_heaps_HeapMem_Module__id__C)
                  0000e088    00000002     rtos_pem4f.oem4f (.const:ti_sysbios_knl_Event_Module__id__C)
                  0000e08a    00000002     rtos_pem4f.oem4f (.const:ti_sysbios_knl_Semaphore_Module__id__C)
                  0000e08c    00000002     rtos_pem4f.oem4f (.const:ti_sysbios_knl_Task_Module__id__C)
                  0000e08e    00000002     rtos_pem4f.oem4f (.const:xdc_runtime_Core_Module__id__C)
                  0000e090    00000002     rtos_pem4f.oem4f (.const:xdc_runtime_Error_Module__loggerDefined__C)
                  0000e092    00000002     rtos_pem4f.oem4f (.const:xdc_runtime_Error_maxDepth__C)
                  0000e094    00000002     rtos_pem4f.oem4f (.const:xdc_runtime_Memory_Module__id__C)
                  0000e096    00000002     rtos_pem4f.oem4f (.const:xdc_runtime_SysMin_flushAtExit__C)
                  0000e098    00000002     rtos_pem4f.oem4f (.const:xdc_runtime_Text_charCnt__C)
                  0000e09a    00000002     rtos_pem4f.oem4f (.const:xdc_runtime_Text_isLoaded__C)
                  0000e09c    00000002     rtos_pem4f.oem4f (.const:xdc_runtime_Text_registryModsLastId__C)
                  0000e09e    00000002     rtos_pem4f.oem4f (.const:xdc_runtime_Text_unnamedModsLastId__C)

.cinit     0    0000e0a0    000002e8     
                  0000e0a0    000002b2     (.cinit..data.load) [load image, compression = lzss]
                  0000e352    00000002     --HOLE-- [fill = 0]
                  0000e354    0000000c     (__TI_handler_table)
                  0000e360    00000008     (.cinit..bss.load) [load image, compression = zero_init]
                  0000e368    00000008     (.cinit..vecs.load) [load image, compression = zero_init]
                  0000e370    00000018     (__TI_cinit_table)

.init_array 
*          0    00000000    00000000     UNINITIALIZED

.resetVecs 
*          0    00000000    0000003c     
                  00000000    0000003c     rtos_pem4f.oem4f (.resetVecs)

.bss       0    20000360    0000d712     UNINITIALIZED
                  20000360    00002a00     rtos_pem4f.oem4f (.bss:taskStackSection)
                  20002d60    00002108     main.obj (.bss:kiss_fft_cfg_buffer$2)
                  20004e68    00002000     main.obj (.bss:in$3)
                  20006e68    00002000     main.obj (.bss:out$4)
                  20008e68    00002000     (.common:gADCBuffer)
                  2000ae68    00001000     main.obj (.bss:w$5)
                  2000be68    00000800     (.common:ProcessedSpectrumBuffer)
                  2000c668    00000800     (.common:RawSpectrumBuffer)
                  2000ce68    00000400     (.common:ti_sysbios_heaps_HeapMem_Instance_State_0_buf__A)
                  2000d268    00000360     (.common:ti_sysbios_family_arm_m3_Hwi_dispatchTable)
                  2000d5c8    00000120     rtsv7M4_T_le_v4SPD16_eabi.lib : trgmsg.c.obj (.bss:_CIOBUF_)
                  2000d6e8    00000100     (.common:ADCPrintBuffer)
                  2000d7e8    00000100     (.common:ADCScaledPrintBuffer)
                  2000d8e8    000000a0     (.common:ti_sysbios_knl_Mailbox_Instance_State_0_allocBuf__A)
                  2000d988    00000080     (.common:xdc_runtime_SysMin_Module_State_0_outbuf__A)
                  2000da08    00000034     (.common:str)
                  2000da3c    00000014     buttons.obj (.bss:state$1)
                  2000da50    00000008     (.common:parmbuf)
                  2000da58    00000004     (.common:ADCLocalBufferIndex)
                  2000da5c    00000004     (.common:gADCErrors)
                  2000da60    00000004     (.common:gADCSamplingRate)
                  2000da64    00000004     (.common:g_psGrLibDefaults)
                  2000da68    00000002     (.common:Lcd_ScreenHeigth)
                  2000da6a    00000002     (.common:Lcd_ScreenWidth)
                  2000da6c    00000002     (.common:Lcd_TouchTrim)
                  2000da6e    00000001     (.common:Lcd_FlagRead)
                  2000da6f    00000001     (.common:Lcd_FontSolid)
                  2000da70    00000001     (.common:Lcd_Orientation)
                  2000da71    00000001     (.common:Lcd_PenSolid)

.data      0    2000da74    000086fa     UNINITIALIZED
                  2000da74    00008000     Crystalfontz128x128_ST7735.obj (.data:Lcd_buffer)
                  20015a74    000001c8     rtos_pem4f.oem4f (.data:ti_sysbios_knl_Task_Object__table__V)
                  20015c3c    00000080     rtos_pem4f.oem4f (.data:ti_sysbios_knl_Swi_Module_State_0_readyQ__A)
                  20015cbc    00000080     rtos_pem4f.oem4f (.data:ti_sysbios_knl_Task_Module_State_0_readyQ__A)
                  20015d3c    0000005c     main.obj (.data)
                  20015d98    00000050     rtos_pem4f.oem4f (.data:ti_sysbios_knl_Mailbox_Object__table__V)
                  20015de8    00000050     rtos_pem4f.oem4f (.data:ti_sysbios_knl_Semaphore_Object__table__V)
                  20015e38    00000044     rtos_pem4f.oem4f (.data:ti_sysbios_knl_Task_Module__state__V)
                  20015e7c    00000040     rtos_pem4f.oem4f (.data:ti_sysbios_family_arm_lm4_Timer_Module_State_0_device__A)
                  20015ebc    00000040     rtos_pem4f.oem4f (.data:ti_sysbios_family_arm_lm4_Timer_Object__table__V)
                  20015efc    00000038     rtos_pem4f.oem4f (.data:ti_sysbios_gates_GateMutex_Object__table__V)
                  20015f34    00000034     rtos_pem4f.oem4f (.data:ti_sysbios_family_arm_m3_Hwi_Module__state__V)
                  20015f68    00000030     rtos_pem4f.oem4f (.data:ti_sysbios_family_arm_m3_Hwi_Object__table__V)
                  20015f98    00000030     rtos_pem4f.oem4f (.data:ti_sysbios_knl_Swi_Object__table__V)
                  20015fc8    0000002c     rtos_pem4f.oem4f (.data:ti_sysbios_knl_Clock_Module__state__V)
                  20015ff4    00000024     buttons.obj (.data:count$2)
                  20016018    00000024     rtos_pem4f.oem4f (.data:ti_sysbios_BIOS_Module__state__V)
                  2001603c    00000020     rtos_pem4f.oem4f (.data:ti_sysbios_family_arm_lm4_Timer_Module_State_0_handles__A)
                  2001605c    00000020     rtos_pem4f.oem4f (.data:ti_sysbios_knl_Clock_Object__table__V)
                  2001607c    0000001c     rtos_pem4f.oem4f (.data:ti_sysbios_knl_Swi_Module__state__V)
                  20016098    00000018     OscilliscopeADC.obj (.data)
                  200160b0    00000018     rtos_pem4f.oem4f (.data:ti_sysbios_heaps_HeapMem_Object__table__V)
                  200160c8    0000000d     buttons.obj (.data)
                  200160d5    00000001     --HOLE--
                  200160d6    00000002     rtos_pem4f.oem4f (.data:ti_sysbios_family_arm_m3_Hwi_Module_State_0_excActive__A)
                  200160d8    0000000c     rtos_pem4f.oem4f (.data:ti_sysbios_family_arm_lm4_Timer_Module__state__V)
                  200160e4    0000000c     rtos_pem4f.oem4f (.data:xdc_runtime_SysMin_Module__state__V)
                  200160f0    00000008     rtsv7M4_T_le_v4SPD16_eabi.lib : _lock.c.obj (.data:$O1$$)
                  200160f8    00000008     buttons.obj (.data:gJoystick)
                  20016100    00000008     rtos_pem4f.oem4f (.data:ti_sysbios_family_arm_lm4_TimestampProvider_Module__state__V)
                  20016108    00000008     rtos_pem4f.oem4f (.data:ti_sysbios_gates_GateHwi_Module__root__V)
                  20016110    00000008     rtos_pem4f.oem4f (.data:ti_sysbios_gates_GateMutex_Module__root__V)
                  20016118    00000008     rtos_pem4f.oem4f (.data:ti_sysbios_heaps_HeapMem_Module__root__V)
                  20016120    00000008     rtos_pem4f.oem4f (.data:ti_sysbios_knl_Queue_Module__root__V)
                  20016128    00000008     rtos_pem4f.oem4f (.data:ti_sysbios_knl_Semaphore_Module__root__V)
                  20016130    00000008     rtos_pem4f.oem4f (.data:xdc_runtime_Registry_Module__state__V)
                  20016138    00000008     rtos_pem4f.oem4f (.data:xdc_runtime_Startup_Module__state__V)
                  20016140    00000008     rtos_pem4f.oem4f (.data:xdc_runtime_System_Module_State_0_atexitHandlers__A)
                  20016148    00000008     rtos_pem4f.oem4f (.data:xdc_runtime_System_Module__state__V)
                  20016150    00000004     rtsv7M4_T_le_v4SPD16_eabi.lib : errno.c.obj (.data)
                  20016154    00000004                                   : stkdepth_vars.c.obj (.data)
                  20016158    00000004     rtos_pem4f.oem4f (.data:ti_sysbios_family_arm_m3_Hwi_Module_State_0_excContext__A)
                  2001615c    00000004     rtos_pem4f.oem4f (.data:ti_sysbios_family_arm_m3_Hwi_Module_State_0_excStack__A)
                  20016160    00000004     rtos_pem4f.oem4f (.data:ti_sysbios_gates_GateHwi_Object__table__V)
                  20016164    00000004     rtos_pem4f.oem4f (.data:ti_sysbios_knl_Task_Module_State_0_idleTask__A)
                  20016168    00000004     rtos_pem4f.oem4f (.data:xdc_runtime_Memory_Module__state__V)
                  2001616c    00000002     rtos_pem4f.oem4f (.data:xdc_runtime_Error_Module__state__V)

.stack     0    20016170    00000300     UNINITIALIZED
                  20016170    00000300     --HOLE--

.bootVecs 
*          0    00000000    00000008     DSECT
                  00000000    00000008     boot.aem4f : boot.oem4f (.bootVecs)

.vecs      0    20000000    00000360     UNINITIALIZED
                  20000000    00000360     rtos_pem4f.oem4f (.vecs)

xdc.meta   0    00000000    000000fd     COPY SECTION
                  00000000    000000fd     rtos_pem4f.oem4f (xdc.meta)

MODULE SUMMARY

       Module                                             code    ro data   rw data
       ------                                             ----    -------   -------
    .\
       main.obj                                           2528    160       33688  
       Crystalfontz128x128_ST7735.obj                     958     40        32778  
       OscilliscopeADC.obj                                1176    0         8224   
       kiss_fft.obj                                       2500    0         0      
       buttons.obj                                        968     0         81     
       HAL_EK_TM4C1294XL_Crystalfontz128x128_ST7735.obj   324     0         0      
       sysctl_pll.obj                                     72      0         0      
    +--+--------------------------------------------------+-------+---------+---------+
       Total:                                             8526    200       74771  
                                                                                   
    D:\ECE3849Labs\ece3849_lab2_starter.zip_expanded\ece3849_lab2_starter\Debug\configPkg\package\cfg\
       rtos_pem4f.oem4f                                   1546    7951      15388  
    +--+--------------------------------------------------+-------+---------+---------+
       Total:                                             1546    7951      15388  
                                                                                   
    C:/ti/tirtos_tivac_2_16_00_08/products/TivaWare_C_Series-2.1.1.71b/driverlib/ccs/Debug/driverlib.lib
       sysctl.obj                                         674     452       0      
[...]
0000deb4  ti_sysbios_family_arm_m3_Hwi_excHookFuncs__A                         
0000debc  ti_sysbios_knl_Idle_funcList__C                                      
0000dec4  xdc_runtime_Startup_firstFxns__C                                     
0000decc  xdc_runtime_Startup_lastFxns__C                                      
0000ded4  ti_catalog_arm_cortexm4_tiva_ce_Boot_Module__diagsEnabled__C         
0000ded8  ti_catalog_arm_cortexm4_tiva_ce_Boot_Module__diagsIncluded__C        
0000dedc  ti_catalog_arm_cortexm4_tiva_ce_Boot_Module__diagsMask__C            
0000dee0  ti_sysbios_family_arm_lm4_Timer_enableFunc__C                        
0000dee4  ti_sysbios_family_arm_lm4_Timer_numTimerDevices__C                   
0000dee8  ti_sysbios_family_arm_lm4_Timer_startupNeeded__C                     
0000deec  ti_sysbios_family_arm_lm4_TimestampProvider_Module__diagsEnabled__C  
0000def0  ti_sysbios_family_arm_lm4_TimestampProvider_Module__diagsIncluded__C 
0000def4  ti_sysbios_family_arm_lm4_TimestampProvider_Module__diagsMask__C     
0000def8  ti_sysbios_family_arm_m3_Hwi_E_NMI__C                                
0000defc  ti_sysbios_family_arm_m3_Hwi_E_busFault__C                           
0000df00  ti_sysbios_family_arm_m3_Hwi_E_debugMon__C                           
0000df04  ti_sysbios_family_arm_m3_Hwi_E_hardFault__C                          
0000df08  ti_sysbios_family_arm_m3_Hwi_E_memFault__C                           
0000df0c  ti_sysbios_family_arm_m3_Hwi_E_noIsr__C                              
0000df10  ti_sysbios_family_arm_m3_Hwi_E_reserved__C                           
0000df14  ti_sysbios_family_arm_m3_Hwi_E_svCall__C                             
0000df18  ti_sysbios_family_arm_m3_Hwi_E_usageFault__C                         
0000df1c  ti_sysbios_family_arm_m3_Hwi_NUM_INTERRUPTS__C                       
0000df20  ti_sysbios_family_arm_m3_Hwi_Object__count__C                        
0000df24  ti_sysbios_family_arm_m3_Hwi_ccr__C                                  
0000df28  ti_sysbios_family_arm_m3_Hwi_excHandlerFunc__C                       
0000df2c  ti_sysbios_family_arm_m3_Hwi_excHookFuncs__C                         
0000df30  ti_sysbios_family_arm_m3_Hwi_nullIsrFunc__C                          
0000df34  ti_sysbios_family_arm_m3_Hwi_priGroup__C                             
0000df38  ti_sysbios_gates_GateMutex_A_badContext__C                           
0000df3c  ti_sysbios_gates_GateMutex_Instance_State_sem__O                     
0000df40  ti_sysbios_gates_GateMutex_Module__diagsEnabled__C                   
0000df44  ti_sysbios_gates_GateMutex_Module__diagsIncluded__C                  
0000df48  ti_sysbios_gates_GateMutex_Module__diagsMask__C                      
0000df4c  ti_sysbios_hal_Hwi_E_stackOverflow__C                                
0000df50  ti_sysbios_heaps_HeapMem_A_align__C                                  
0000df54  ti_sysbios_heaps_HeapMem_A_heapSize__C                               
0000df58  ti_sysbios_heaps_HeapMem_A_invalidFree__C                            
0000df5c  ti_sysbios_heaps_HeapMem_A_zeroBlock__C                              
0000df60  ti_sysbios_heaps_HeapMem_E_memory__C                                 
0000df64  ti_sysbios_heaps_HeapMem_Module__diagsEnabled__C                     
0000df68  ti_sysbios_heaps_HeapMem_Module__diagsIncluded__C                    
0000df6c  ti_sysbios_heaps_HeapMem_Module__diagsMask__C                        
0000df70  ti_sysbios_heaps_HeapMem_Module__gateObj__C                          
0000df74  ti_sysbios_heaps_HeapMem_Object__count__C                            
0000df78  ti_sysbios_heaps_HeapMem_reqAlign__C                                 
0000df7c  ti_sysbios_knl_Clock_Module_State_clockQ__O                          
0000df80  ti_sysbios_knl_Event_A_nullEventId__C                                
0000df84  ti_sysbios_knl_Event_Instance_State_pendQ__O                         
0000df88  ti_sysbios_knl_Event_Module__diagsEnabled__C                         
0000df8c  ti_sysbios_knl_Event_Module__diagsIncluded__C                        
0000df90  ti_sysbios_knl_Event_Module__diagsMask__C                            
0000df94  ti_sysbios_knl_Idle_funcList__A                                      
0000df98  ti_sysbios_knl_Mailbox_Instance_State_dataQue__O                     
0000df9c  ti_sysbios_knl_Mailbox_Instance_State_dataSem__O                     
0000dfa0  ti_sysbios_knl_Mailbox_Instance_State_freeQue__O                     
0000dfa4  ti_sysbios_knl_Mailbox_Instance_State_freeSem__O                     
0000dfa8  ti_sysbios_knl_Mailbox_Object__count__C                              
0000dfac  ti_sysbios_knl_Mailbox_maxTypeAlign__C                               
0000dfb0  ti_sysbios_knl_Semaphore_A_badContext__C                             
0000dfb4  ti_sysbios_knl_Semaphore_A_overflow__C                               
0000dfb8  ti_sysbios_knl_Semaphore_A_pendTaskDisabled__C                       
0000dfbc  ti_sysbios_knl_Semaphore_Instance_State_pendQ__O                     
0000dfc0  ti_sysbios_knl_Semaphore_Module__diagsEnabled__C                     
0000dfc4  ti_sysbios_knl_Semaphore_Module__diagsIncluded__C                    
0000dfc8  ti_sysbios_knl_Semaphore_Module__diagsMask__C                        
0000dfcc  ti_sysbios_knl_Semaphore_eventPost__C                                
0000dfd0  ti_sysbios_knl_Semaphore_eventSync__C                                
0000dfd4  ti_sysbios_knl_Swi_Object__count__C                                  
0000dfd8  ti_sysbios_knl_Task_E_spOutOfBounds__C                               
0000dfdc  ti_sysbios_knl_Task_E_stackOverflow__C                               
0000dfe0  ti_sysbios_knl_Task_Module_State_inactiveQ__O                        
0000dfe4  ti_sysbios_knl_Task_Object__count__C                                 
0000dfe8  ti_sysbios_knl_Task_allBlockedFunc__C                                
0000dfec  ti_sysbios_knl_Task_numConstructedTasks__C                           
0000dff0  xdc_runtime_Assert_E_assertFailed__C                                 
0000dff4  xdc_runtime_Core_A_initializedParams__C                              
0000dff8  xdc_runtime_Core_Module__diagsEnabled__C                             
0000dffc  xdc_runtime_Core_Module__diagsIncluded__C                            
0000e000  xdc_runtime_Core_Module__diagsMask__C                                
0000e004  xdc_runtime_Error_E_memory__C                                        
0000e008  xdc_runtime_Error_Module__diagsEnabled__C                            
0000e00c  xdc_runtime_Error_Module__diagsIncluded__C                           
0000e010  xdc_runtime_Error_Module__diagsMask__C                               
0000e014  xdc_runtime_Error_Module__loggerFxn8__C                              
0000e018  xdc_runtime_Error_Module__loggerObj__C                               
0000e01c  xdc_runtime_Error_policyFxn__C                                       
0000e020  xdc_runtime_Error_raiseHook__C                                       
0000e024  xdc_runtime_IGateProvider_Interface__BASE__C                         
0000e028  xdc_runtime_IHeap_Interface__BASE__C                                 
0000e02c  xdc_runtime_IModule_Interface__BASE__C                               
0000e030  xdc_runtime_Log_L_error__C                                           
0000e034  xdc_runtime_Memory_defaultHeapInstance__C                            
0000e038  xdc_runtime_Startup_execImpl__C                                      
0000e03c  xdc_runtime_Startup_maxPasses__C                                     
0000e040  xdc_runtime_Startup_sfxnRts__C                                       
0000e044  xdc_runtime_Startup_sfxnTab__C                                       
0000e048  xdc_runtime_SysMin_bufSize__C                                        
0000e04c  xdc_runtime_SysMin_outputFunc__C                                     
0000e050  xdc_runtime_System_Module__gateObj__C                                
0000e054  xdc_runtime_System_abortFxn__C                                       
0000e058  xdc_runtime_System_exitFxn__C                                        
0000e05c  xdc_runtime_System_extendFxn__C                                      
0000e060  xdc_runtime_System_maxAtexitHandlers__C                              
0000e064  xdc_runtime_Text_charTab__C                                          
0000e068  xdc_runtime_Text_nameEmpty__C                                        
0000e06c  xdc_runtime_Text_nameStatic__C                                       
0000e070  xdc_runtime_Text_nameUnknown__C                                      
0000e074  xdc_runtime_Text_nodeTab__C                                          
0000e078  xdc_runtime_Text_visitRopeFxn__C                                     
0000e07c  ti_sysbios_family_arm_lm4_TimestampProvider_Module__id__C            
0000e07e  ti_sysbios_family_arm_lm4_TimestampProvider_useClockTimer__C         
0000e080  ti_sysbios_family_arm_m3_Hwi_Module__id__C                           
0000e082  ti_sysbios_gates_GateMutex_Module__id__C                             
0000e084  ti_sysbios_hal_Hwi_Module__id__C                                     
0000e086  ti_sysbios_heaps_HeapMem_Module__id__C                               
0000e088  ti_sysbios_knl_Event_Module__id__C                                   
0000e08a  ti_sysbios_knl_Semaphore_Module__id__C                               
0000e08c  ti_sysbios_knl_Task_Module__id__C                                    
0000e08e  xdc_runtime_Core_Module__id__C                                       
0000e090  xdc_runtime_Error_Module__loggerDefined__C                           
0000e092  xdc_runtime_Error_maxDepth__C                                        
0000e094  xdc_runtime_Memory_Module__id__C                                     
0000e096  xdc_runtime_SysMin_flushAtExit__C                                    
0000e098  xdc_runtime_Text_charCnt__C                                          
0000e09a  xdc_runtime_Text_isLoaded__C                                         
0000e09c  xdc_runtime_Text_registryModsLastId__C                               
0000e09e  xdc_runtime_Text_unnamedModsLastId__C                                
0000e0a0  __TI_static_base__                                                   
0000e354  __TI_Handler_Table_Base                                              
0000e360  __TI_Handler_Table_Limit                                             
0000e370  __TI_CINIT_Base                                                      
0000e388  __TI_CINIT_Limit                                                     
20000000  ti_sysbios_family_arm_m3_Hwi_ramVectors                              
20000360  ti_sysbios_knl_Task_Instance_State_0_stack__A                        
20000b60  ti_sysbios_knl_Task_Instance_State_1_stack__A                        
20001360  ti_sysbios_knl_Task_Instance_State_2_stack__A                        
20001b60  ti_sysbios_knl_Task_Instance_State_3_stack__A                        
20002360  ti_sysbios_knl_Task_Instance_State_4_stack__A                        
20002b60  ti_sysbios_knl_Task_Instance_State_5_stack__A                        
20008e68  gADCBuffer                                                           
2000be68  ProcessedSpectrumBuffer                                              
2000c668  RawSpectrumBuffer                                                    
2000ce68  ti_sysbios_heaps_HeapMem_Instance_State_0_buf__A                     
2000d268  ti_sysbios_family_arm_m3_Hwi_dispatchTable                           
2000d5c8  __CIOBUF_                                                            
2000d6e8  ADCPrintBuffer                                                       
2000d7e8  ADCScaledPrintBuffer                                                 
2000d8e8  ti_sysbios_knl_Mailbox_Instance_State_0_allocBuf__A                  
2000d988  xdc_runtime_SysMin_Module_State_0_outbuf__A                          
2000da08  str                                                                  
2000da50  parmbuf                                                              
2000da58  ADCLocalBufferIndex                                                  
2000da5c  gADCErrors                                                           
2000da60  gADCSamplingRate                                                     
2000da68  Lcd_ScreenHeigth                                                     
2000da6a  Lcd_ScreenWidth                                                      
2000da6c  Lcd_TouchTrim                                                        
2000da6e  Lcd_FlagRead                                                         
2000da6f  Lcd_FontSolid                                                        
2000da70  Lcd_Orientation                                                      
2000da71  Lcd_PenSolid                                                         
2000da74  Lcd_buffer                                                           
20015a74  ti_sysbios_knl_Task_Object__table__V                                 
20015c3c  ti_sysbios_knl_Swi_Module_State_0_readyQ__A                          
20015cbc  ti_sysbios_knl_Task_Module_State_0_readyQ__A                         
20015d3c  gSystemClock                                                         
20015d40  gTime                                                                
20015d44  VoltageScale                                                         
20015d48  ADCSampleState                                                       
20015d4c  OscilloscopeMode                                                     
20015d50  prevADCSampleState                                                   
20015d54  tDirection                                                           
20015d56  tVoltage                                                             
20015d58  gpresses                                                             
20015d5c  ticksAtInterrupt                                                     
20015d60  ButtonIntTime                                                        
20015d64  Button_Latency                                                       
20015d68  Button_Response_Time                                                 
20015d6c  VIN_RANGE                                                            
20015d70  PIXELS_PER_DIV                                                       
20015d74  ADC_BITS                                                             
20015d78  ADC_OFFSET                                                           
20015d7c  fVoltsPerDiv                                                         
20015d80  fScale                                                               
20015d84  TIMER0_PERIOD                                                        
20015d88  buttonMissedDeadlines                                                
20015d8c  WaveformResponseTime                                                 
20015d90  WaveformTimerValue                                                   
20015d94  waveformErrors                                                       
20015d98  ti_sysbios_knl_Mailbox_Object__table__V                              
20015de8  ti_sysbios_knl_Semaphore_Object__table__V                            
20015e38  ti_sysbios_knl_Task_Module__state__V                                 
20015e7c  ti_sysbios_family_arm_lm4_Timer_Module_State_0_device__A             
20015ebc  ti_sysbios_family_arm_lm4_Timer_Object__table__V                     
20015efc  ti_sysbios_gates_GateMutex_Object__table__V                          
20015f34  ti_sysbios_family_arm_m3_Hwi_Module__state__V                        
20015f68  ti_sysbios_family_arm_m3_Hwi_Object__table__V                        
20015f98  ti_sysbios_knl_Swi_Object__table__V                                  
20015fc8  ti_sysbios_knl_Clock_Module__state__V                                
20016018  ti_sysbios_BIOS_Module__state__V                                     
2001603c  ti_sysbios_family_arm_lm4_Timer_Module_State_0_handles__A            
2001605c  ti_sysbios_knl_Clock_Object__table__V                                
2001607c  ti_sysbios_knl_Swi_Module__state__V                                  
20016098  gADCBufferIndex                                                      
2001609c  prevVoltage                                                          
200160a0  loopCount                                                            
200160a4  timeFindTrigger                                                      
200160a8  timeCopyBuffer                                                       
200160ac  LastIndex                                                            
200160b0  ti_sysbios_heaps_HeapMem_Object__table__V                            
200160c8  gButtons                                                             
200160cc  butfifo_head                                                         
200160d0  butfifo_tail                                                         
200160d6  ti_sysbios_family_arm_m3_Hwi_Module_State_0_excActive__A             
200160d8  ti_sysbios_family_arm_lm4_Timer_Module__state__V                     
200160e4  xdc_runtime_SysMin_Module__state__V                                  
200160f0  _lock                                                                
200160f4  _unlock                                                              
200160f8  gJoystick                                                            
20016100  ti_sysbios_family_arm_lm4_TimestampProvider_Module__state__V         
20016108  ti_sysbios_gates_GateHwi_Module__root__V                             
20016110  ti_sysbios_gates_GateMutex_Module__root__V                           
20016118  ti_sysbios_heaps_HeapMem_Module__root__V                             
20016120  ti_sysbios_knl_Queue_Module__root__V                                 
20016128  ti_sysbios_knl_Semaphore_Module__root__V                             
20016130  xdc_runtime_Registry_Module__state__V                                
20016138  xdc_runtime_Startup_Module__state__V                                 
20016140  xdc_runtime_System_Module_State_0_atexitHandlers__A                  
20016148  xdc_runtime_System_Module__state__V                                  
20016150  errno                                                                
20016154  main_func_sp                                                         
20016158  ti_sysbios_family_arm_m3_Hwi_Module_State_0_excContext__A            
2001615c  ti_sysbios_family_arm_m3_Hwi_Module_State_0_excStack__A              
20016160  ti_sysbios_gates_GateHwi_Object__table__V                            
20016164  ti_sysbios_knl_Task_Module_State_0_idleTask__A                       
20016168  xdc_runtime_Memory_Module__state__V                                  
2001616c  xdc_runtime_Error_Module__state__V                                   
20016170  __stack                                                              
20016470  __STACK_END                                                          
e000e000  ti_sysbios_family_arm_m3_Hwi_nvic                                    
ffffffff  __TI_pprof_out_hndl                                                  
ffffffff  __TI_prof_data_size                                                  
ffffffff  __TI_prof_data_start                                                 
ffffffff  __binit__                                                            
ffffffff  __c_args__                                                           
ffffffff  binit                                                                
UNDEFED   SHT$$INIT_ARRAY$$Base                                                
UNDEFED   SHT$$INIT_ARRAY$$Limit                                               

[718 symbols]
