******************************************************************************
                  TI ARM Linker PC v18.1.2                     
******************************************************************************
>> Linked Fri Dec  7 18:31:35 2018

OUTPUT FILE NAME:   <ece3849_lab3_starter.out>
ENTRY POINT SYMBOL: "_c_int00"  address: 0000a881


MEMORY CONFIGURATION

         name            origin    length      used     unused   attr    fill
----------------------  --------  ---------  --------  --------  ----  --------
  FLASH                 00000000   00100000  000107f8  000ef808  R  X
  SRAM                  20000000   00040000  0001a32c  00025cd4  RW X


SEGMENT ALLOCATION MAP

run origin  load origin   length   init length attrs members
----------  ----------- ---------- ----------- ----- -------
00000000    00000000    00010808   00010808    r-x
  00000000    00000000    0000003c   0000003c    r-- .resetVecs
  00000040    00000040    0000d13a   0000d13a    r-x .text
  0000d180    0000d180    00003272   00003272    r-- .const
  000103f8    000103f8    00000410   00000410    r-- .cinit
20000000    20000000    00000360   00000000    rw-
  20000000    20000000    00000360   00000000    rw- .vecs
20000400    20000400    00019fd0   00000000    rw-
  20000400    20000400    00010eb0   00000000    rw- .bss
  200112b0    200112b0    00008e1c   00000000    rw- .data
  2001a0d0    2001a0d0    00000300   00000000    rw- .stack


SECTION ALLOCATION MAP

 output                                  attributes/
section   page    origin      length       input sections
--------  ----  ----------  ----------   ----------------
.text      0    00000040    0000d13a     
                  00000040    00000a5e     rtsv7M4_T_le_v4SPD16_eabi.lib : _printfi.c.obj (.text:__TI_printfi)
                  00000a9e    00000002                                   : _lock.c.obj (.text:_nop)
                  00000aa0    00000738                                   : k_rem_pio2.c.obj (.text:__kernel_rem_pio2)
                  000011d8    000005dc                                   : s_cos.c.obj (.text:cos)
                  000017b4    000005c4                                   : s_sin.c.obj (.text:sin)
                  00001d78    000004b8     main.obj (.text:Display_Task)
                  00002230    00000430     sysbios.aem4f : BIOS.obj (.text:ti_sysbios_family_arm_m3_Hwi_excDumpRegs__I)
                  00002660    0000034c     ti.targets.arm.rtsarm.aem4f : System.oem4f (.text:xdc_runtime_System_doPrint__I)
                  000029ac    00000004     driverlib.lib : adc.obj (.text:ADCIntClearEx)
                  000029b0    000002fc     sysbios.aem4f : BIOS.obj (.text:ti_sysbios_knl_Semaphore_pend__E)
                  00002cac    00000004     driverlib.lib : comp.obj (.text:ComparatorRefSet)
                  00002cb0    0000028e     kiss_fft.obj (.text:kf_bfly5)
                  00002f3e    00000002     rtsv7M4_T_le_v4SPD16_eabi.lib : div0.asm.obj (.text)
                  00002f40    00000270                                   : _printfi.c.obj (.text:_pconv_a)
                  000031b0    0000026c     sysbios.aem4f : BIOS.obj (.text:ti_sysbios_heaps_HeapMem_free__E)
                  0000341c    00000256     grlib.lib : string.obj (.text:GrFontGlyphRender)
                  00003672    00000006     driverlib.lib : gpio.obj (.text:GPIOPinRead)
                  00003678    00000250     sysbios.aem4f : BIOS.obj (.text:ti_sysbios_heaps_HeapMem_alloc__E)
                  000038c8    00000234     main.obj (.text:Processing_Task)
                  00003afc    00000204     driverlib.lib : sysctl.obj (.text:SysCtlClockFreqSet)
                  00003d00    00000204     Boot.aem4f : Boot_sysctl.oem4f (.text:ti_catalog_arm_cortexm4_tiva_ce_Boot_sysCtlClockFreqSetI__I)
                  00003f04    00000004     driverlib.lib : timer.obj (.text:TimerIntClear)
                  00003f08    000001fc     sysbios.aem4f : BIOS.obj (.text:ti_sysbios_family_arm_m3_Hwi_excHandlerMax__I)
                  00004104    00000004     rtsv7M4_T_le_v4SPD16_eabi.lib : exit.c.obj (.text:abort:abort)
                  00004108    000001f0     kiss_fft.obj (.text:kf_bfly4)
                  000042f8    000001d0     rtsv7M4_T_le_v4SPD16_eabi.lib : _printfi.c.obj (.text:_pconv_g)
                  000044c8    000001b6                                   : fd_add_t2.asm.obj (.text)
                  0000467e    00000002     ti.uia.loggers.aem4f : LoggerStopMode.oem4f (.text:ti_uia_loggers_LoggerStopMode_setPriority__E)
                  00004680    00000178     sysbios.aem4f : BIOS.obj (.text:ti_sysbios_family_arm_lm4_TimestampProvider_get64__E)
                  000047f8    00000174     rtsv7M4_T_le_v4SPD16_eabi.lib : k_sin.c.obj (.text:__kernel_sin)
                  0000496c    00000004     sysbios.aem4f : BIOS.obj (.text:ti_sysbios_family_arm_lm4_Timer_masterEnable__I)
                  00004970    00000174                   : BIOS.obj (.text:ti_sysbios_family_arm_m3_Hwi_excBusFault__I)
                  00004ae4    0000016c     rtsv7M4_T_le_v4SPD16_eabi.lib : k_cos.c.obj (.text:__kernel_cos)
                  00004c50    00000164     OscilliscopeADC.obj (.text:GetWaveform)
                  00004db4    00000004     ti.uia.loggers.aem4f : LoggerStopMode.oem4f (.text:ti_uia_loggers_LoggerStopMode_getContents__E)
                  00004db8    00000164     sysbios.aem4f : BIOS.obj (.text:ti_sysbios_family_arm_m3_Hwi_excUsageFault__I)
                  00004f1c    00000004     ti.uia.loggers.aem4f : LoggerStopMode.oem4f (.text:ti_uia_loggers_LoggerStopMode_getInstanceId__E)
                  00004f20    0000015c     OscilliscopeADC.obj (.text:initADC)
                  0000507c    00000158     rtsv7M4_T_le_v4SPD16_eabi.lib : e_log10f.c.obj (.text:log10f)
                  000051d4    00000158                                   : e_sqrt.c.obj (.text:sqrt)
                  0000532c    00000004     ti.uia.loggers.aem4f : LoggerStopMode.oem4f (.text:ti_uia_loggers_LoggerStopMode_getMaxLength__E)
                  00005330    0000014e     kiss_fft.obj (.text:kf_bfly3)
                  0000547e    00000002     --HOLE-- [fill = 0]
                  00005480    00000148     sysbios.aem4f : BIOS.obj (.text:ti_sysbios_family_arm_m3_Hwi_excMemFault__I)
                  000055c8    0000013c     rtsv7M4_T_le_v4SPD16_eabi.lib : _printfi.c.obj (.text:_pconv_e)
                  00005704    00000004     ti.uia.loggers.aem4f : LoggerStopMode.oem4f (.text:ti_uia_loggers_LoggerStopMode_getPriority__E)
                  00005708    0000013c     sysbios.aem4f : BIOS.obj (.text:ti_sysbios_heaps_HeapMem_Instance_init__E)
                  00005844    00000004     ti.uia.loggers.aem4f : LoggerStopMode.oem4f (.text:ti_uia_loggers_LoggerStopMode_getTransferType__E)
                  00005848    00000138     rtos_pem4f.oem4f (.text:ti_uia_loggers_LoggerStopMode_writeMemoryRange__E)
                  00005980    00000136     rtsv7M4_T_le_v4SPD16_eabi.lib : fd_div_t2.asm.obj (.text)
                  00005ab6    00000130     driverlib.lib : gpio.obj (.text:GPIOPadConfigSet)
                  00005be6    00000002     --HOLE-- [fill = 0]
                  00005be8    00000124     buttons.obj (.text:ButtonInit)
                  00005d0c    00000120     rtsv7M4_T_le_v4SPD16_eabi.lib : _printfi.c.obj (.text:fcvt)
                  00005e2c    00000118     ti.targets.arm.rtsarm.aem4f : Error.oem4f (.text:xdc_runtime_Error_policyDefault__E)
                  00005f44    00000004                                 : Error.oem4f (.text:xdc_runtime_Error_getSite__E)
                  00005f48    00000114     sysbios.aem4f : BIOS.obj (.text:ti_sysbios_utils_Load_updateThreadContexts__E)
                  0000605c    00000110     rtsv7M4_T_le_v4SPD16_eabi.lib : s_scalbn.c.obj (.text:scalbn)
                  0000616c    00000004     ti.targets.arm.rtsarm.aem4f : System.oem4f (.text:xdc_runtime_System_aprintf_va__F)
                  00006170    0000010c     rtos_pem4f.oem4f (.text:ti_uia_loggers_LoggerStopMode_write8__E)
                  0000627c    00000004     ti.targets.arm.rtsarm.aem4f : System.oem4f (.text:xdc_runtime_System_printf_va__F)
                  00006280    00000108     PWMGen.obj (.text:initPWM)
                  00006388    00000108     sysbios.aem4f : BIOS.obj (.text:ti_sysbios_family_arm_lm4_Timer_start__E)
                  00006490    00000106     grlib.lib : line.obj (.text:GrLineDraw)
                  00006596    00000002     --HOLE-- [fill = 0]
                  00006598    00000100     sysbios.aem4f : BIOS.obj (.text:ti_sysbios_knl_Event_post__E)
                  00006698    00000100     ti.targets.arm.rtsarm.aem4f : Core-mem.oem4f (.text:xdc_runtime_Core_createObject__I)
                  00006798    000000fc     main.obj (.text:Waveform_Task)
                  00006894    00000004     --HOLE-- [fill = 0]
                  00006898    000000fc     kiss_fft.obj (.text:kf_bfly_generic)
                  00006994    000000fc     rtsv7M4_T_le_v4SPD16_eabi.lib : fd_mul_t2.asm.obj (.text)
                  00006a90    000000fc     sysbios.aem4f : BIOS.obj (.text:ti_sysbios_knl_Semaphore_post__E)
                  00006b8c    00000004     --HOLE-- [fill = 0]
                  00006b90    000000fc     rtos_pem4f.oem4f (.text:xdc_runtime_System_printfExtend__I)
                  00006c8c    000000f8     rtsv7M4_T_le_v4SPD16_eabi.lib : s_floor.c.obj (.text:floor)
                  00006d84    000000f8     ti.targets.arm.rtsarm.aem4f : Startup.oem4f (.text:xdc_runtime_Startup_startMods__I)
                  00006e7c    000000f4     sysbios.aem4f : m3_Hwi_asm.obj (.text:ti_sysbios_family_arm_m3_Hwi_dispatch__I)
                  00006f70    000000f4     rtos_pem4f.oem4f (.text:ti_uia_loggers_LoggerStopMode_write4__E)
                  00007064    00000004     --HOLE-- [fill = 0]
                  00007068    000000ec     sysbios.aem4f : BIOS.obj (.text:ti_sysbios_knl_Task_postInit__I)
                  00007154    00000004     --HOLE-- [fill = 0]
                  00007158    000000e8     rtos_pem4f.oem4f (.text:ti_uia_loggers_LoggerStopMode_write1__E)
                  00007240    000000e8     rtos_pem4f.oem4f (.text:ti_uia_loggers_LoggerStopMode_write2__E)
                  00007328    000000e2     kiss_fft.obj (.text:kf_work)
                  0000740a    00000006     driverlib.lib : gpio.obj (.text:GPIOPinWrite)
                  00007410    000000dc     Crystalfontz128x128_ST7735.obj (.text:Crystalfontz128x128_PixelDrawMultiple)
                  000074ec    00000004     --HOLE-- [fill = 0]
                  000074f0    000000d8     sysbios.aem4f : BIOS.obj (.text:ti_sysbios_family_arm_lm4_TimestampProvider_get32__E)
                  000075c8    000000d8                   : BIOS.obj (.text:ti_sysbios_family_arm_m3_Hwi_postInit__I)
                  000076a0    000000d8     rtos_pem4f.oem4f (.text:ti_uia_loggers_LoggerStopMode_write0__E)
                  00007778    000000d4     buttons.obj (.text:ButtonReadJoystick)
                  0000784c    00000004     --HOLE-- [fill = 0]
                  00007850    000000d4     main.obj (.text:main)
                  00007924    00000004     --HOLE-- [fill = 0]
                  00007928    000000d4     main.obj (.text:task_UserInput)
                  000079fc    00000004     --HOLE-- [fill = 0]
                  00007a00    000000d0     Comparator.obj (.text:initComp)
                  00007ad0    000000cc     kiss_fft.obj (.text:kiss_fft_alloc)
                  00007b9c    00000004     --HOLE-- [fill = 0]
                  00007ba0    000000cc     sysbios.aem4f : BIOS.obj (.text:ti_sysbios_family_arm_m3_Hwi_dispatchC__I)
                  00007c6c    000000cc     ti.targets.arm.rtsarm.aem4f : Core-smem.oem4f (.text:xdc_runtime_Core_constructObject__I)
                  00007d38    000000c4     grlib.lib : string.obj (.text:GrDefaultStringRenderer)
                  00007dfc    000000c0               : line.obj (.text:GrLineClip)
                  00007ebc    00000004     --HOLE-- [fill = 0]
                  00007ec0    000000c0     main.obj (.text:task_GetButtons)
                  00007f80    000000c0     sysbios.aem4f : BIOS.obj (.text:ti_sysbios_knl_Swi_run__I)
                  00008040    000000bc     Crystalfontz128x128_ST7735.obj (.text:Crystalfontz128x128_Init)
                  000080fc    00000004     --HOLE-- [fill = 0]
                  00008100    000000bc     sysbios.aem4f : BIOS.obj (.text:ti_sysbios_family_arm_m3_Hwi_excDebugMon__I)
                  000081bc    00000004     --HOLE-- [fill = 0]
                  000081c0    000000bc                   : BIOS.obj (.text:ti_sysbios_family_arm_m3_Hwi_excHardFault__I)
                  0000827c    000000b4     rtsv7M4_T_le_v4SPD16_eabi.lib : s_cosf.c.obj (.text:cosf)
                  00008330    000000b4     sysbios.aem4f : BIOS.obj (.text:ti_sysbios_gates_GateMutex_enter__E)
                  000083e4    00000004     --HOLE-- [fill = 0]
                  000083e8    000000b4                   : BIOS.obj (.text:ti_sysbios_knl_Task_checkStacks__E)
                  0000849c    000000b1     rtsv7M4_T_le_v4SPD16_eabi.lib : _printfi.c.obj (.text:_ltostr)
                  0000854d    00000003     --HOLE-- [fill = 0]
                  00008550    000000b0     sysbios.aem4f : BIOS.obj (.text:ti_sysbios_utils_Load_idleFxn__E)
                  00008600    000000ac                   : BIOS.obj (.text:ti_sysbios_family_arm_lm4_Timer_enableTiva__I)
                  000086ac    00000004     --HOLE-- [fill = 0]
                  000086b0    000000a8                   : BIOS.obj (.text:ti_sysbios_family_arm_lm4_Timer_enableTimers__I)
                  00008758    000000a4     rtsv7M4_T_le_v4SPD16_eabi.lib : s_sinf.c.obj (.text:sinf)
                  000087fc    00000004     --HOLE-- [fill = 0]
                  00008800    000000a0     main.obj (.text:Frequency_Task)
                  000088a0    000000a0     auto_init.aem4f : auto_init.oem4f (.text)
                  00008940    000000a0     ti.targets.arm.rtsarm.aem4f : Text.oem4f (.text:xdc_runtime_Text_putMod__E)
                  000089e0    0000009c     Crystalfontz128x128_ST7735.obj (.text:Crystalfontz128x128_SetDrawFrame)
                  00008a7c    0000009c     rtsv7M4_T_le_v4SPD16_eabi.lib : memcpy_t2.asm.obj (.text)
                  00008b18    0000009a     ti.targets.arm.rtsarm.aem4f : Text.oem4f (.text:xdc_runtime_Text_putSite__E)
                  00008bb2    00000002     --HOLE-- [fill = 0]
                  00008bb4    00000098     Boot.aem4f : Boot.oem4f (.text:ti_catalog_arm_cortexm4_tiva_ce_Boot_sysCtlClockFreqSet__E)
                  00008c4c    00000004     --HOLE-- [fill = 0]
                  00008c50    00000098     sysbios.aem4f : BIOS.obj (.text:ti_sysbios_knl_Task_schedule__I)
                  00008ce8    00000096     rtsv7M4_T_le_v4SPD16_eabi.lib : ull_div_t2.asm.obj (.text)
                  00008d7e    00000002     --HOLE-- [fill = 0]
                  00008d80    00000094     buttons.obj (.text:HandleButtonPress)
                  00008e14    00000004     --HOLE-- [fill = 0]
                  00008e18    00000094     sysbios.aem4f : BIOS.obj (.text:ti_sysbios_family_arm_m3_Hwi_initNVIC__E)
                  00008eac    00000004     --HOLE-- [fill = 0]
                  00008eb0    00000094                   : BIOS.obj (.text:ti_sysbios_knl_Task_exit__E)
                  00008f44    00000004     --HOLE-- [fill = 0]
                  00008f48    00000090                   : BIOS.obj (.text:ti_sysbios_knl_Task_Module_startup__E)
                  00008fd8    00000090                   : BIOS.obj (.text:ti_sysbios_knl_Task_startCore__E)
                  00009068    00000090                   : BIOS.obj (.text:ti_sysbios_utils_Load_startup__E)
                  000090f8    00000090     ti.uia.loggers.aem4f : LoggerStopMode.oem4f (.text:ti_uia_loggers_LoggerStopMode_initQueueDescriptor__E)
                  00009188    0000008c     sysbios.aem4f : m3_TaskSupport_asm.obj (.text:ti_sysbios_family_arm_m3_TaskSupport_buildTaskStack)
                  00009214    00000004     --HOLE-- [fill = 0]
                  00009218    0000008c                   : BIOS.obj (.text:ti_sysbios_utils_Load_updateCurrentThreadTime__E)
                  000092a4    00000004     --HOLE-- [fill = 0]
                  000092a8    00000088                   : BIOS.obj (.text:ti_sysbios_knl_Mailbox_Module_startup__E)
                  00009330    00000088                   : BIOS.obj (.text:ti_sysbios_knl_Mailbox_pend__E)
                  000093b8    00000088                   : BIOS.obj (.text:ti_sysbios_knl_Mailbox_post__E)
                  00009440    00000086     grlib.lib : rectangle.obj (.text:GrRectFill)
                  000094c6    00000086     rtsv7M4_T_le_v4SPD16_eabi.lib : fd_cmp_t2.asm.obj (.text:__aeabi_cdcmple)
                  0000954c    00000086                                   : fd_cmp_t2.asm.obj (.text:__aeabi_cdrcmple)
                  000095d2    00000006     grlib.lib : string.obj (.text:GrContextFontSet)
                  000095d8    00000084     buttons.obj (.text:getButtonPresses)
                  0000965c    00000004     --HOLE-- [fill = 0]
                  00009660    00000084     sysbios.aem4f : BIOS.obj (.text:ti_sysbios_utils_Load_updateLoads__E)
                  000096e4    00000084     driverlib.lib : udma.obj (.text:uDMAChannelTransferSet)
                  00009768    00000080     Crystalfontz128x128_ST7735.obj (.text:Crystalfontz128x128_RectFill)
                  000097e8    00000080     rtsv7M4_T_le_v4SPD16_eabi.lib : s_floorf.c.obj (.text:floorf)
                  00009868    00000080     kiss_fft.obj (.text:kf_bfly2)
                  000098e8    00000080     sysbios.aem4f : BIOS.obj (.text:ti_sysbios_knl_Swi_Module_startup__E)
                  00009968    0000007a     driverlib.lib : adc.obj (.text:ADCSequenceStepConfigure)
                  000099e2    0000007a     rtsv7M4_T_le_v4SPD16_eabi.lib : memset_t2.asm.obj (.text)
                  00009a5c    00000004     --HOLE-- [fill = 0]
                  00009a60    00000078     HAL_EK_TM4C1294XL_Crystalfontz128x128_ST7735.obj (.text:HAL_LCD_PortInit)
                  00009ad8    00000078     HAL_EK_TM4C1294XL_Crystalfontz128x128_ST7735.obj (.text:HAL_LCD_SpiInit)
                  00009b50    00000078     sysbios.aem4f : BIOS.obj (.text:ti_sysbios_knl_Swi_post__E)
                  00009bc8    00000074                   : BIOS.obj (.text:ti_sysbios_family_arm_m3_Hwi_Module_startup__E)
                  00009c3c    00000074     ti.uia.runtime.aem4f : QueueDescriptor.oem4f (.text:ti_uia_runtime_QueueDescriptor_addToList__E)
                  00009cb0    00000070     OscilliscopeADC.obj (.text:ADC_ISR)
                  00009d20    00000070     sysbios.aem4f : BIOS.obj (.text:ti_sysbios_knl_Clock_workFunc__E)
                  00009d90    00000070                   : BIOS.obj (.text:ti_sysbios_knl_Semaphore_Instance_init__E)
                  00009e00    0000006e     rtsv7M4_T_le_v4SPD16_eabi.lib : _printfi.c.obj (.text:_mcpy)
                  00009e6e    0000006e                                   : s_roundf.c.obj (.text:roundf)
                  00009edc    0000006e                                   : fd_tos_t2.asm.obj (.text)
                  00009f4a    00000002     --HOLE-- [fill = 0]
                  00009f4c    0000006d     ti.targets.arm.rtsarm.aem4f : System.oem4f (.text:xdc_runtime_System_formatNum__I)
                  00009fb9    00000001     --HOLE-- [fill = 0]
                  00009fba    00000006     driverlib.lib : pwm.obj (.text:PWMGenIntClear)
                  00009fc0    0000006c     kiss_fft.obj (.text:kf_factor)
                  0000a02c    00000004     --HOLE-- [fill = 0]
                  0000a030    0000006c     sysbios.aem4f : BIOS.obj (.text:ti_sysbios_knl_Swi_restoreHwi__E)
                  0000a09c    00000004     --HOLE-- [fill = 0]
                  0000a0a0    0000006c                   : BIOS.obj (.text:ti_sysbios_utils_Load_logLoads__I)
                  0000a10c    00000004     --HOLE-- [fill = 0]
                  0000a110    0000006c                   : BIOS.obj (.text:ti_sysbios_utils_Load_taskCreateHook__E)
                  0000a17c    0000006c     ti.targets.arm.rtsarm.aem4f : Error.oem4f (.text:xdc_runtime_Error_print__E)
                  0000a1e8    0000006c                                 : Memory.oem4f (.text:xdc_runtime_Memory_alloc__E)
                  0000a254    00000068     grlib.lib : context.obj (.text:GrContextInit)
                  0000a2bc    00000068     rtsv7M4_T_le_v4SPD16_eabi.lib : copy_decompress_lzss.c.obj (.text:decompress:lzss:__TI_decompress_lzss)
                  0000a324    00000004     --HOLE-- [fill = 0]
                  0000a328    00000068     sysbios.aem4f : BIOS.obj (.text:ti_sysbios_family_arm_lm4_TimestampProvider_initTimerHandle__I)
                  0000a390    00000068                   : BIOS.obj (.text:ti_sysbios_utils_Load_addTask__E)
                  0000a3f8    00000066     ti.uia.loggers.aem4f : LoggerStopMode.oem4f (.text:ti_uia_loggers_LoggerStopMode_flush__E)
                  0000a45e    00000066     ti.targets.arm.rtsarm.aem4f : Core-mem.oem4f (.text:xdc_runtime_Core_deleteObject__I)
                  0000a4c4    00000064     rtsv7M4_T_le_v4SPD16_eabi.lib : s_frexp.c.obj (.text:frexp)
                  0000a528    00000064     sysbios.aem4f : BIOS.obj (.text:ti_sysbios_family_arm_lm4_Timer_Module_startup__E)
                  0000a58c    00000004     --HOLE-- [fill = 0]
                  0000a590    00000060     buttons.obj (.text:ButtonDebounce)
                  0000a5f0    00000060     driverlib.lib : timer.obj (.text:TimerConfigure)
                  0000a650    0000005c     kiss_fft.obj (.text:kiss_fft_stride)
                  0000a6ac    00000004     --HOLE-- [fill = 0]
                  0000a6b0    0000005c     sysbios.aem4f : BIOS.obj (.text:ti_sysbios_knl_Swi_schedule__I)
                  0000a70c    00000004     --HOLE-- [fill = 0]
                  0000a710    0000005c                   : BIOS.obj (.text:ti_sysbios_knl_Task_unblockI__E)
                  0000a76c    0000005b     ti.targets.arm.rtsarm.aem4f : Text.oem4f (.text:xdc_runtime_Text_putLab__E)
                  0000a7c7    00000001     --HOLE-- [fill = 0]
                  0000a7c8    0000005a     grlib.lib : string.obj (.text:FontWideGlyphDataGet)
                  0000a822    00000006     driverlib.lib : sysctl.obj (.text:SysCtlDelay)
                  0000a828    00000058     buttons.obj (.text:ButtonAutoRepeat)
                  0000a880    00000058     boot.aem4f : boot.oem4f (.text)
                  0000a8d8    00000058     rtsv7M4_T_le_v4SPD16_eabi.lib : hostwrite.c.obj (.text:HOSTwrite)
                  0000a930    00000058     driverlib.lib : timer.obj (.text:TimerControlTrigger)
                  0000a988    00000058     sysbios.aem4f : m3_Hwi_asm_switch.obj (.text:ti_sysbios_family_arm_m3_Hwi_initStacks__E)
                  0000a9e0    00000058                   : BIOS.obj (.text:ti_sysbios_knl_Swi_postInit__I)
                  0000aa38    00000058     rtos_pem4f.oem4f (.text:ti_sysbios_utils_Load_hwiBeginHook__E)
                  0000aa90    00000056     rtsv7M4_T_le_v4SPD16_eabi.lib : _printfi.c.obj (.text:_pconv_f)
                  0000aae6    00000054                                   : ltoa.c.obj (.text:ltoa)
                  0000ab3a    00000006     ti.targets.arm.rtsarm.aem4f : System.oem4f (.text:xdc_runtime_System_Module_startup__E)
                  0000ab40    00000054     sysbios.aem4f : BIOS.obj (.text:ti_sysbios_utils_Load_taskSwitchHook__E)
                  0000ab94    00000054     ti.targets.arm.rtsarm.aem4f : Assert.oem4f (.text:xdc_runtime_Assert_raise__I)
                  0000abe8    00000052     rtsv7M4_T_le_v4SPD16_eabi.lib : _printfi.c.obj (.text:_ecpy)
                  0000ac3a    00000002     --HOLE-- [fill = 0]
                  0000ac3c    00000050     Boot.aem4f : Boot_sysctl.oem4f (.text:_SysCtlFrequencyGet)
                  0000ac8c    00000050     ti.targets.arm.rtsarm.aem4f : Startup.oem4f (.text:xdc_runtime_Startup_exec__E)
                  0000acdc    00000050                                 : Text.oem4f (.text:xdc_runtime_Text_visitRope2__I)
                  0000ad2c    0000004c     rtsv7M4_T_le_v4SPD16_eabi.lib : atoi.c.obj (.text:atoi)
                  0000ad78    0000004c                                   : cpy_tbl.c.obj (.text:copy_in)
                  0000adc4    0000004c                                   : snprintf.c.obj (.text:snprintf)
                  0000ae10    0000004c     sysbios.aem4f : BIOS.obj (.text:ti_sysbios_heaps_HeapMem_getStats__E)
                  0000ae5c    00000004     --HOLE-- [fill = 0]
                  0000ae60    0000004c                   : BIOS.obj (.text:ti_sysbios_knl_Swi_runLoop__I)
                  0000aeac    00000004     --HOLE-- [fill = 0]
                  0000aeb0    0000004c                   : BIOS.obj (.text:ti_sysbios_knl_Task_allBlockedFunction__I)
                  0000aefc    0000004c     ti.uia.loggers.aem4f : LoggerStopMode.oem4f (.text:ti_uia_loggers_LoggerStopMode_Module_startup__E)
                  0000af48    0000004a     grlib.lib : string.obj (.text:UpdateContextCharMapping)
                  0000af92    00000002     --HOLE-- [fill = 0]
                  0000af94    00000048     driverlib.lib : gpio.obj (.text:GPIOPinConfigure)
                  0000afdc    00000004     --HOLE-- [fill = 0]
                  0000afe0    00000048     HAL_EK_TM4C1294XL_Crystalfontz128x128_ST7735.obj (.text:HAL_LCD_writeCommand)
                  0000b028    00000048     sysctl_pll.obj (.text:SysCtlFrequencyGet)
                  0000b070    00000048     driverlib.lib : sysctl.obj (.text:_SysCtlFrequencyGet)
                  0000b0b8    00000048     rtsv7M4_T_le_v4SPD16_eabi.lib : fd_toi_t2.asm.obj (.text)
                  0000b100    00000048     sysbios.aem4f : BIOS.obj (.text:ti_sysbios_family_arm_m3_Hwi_disableInterrupt__E)
                  0000b148    00000048                   : BIOS.obj (.text:ti_sysbios_family_arm_m3_Hwi_enableInterrupt__E)
                  0000b190    00000048                   : BIOS.obj (.text:ti_sysbios_family_arm_m3_Hwi_excReserved__I)
                  0000b1d8    00000048                   : BIOS.obj (.text:ti_sysbios_utils_Load_swiBeginHook__E)
                  0000b220    00000048                   : BIOS.obj (.text:ti_sysbios_utils_Load_taskDeleteHook__E)
                  0000b268    00000048     driverlib.lib : udma.obj (.text:uDMAChannelAttributeDisable)
                  0000b2b0    00000046     grlib.lib : line.obj (.text:GrLineDrawH)
                  0000b2f6    00000046               : line.obj (.text:GrLineDrawV)
                  0000b33c    00000046     ti.targets.arm.rtsarm.aem4f : Core-params.oem4f (.text:xdc_runtime_Core_assignParams__I)
                  0000b382    00000006     --HOLE-- [fill = 0]
                  0000b388    00000044     Comparator.obj (.text:CompISR)
                  0000b3cc    00000004     --HOLE-- [fill = 0]
                  0000b3d0    00000044     Crystalfontz128x128_ST7735.obj (.text:Crystalfontz128x128_SetOrientation)
                  0000b414    00000004     --HOLE-- [fill = 0]
                  0000b418    00000044     sysbios.aem4f : BIOS.obj (.text:ti_sysbios_family_arm_lm4_Timer_isrStub__E)
                  0000b45c    00000004     --HOLE-- [fill = 0]
                  0000b460    00000044                   : BIOS.obj (.text:ti_sysbios_family_arm_m3_Hwi_getStackInfo__E)
                  0000b4a4    00000004     --HOLE-- [fill = 0]
                  0000b4a8    00000044                   : BIOS.obj (.text:ti_sysbios_utils_Load_removeTask__E)
                  0000b4ec    00000044     ti.uia.loggers.aem4f : LoggerStopMode.oem4f (.text:ti_uia_loggers_LoggerStopMode_initBuffer__I)
                  0000b530    00000044     ti.targets.arm.rtsarm.aem4f : Error.oem4f (.text:xdc_runtime_Error_setX__E)
                  0000b574    00000044                                 : SysMin.oem4f (.text:xdc_runtime_SysMin_flush__E)
                  0000b5b8    00000044                                 : Text.oem4f (.text:xdc_runtime_Text_xprintf__I)
                  0000b5fc    00000004     --HOLE-- [fill = 0]
                  0000b600    00000040     Crystalfontz128x128_ST7735.obj (.text:Crystalfontz128x128_LineDrawH)
                  0000b640    00000040     rtsv7M4_T_le_v4SPD16_eabi.lib : u_divt2.asm.obj (.text)
                  0000b680    00000040     sysbios.aem4f : BIOS.obj (.text:ti_sysbios_family_arm_lm4_Timer_startup__E)
                  0000b6c0    0000003e     driverlib.lib : adc.obj (.text:ADCSequenceConfigure)
                  0000b6fe    0000003e     rtsv7M4_T_le_v4SPD16_eabi.lib : _printfi.c.obj (.text:_fcpy)
                  0000b73c    00000004     --HOLE-- [fill = 0]
                  0000b740    0000003c     OscilliscopeADC.obj (.text:GetSpectrum)
                  0000b77c    0000003c     driverlib.lib : ssi.obj (.text:SSIConfigSetExpClk)
                  0000b7b8    0000003c     sysbios.aem4f : BIOS.obj (.text:ti_sysbios_family_arm_m3_Hwi_excSvCall__I)
                  0000b7f4    00000004     --HOLE-- [fill = 0]
                  0000b7f8    0000003c                   : BIOS.obj (.text:ti_sysbios_heaps_HeapMem_init__I)
                  0000b834    00000004     --HOLE-- [fill = 0]
                  0000b838    0000003c                   : BIOS.obj (.text:ti_sysbios_knl_Swi_restore__E)
                  0000b874    00000004     --HOLE-- [fill = 0]
                  0000b878    0000003c                   : BIOS.obj (.text:ti_sysbios_utils_Load_hwiEndHook__E)
                  0000b8b4    0000003a     grlib.lib : string.obj (.text:FontGlyphDataGet)
                  0000b8ee    00000002     --HOLE-- [fill = 0]
                  0000b8f0    00000038     Crystalfontz128x128_ST7735.obj (.text:Crystalfontz128x128_Flush)
                  0000b928    00000038     PWMGen.obj (.text:PWM_ISR)
                  0000b960    00000038     rtsv7M4_T_le_v4SPD16_eabi.lib : trgmsg.c.obj (.text:__TI_writemsg)
                  0000b998    00000038                                   : fs_tod_t2.asm.obj (.text)
                  0000b9d0    00000038     sysbios.aem4f : BIOS.obj (.text:ti_sysbios_family_arm_m3_Hwi_excNoIsr__I)
                  0000ba08    00000038                   : BIOS.obj (.text:ti_sysbios_knl_Task_processVitalTaskFlag__I)
                  0000ba40    00000038     ti.targets.arm.rtsarm.aem4f : SysMin.oem4f (.text:xdc_runtime_SysMin_putch__E)
                  0000ba78    00000038                                 : System.oem4f (.text:xdc_runtime_System_atexit__E)
                  0000bab0    00000036     grlib.lib : line.obj (.text:GrClipCodeGet)
                  0000bae6    00000002     --HOLE-- [fill = 0]
                  0000bae8    00000034     driverlib.lib : sysctl.obj (.text:SysCtlPeripheralEnable)
                  0000bb1c    00000034     rtsv7M4_T_le_v4SPD16_eabi.lib : trgmsg.c.obj (.text:__TI_readmsg)
                  0000bb50    00000034     sysbios.aem4f : BIOS.obj (.text:ti_sysbios_family_arm_m3_Hwi_excNmi__I)
                  0000bb84    00000004     --HOLE-- [fill = 0]
                  0000bb88    00000034                   : BIOS.obj (.text:ti_sysbios_hal_Hwi_checkStack)
                  0000bbbc    00000004     --HOLE-- [fill = 0]
                  0000bbc0    00000034                   : BIOS.obj (.text:ti_sysbios_utils_Load_swiEndHook__E)
                  0000bbf4    00000034     ti.uia.loggers.aem4f : LoggerStopMode.oem4f (.text:ti_uia_loggers_LoggerStopMode_reset__E)
                  0000bc28    00000034     ti.targets.arm.rtsarm.aem4f : Core-label.oem4f (.text:xdc_runtime_Core_assignLabel__I)
                  0000bc5c    00000033                                 : Text.oem4f (.text:xdc_runtime_Text_printVisFxn__I)
                  0000bc8f    00000001     --HOLE-- [fill = 0]
                  0000bc90    00000032     sysbios.aem4f : BIOS.obj (.text:ti_sysbios_hal_Hwi_initStack)
                  0000bcc2    00000006     --HOLE-- [fill = 0]
                  0000bcc8    00000032                   : BIOS.obj (.text:ti_sysbios_knl_Semaphore_pendTimeout__I)
                  0000bcfa    00000006     --HOLE-- [fill = 0]
                  0000bd00    00000030     main.obj (.text:Clock_Task)
                  0000bd30    00000030     rtsv7M4_T_le_v4SPD16_eabi.lib : snprintf.c.obj (.text:_outs)
                  0000bd60    00000030     main.obj (.text:cpu_load_count)
                  0000bd90    00000030     rtos_pem4f.oem4f (.text:ti_sysbios_BIOS_atExitFunc__I)
                  0000bdc0    00000030     sysbios.aem4f : BIOS.obj (.text:ti_sysbios_family_arm_lm4_Timer_stop__E)
                  0000bdf0    00000030                   : BIOS.obj (.text:ti_sysbios_family_arm_m3_TaskSupport_start__E)
                  0000be20    00000030     rtos_pem4f.oem4f (.text:ti_sysbios_gates_GateHwi_Object__create__S)
                  0000be50    00000030     rtos_pem4f.oem4f (.text:ti_sysbios_gates_GateMutex_Object__create__S)
                  0000be80    00000030     rtos_pem4f.oem4f (.text:ti_sysbios_heaps_HeapMem_Object__create__S)
                  0000beb0    00000030     rtos_pem4f.oem4f (.text:ti_sysbios_knl_Semaphore_construct)
                  0000bee0    00000030     rtos_pem4f.oem4f (.text:ti_uia_loggers_LoggerStopMode_Object__create__S)
                  0000bf10    00000030     ti.targets.arm.rtsarm.aem4f : SysMin.oem4f (.text:xdc_runtime_SysMin_abort__E)
                  0000bf40    00000030                                 : System.oem4f (.text:xdc_runtime_System_processAtExit__E)
                  0000bf70    0000002e     driverlib.lib : adc.obj (.text:ADCIntStatus)
                  0000bf9e    0000002e     grlib.lib : string.obj (.text:GrStringNextCharGet)
                  0000bfcc    00000004     --HOLE-- [fill = 0]
                  0000bfd0    0000002e     rtos_pem4f.oem4f (.text:malloc)
                  0000bffe    0000002e     rtsv7M4_T_le_v4SPD16_eabi.lib : i_tofd_t2.asm.obj (.text)
                  0000c02c    00000004     --HOLE-- [fill = 0]
                  0000c030    0000002c     OscilliscopeADC.obj (.text:getADCBufferIndex)
                  0000c05c    00000004     --HOLE-- [fill = 0]
                  0000c060    0000002c     rtos_pem4f.oem4f (.text:ti_sysbios_knl_Clock_doTick__I)
                  0000c08c    00000004     --HOLE-- [fill = 0]
                  0000c090    0000002c     rtos_pem4f.oem4f (.text:ti_sysbios_knl_Queue_construct)
                  0000c0bc    00000004     --HOLE-- [fill = 0]
                  0000c0c0    0000002c     sysbios.aem4f : BIOS.obj (.text:ti_sysbios_knl_Task_restore__E)
                  0000c0ec    0000002c     driverlib.lib : udma.obj (.text:uDMAChannelAssign)
                  0000c118    0000002c     ti.targets.arm.rtsarm.aem4f : Text.oem4f (.text:xdc_runtime_Text_cordText__E)
                  0000c144    0000002a     driverlib.lib : gpio.obj (.text:GPIODirModeSet)
                  0000c16e    0000002a     ti.targets.arm.rtsarm.aem4f : System.oem4f (.text:xdc_runtime_System_putchar__I)
                  0000c198    00000028     rtos_pem4f.oem4f (.text:ti_sysbios_BIOS_startFunc__I)
                  0000c1c0    00000028     sysbios.aem4f : BIOS.obj (.text:ti_sysbios_knl_Semaphore_Instance_finalize__E)
                  0000c1e8    00000028     driverlib.lib : udma.obj (.text:uDMAChannelModeGet)
                  0000c210    00000026     grlib.lib : string.obj (.text:GrFontInfoGet)
                  0000c236    00000026     sysbios.aem4f : m3_Hwi_asm.obj (.text:ti_sysbios_family_arm_m3_Hwi_pendSV__I)
                  0000c25c    00000026     ti.targets.arm.rtsarm.aem4f : System.oem4f (.text:xdc_runtime_System_avprintf__E)
                  0000c282    00000006     --HOLE-- [fill = 0]
                  0000c288    00000024     rtos_pem4f.oem4f (.text:ti_sysbios_BIOS_registerRTSLock__I)
                  0000c2ac    00000004     --HOLE-- [fill = 0]
                  0000c2b0    00000024     rtos_pem4f.oem4f (.text:ti_sysbios_BIOS_removeRTSLock__I)
                  0000c2d4    00000004     --HOLE-- [fill = 0]
                  0000c2d8    00000024     rtos_pem4f.oem4f (.text:ti_sysbios_gates_GateMutex_Object__delete__S)
                  0000c2fc    00000004     --HOLE-- [fill = 0]
                  0000c300    00000024     sysbios.aem4f : BIOS.obj (.text:ti_sysbios_knl_Clock_Module_startup__E)
                  0000c324    00000004     --HOLE-- [fill = 0]
                  0000c328    00000024                   : BIOS.obj (.text:ti_sysbios_knl_Task_restoreHwi__E)
                  0000c34c    00000024     driverlib.lib : udma.obj (.text:uDMAChannelControlSet)
                  0000c370    00000024                   : udma.obj (.text:uDMAChannelSizeGet)
                  0000c394    00000024     ti.targets.arm.rtsarm.aem4f : System.oem4f (.text:xdc_runtime_System_vprintf__E)
                  0000c3b8    00000022     grlib.lib : string.obj (.text:GrFontGlyphDataGet)
                  0000c3da    00000022     driverlib.lib : pwm.obj (.text:PWMGenConfigure)
                  0000c3fc    00000004     --HOLE-- [fill = 0]
                  0000c400    00000022     sysbios.aem4f : BIOS.obj (.text:ti_sysbios_family_arm_lm4_Timer_write__I)
                  0000c422    00000006     --HOLE-- [fill = 0]
                  0000c428    00000022     rtos_pem4f.oem4f (.text:xdc_runtime_SysMin_output__I)
                  0000c44a    00000002     --HOLE-- [fill = 0]
                  0000c44c    00000020     Boot.aem4f : Boot_sysctl.oem4f (.text:_SysCtlMemTimingGet)
                  0000c46c    00000004     --HOLE-- [fill = 0]
                  0000c470    00000020     rtos_pem4f.oem4f (.text:ti_sysbios_BIOS_rtsLock__I)
                  0000c490    00000020     sysbios.aem4f : m3_Hwi_asm.obj (.text:ti_sysbios_family_arm_m3_Hwi_excHandlerAsm__I)
                  0000c4b0    00000020                   : BIOS.obj (.text:ti_sysbios_family_arm_m3_Hwi_excHandler__I)
                  0000c4d0    00000020     rtos_pem4f.oem4f (.text:ti_sysbios_gates_GateHwi_Object__delete__S)
                  0000c4f0    00000020     rtos_pem4f.oem4f (.text:ti_sysbios_heaps_HeapMem_Object__delete__S)
                  0000c510    00000020     sysbios.aem4f : BIOS.obj (.text:ti_sysbios_knl_Idle_run__E)
                  0000c530    00000020     rtos_pem4f.oem4f (.text:ti_sysbios_knl_Semaphore_Object__destruct__S)
                  0000c550    00000020     rtos_pem4f.oem4f (.text:ti_uia_loggers_LoggerStopMode_Object__delete__S)
                  0000c570    00000020     ti.targets.arm.rtsarm.aem4f : Registry.oem4f (.text:xdc_runtime_Registry_findById__E)
                  0000c590    00000020                                 : SysMin.oem4f (.text:xdc_runtime_SysMin_Module_startup__E)
                  0000c5b0    0000001e     driverlib.lib : adc.obj (.text:ADCSequenceDataGet)
                  0000c5ce    00000002     --HOLE-- [fill = 0]
                  0000c5d0    0000001e     Crystalfontz128x128_ST7735.obj (.text:Crystalfontz128x128_ColorTranslate)
                  0000c5ee    0000001e     grlib.lib : string.obj (.text:GrFontCodepageGet)
                  0000c60c    0000001e     driverlib.lib : pwm.obj (.text:PWMPulseWidthSet)
                  0000c62a    00000006     --HOLE-- [fill = 0]
                  0000c630    0000001e     rtos_pem4f.oem4f (.text:ti_sysbios_BIOS_errorRaiseHook__I)
                  0000c64e    0000001e     sysbios.aem4f : m3_Hwi_asm_switch.obj (.text:ti_sysbios_family_xxx_Hwi_switchAndRunFunc)
                  0000c66c    00000004     --HOLE-- [fill = 0]
                  0000c670    0000001c     Crystalfontz128x128_ST7735.obj (.text:Crystalfontz128x128_LineDrawV)
                  0000c68c    0000001c     driverlib.lib : sysctl.obj (.text:_SysCtlMemTimingGet)
                  0000c6a8    0000001c     rtsv7M4_T_le_v4SPD16_eabi.lib : memccpy.c.obj (.text:memccpy)
                  0000c6c4    00000004     --HOLE-- [fill = 0]
                  0000c6c8    0000001c     sysbios.aem4f : BIOS.obj (.text:ti_sysbios_gates_GateMutex_Instance_init__E)
                  0000c6e4    00000004     --HOLE-- [fill = 0]
                  0000c6e8    0000001c     rtos_pem4f.oem4f (.text:ti_sysbios_knl_Queue_Object__destruct__S)
                  0000c704    00000004     --HOLE-- [fill = 0]
                  0000c708    0000001c     sysbios.aem4f : BIOS.obj (.text:ti_sysbios_knl_Queue_put__E)
                  0000c724    00000004     --HOLE-- [fill = 0]
                  0000c728    0000001c                   : BIOS.obj (.text:ti_sysbios_knl_Task_enter__I)
                  0000c744    0000001c     ti.uia.loggers.aem4f : LoggerStopMode.oem4f (.text:ti_uia_loggers_LoggerStopMode_Instance_init__E)
                  0000c760    0000001c     ti.targets.arm.rtsarm.aem4f : Error.oem4f (.text:xdc_runtime_Error_raiseX__E)
                  0000c77c    0000001c                                 : Memory.oem4f (.text:xdc_runtime_Memory_valloc__E)
                  0000c798    0000001c                                 : SysMin.oem4f (.text:xdc_runtime_SysMin_exit__E)
                  0000c7b4    0000001c                                 : System.oem4f (.text:xdc_runtime_System_abort__E)
                  0000c7d0    0000001a     rtos_pem4f.oem4f (.text:free)
                  0000c7ea    00000006     --HOLE-- [fill = 0]
                  0000c7f0    0000001a     rtos_pem4f.oem4f (.text:ti_sysbios_family_arm_m3_Hwi_Handle__label__S)
                  0000c80a    00000006     --HOLE-- [fill = 0]
                  0000c810    0000001a     rtos_pem4f.oem4f (.text:ti_sysbios_gates_GateHwi_Handle__label__S)
                  0000c82a    00000006     --HOLE-- [fill = 0]
                  0000c830    0000001a     rtos_pem4f.oem4f (.text:ti_sysbios_gates_GateMutex_Handle__label__S)
                  0000c84a    00000006     --HOLE-- [fill = 0]
                  0000c850    0000001a     rtos_pem4f.oem4f (.text:ti_sysbios_heaps_HeapMem_Handle__label__S)
                  0000c86a    00000006     --HOLE-- [fill = 0]
                  0000c870    0000001a     rtos_pem4f.oem4f (.text:ti_sysbios_knl_Swi_Handle__label__S)
                  0000c88a    00000006     --HOLE-- [fill = 0]
                  0000c890    0000001a     rtos_pem4f.oem4f (.text:ti_sysbios_knl_Task_Handle__label__S)
                  0000c8aa    00000006     --HOLE-- [fill = 0]
                  0000c8b0    0000001a     rtos_pem4f.oem4f (.text:ti_uia_loggers_LoggerStopMode_Handle__label__S)
                  0000c8ca    00000006     --HOLE-- [fill = 0]
                  0000c8d0    0000001a     rtos_pem4f.oem4f (.text:xdc_runtime_System_aprintf__E)
                  0000c8ea    00000006     --HOLE-- [fill = 0]
                  0000c8f0    0000001a     rtos_pem4f.oem4f (.text:xdc_runtime_System_printf__E)
                  0000c90a    00000018     driverlib.lib : adc.obj (.text:ADCClockConfigSet)
                  0000c922    00000018                   : adc.obj (.text:ADCProcessorTrigger)
                  0000c93a    00000018                   : gpio.obj (.text:GPIOPinTypeGPIOOutput)
                  0000c952    00000002     --HOLE-- [fill = 0]
                  0000c954    00000018     rtsv7M4_T_le_v4SPD16_eabi.lib : args_main.c.obj (.text:_args_main)
                  0000c96c    00000018                                   : snprintf.c.obj (.text:_outc)
                  0000c984    00000004     --HOLE-- [fill = 0]
                  0000c988    00000018     rtos_pem4f.oem4f (.text:ti_sysbios_BIOS_rtsUnlock__I)
                  0000c9a0    00000018     rtos_pem4f.oem4f (.text:ti_sysbios_family_arm_lm4_Timer_Module__startupDone__F)
                  0000c9b8    00000018     rtos_pem4f.oem4f (.text:ti_sysbios_family_arm_m3_Hwi_Module__startupDone__F)
                  0000c9d0    00000018     sysbios.aem4f : m3_TaskSupport_asm.obj (.text:ti_sysbios_family_arm_m3_TaskSupport_swap__E)
                  0000c9e8    00000018                   : BIOS.obj (.text:ti_sysbios_gates_GateMutex_leave__E)
                  0000ca00    00000018     driverlib.lib : udma.obj (.text:uDMAChannelEnable)
                  0000ca18    00000018                   : udma.obj (.text:uDMAChannelIsEnabled)
                  0000ca30    00000018     ti.targets.arm.rtsarm.aem4f : Error.oem4f (.text:xdc_runtime_Error_check__E)
                  0000ca48    00000018                                 : System.oem4f (.text:xdc_runtime_System_exit__E)
                  0000ca60    00000018                                 : Text.oem4f (.text:xdc_runtime_Text_ropeText__E)
                  0000ca78    00000016     grlib.lib : string.obj (.text:GrStringDraw)
                  0000ca8e    00000016     driverlib.lib : timer.obj (.text:TimerControlEvent)
                  0000caa4    00000016     rtsv7M4_T_le_v4SPD16_eabi.lib : strchr.c.obj (.text:strchr)
                  0000caba    00000006     --HOLE-- [fill = 0]
                  0000cac0    00000016     rtos_pem4f.oem4f (.text:ti_sysbios_BIOS_exitFunc__I)
                  0000cad6    00000016     ti.uia.loggers.aem4f : LoggerStopMode.oem4f (.text:ti_uia_loggers_LoggerStopMode_disable__E)
                  0000caec    00000016                          : LoggerStopMode.oem4f (.text:ti_uia_loggers_LoggerStopMode_enable__E)
                  0000cb02    00000006     --HOLE-- [fill = 0]
                  0000cb08    00000014     Crystalfontz128x128_ST7735.obj (.text:Crystalfontz128x128_PixelDraw)
                  0000cb1c    00000014     driverlib.lib : pwm.obj (.text:PWMClockSet)
                  0000cb30    00000014                   : timer.obj (.text:TimerDisable)
                  0000cb44    00000014     rtsv7M4_T_le_v4SPD16_eabi.lib : s_copysign.c.obj (.text:copysign)
                  0000cb58    00000014                                   : strlen.c.obj (.text:strlen)
                  0000cb6c    00000004     --HOLE-- [fill = 0]
                  0000cb70    00000014     rtos_pem4f.oem4f (.text:ti_sysbios_family_arm_m3_Hwi_Object__get__S)
                  0000cb84    00000004     --HOLE-- [fill = 0]
                  0000cb88    00000014     sysbios.aem4f : BIOS.obj (.text:ti_sysbios_family_arm_m3_Hwi_switchFromBootStack__E)
                  0000cb9c    00000004     --HOLE-- [fill = 0]
                  0000cba0    00000014     rtos_pem4f.oem4f (.text:ti_sysbios_heaps_HeapMem_Object__get__S)
                  0000cbb4    00000004     --HOLE-- [fill = 0]
                  0000cbb8    00000014     rtos_pem4f.oem4f (.text:ti_sysbios_knl_Mailbox_Object__get__S)
                  0000cbcc    00000004     --HOLE-- [fill = 0]
                  0000cbd0    00000014     rtos_pem4f.oem4f (.text:ti_sysbios_knl_Swi_Object__get__S)
                  0000cbe4    00000004     --HOLE-- [fill = 0]
                  0000cbe8    00000014     rtos_pem4f.oem4f (.text:ti_sysbios_knl_Task_Object__get__S)
                  0000cbfc    00000012     driverlib.lib : gpio.obj (.text:GPIOPinTypeADC)
                  0000cc0e    00000012                   : gpio.obj (.text:GPIOPinTypeComparator)
                  0000cc20    00000012                   : gpio.obj (.text:GPIOPinTypeComparatorOutput)
                  0000cc32    00000012                   : gpio.obj (.text:GPIOPinTypeGPIOInput)
                  0000cc44    00000012                   : gpio.obj (.text:GPIOPinTypePWM)
                  0000cc56    00000012                   : gpio.obj (.text:GPIOPinTypeSSI)
                  0000cc68    00000012                   : gpio.obj (.text:GPIOPinTypeTimer)
                  0000cc7a    00000012                   : pwm.obj (.text:PWMOutputInvert)
                  0000cc8c    00000012                   : pwm.obj (.text:PWMOutputState)
                  0000cc9e    00000012                   : timer.obj (.text:TimerLoadSet)
                  0000ccb0    00000012                   : timer.obj (.text:TimerPrescaleSet)
                  0000ccc2    00000006     --HOLE-- [fill = 0]
                  0000ccc8    00000012     sysbios.aem4f : BIOS.obj (.text:ti_sysbios_hal_Hwi_Module_startup__E)
                  0000ccda    00000006     --HOLE-- [fill = 0]
                  0000cce0    00000012                   : BIOS.obj (.text:ti_sysbios_knl_Event_sync__E)
                  0000ccf2    00000012     rtsv7M4_T_le_v4SPD16_eabi.lib : wcslen.c.obj (.text:wcslen)
                  0000cd04    00000004     --HOLE-- [fill = 0]
                  0000cd08    00000012     rtos_pem4f.oem4f (.text:xdc_runtime_Startup_exec__I)
                  0000cd1a    00000006     --HOLE-- [fill = 0]
                  0000cd20    00000010     rtos_pem4f.oem4f (.text:.bootCodeSection:ti_catalog_arm_cortexm4_tiva_ce_Boot_init__I)
                  0000cd30    00000010     driverlib.lib : adc.obj (.text:ADCSequenceDMAEnable)
                  0000cd40    00000010                   : fpu.obj (.text:FPUEnable)
                  0000cd50    00000010                   : fpu.obj (.text:FPULazyStackingEnable)
                  0000cd60    00000010                   : interrupt.obj (.text:IntMasterDisable)
                  0000cd70    00000010                   : interrupt.obj (.text:IntMasterEnable)
                  0000cd80    00000010                   : pwm.obj (.text:PWMGenPeriodSet)
                  0000cd90    00000010     sysbios.aem4f : BIOS.obj (.text:ti_sysbios_BIOS_getCpuFreq__E)
                  0000cda0    00000010                   : BIOS.obj (.text:ti_sysbios_BIOS_setThreadType__E)
                  0000cdb0    00000010                   : BIOS.obj (.text:ti_sysbios_BIOS_start__E)
                  0000cdc0    00000010                   : m3_TaskSupport_asm.obj (.text:ti_sysbios_family_arm_m3_TaskSupport_glue)
                  0000cdd0    00000010                   : BIOS.obj (.text:ti_sysbios_gates_GateMutex_Instance_finalize__E)
                  0000cde0    00000010                   : BIOS.obj (.text:ti_sysbios_knl_Swi_disable__E)
                  0000cdf0    00000010                   : BIOS.obj (.text:ti_sysbios_knl_Task_disable__E)
                  0000ce00    00000010     rtos_pem4f.oem4f (.text:ti_uia_loggers_LoggerStopMode_Object__get__S)
                  0000ce10    00000010     ti.uia.loggers.aem4f : LoggerStopMode.oem4f (.text:ti_uia_loggers_LoggerStopMode_isEmpty__E)
                  0000ce20    00000010     driverlib.lib : udma.obj (.text:uDMAEnable)
                  0000ce30    00000010     ti.targets.arm.rtsarm.aem4f : Gate.oem4f (.text:xdc_runtime_Gate_leaveSystem__E)
                  0000ce40    00000010                                 : Memory.oem4f (.text:xdc_runtime_Memory_free__E)
                  0000ce50    00000010                                 : SysMin.oem4f (.text:xdc_runtime_SysMin_ready__E)
                  0000ce60    00000010                                 : System.oem4f (.text:xdc_runtime_System_vsnprintf__E)
                  0000ce70    00000010     rtos_pem4f.oem4f (.text:xdc_runtime_Text_visitRope__I)
                  0000ce80    0000000e     driverlib.lib : adc.obj (.text:ADCSequenceDisable)
                  0000ce8e    0000000e                   : adc.obj (.text:ADCSequenceEnable)
                  0000ce9c    0000000e                   : timer.obj (.text:TimerEnable)
                  0000ceaa    0000000e     rtsv7M4_T_le_v4SPD16_eabi.lib : copy_decompress_none.c.obj (.text:decompress:none:__TI_decompress_none)
                  0000ceb8    0000000e     sysbios.aem4f : BIOS.obj (.text:ti_sysbios_knl_Idle_loop__E)
                  0000cec6    00000002     --HOLE-- [fill = 0]
                  0000cec8    0000000e                   : BIOS.obj (.text:ti_sysbios_knl_Queue_empty__E)
                  0000ced6    0000000c     driverlib.lib : cpu.obj (.text:CPUcpsid)
                  0000cee2    0000000c                   : cpu.obj (.text:CPUcpsie)
                  0000ceee    00000002     --HOLE-- [fill = 0]
                  0000cef0    0000000c     main.obj (.text:Freq_Clock_Task)
                  0000cefc    00000004     --HOLE-- [fill = 0]
                  0000cf00    0000000c     HAL_EK_TM4C1294XL_Crystalfontz128x128_ST7735.obj (.text:HAL_LCD_writeData)
                  0000cf0c    0000000c     driverlib.lib : pwm.obj (.text:PWMGenEnable)
                  0000cf18    0000000c     rtsv7M4_T_le_v4SPD16_eabi.lib : _lock.c.obj (.text:_register_lock)
                  0000cf24    0000000c                                   : _lock.c.obj (.text:_register_unlock)
                  0000cf30    0000000c                                   : copy_zero_init.c.obj (.text:decompress:ZI:__TI_zero_init)
                  0000cf3c    00000004     --HOLE-- [fill = 0]
                  0000cf40    0000000c     sysbios.aem4f : BIOS.obj (.text:ti_sysbios_family_arm_lm4_Timer_getMaxTicks__E)
                  0000cf4c    00000004     --HOLE-- [fill = 0]
                  0000cf50    0000000c                   : BIOS.obj (.text:ti_sysbios_family_arm_m3_Hwi_disableFxn__E)
                  0000cf5c    00000004     --HOLE-- [fill = 0]
                  0000cf60    0000000c                   : BIOS.obj (.text:ti_sysbios_family_arm_m3_TaskSupport_checkStack__E)
                  0000cf6c    00000004     --HOLE-- [fill = 0]
                  0000cf70    0000000c                   : BIOS.obj (.text:ti_sysbios_gates_GateHwi_enter__E)
                  0000cf7c    00000004     --HOLE-- [fill = 0]
                  0000cf80    0000000c     rtos_pem4f.oem4f (.text:ti_sysbios_knl_Queue_Object__get__S)
                  0000cf8c    00000004     --HOLE-- [fill = 0]
                  0000cf90    0000000c     sysbios.aem4f : BIOS.obj (.text:ti_sysbios_utils_Load_taskRegHook__E)
                  0000cf9c    0000000c     driverlib.lib : udma.obj (.text:uDMAControlBaseSet)
                  0000cfa8    0000000c     ti.targets.arm.rtsarm.aem4f : Error.oem4f (.text:xdc_runtime_Error_init__E)
                  0000cfb4    0000000c                                 : Gate.oem4f (.text:xdc_runtime_Gate_enterSystem__E)
                  0000cfc0    0000000c                                 : Memory.oem4f (.text:xdc_runtime_Memory_calloc__E)
                  0000cfcc    0000000c                                 : Memory.oem4f (.text:xdc_runtime_Memory_getMaxDefaultTypeAlign__E)
                  0000cfd8    0000000a     driverlib.lib : adc.obj (.text:ADCIntClear)
                  0000cfe2    0000000a                   : pwm.obj (.text:PWMGenIntTrigEnable)
                  0000cfec    0000000a                   : ssi.obj (.text:SSIDataPut)
                  0000cff6    0000000a                   : ssi.obj (.text:SSIEnable)
                  0000d000    0000000a                   : timer.obj (.text:TimerIntStatus)
                  0000d00a    0000000a                   : timer.obj (.text:TimerValueGet)
                  0000d014    00000004     --HOLE-- [fill = 0]
                  0000d018    0000000a     rtos_pem4f.oem4f (.text:xdc_runtime_IHeap_alloc)
                  0000d022    00000006     --HOLE-- [fill = 0]
                  0000d028    0000000a     rtos_pem4f.oem4f (.text:xdc_runtime_IHeap_free)
                  0000d032    00000008     driverlib.lib : adc.obj (.text:ADCIntEnableEx)
                  0000d03a    00000008                   : comp.obj (.text:ComparatorConfigure)
                  0000d042    00000008     grlib.lib : charmap.obj (.text:GrMapISO8859_1_Unicode)
                  0000d04a    00000008     driverlib.lib : pwm.obj (.text:PWMIntEnable)
                  0000d052    00000008                   : ssi.obj (.text:SSIBusy)
                  0000d05a    00000008                   : timer.obj (.text:TimerIntEnable)
                  0000d062    00000002     --HOLE-- [fill = 0]
                  0000d064    00000008     rtsv7M4_T_le_v4SPD16_eabi.lib : errno.c.obj (.text:__aeabi_errno_addr)
                  0000d06c    00000008     sysbios.aem4f : BIOS.obj (.text:ti_sysbios_family_arm_lm4_Timer_masterDisable__I)
                  0000d074    00000004     --HOLE-- [fill = 0]
                  0000d078    00000008                   : BIOS.obj (.text:ti_sysbios_family_arm_m3_Hwi_doSwiRestore__I)
                  0000d080    00000008                   : BIOS.obj (.text:ti_sysbios_family_arm_m3_Hwi_startup__E)
                  0000d088    00000008                   : BIOS.obj (.text:ti_sysbios_knl_Task_getHookContext__E)
                  0000d090    00000006     kiss_fft.obj (.text:kiss_fft)
                  0000d096    00000002     --HOLE-- [fill = 0]
                  0000d098    00000006     sysbios.aem4f : BIOS.obj (.text:ti_sysbios_family_arm_lm4_TimestampProvider_Module_startup__E)
                  0000d09e    00000002     --HOLE-- [fill = 0]
                  0000d0a0    00000006                   : BIOS.obj (.text:ti_sysbios_family_arm_m3_Hwi_doTaskRestore__I)
                  0000d0a6    00000002     --HOLE-- [fill = 0]
                  0000d0a8    00000006                   : BIOS.obj (.text:ti_sysbios_family_arm_m3_Hwi_restoreFxn__E)
                  0000d0ae    00000002     --HOLE-- [fill = 0]
                  0000d0b0    00000006                   : BIOS.obj (.text:ti_sysbios_gates_GateHwi_leave__E)
                  0000d0b6    00000002     --HOLE-- [fill = 0]
                  0000d0b8    00000006                   : BIOS.obj (.text:ti_sysbios_heaps_HeapMem_isBlocking__E)
                  0000d0be    00000002     --HOLE-- [fill = 0]
                  0000d0c0    00000006                   : BIOS.obj (.text:ti_sysbios_knl_Queue_Instance_init__E)
                  0000d0c6    00000002     --HOLE-- [fill = 0]
                  0000d0c8    00000006                   : BIOS.obj (.text:ti_sysbios_knl_Swi_startup__E)
                  0000d0ce    00000002     --HOLE-- [fill = 0]
                  0000d0d0    00000004     rtos_pem4f.oem4f (.text:ti_sysbios_BIOS_RtsGateProxy_enter__E)
                  0000d0d4    00000004     --HOLE-- [fill = 0]
                  0000d0d8    00000004     rtos_pem4f.oem4f (.text:ti_sysbios_BIOS_RtsGateProxy_leave__E)
                  0000d0dc    00000004     --HOLE-- [fill = 0]
                  0000d0e0    00000004     sysbios.aem4f : BIOS.obj (.text:ti_sysbios_family_arm_lm4_Timer_getPeriod__E)
                  0000d0e4    00000004     --HOLE-- [fill = 0]
                  0000d0e8    00000004     rtos_pem4f.oem4f (.text:ti_sysbios_family_arm_m3_TaskSupport_Module__startupDone__S)
                  0000d0ec    00000004     --HOLE-- [fill = 0]
                  0000d0f0    00000004     sysbios.aem4f : BIOS.obj (.text:ti_sysbios_gates_GateHwi_query__E)
                  0000d0f4    00000004     --HOLE-- [fill = 0]
                  0000d0f8    00000004                   : BIOS.obj (.text:ti_sysbios_gates_GateMutex_query__E)
                  0000d0fc    00000004     --HOLE-- [fill = 0]
                  0000d100    00000004     rtos_pem4f.oem4f (.text:ti_sysbios_heaps_HeapMem_Module_GateProxy_enter__E)
                  0000d104    00000004     --HOLE-- [fill = 0]
                  0000d108    00000004     rtos_pem4f.oem4f (.text:ti_sysbios_heaps_HeapMem_Module_GateProxy_leave__E)
                  0000d10c    00000004     --HOLE-- [fill = 0]
                  0000d110    00000004     rtos_pem4f.oem4f (.text:ti_sysbios_knl_Clock_TimerProxy_getMaxTicks__E)
                  0000d114    00000004     --HOLE-- [fill = 0]
                  0000d118    00000004     rtos_pem4f.oem4f (.text:ti_sysbios_knl_Clock_TimerProxy_getPeriod__E)
                  0000d11c    00000004     --HOLE-- [fill = 0]
                  0000d120    00000004     rtos_pem4f.oem4f (.text:ti_sysbios_knl_Queue_destruct)
                  0000d124    00000004     --HOLE-- [fill = 0]
                  0000d128    00000004     rtos_pem4f.oem4f (.text:ti_sysbios_knl_Semaphore_destruct)
                  0000d12c    00000004     --HOLE-- [fill = 0]
                  0000d130    00000004     sysbios.aem4f : BIOS.obj (.text:ti_sysbios_knl_Semaphore_getCount__E)
                  0000d134    00000004     --HOLE-- [fill = 0]
                  0000d138    00000004                   : BIOS.obj (.text:ti_sysbios_knl_Task_startup__E)
                  0000d13c    00000004     --HOLE-- [fill = 0]
                  0000d140    00000004     rtos_pem4f.oem4f (.text:ti_uia_loggers_LoggerStopMode_getFilterLevel__E)
                  0000d144    00000004     --HOLE-- [fill = 0]
                  0000d148    00000004     rtos_pem4f.oem4f (.text:xdc_runtime_System_Module_GateProxy_enter__E)
                  0000d14c    00000004     --HOLE-- [fill = 0]
                  0000d150    00000004     rtos_pem4f.oem4f (.text:xdc_runtime_System_Module_GateProxy_leave__E)
                  0000d154    00000004     --HOLE-- [fill = 0]
                  0000d158    00000002     rtos_pem4f.oem4f (.text:ti_sysbios_BIOS_nullFunc__I)
                  0000d15a    00000006     --HOLE-- [fill = 0]
                  0000d160    00000002     sysbios.aem4f : BIOS.obj (.text:ti_sysbios_gates_GateHwi_Instance_init__E)
                  0000d162    00000006     --HOLE-- [fill = 0]
                  0000d168    00000002                   : BIOS.obj (.text:ti_sysbios_knl_Clock_logTick__E)
                  0000d16a    00000006     --HOLE-- [fill = 0]
                  0000d170    00000002     rtos_pem4f.oem4f (.text:ti_uia_loggers_LoggerStopMode_setFilterLevel__E)
                  0000d172    00000006     --HOLE-- [fill = 0]
                  0000d178    00000002     rtos_pem4f.oem4f (.text:xdc_runtime_Startup_reset__I)

.const     0    0000d180    00003272     
                  0000d180    0000208e     rtos_pem4f.oem4f (.const:xdc_runtime_Text_charTab__A)
                  0000f20e    000002f8     grlib.lib : fontfixed6x8.obj (.const:.string:g_pui8FontFixed6x8Data)
                  0000f506    00000002     rtos_pem4f.oem4f (.const:ti_catalog_arm_cortexm4_tiva_ce_Boot_Module__id__C)
                  0000f508    00000158     rtsv7M4_T_le_v4SPD16_eabi.lib : k_rem_pio2.c.obj (.const:$O1$$)
                  0000f660    00000120     Boot.aem4f : Boot_sysctl.oem4f (.const:g_pppui32XTALtoVCO)
                  0000f780    00000120     driverlib.lib : sysctl.obj (.const:g_pppui32XTALtoVCO)
                  0000f8a0    00000108     rtos_pem4f.oem4f (.const:xdc_runtime_Text_nodeTab__A)
                  0000f9a8    00000101     rtsv7M4_T_le_v4SPD16_eabi.lib : ctype.c.obj (.const:.string:_ctypes_)
                  0000faa9    00000001     rtos_pem4f.oem4f (.const:xdc_runtime_Error_policy__C)
                  0000faaa    00000002     rtos_pem4f.oem4f (.const:ti_sysbios_family_arm_lm4_TimestampProvider_Module__id__C)
                  0000faac    000000c8     grlib.lib : fontfixed6x8.obj (.const:g_sFontFixed6x8)
                  0000fb74    00000090     driverlib.lib : gpio.obj (.const:g_pui32GPIOBaseAddrs)
                  0000fc04    0000006c     Boot.aem4f : Boot_sysctl.oem4f (.const:g_pui32Xtals)
                  0000fc70    0000006c     driverlib.lib : sysctl.obj (.const:g_pui32Xtals)
                  0000fcdc    00000068     main.obj (.const:.string)
                  0000fd44    00000060     rtos_pem4f.oem4f (.const:ti_uia_loggers_LoggerStopMode_Module__FXNS__C)
                  0000fda4    0000004c     rtos_pem4f.oem4f (.const)
                  0000fdf0    00000048     rtos_pem4f.oem4f (.const:.string)
                  0000fe38    00000030     Boot.aem4f : Boot_sysctl.oem4f (.const:g_sXTALtoMEMTIM)
                  0000fe68    00000030     driverlib.lib : sysctl.obj (.const:g_sXTALtoMEMTIM)
                  0000fe98    0000002c     rtos_pem4f.oem4f (.const:xdc_runtime_Startup_sfxnTab__A)
                  0000fec4    00000028     main.obj (.const:TimeScaleStr)
                  0000feec    00000028     Crystalfontz128x128_ST7735.obj (.const:g_sCrystalfontz128x128)
                  0000ff14    00000028     rtos_pem4f.oem4f (.const:ti_sysbios_heaps_HeapMem_Module__FXNS__C)
                  0000ff3c    00000028     rtos_pem4f.oem4f (.const:ti_uia_loggers_LoggerStopMode_Object__PARAMS__C)
                  0000ff64    00000024     rtos_pem4f.oem4f (.const:ti_sysbios_gates_GateHwi_Module__FXNS__C)
                  0000ff88    00000024     rtos_pem4f.oem4f (.const:ti_sysbios_gates_GateMutex_Module__FXNS__C)
                  0000ffac    00000024     rtos_pem4f.oem4f (.const:ti_sysbios_heaps_HeapMem_Object__PARAMS__C)
                  0000ffd0    00000024     rtos_pem4f.oem4f (.const:ti_sysbios_knl_Semaphore_Object__PARAMS__C)
                  0000fff4    00000020     rtos_pem4f.oem4f (.const:ti_sysbios_gates_GateHwi_Object__DESC__C)
                  00010014    00000020     rtos_pem4f.oem4f (.const:ti_sysbios_gates_GateMutex_Object__DESC__C)
                  00010034    00000020     rtos_pem4f.oem4f (.const:ti_sysbios_heaps_HeapMem_Object__DESC__C)
                  00010054    00000020     rtos_pem4f.oem4f (.const:ti_sysbios_knl_Queue_Object__DESC__C)
                  00010074    00000020     rtos_pem4f.oem4f (.const:ti_sysbios_knl_Semaphore_Object__DESC__C)
                  00010094    00000020     rtos_pem4f.oem4f (.const:ti_uia_loggers_LoggerStopMode_Object__DESC__C)
                  000100b4    00000018     rtos_pem4f.oem4f (.const:ti_sysbios_gates_GateHwi_Object__PARAMS__C)
                  000100cc    00000018     rtos_pem4f.oem4f (.const:ti_sysbios_gates_GateMutex_Object__PARAMS__C)
                  000100e4    00000018     rtos_pem4f.oem4f (.const:ti_sysbios_knl_Queue_Object__PARAMS__C)
                  000100fc    00000018     rtos_pem4f.oem4f (.const:ti_sysbios_knl_Swi_hooks__A)
                  00010114    00000018     rtos_pem4f.oem4f (.const:ti_sysbios_knl_Task_hooks__A)
                  0001012c    00000018     rtos_pem4f.oem4f (.const:xdc_runtime_Startup_firstFxns__A)
                  00010144    00000016     rtos_pem4f.oem4f (.const:xdc_runtime_Startup_sfxnRts__A)
                  0001015a    00000002     rtos_pem4f.oem4f (.const:ti_sysbios_family_arm_lm4_TimestampProvider_useClockTimer__C)
                  0001015c    00000014     rtos_pem4f.oem4f (.const:ti_sysbios_family_arm_m3_Hwi_hooks__A)
                  00010170    00000010     main.obj (.const:VoltageScaleStr)
                  00010180    00000010     grlib.lib : context.obj (.const)
                  00010190    00000008     Boot.aem4f : Boot_sysctl.oem4f (.const)
                  00010198    00000008     driverlib.lib : sysctl.obj (.const)
                  000101a0    00000008     rtos_pem4f.oem4f (.const:ti_sysbios_family_arm_m3_Hwi_excHookFuncs__A)
                  000101a8    00000008     rtos_pem4f.oem4f (.const:ti_sysbios_family_arm_m3_Hwi_hooks__C)
                  000101b0    00000008     rtos_pem4f.oem4f (.const:ti_sysbios_knl_Idle_funcList__A)
                  000101b8    00000008     rtos_pem4f.oem4f (.const:ti_sysbios_knl_Idle_funcList__C)
                  000101c0    00000008     rtos_pem4f.oem4f (.const:ti_sysbios_knl_Swi_hooks__C)
                  000101c8    00000008     rtos_pem4f.oem4f (.const:ti_sysbios_knl_Task_hooks__C)
                  000101d0    00000008     rtos_pem4f.oem4f (.const:xdc_runtime_Startup_firstFxns__C)
                  000101d8    00000008     rtos_pem4f.oem4f (.const:xdc_runtime_Startup_lastFxns__C)
                  000101e0    00000004     rtos_pem4f.oem4f (.const:ti_catalog_arm_cortexm4_tiva_ce_Boot_A_mustNotUseEnhancedClockMode__C)
                  000101e4    00000004     rtos_pem4f.oem4f (.const:ti_catalog_arm_cortexm4_tiva_ce_Boot_Module__diagsEnabled__C)
                  000101e8    00000004     rtos_pem4f.oem4f (.const:ti_catalog_arm_cortexm4_tiva_ce_Boot_Module__diagsIncluded__C)
                  000101ec    00000004     rtos_pem4f.oem4f (.const:ti_catalog_arm_cortexm4_tiva_ce_Boot_Module__diagsMask__C)
                  000101f0    00000004     rtos_pem4f.oem4f (.const:ti_sysbios_family_arm_lm4_Timer_enableFunc__C)
                  000101f4    00000004     rtos_pem4f.oem4f (.const:ti_sysbios_family_arm_lm4_Timer_numTimerDevices__C)
                  000101f8    00000004     rtos_pem4f.oem4f (.const:ti_sysbios_family_arm_lm4_Timer_startupNeeded__C)
                  000101fc    00000004     rtos_pem4f.oem4f (.const:ti_sysbios_family_arm_lm4_TimestampProvider_Module__diagsEnabled__C)
                  00010200    00000004     rtos_pem4f.oem4f (.const:ti_sysbios_family_arm_lm4_TimestampProvider_Module__diagsIncluded__C)
                  00010204    00000004     rtos_pem4f.oem4f (.const:ti_sysbios_family_arm_lm4_TimestampProvider_Module__diagsMask__C)
                  00010208    00000004     rtos_pem4f.oem4f (.const:ti_sysbios_family_arm_m3_Hwi_E_NMI__C)
                  0001020c    00000004     rtos_pem4f.oem4f (.const:ti_sysbios_family_arm_m3_Hwi_E_busFault__C)
                  00010210    00000004     rtos_pem4f.oem4f (.const:ti_sysbios_family_arm_m3_Hwi_E_debugMon__C)
                  00010214    00000004     rtos_pem4f.oem4f (.const:ti_sysbios_family_arm_m3_Hwi_E_hardFault__C)
                  00010218    00000004     rtos_pem4f.oem4f (.const:ti_sysbios_family_arm_m3_Hwi_E_memFault__C)
                  0001021c    00000004     rtos_pem4f.oem4f (.const:ti_sysbios_family_arm_m3_Hwi_E_noIsr__C)
                  00010220    00000004     rtos_pem4f.oem4f (.const:ti_sysbios_family_arm_m3_Hwi_E_reserved__C)
                  00010224    00000004     rtos_pem4f.oem4f (.const:ti_sysbios_family_arm_m3_Hwi_E_svCall__C)
                  00010228    00000004     rtos_pem4f.oem4f (.const:ti_sysbios_family_arm_m3_Hwi_E_usageFault__C)
                  0001022c    00000004     rtos_pem4f.oem4f (.const:ti_sysbios_family_arm_m3_Hwi_NUM_INTERRUPTS__C)
                  00010230    00000004     rtos_pem4f.oem4f (.const:ti_sysbios_family_arm_m3_Hwi_Object__count__C)
                  00010234    00000004     rtos_pem4f.oem4f (.const:ti_sysbios_family_arm_m3_Hwi_ccr__C)
                  00010238    00000004     rtos_pem4f.oem4f (.const:ti_sysbios_family_arm_m3_Hwi_excHandlerFunc__C)
                  0001023c    00000004     rtos_pem4f.oem4f (.const:ti_sysbios_family_arm_m3_Hwi_excHookFuncs__C)
                  00010240    00000004     rtos_pem4f.oem4f (.const:ti_sysbios_family_arm_m3_Hwi_nullIsrFunc__C)
                  00010244    00000004     rtos_pem4f.oem4f (.const:ti_sysbios_family_arm_m3_Hwi_priGroup__C)
                  00010248    00000004     rtos_pem4f.oem4f (.const:ti_sysbios_gates_GateMutex_A_badContext__C)
                  0001024c    00000004     rtos_pem4f.oem4f (.const:ti_sysbios_gates_GateMutex_Instance_State_sem__O)
                  00010250    00000004     rtos_pem4f.oem4f (.const:ti_sysbios_gates_GateMutex_Module__diagsEnabled__C)
                  00010254    00000004     rtos_pem4f.oem4f (.const:ti_sysbios_gates_GateMutex_Module__diagsIncluded__C)
                  00010258    00000004     rtos_pem4f.oem4f (.const:ti_sysbios_gates_GateMutex_Module__diagsMask__C)
                  0001025c    00000004     rtos_pem4f.oem4f (.const:ti_sysbios_hal_Hwi_E_stackOverflow__C)
                  00010260    00000004     rtos_pem4f.oem4f (.const:ti_sysbios_heaps_HeapMem_A_align__C)
                  00010264    00000004     rtos_pem4f.oem4f (.const:ti_sysbios_heaps_HeapMem_A_heapSize__C)
                  00010268    00000004     rtos_pem4f.oem4f (.const:ti_sysbios_heaps_HeapMem_A_invalidFree__C)
                  0001026c    00000004     rtos_pem4f.oem4f (.const:ti_sysbios_heaps_HeapMem_A_zeroBlock__C)
                  00010270    00000004     rtos_pem4f.oem4f (.const:ti_sysbios_heaps_HeapMem_E_memory__C)
                  00010274    00000004     rtos_pem4f.oem4f (.const:ti_sysbios_heaps_HeapMem_Module__diagsEnabled__C)
                  00010278    00000004     rtos_pem4f.oem4f (.const:ti_sysbios_heaps_HeapMem_Module__diagsIncluded__C)
                  0001027c    00000004     rtos_pem4f.oem4f (.const:ti_sysbios_heaps_HeapMem_Module__diagsMask__C)
                  00010280    00000004     rtos_pem4f.oem4f (.const:ti_sysbios_heaps_HeapMem_Module__gateObj__C)
                  00010284    00000004     rtos_pem4f.oem4f (.const:ti_sysbios_heaps_HeapMem_Object__count__C)
                  00010288    00000004     rtos_pem4f.oem4f (.const:ti_sysbios_heaps_HeapMem_reqAlign__C)
                  0001028c    00000004     rtos_pem4f.oem4f (.const:ti_sysbios_knl_Clock_Module_State_clockQ__O)
                  00010290    00000004     rtos_pem4f.oem4f (.const:ti_sysbios_knl_Event_A_nullEventId__C)
                  00010294    00000004     rtos_pem4f.oem4f (.const:ti_sysbios_knl_Event_Instance_State_pendQ__O)
                  00010298    00000004     rtos_pem4f.oem4f (.const:ti_sysbios_knl_Event_Module__diagsEnabled__C)
                  0001029c    00000004     rtos_pem4f.oem4f (.const:ti_sysbios_knl_Event_Module__diagsIncluded__C)
                  000102a0    00000004     rtos_pem4f.oem4f (.const:ti_sysbios_knl_Event_Module__diagsMask__C)
                  000102a4    00000004     rtos_pem4f.oem4f (.const:ti_sysbios_knl_Mailbox_Instance_State_dataQue__O)
                  000102a8    00000004     rtos_pem4f.oem4f (.const:ti_sysbios_knl_Mailbox_Instance_State_dataSem__O)
                  000102ac    00000004     rtos_pem4f.oem4f (.const:ti_sysbios_knl_Mailbox_Instance_State_freeQue__O)
                  000102b0    00000004     rtos_pem4f.oem4f (.const:ti_sysbios_knl_Mailbox_Instance_State_freeSem__O)
                  000102b4    00000004     rtos_pem4f.oem4f (.const:ti_sysbios_knl_Mailbox_Object__count__C)
                  000102b8    00000004     rtos_pem4f.oem4f (.const:ti_sysbios_knl_Mailbox_maxTypeAlign__C)
                  000102bc    00000004     rtos_pem4f.oem4f (.const:ti_sysbios_knl_Semaphore_A_badContext__C)
                  000102c0    00000004     rtos_pem4f.oem4f (.const:ti_sysbios_knl_Semaphore_A_overflow__C)
                  000102c4    00000004     rtos_pem4f.oem4f (.const:ti_sysbios_knl_Semaphore_A_pendTaskDisabled__C)
                  000102c8    00000004     rtos_pem4f.oem4f (.const:ti_sysbios_knl_Semaphore_Instance_State_pendQ__O)
                  000102cc    00000004     rtos_pem4f.oem4f (.const:ti_sysbios_knl_Semaphore_Module__diagsEnabled__C)
                  000102d0    00000004     rtos_pem4f.oem4f (.const:ti_sysbios_knl_Semaphore_Module__diagsIncluded__C)
                  000102d4    00000004     rtos_pem4f.oem4f (.const:ti_sysbios_knl_Semaphore_Module__diagsMask__C)
                  000102d8    00000004     rtos_pem4f.oem4f (.const:ti_sysbios_knl_Semaphore_eventPost__C)
                  000102dc    00000004     rtos_pem4f.oem4f (.const:ti_sysbios_knl_Semaphore_eventSync__C)
                  000102e0    00000004     rtos_pem4f.oem4f (.const:ti_sysbios_knl_Swi_Object__count__C)
                  000102e4    00000004     rtos_pem4f.oem4f (.const:ti_sysbios_knl_Swi_numConstructedSwis__C)
                  000102e8    00000004     rtos_pem4f.oem4f (.const:ti_sysbios_knl_Task_E_spOutOfBounds__C)
                  000102ec    00000004     rtos_pem4f.oem4f (.const:ti_sysbios_knl_Task_E_stackOverflow__C)
                  000102f0    00000004     rtos_pem4f.oem4f (.const:ti_sysbios_knl_Task_Module_State_inactiveQ__O)
                  000102f4    00000004     rtos_pem4f.oem4f (.const:ti_sysbios_knl_Task_Object__count__C)
                  000102f8    00000004     rtos_pem4f.oem4f (.const:ti_sysbios_knl_Task_Object__heap__C)
                  000102fc    00000004     rtos_pem4f.oem4f (.const:ti_sysbios_knl_Task_allBlockedFunc__C)
                  00010300    00000004     rtos_pem4f.oem4f (.const:ti_sysbios_knl_Task_numConstructedTasks__C)
                  00010304    00000004     rtos_pem4f.oem4f (.const:ti_sysbios_utils_Load_Module_State_taskList__O)
                  00010308    00000004     rtos_pem4f.oem4f (.const:ti_sysbios_utils_Load_Module__diagsEnabled__C)
                  0001030c    00000004     rtos_pem4f.oem4f (.const:ti_sysbios_utils_Load_Module__diagsIncluded__C)
                  00010310    00000004     rtos_pem4f.oem4f (.const:ti_sysbios_utils_Load_Module__diagsMask__C)
                  00010314    00000004     rtos_pem4f.oem4f (.const:ti_sysbios_utils_Load_postUpdate__C)
                  00010318    00000004     rtos_pem4f.oem4f (.const:ti_sysbios_utils_Load_windowInMs__C)
                  0001031c    00000004     rtos_pem4f.oem4f (.const:ti_uia_loggers_LoggerStopMode_Module__diagsEnabled__C)
                  00010320    00000004     rtos_pem4f.oem4f (.const:ti_uia_loggers_LoggerStopMode_Module__diagsIncluded__C)
                  00010324    00000004     rtos_pem4f.oem4f (.const:ti_uia_loggers_LoggerStopMode_Module__diagsMask__C)
                  00010328    00000004     rtos_pem4f.oem4f (.const:ti_uia_loggers_LoggerStopMode_Object__count__C)
                  0001032c    00000004     rtos_pem4f.oem4f (.const:ti_uia_runtime_ILoggerSnapshot_Interface__BASE__C)
                  00010330    00000004     rtos_pem4f.oem4f (.const:ti_uia_runtime_IUIATransfer_Interface__BASE__C)
                  00010334    00000004     rtos_pem4f.oem4f (.const:xdc_runtime_Assert_E_assertFailed__C)
                  00010338    00000004     rtos_pem4f.oem4f (.const:xdc_runtime_Core_A_initializedParams__C)
                  0001033c    00000004     rtos_pem4f.oem4f (.const:xdc_runtime_Core_Module__diagsEnabled__C)
                  00010340    00000004     rtos_pem4f.oem4f (.const:xdc_runtime_Core_Module__diagsIncluded__C)
                  00010344    00000004     rtos_pem4f.oem4f (.const:xdc_runtime_Core_Module__diagsMask__C)
                  00010348    00000004     rtos_pem4f.oem4f (.const:xdc_runtime_Error_E_memory__C)
                  0001034c    00000004     rtos_pem4f.oem4f (.const:xdc_runtime_Error_Module__diagsEnabled__C)
                  00010350    00000004     rtos_pem4f.oem4f (.const:xdc_runtime_Error_Module__diagsIncluded__C)
                  00010354    00000004     rtos_pem4f.oem4f (.const:xdc_runtime_Error_Module__diagsMask__C)
                  00010358    00000004     rtos_pem4f.oem4f (.const:xdc_runtime_Error_Module__loggerFxn8__C)
                  0001035c    00000004     rtos_pem4f.oem4f (.const:xdc_runtime_Error_Module__loggerObj__C)
                  00010360    00000004     rtos_pem4f.oem4f (.const:xdc_runtime_Error_policyFxn__C)
                  00010364    00000004     rtos_pem4f.oem4f (.const:xdc_runtime_Error_raiseHook__C)
                  00010368    00000004     rtos_pem4f.oem4f (.const:xdc_runtime_IFilterLogger_Interface__BASE__C)
                  0001036c    00000004     rtos_pem4f.oem4f (.const:xdc_runtime_IGateProvider_Interface__BASE__C)
                  00010370    00000004     rtos_pem4f.oem4f (.const:xdc_runtime_IHeap_Interface__BASE__C)
                  00010374    00000004     rtos_pem4f.oem4f (.const:xdc_runtime_ILogger_Interface__BASE__C)
                  00010378    00000004     rtos_pem4f.oem4f (.const:xdc_runtime_IModule_Interface__BASE__C)
                  0001037c    00000004     rtos_pem4f.oem4f (.const:xdc_runtime_Log_L_error__C)
                  00010380    00000004     rtos_pem4f.oem4f (.const:xdc_runtime_Memory_defaultHeapInstance__C)
                  00010384    00000004     rtos_pem4f.oem4f (.const:xdc_runtime_Startup_execImpl__C)
                  00010388    00000004     rtos_pem4f.oem4f (.const:xdc_runtime_Startup_maxPasses__C)
                  0001038c    00000004     rtos_pem4f.oem4f (.const:xdc_runtime_Startup_sfxnRts__C)
[...]
000102c4  ti_sysbios_knl_Semaphore_A_pendTaskDisabled__C                       
000102c8  ti_sysbios_knl_Semaphore_Instance_State_pendQ__O                     
000102cc  ti_sysbios_knl_Semaphore_Module__diagsEnabled__C                     
000102d0  ti_sysbios_knl_Semaphore_Module__diagsIncluded__C                    
000102d4  ti_sysbios_knl_Semaphore_Module__diagsMask__C                        
000102d8  ti_sysbios_knl_Semaphore_eventPost__C                                
000102dc  ti_sysbios_knl_Semaphore_eventSync__C                                
000102e0  ti_sysbios_knl_Swi_Object__count__C                                  
000102e4  ti_sysbios_knl_Swi_numConstructedSwis__C                             
000102e8  ti_sysbios_knl_Task_E_spOutOfBounds__C                               
000102ec  ti_sysbios_knl_Task_E_stackOverflow__C                               
000102f0  ti_sysbios_knl_Task_Module_State_inactiveQ__O                        
000102f4  ti_sysbios_knl_Task_Object__count__C                                 
000102f8  ti_sysbios_knl_Task_Object__heap__C                                  
000102fc  ti_sysbios_knl_Task_allBlockedFunc__C                                
00010300  ti_sysbios_knl_Task_numConstructedTasks__C                           
00010304  ti_sysbios_utils_Load_Module_State_taskList__O                       
00010308  ti_sysbios_utils_Load_Module__diagsEnabled__C                        
0001030c  ti_sysbios_utils_Load_Module__diagsIncluded__C                       
00010310  ti_sysbios_utils_Load_Module__diagsMask__C                           
00010314  ti_sysbios_utils_Load_postUpdate__C                                  
00010318  ti_sysbios_utils_Load_windowInMs__C                                  
0001031c  ti_uia_loggers_LoggerStopMode_Module__diagsEnabled__C                
00010320  ti_uia_loggers_LoggerStopMode_Module__diagsIncluded__C               
00010324  ti_uia_loggers_LoggerStopMode_Module__diagsMask__C                   
00010328  ti_uia_loggers_LoggerStopMode_Object__count__C                       
0001032c  ti_uia_runtime_ILoggerSnapshot_Interface__BASE__C                    
00010330  ti_uia_runtime_IUIATransfer_Interface__BASE__C                       
00010334  xdc_runtime_Assert_E_assertFailed__C                                 
00010338  xdc_runtime_Core_A_initializedParams__C                              
0001033c  xdc_runtime_Core_Module__diagsEnabled__C                             
00010340  xdc_runtime_Core_Module__diagsIncluded__C                            
00010344  xdc_runtime_Core_Module__diagsMask__C                                
00010348  xdc_runtime_Error_E_memory__C                                        
0001034c  xdc_runtime_Error_Module__diagsEnabled__C                            
00010350  xdc_runtime_Error_Module__diagsIncluded__C                           
00010354  xdc_runtime_Error_Module__diagsMask__C                               
00010358  xdc_runtime_Error_Module__loggerFxn8__C                              
0001035c  xdc_runtime_Error_Module__loggerObj__C                               
00010360  xdc_runtime_Error_policyFxn__C                                       
00010364  xdc_runtime_Error_raiseHook__C                                       
00010368  xdc_runtime_IFilterLogger_Interface__BASE__C                         
0001036c  xdc_runtime_IGateProvider_Interface__BASE__C                         
00010370  xdc_runtime_IHeap_Interface__BASE__C                                 
00010374  xdc_runtime_ILogger_Interface__BASE__C                               
00010378  xdc_runtime_IModule_Interface__BASE__C                               
0001037c  xdc_runtime_Log_L_error__C                                           
00010380  xdc_runtime_Memory_defaultHeapInstance__C                            
00010384  xdc_runtime_Startup_execImpl__C                                      
00010388  xdc_runtime_Startup_maxPasses__C                                     
0001038c  xdc_runtime_Startup_sfxnRts__C                                       
00010390  xdc_runtime_Startup_sfxnTab__C                                       
00010394  xdc_runtime_SysMin_bufSize__C                                        
00010398  xdc_runtime_SysMin_outputFunc__C                                     
0001039c  xdc_runtime_System_Module__gateObj__C                                
000103a0  xdc_runtime_System_abortFxn__C                                       
000103a4  xdc_runtime_System_exitFxn__C                                        
000103a8  xdc_runtime_System_extendFxn__C                                      
000103ac  xdc_runtime_System_maxAtexitHandlers__C                              
000103b0  xdc_runtime_Text_charTab__C                                          
000103b4  xdc_runtime_Text_nameEmpty__C                                        
000103b8  xdc_runtime_Text_nameStatic__C                                       
000103bc  xdc_runtime_Text_nameUnknown__C                                      
000103c0  xdc_runtime_Text_nodeTab__C                                          
000103c4  xdc_runtime_Text_visitRopeFxn__C                                     
000103c8  ti_sysbios_family_arm_m3_Hwi_Module__id__C                           
000103ca  ti_sysbios_gates_GateMutex_Module__id__C                             
000103cc  ti_sysbios_hal_Hwi_Module__id__C                                     
000103ce  ti_sysbios_heaps_HeapMem_Module__id__C                               
000103d0  ti_sysbios_knl_Event_Module__id__C                                   
000103d2  ti_sysbios_knl_Semaphore_Module__id__C                               
000103d4  ti_sysbios_knl_Task_Module__id__C                                    
000103d6  ti_sysbios_utils_Load_Module__id__C                                  
000103d8  ti_sysbios_utils_Load_autoAddTasks__C                                
000103da  ti_sysbios_utils_Load_updateInIdle__C                                
000103dc  ti_uia_loggers_LoggerStopMode_Module__id__C                          
000103de  ti_uia_loggers_LoggerStopMode_isTimestampEnabled__C                  
000103e0  xdc_runtime_Core_Module__id__C                                       
000103e2  xdc_runtime_Error_Module__loggerDefined__C                           
000103e4  xdc_runtime_Error_maxDepth__C                                        
000103e6  xdc_runtime_Memory_Module__id__C                                     
000103e8  xdc_runtime_SysMin_flushAtExit__C                                    
000103ea  xdc_runtime_Text_charCnt__C                                          
000103ec  xdc_runtime_Text_isLoaded__C                                         
000103ee  xdc_runtime_Text_registryModsLastId__C                               
000103f0  xdc_runtime_Text_unnamedModsLastId__C                                
000103f8  __TI_static_base__                                                   
000107d0  __TI_Handler_Table_Base                                              
000107dc  __TI_Handler_Table_Limit                                             
000107f0  __TI_CINIT_Base                                                      
00010808  __TI_CINIT_Limit                                                     
20000000  ti_sysbios_family_arm_m3_Hwi_ramVectors                              
20000400  ti_sysbios_knl_Task_Instance_State_0_stack__A                        
20001400  ti_sysbios_knl_Task_Instance_State_1_stack__A                        
20002400  ti_sysbios_knl_Task_Instance_State_2_stack__A                        
20003400  ti_sysbios_knl_Task_Instance_State_3_stack__A                        
20004400  ti_sysbios_knl_Task_Instance_State_4_stack__A                        
20005400  ti_sysbios_knl_Task_Instance_State_5_stack__A                        
20006400  ti_sysbios_knl_Task_Instance_State_6_stack__A                        
2000d708  gADCBuffer                                                           
2000e708  ProcessedSpectrumBuffer                                              
2000ef08  RawSpectrumBuffer                                                    
2000f708  ti_sysbios_knl_Mailbox_Instance_State_0_allocBuf__A                  
2000f7a8  str                                                                  
2000f7f0  parmbuf                                                              
2000f7f8  ADCLocalBufferIndex                                                  
2000f7fc  AvgPeriod                                                            
2000f800  gDMAControlTable                                                     
2000fc00  ti_sysbios_heaps_HeapMem_Instance_State_0_buf__A                     
20010000  ti_uia_loggers_LoggerStopMode_Instance_State_1_packetArray__A        
20010400  ti_uia_loggers_LoggerStopMode_Instance_State_2_packetArray__A        
20010800  ti_sysbios_family_arm_m3_Hwi_dispatchTable                           
20010b60  PeriodCLKCyc                                                         
20010b64  gADCSamplingRate                                                     
20010b6c  ti_sysbios_family_arm_m3_Hwi_Instance_State_0_hookEnv__A             
20010b70  ti_sysbios_family_arm_m3_Hwi_Instance_State_1_hookEnv__A             
20010b74  ti_sysbios_family_arm_m3_Hwi_Instance_State_2_hookEnv__A             
20010b78  ti_sysbios_family_arm_m3_Hwi_Instance_State_3_hookEnv__A             
20010b7c  ti_sysbios_knl_Swi_Instance_State_0_hookEnv__A                       
20010b80  ti_uia_loggers_LoggerStopMode_Instance_State_0_packetArray__A        
20010d80  __CIOBUF_                                                            
20010ea0  ADCPrintBuffer                                                       
20010fa0  ADCScaledPrintBuffer                                                 
200110a0  xdc_runtime_SysMin_Module_State_0_outbuf__A                          
20011120  ti_sysbios_knl_Task_Instance_State_0_hookEnv__A                      
20011124  ti_sysbios_knl_Task_Instance_State_1_hookEnv__A                      
20011128  ti_sysbios_knl_Task_Instance_State_2_hookEnv__A                      
2001112c  ti_sysbios_knl_Task_Instance_State_3_hookEnv__A                      
20011130  ti_sysbios_knl_Task_Instance_State_4_hookEnv__A                      
20011134  ti_sysbios_knl_Task_Instance_State_5_hookEnv__A                      
20011138  ti_sysbios_knl_Task_Instance_State_6_hookEnv__A                      
2001113c  Lcd_ScreenHeigth                                                     
2001113e  Lcd_ScreenWidth                                                      
20011140  Lcd_TouchTrim                                                        
20011142  Lcd_FlagRead                                                         
20011143  Lcd_FontSolid                                                        
20011144  Lcd_Orientation                                                      
20011145  Lcd_PenSolid                                                         
20011180  ti_uia_loggers_LoggerStopMode_Instance_State_0_hdr__A                
20011200  ti_uia_loggers_LoggerStopMode_Instance_State_1_hdr__A                
20011280  ti_uia_loggers_LoggerStopMode_Instance_State_2_hdr__A                
200112b0  Lcd_buffer                                                           
200192b0  gPWMWaveformTable                                                    
200196b0  ti_sysbios_knl_Task_Object__table__V                                 
200198e0  ti_sysbios_utils_Load_Module_State_0_taskEnv__A                      
200199a4  ti_uia_loggers_LoggerStopMode_Object__table__V                       
20019a40  ti_sysbios_utils_Load_Module__state__V                               
20019ad8  ti_sysbios_knl_Swi_Module_State_0_readyQ__A                          
20019b58  ti_sysbios_knl_Task_Module_State_0_readyQ__A                         
20019bd8  gSystemClock                                                         
20019bdc  gTime                                                                
20019be0  VoltageScale                                                         
20019be4  ADCSampleState                                                       
20019be8  OscilloscopeMode                                                     
20019bec  prevADCSampleState                                                   
20019bf0  tDirection                                                           
20019bf2  tVoltage                                                             
20019bf4  gpresses                                                             
20019bf8  ticksAtInterrupt                                                     
20019bfc  ButtonIntTime                                                        
20019c00  Button_Latency                                                       
20019c04  Button_Response_Time                                                 
20019c08  VIN_RANGE                                                            
20019c0c  PIXELS_PER_DIV                                                       
20019c10  ADC_BITS                                                             
20019c14  ADC_OFFSET                                                           
20019c18  fVoltsPerDiv                                                         
20019c1c  fScale                                                               
20019c20  TIMER0_PERIOD                                                        
20019c24  buttonMissedDeadlines                                                
20019c28  WaveformResponseTime                                                 
20019c2c  WaveformTimerValue                                                   
20019c30  waveformErrors                                                       
20019c34  count_unloaded                                                       
20019c38  count_loaded                                                         
20019c3c  cpu_load                                                             
20019c40  ti_sysbios_knl_Semaphore_Object__table__V                            
20019ca4  ti_sysbios_family_arm_m3_Hwi_Object__table__V                        
20019d04  ti_sysbios_knl_Mailbox_Object__table__V                              
20019d54  ti_sysbios_knl_Task_Module__state__V                                 
20019d98  ti_sysbios_family_arm_lm4_Timer_Module_State_0_device__A             
20019dd8  ti_sysbios_family_arm_lm4_Timer_Object__table__V                     
20019e18  ti_sysbios_knl_Clock_Object__table__V                                
20019e58  ti_sysbios_gates_GateMutex_Object__table__V                          
20019e90  ti_sysbios_family_arm_m3_Hwi_Module__state__V                        
20019ec4  ti_sysbios_knl_Swi_Object__table__V                                  
20019ef4  ti_sysbios_knl_Clock_Module__state__V                                
20019f44  ti_sysbios_BIOS_Module__state__V                                     
20019f68  ti_sysbios_family_arm_lm4_Timer_Module_State_0_handles__A            
20019f88  ti_sysbios_knl_Swi_Module__state__V                                  
20019fa4  gADCBufferIndex                                                      
20019fa8  prevVoltage                                                          
20019fac  loopCount                                                            
20019fb0  timeFindTrigger                                                      
20019fb4  timeCopyBuffer                                                       
20019fb8  LastIndex                                                            
20019fbc  gDMAPrimary                                                          
20019fbe  ti_sysbios_family_arm_m3_Hwi_Module_State_0_excActive__A             
20019fc0  ti_sysbios_heaps_HeapMem_Object__table__V                            
20019fd8  LastTime                                                             
20019fdc  DiffTime                                                             
20019fe0  MultiPeriodInterval                                                  
20019fe4  NumPeriods                                                           
20019fe8  gButtons                                                             
20019fec  butfifo_head                                                         
20019ff0  butfifo_tail                                                         
20019ff6  xdc_runtime_Error_Module__state__V                                   
20019ff8  ti_sysbios_family_arm_lm4_Timer_Module__state__V                     
2001a004  ti_sysbios_gates_GateHwi_Object__table__V                            
2001a010  ti_sysbios_knl_Event_Module__root__V                                 
2001a01c  ti_uia_runtime_QueueDescriptor_Module__state__V                      
2001a028  xdc_runtime_SysMin_Module__state__V                                  
2001a034  _lock                                                                
2001a038  _unlock                                                              
2001a03c  gPhase                                                               
2001a040  gPhaseIncrement                                                      
2001a044  gJoystick                                                            
2001a04c  ti_uia_runtime_QueueDescriptor_gPtrToFirstDescriptor                 
2001a050  ti_uia_runtime_QueueDescriptor_gUpdateCount                          
2001a054  ti_sysbios_family_arm_lm4_TimestampProvider_Module__state__V         
2001a05c  ti_sysbios_gates_GateHwi_Module__root__V                             
2001a064  ti_sysbios_gates_GateMutex_Module__root__V                           
2001a06c  ti_sysbios_heaps_HeapMem_Module__root__V                             
2001a074  ti_sysbios_knl_Queue_Module__root__V                                 
2001a07c  ti_sysbios_knl_Semaphore_Module__root__V                             
2001a084  ti_uia_loggers_LoggerStopMode_Module__root__V                        
2001a08c  xdc_runtime_Registry_Module__state__V                                
2001a094  xdc_runtime_Startup_Module__state__V                                 
2001a09c  xdc_runtime_System_Module_State_0_atexitHandlers__A                  
2001a0a4  xdc_runtime_System_Module__state__V                                  
2001a0ac  errno                                                                
2001a0b0  main_func_sp                                                         
2001a0b4  ti_sysbios_family_arm_m3_Hwi_Module_State_0_excContext__A            
2001a0b8  ti_sysbios_family_arm_m3_Hwi_Module_State_0_excStack__A              
2001a0bc  ti_sysbios_knl_Task_Module_State_0_idleTask__A                       
2001a0c0  ti_sysbios_utils_Load_Module_State_0_runningTask__A                  
2001a0c4  ti_sysbios_utils_Load_Module_State_0_taskStartTime__A                
2001a0c8  xdc_runtime_Memory_Module__state__V                                  
2001a0d0  __stack                                                              
2001a3d0  __STACK_END                                                          
e000e000  ti_sysbios_family_arm_m3_Hwi_nvic                                    
ffffffff  __TI_pprof_out_hndl                                                  
ffffffff  __TI_prof_data_size                                                  
ffffffff  __TI_prof_data_start                                                 
ffffffff  __binit__                                                            
ffffffff  __c_args__                                                           
ffffffff  binit                                                                
UNDEFED   SHT$$INIT_ARRAY$$Base                                                
UNDEFED   SHT$$INIT_ARRAY$$Limit                                               

[896 symbols]
