******************************************************************************
                  TI ARM Linker PC v18.1.2                     
******************************************************************************
>> Linked Wed Nov 28 11:38:37 2018

OUTPUT FILE NAME:   <ece3849_lab3_starter.out>
ENTRY POINT SYMBOL: "_c_int00"  address: 0000a709


MEMORY CONFIGURATION

         name            origin    length      used     unused   attr    fill
----------------------  --------  ---------  --------  --------  ----  --------
  FLASH                 00000000   00100000  0001040a  000efbf6  R  X
  SRAM                  20000000   00040000  0001663c  000299c4  RW X


SEGMENT ALLOCATION MAP

run origin  load origin   length   init length attrs members
----------  ----------- ---------- ----------- ----- -------
00000000    00000000    00010418   00010418    r-x
  00000000    00000000    0000003c   0000003c    r-- .resetVecs
  00000040    00000040    0000cdf2   0000cdf2    r-x .text
  0000ce38    0000ce38    00003224   00003224    r-- .const
  00010060    00010060    000003b8   000003b8    r-- .cinit
20000000    20000000    00000360   00000000    rw-
  20000000    20000000    00000360   00000000    rw- .vecs
20000400    20000400    000162e0   00000000    rw-
  20000400    20000400    0000d6b0   00000000    rw- .bss
  2000dab0    2000dab0    0000892c   00000000    rw- .data
  200163e0    200163e0    00000300   00000000    rw- .stack


SECTION ALLOCATION MAP

 output                                  attributes/
section   page    origin      length       input sections
--------  ----  ----------  ----------   ----------------
.text      0    00000040    0000cdf2     
                  00000040    00000a5e     rtsv7M4_T_le_v4SPD16_eabi.lib : _printfi.c.obj (.text:__TI_printfi)
                  00000a9e    00000002                                   : _lock.c.obj (.text:_nop)
                  00000aa0    00000738                                   : k_rem_pio2.c.obj (.text:__kernel_rem_pio2)
                  000011d8    000005dc                                   : s_cos.c.obj (.text:cos)
                  000017b4    000005c4                                   : s_sin.c.obj (.text:sin)
                  00001d78    00000480     main.obj (.text:Display_Task)
                  000021f8    00000430     sysbios.aem4f : BIOS.obj (.text:ti_sysbios_family_arm_m3_Hwi_excDumpRegs__I)
                  00002628    0000034c     ti.targets.arm.rtsarm.aem4f : System.oem4f (.text:xdc_runtime_System_doPrint__I)
                  00002974    00000004     driverlib.lib : adc.obj (.text:ADCIntClearEx)
                  00002978    000002fc     sysbios.aem4f : BIOS.obj (.text:ti_sysbios_knl_Semaphore_pend__E)
                  00002c74    00000004     driverlib.lib : timer.obj (.text:TimerIntClear)
                  00002c78    0000028e     kiss_fft.obj (.text:kf_bfly5)
                  00002f06    00000002     rtsv7M4_T_le_v4SPD16_eabi.lib : div0.asm.obj (.text)
                  00002f08    00000270                                   : _printfi.c.obj (.text:_pconv_a)
                  00003178    0000026c     sysbios.aem4f : BIOS.obj (.text:ti_sysbios_heaps_HeapMem_free__E)
                  000033e4    00000256     grlib.lib : string.obj (.text:GrFontGlyphRender)
                  0000363a    00000006     driverlib.lib : gpio.obj (.text:GPIOPinRead)
                  00003640    00000250     sysbios.aem4f : BIOS.obj (.text:ti_sysbios_heaps_HeapMem_alloc__E)
                  00003890    00000234     main.obj (.text:Processing_Task)
                  00003ac4    00000204     driverlib.lib : sysctl.obj (.text:SysCtlClockFreqSet)
                  00003cc8    00000204     Boot.aem4f : Boot_sysctl.oem4f (.text:ti_catalog_arm_cortexm4_tiva_ce_Boot_sysCtlClockFreqSetI__I)
                  00003ecc    00000004     rtsv7M4_T_le_v4SPD16_eabi.lib : exit.c.obj (.text:abort:abort)
                  00003ed0    000001fc     sysbios.aem4f : BIOS.obj (.text:ti_sysbios_family_arm_m3_Hwi_excHandlerMax__I)
                  000040cc    00000004                   : BIOS.obj (.text:ti_sysbios_family_arm_lm4_Timer_masterEnable__I)
                  000040d0    000001f0     kiss_fft.obj (.text:kf_bfly4)
                  000042c0    000001d0     rtsv7M4_T_le_v4SPD16_eabi.lib : _printfi.c.obj (.text:_pconv_g)
                  00004490    000001cc     OscilliscopeADC.obj (.text:changeADCSampleRate)
                  0000465c    000001b6     rtsv7M4_T_le_v4SPD16_eabi.lib : fd_add_t2.asm.obj (.text)
                  00004812    00000006     driverlib.lib : gpio.obj (.text:GPIOPinWrite)
                  00004818    00000178     sysbios.aem4f : BIOS.obj (.text:ti_sysbios_family_arm_lm4_TimestampProvider_get64__E)
                  00004990    00000174     rtsv7M4_T_le_v4SPD16_eabi.lib : k_sin.c.obj (.text:__kernel_sin)
                  00004b04    00000004     ti.uia.loggers.aem4f : LoggerStopMode.oem4f (.text:ti_uia_loggers_LoggerStopMode_getContents__E)
                  00004b08    00000174     sysbios.aem4f : BIOS.obj (.text:ti_sysbios_family_arm_m3_Hwi_excBusFault__I)
                  00004c7c    0000016c     rtsv7M4_T_le_v4SPD16_eabi.lib : k_cos.c.obj (.text:__kernel_cos)
                  00004de8    00000164     OscilliscopeADC.obj (.text:GetWaveform)
                  00004f4c    00000004     ti.uia.loggers.aem4f : LoggerStopMode.oem4f (.text:ti_uia_loggers_LoggerStopMode_getInstanceId__E)
                  00004f50    00000164     sysbios.aem4f : BIOS.obj (.text:ti_sysbios_family_arm_m3_Hwi_excUsageFault__I)
                  000050b4    00000004     ti.uia.loggers.aem4f : LoggerStopMode.oem4f (.text:ti_uia_loggers_LoggerStopMode_getMaxLength__E)
                  000050b8    0000015c     OscilliscopeADC.obj (.text:initADC)
                  00005214    00000158     rtsv7M4_T_le_v4SPD16_eabi.lib : e_log10f.c.obj (.text:log10f)
                  0000536c    00000158                                   : e_sqrt.c.obj (.text:sqrt)
                  000054c4    00000004     ti.uia.loggers.aem4f : LoggerStopMode.oem4f (.text:ti_uia_loggers_LoggerStopMode_getPriority__E)
                  000054c8    0000014e     kiss_fft.obj (.text:kf_bfly3)
                  00005616    00000002     ti.uia.loggers.aem4f : LoggerStopMode.oem4f (.text:ti_uia_loggers_LoggerStopMode_setPriority__E)
                  00005618    00000148     sysbios.aem4f : BIOS.obj (.text:ti_sysbios_family_arm_m3_Hwi_excMemFault__I)
                  00005760    0000013c     rtsv7M4_T_le_v4SPD16_eabi.lib : _printfi.c.obj (.text:_pconv_e)
                  0000589c    00000004     ti.uia.loggers.aem4f : LoggerStopMode.oem4f (.text:ti_uia_loggers_LoggerStopMode_getTransferType__E)
                  000058a0    0000013c     sysbios.aem4f : BIOS.obj (.text:ti_sysbios_heaps_HeapMem_Instance_init__E)
                  000059dc    00000004     ti.targets.arm.rtsarm.aem4f : Error.oem4f (.text:xdc_runtime_Error_getSite__E)
                  000059e0    00000138     rtos_pem4f.oem4f (.text:ti_uia_loggers_LoggerStopMode_writeMemoryRange__E)
                  00005b18    00000136     rtsv7M4_T_le_v4SPD16_eabi.lib : fd_div_t2.asm.obj (.text)
                  00005c4e    00000130     driverlib.lib : gpio.obj (.text:GPIOPadConfigSet)
                  00005d7e    00000002     --HOLE-- [fill = 0]
                  00005d80    00000124     buttons.obj (.text:ButtonInit)
                  00005ea4    00000120     rtsv7M4_T_le_v4SPD16_eabi.lib : _printfi.c.obj (.text:fcvt)
                  00005fc4    00000118     ti.targets.arm.rtsarm.aem4f : Error.oem4f (.text:xdc_runtime_Error_policyDefault__E)
                  000060dc    00000004                                 : System.oem4f (.text:xdc_runtime_System_aprintf_va__F)
                  000060e0    00000114     sysbios.aem4f : BIOS.obj (.text:ti_sysbios_utils_Load_updateThreadContexts__E)
                  000061f4    00000110     rtsv7M4_T_le_v4SPD16_eabi.lib : s_scalbn.c.obj (.text:scalbn)
                  00006304    00000004     ti.targets.arm.rtsarm.aem4f : System.oem4f (.text:xdc_runtime_System_printf_va__F)
                  00006308    0000010c     rtos_pem4f.oem4f (.text:ti_uia_loggers_LoggerStopMode_write8__E)
                  00006414    00000004     --HOLE-- [fill = 0]
                  00006418    00000108     sysbios.aem4f : BIOS.obj (.text:ti_sysbios_family_arm_lm4_Timer_start__E)
                  00006520    00000106     grlib.lib : line.obj (.text:GrLineDraw)
                  00006626    00000002     --HOLE-- [fill = 0]
                  00006628    00000100     sysbios.aem4f : BIOS.obj (.text:ti_sysbios_knl_Event_post__E)
                  00006728    00000100     ti.targets.arm.rtsarm.aem4f : Core-mem.oem4f (.text:xdc_runtime_Core_createObject__I)
                  00006828    000000fc     main.obj (.text:Waveform_Task)
                  00006924    00000004     --HOLE-- [fill = 0]
                  00006928    000000fc     kiss_fft.obj (.text:kf_bfly_generic)
                  00006a24    000000fc     rtsv7M4_T_le_v4SPD16_eabi.lib : fd_mul_t2.asm.obj (.text)
                  00006b20    000000fc     sysbios.aem4f : BIOS.obj (.text:ti_sysbios_knl_Semaphore_post__E)
                  00006c1c    00000004     --HOLE-- [fill = 0]
                  00006c20    000000fc     rtos_pem4f.oem4f (.text:xdc_runtime_System_printfExtend__I)
                  00006d1c    000000f8     rtsv7M4_T_le_v4SPD16_eabi.lib : s_floor.c.obj (.text:floor)
                  00006e14    000000f8     ti.targets.arm.rtsarm.aem4f : Startup.oem4f (.text:xdc_runtime_Startup_startMods__I)
                  00006f0c    000000f4     sysbios.aem4f : m3_Hwi_asm.obj (.text:ti_sysbios_family_arm_m3_Hwi_dispatch__I)
                  00007000    000000f4     rtos_pem4f.oem4f (.text:ti_uia_loggers_LoggerStopMode_write4__E)
                  000070f4    00000004     --HOLE-- [fill = 0]
                  000070f8    000000f0     main.obj (.text:task_UserInput)
                  000071e8    000000ec     sysbios.aem4f : BIOS.obj (.text:ti_sysbios_knl_Task_postInit__I)
                  000072d4    00000004     --HOLE-- [fill = 0]
                  000072d8    000000e8     rtos_pem4f.oem4f (.text:ti_uia_loggers_LoggerStopMode_write1__E)
                  000073c0    000000e8     rtos_pem4f.oem4f (.text:ti_uia_loggers_LoggerStopMode_write2__E)
                  000074a8    000000e2     kiss_fft.obj (.text:kf_work)
                  0000758a    00000006     grlib.lib : string.obj (.text:GrContextFontSet)
                  00007590    000000dc     Crystalfontz128x128_ST7735.obj (.text:Crystalfontz128x128_PixelDrawMultiple)
                  0000766c    00000004     --HOLE-- [fill = 0]
                  00007670    000000d8     sysbios.aem4f : BIOS.obj (.text:ti_sysbios_family_arm_lm4_TimestampProvider_get32__E)
                  00007748    000000d8                   : BIOS.obj (.text:ti_sysbios_family_arm_m3_Hwi_postInit__I)
                  00007820    000000d8     rtos_pem4f.oem4f (.text:ti_uia_loggers_LoggerStopMode_write0__E)
                  000078f8    000000d4     buttons.obj (.text:ButtonReadJoystick)
                  000079cc    00000004     --HOLE-- [fill = 0]
                  000079d0    000000d0     main.obj (.text:main)
                  00007aa0    000000cc     kiss_fft.obj (.text:kiss_fft_alloc)
                  00007b6c    00000004     --HOLE-- [fill = 0]
                  00007b70    000000cc     sysbios.aem4f : BIOS.obj (.text:ti_sysbios_family_arm_m3_Hwi_dispatchC__I)
                  00007c3c    000000cc     ti.targets.arm.rtsarm.aem4f : Core-smem.oem4f (.text:xdc_runtime_Core_constructObject__I)
                  00007d08    000000c4     grlib.lib : string.obj (.text:GrDefaultStringRenderer)
                  00007dcc    000000c0               : line.obj (.text:GrLineClip)
                  00007e8c    00000004     --HOLE-- [fill = 0]
                  00007e90    000000c0     sysbios.aem4f : BIOS.obj (.text:ti_sysbios_knl_Swi_run__I)
                  00007f50    000000bc     Crystalfontz128x128_ST7735.obj (.text:Crystalfontz128x128_Init)
                  0000800c    00000004     --HOLE-- [fill = 0]
                  00008010    000000bc     main.obj (.text:task_GetButtons)
                  000080cc    00000004     --HOLE-- [fill = 0]
                  000080d0    000000bc     sysbios.aem4f : BIOS.obj (.text:ti_sysbios_family_arm_m3_Hwi_excDebugMon__I)
                  0000818c    00000004     --HOLE-- [fill = 0]
                  00008190    000000bc                   : BIOS.obj (.text:ti_sysbios_family_arm_m3_Hwi_excHardFault__I)
                  0000824c    000000b4     rtsv7M4_T_le_v4SPD16_eabi.lib : s_cosf.c.obj (.text:cosf)
                  00008300    000000b4     sysbios.aem4f : BIOS.obj (.text:ti_sysbios_gates_GateMutex_enter__E)
                  000083b4    00000004     --HOLE-- [fill = 0]
                  000083b8    000000b4                   : BIOS.obj (.text:ti_sysbios_knl_Task_checkStacks__E)
                  0000846c    000000b1     rtsv7M4_T_le_v4SPD16_eabi.lib : _printfi.c.obj (.text:_ltostr)
                  0000851d    00000003     --HOLE-- [fill = 0]
                  00008520    000000b0     sysbios.aem4f : BIOS.obj (.text:ti_sysbios_utils_Load_idleFxn__E)
                  000085d0    000000ac                   : BIOS.obj (.text:ti_sysbios_family_arm_lm4_Timer_enableTiva__I)
                  0000867c    00000004     --HOLE-- [fill = 0]
                  00008680    000000a8                   : BIOS.obj (.text:ti_sysbios_family_arm_lm4_Timer_enableTimers__I)
                  00008728    000000a0     auto_init.aem4f : auto_init.oem4f (.text)
                  000087c8    000000a0     ti.targets.arm.rtsarm.aem4f : Text.oem4f (.text:xdc_runtime_Text_putMod__E)
                  00008868    0000009c     Crystalfontz128x128_ST7735.obj (.text:Crystalfontz128x128_SetDrawFrame)
                  00008904    0000009c     rtsv7M4_T_le_v4SPD16_eabi.lib : memcpy_t2.asm.obj (.text)
                  000089a0    0000009a     ti.targets.arm.rtsarm.aem4f : Text.oem4f (.text:xdc_runtime_Text_putSite__E)
                  00008a3a    00000002     --HOLE-- [fill = 0]
                  00008a3c    00000098     Boot.aem4f : Boot.oem4f (.text:ti_catalog_arm_cortexm4_tiva_ce_Boot_sysCtlClockFreqSet__E)
                  00008ad4    00000004     --HOLE-- [fill = 0]
                  00008ad8    00000098     sysbios.aem4f : BIOS.obj (.text:ti_sysbios_knl_Task_schedule__I)
                  00008b70    00000096     rtsv7M4_T_le_v4SPD16_eabi.lib : ull_div_t2.asm.obj (.text)
                  00008c06    00000002     --HOLE-- [fill = 0]
                  00008c08    00000094     buttons.obj (.text:HandleButtonPress)
                  00008c9c    00000004     --HOLE-- [fill = 0]
                  00008ca0    00000094     sysbios.aem4f : BIOS.obj (.text:ti_sysbios_family_arm_m3_Hwi_initNVIC__E)
                  00008d34    00000004     --HOLE-- [fill = 0]
                  00008d38    00000094                   : BIOS.obj (.text:ti_sysbios_knl_Task_exit__E)
                  00008dcc    00000004     --HOLE-- [fill = 0]
                  00008dd0    00000090                   : BIOS.obj (.text:ti_sysbios_knl_Task_Module_startup__E)
                  00008e60    00000090                   : BIOS.obj (.text:ti_sysbios_knl_Task_startCore__E)
                  00008ef0    00000090                   : BIOS.obj (.text:ti_sysbios_utils_Load_startup__E)
                  00008f80    00000090     ti.uia.loggers.aem4f : LoggerStopMode.oem4f (.text:ti_uia_loggers_LoggerStopMode_initQueueDescriptor__E)
                  00009010    0000008c     sysbios.aem4f : m3_TaskSupport_asm.obj (.text:ti_sysbios_family_arm_m3_TaskSupport_buildTaskStack)
                  0000909c    00000004     --HOLE-- [fill = 0]
                  000090a0    0000008c                   : BIOS.obj (.text:ti_sysbios_utils_Load_updateCurrentThreadTime__E)
                  0000912c    00000004     --HOLE-- [fill = 0]
                  00009130    00000088                   : BIOS.obj (.text:ti_sysbios_knl_Mailbox_Module_startup__E)
                  000091b8    00000088                   : BIOS.obj (.text:ti_sysbios_knl_Mailbox_pend__E)
                  00009240    00000088                   : BIOS.obj (.text:ti_sysbios_knl_Mailbox_post__E)
                  000092c8    00000086     grlib.lib : rectangle.obj (.text:GrRectFill)
                  0000934e    00000086     rtsv7M4_T_le_v4SPD16_eabi.lib : fd_cmp_t2.asm.obj (.text:__aeabi_cdcmple)
                  000093d4    00000086                                   : fd_cmp_t2.asm.obj (.text:__aeabi_cdrcmple)
                  0000945a    00000006     driverlib.lib : sysctl.obj (.text:SysCtlDelay)
                  00009460    00000084     buttons.obj (.text:getButtonPresses)
                  000094e4    00000004     --HOLE-- [fill = 0]
                  000094e8    00000084     sysbios.aem4f : BIOS.obj (.text:ti_sysbios_utils_Load_updateLoads__E)
                  0000956c    00000084     driverlib.lib : udma.obj (.text:uDMAChannelTransferSet)
                  000095f0    00000080     Crystalfontz128x128_ST7735.obj (.text:Crystalfontz128x128_RectFill)
                  00009670    00000080     rtsv7M4_T_le_v4SPD16_eabi.lib : s_floorf.c.obj (.text:floorf)
                  000096f0    00000080     kiss_fft.obj (.text:kf_bfly2)
                  00009770    00000080     sysbios.aem4f : BIOS.obj (.text:ti_sysbios_knl_Swi_Module_startup__E)
                  000097f0    0000007a     driverlib.lib : adc.obj (.text:ADCSequenceStepConfigure)
                  0000986a    0000007a     rtsv7M4_T_le_v4SPD16_eabi.lib : memset_t2.asm.obj (.text)
                  000098e4    00000004     --HOLE-- [fill = 0]
                  000098e8    00000078     HAL_EK_TM4C1294XL_Crystalfontz128x128_ST7735.obj (.text:HAL_LCD_PortInit)
                  00009960    00000078     HAL_EK_TM4C1294XL_Crystalfontz128x128_ST7735.obj (.text:HAL_LCD_SpiInit)
                  000099d8    00000078     sysbios.aem4f : BIOS.obj (.text:ti_sysbios_knl_Swi_post__E)
                  00009a50    00000074                   : BIOS.obj (.text:ti_sysbios_family_arm_m3_Hwi_Module_startup__E)
                  00009ac4    00000074     ti.uia.runtime.aem4f : QueueDescriptor.oem4f (.text:ti_uia_runtime_QueueDescriptor_addToList__E)
                  00009b38    00000070     OscilliscopeADC.obj (.text:ADC_ISR)
                  00009ba8    00000070     sysbios.aem4f : BIOS.obj (.text:ti_sysbios_knl_Clock_workFunc__E)
                  00009c18    00000070                   : BIOS.obj (.text:ti_sysbios_knl_Semaphore_Instance_init__E)
                  00009c88    0000006e     rtsv7M4_T_le_v4SPD16_eabi.lib : _printfi.c.obj (.text:_mcpy)
                  00009cf6    0000006e                                   : s_roundf.c.obj (.text:roundf)
                  00009d64    0000006e                                   : fd_tos_t2.asm.obj (.text)
                  00009dd2    00000002     --HOLE-- [fill = 0]
                  00009dd4    0000006d     ti.targets.arm.rtsarm.aem4f : System.oem4f (.text:xdc_runtime_System_formatNum__I)
                  00009e41    00000001     --HOLE-- [fill = 0]
                  00009e42    00000006                                 : System.oem4f (.text:xdc_runtime_System_Module_startup__E)
                  00009e48    0000006c     kiss_fft.obj (.text:kf_factor)
                  00009eb4    00000004     --HOLE-- [fill = 0]
                  00009eb8    0000006c     sysbios.aem4f : BIOS.obj (.text:ti_sysbios_knl_Swi_restoreHwi__E)
                  00009f24    00000004     --HOLE-- [fill = 0]
                  00009f28    0000006c                   : BIOS.obj (.text:ti_sysbios_utils_Load_logLoads__I)
                  00009f94    00000004     --HOLE-- [fill = 0]
                  00009f98    0000006c                   : BIOS.obj (.text:ti_sysbios_utils_Load_taskCreateHook__E)
                  0000a004    0000006c     ti.targets.arm.rtsarm.aem4f : Error.oem4f (.text:xdc_runtime_Error_print__E)
                  0000a070    0000006c                                 : Memory.oem4f (.text:xdc_runtime_Memory_alloc__E)
                  0000a0dc    00000068     grlib.lib : context.obj (.text:GrContextInit)
                  0000a144    00000068     rtsv7M4_T_le_v4SPD16_eabi.lib : copy_decompress_lzss.c.obj (.text:decompress:lzss:__TI_decompress_lzss)
                  0000a1ac    00000004     --HOLE-- [fill = 0]
                  0000a1b0    00000068     sysbios.aem4f : BIOS.obj (.text:ti_sysbios_family_arm_lm4_TimestampProvider_initTimerHandle__I)
                  0000a218    00000068                   : BIOS.obj (.text:ti_sysbios_utils_Load_addTask__E)
                  0000a280    00000066     ti.uia.loggers.aem4f : LoggerStopMode.oem4f (.text:ti_uia_loggers_LoggerStopMode_flush__E)
                  0000a2e6    00000066     ti.targets.arm.rtsarm.aem4f : Core-mem.oem4f (.text:xdc_runtime_Core_deleteObject__I)
                  0000a34c    00000064     rtsv7M4_T_le_v4SPD16_eabi.lib : s_frexp.c.obj (.text:frexp)
                  0000a3b0    00000064     sysbios.aem4f : BIOS.obj (.text:ti_sysbios_family_arm_lm4_Timer_Module_startup__E)
                  0000a414    00000004     --HOLE-- [fill = 0]
                  0000a418    00000060     buttons.obj (.text:ButtonDebounce)
                  0000a478    00000060     driverlib.lib : timer.obj (.text:TimerConfigure)
                  0000a4d8    0000005c     kiss_fft.obj (.text:kiss_fft_stride)
                  0000a534    00000004     --HOLE-- [fill = 0]
                  0000a538    0000005c     sysbios.aem4f : BIOS.obj (.text:ti_sysbios_knl_Swi_schedule__I)
                  0000a594    00000004     --HOLE-- [fill = 0]
                  0000a598    0000005c                   : BIOS.obj (.text:ti_sysbios_knl_Task_unblockI__E)
                  0000a5f4    0000005b     ti.targets.arm.rtsarm.aem4f : Text.oem4f (.text:xdc_runtime_Text_putLab__E)
                  0000a64f    00000001     --HOLE-- [fill = 0]
                  0000a650    0000005a     grlib.lib : string.obj (.text:FontWideGlyphDataGet)
                  0000a6aa    00000006     --HOLE-- [fill = 0]
                  0000a6b0    00000058     buttons.obj (.text:ButtonAutoRepeat)
                  0000a708    00000058     boot.aem4f : boot.oem4f (.text)
                  0000a760    00000058     rtsv7M4_T_le_v4SPD16_eabi.lib : hostwrite.c.obj (.text:HOSTwrite)
                  0000a7b8    00000058     driverlib.lib : timer.obj (.text:TimerControlTrigger)
                  0000a810    00000058     sysbios.aem4f : m3_Hwi_asm_switch.obj (.text:ti_sysbios_family_arm_m3_Hwi_initStacks__E)
                  0000a868    00000058                   : BIOS.obj (.text:ti_sysbios_knl_Swi_postInit__I)
                  0000a8c0    00000058     rtos_pem4f.oem4f (.text:ti_sysbios_utils_Load_hwiBeginHook__E)
                  0000a918    00000056     rtsv7M4_T_le_v4SPD16_eabi.lib : _printfi.c.obj (.text:_pconv_f)
                  0000a96e    00000054                                   : ltoa.c.obj (.text:ltoa)
                  0000a9c2    00000006     --HOLE-- [fill = 0]
                  0000a9c8    00000054     sysbios.aem4f : BIOS.obj (.text:ti_sysbios_utils_Load_taskSwitchHook__E)
                  0000aa1c    00000054     ti.targets.arm.rtsarm.aem4f : Assert.oem4f (.text:xdc_runtime_Assert_raise__I)
                  0000aa70    00000052     rtsv7M4_T_le_v4SPD16_eabi.lib : _printfi.c.obj (.text:_ecpy)
                  0000aac2    00000002     --HOLE-- [fill = 0]
                  0000aac4    00000050     Boot.aem4f : Boot_sysctl.oem4f (.text:_SysCtlFrequencyGet)
                  0000ab14    00000050     ti.targets.arm.rtsarm.aem4f : Startup.oem4f (.text:xdc_runtime_Startup_exec__E)
                  0000ab64    00000050                                 : Text.oem4f (.text:xdc_runtime_Text_visitRope2__I)
                  0000abb4    0000004c     rtsv7M4_T_le_v4SPD16_eabi.lib : atoi.c.obj (.text:atoi)
                  0000ac00    0000004c                                   : cpy_tbl.c.obj (.text:copy_in)
                  0000ac4c    0000004c                                   : snprintf.c.obj (.text:snprintf)
                  0000ac98    0000004c     sysbios.aem4f : BIOS.obj (.text:ti_sysbios_heaps_HeapMem_getStats__E)
                  0000ace4    00000004     --HOLE-- [fill = 0]
                  0000ace8    0000004c                   : BIOS.obj (.text:ti_sysbios_knl_Swi_runLoop__I)
                  0000ad34    00000004     --HOLE-- [fill = 0]
                  0000ad38    0000004c                   : BIOS.obj (.text:ti_sysbios_knl_Task_allBlockedFunction__I)
                  0000ad84    0000004c     ti.uia.loggers.aem4f : LoggerStopMode.oem4f (.text:ti_uia_loggers_LoggerStopMode_Module_startup__E)
                  0000add0    0000004a     grlib.lib : string.obj (.text:UpdateContextCharMapping)
                  0000ae1a    00000002     --HOLE-- [fill = 0]
                  0000ae1c    00000048     driverlib.lib : gpio.obj (.text:GPIOPinConfigure)
                  0000ae64    00000004     --HOLE-- [fill = 0]
                  0000ae68    00000048     HAL_EK_TM4C1294XL_Crystalfontz128x128_ST7735.obj (.text:HAL_LCD_writeCommand)
                  0000aeb0    00000048     sysctl_pll.obj (.text:SysCtlFrequencyGet)
                  0000aef8    00000048     driverlib.lib : sysctl.obj (.text:_SysCtlFrequencyGet)
                  0000af40    00000048     rtsv7M4_T_le_v4SPD16_eabi.lib : fd_toi_t2.asm.obj (.text)
                  0000af88    00000048     sysbios.aem4f : BIOS.obj (.text:ti_sysbios_family_arm_m3_Hwi_disableInterrupt__E)
                  0000afd0    00000048                   : BIOS.obj (.text:ti_sysbios_family_arm_m3_Hwi_enableInterrupt__E)
                  0000b018    00000048                   : BIOS.obj (.text:ti_sysbios_family_arm_m3_Hwi_excReserved__I)
                  0000b060    00000048                   : BIOS.obj (.text:ti_sysbios_utils_Load_swiBeginHook__E)
                  0000b0a8    00000048                   : BIOS.obj (.text:ti_sysbios_utils_Load_taskDeleteHook__E)
                  0000b0f0    00000048     driverlib.lib : udma.obj (.text:uDMAChannelAttributeDisable)
                  0000b138    00000046     grlib.lib : line.obj (.text:GrLineDrawH)
                  0000b17e    00000046               : line.obj (.text:GrLineDrawV)
                  0000b1c4    00000046     ti.targets.arm.rtsarm.aem4f : Core-params.oem4f (.text:xdc_runtime_Core_assignParams__I)
                  0000b20a    00000006     --HOLE-- [fill = 0]
                  0000b210    00000044     Crystalfontz128x128_ST7735.obj (.text:Crystalfontz128x128_SetOrientation)
                  0000b254    00000004     --HOLE-- [fill = 0]
                  0000b258    00000044     sysbios.aem4f : BIOS.obj (.text:ti_sysbios_family_arm_lm4_Timer_isrStub__E)
                  0000b29c    00000004     --HOLE-- [fill = 0]
                  0000b2a0    00000044                   : BIOS.obj (.text:ti_sysbios_family_arm_m3_Hwi_getStackInfo__E)
                  0000b2e4    00000004     --HOLE-- [fill = 0]
                  0000b2e8    00000044                   : BIOS.obj (.text:ti_sysbios_utils_Load_removeTask__E)
                  0000b32c    00000044     ti.uia.loggers.aem4f : LoggerStopMode.oem4f (.text:ti_uia_loggers_LoggerStopMode_initBuffer__I)
                  0000b370    00000044     ti.targets.arm.rtsarm.aem4f : Error.oem4f (.text:xdc_runtime_Error_setX__E)
                  0000b3b4    00000044                                 : SysMin.oem4f (.text:xdc_runtime_SysMin_flush__E)
                  0000b3f8    00000044                                 : Text.oem4f (.text:xdc_runtime_Text_xprintf__I)
                  0000b43c    00000004     --HOLE-- [fill = 0]
                  0000b440    00000040     Crystalfontz128x128_ST7735.obj (.text:Crystalfontz128x128_LineDrawH)
                  0000b480    00000040     rtsv7M4_T_le_v4SPD16_eabi.lib : u_divt2.asm.obj (.text)
                  0000b4c0    00000040     sysbios.aem4f : BIOS.obj (.text:ti_sysbios_family_arm_lm4_Timer_startup__E)
                  0000b500    0000003e     driverlib.lib : adc.obj (.text:ADCSequenceConfigure)
                  0000b53e    0000003e     rtsv7M4_T_le_v4SPD16_eabi.lib : _printfi.c.obj (.text:_fcpy)
                  0000b57c    00000004     --HOLE-- [fill = 0]
                  0000b580    0000003c     OscilliscopeADC.obj (.text:GetSpectrum)
                  0000b5bc    0000003c     driverlib.lib : ssi.obj (.text:SSIConfigSetExpClk)
                  0000b5f8    0000003c     sysbios.aem4f : BIOS.obj (.text:ti_sysbios_family_arm_m3_Hwi_excSvCall__I)
                  0000b634    00000004     --HOLE-- [fill = 0]
                  0000b638    0000003c                   : BIOS.obj (.text:ti_sysbios_heaps_HeapMem_init__I)
                  0000b674    00000004     --HOLE-- [fill = 0]
                  0000b678    0000003c                   : BIOS.obj (.text:ti_sysbios_knl_Swi_restore__E)
                  0000b6b4    00000004     --HOLE-- [fill = 0]
                  0000b6b8    0000003c                   : BIOS.obj (.text:ti_sysbios_utils_Load_hwiEndHook__E)
                  0000b6f4    0000003a     grlib.lib : string.obj (.text:FontGlyphDataGet)
                  0000b72e    00000002     --HOLE-- [fill = 0]
                  0000b730    00000038     Crystalfontz128x128_ST7735.obj (.text:Crystalfontz128x128_Flush)
                  0000b768    00000038     rtsv7M4_T_le_v4SPD16_eabi.lib : trgmsg.c.obj (.text:__TI_writemsg)
                  0000b7a0    00000038                                   : fs_tod_t2.asm.obj (.text)
                  0000b7d8    00000038     sysbios.aem4f : BIOS.obj (.text:ti_sysbios_family_arm_m3_Hwi_excNoIsr__I)
                  0000b810    00000038                   : BIOS.obj (.text:ti_sysbios_knl_Task_processVitalTaskFlag__I)
                  0000b848    00000038     ti.targets.arm.rtsarm.aem4f : SysMin.oem4f (.text:xdc_runtime_SysMin_putch__E)
                  0000b880    00000038                                 : System.oem4f (.text:xdc_runtime_System_atexit__E)
                  0000b8b8    00000036     grlib.lib : line.obj (.text:GrClipCodeGet)
                  0000b8ee    00000002     --HOLE-- [fill = 0]
                  0000b8f0    00000034     driverlib.lib : sysctl.obj (.text:SysCtlPeripheralEnable)
                  0000b924    00000034     rtsv7M4_T_le_v4SPD16_eabi.lib : trgmsg.c.obj (.text:__TI_readmsg)
                  0000b958    00000034     sysbios.aem4f : BIOS.obj (.text:ti_sysbios_family_arm_m3_Hwi_excNmi__I)
                  0000b98c    00000004     --HOLE-- [fill = 0]
                  0000b990    00000034                   : BIOS.obj (.text:ti_sysbios_hal_Hwi_checkStack)
                  0000b9c4    00000004     --HOLE-- [fill = 0]
                  0000b9c8    00000034                   : BIOS.obj (.text:ti_sysbios_utils_Load_swiEndHook__E)
                  0000b9fc    00000034     ti.uia.loggers.aem4f : LoggerStopMode.oem4f (.text:ti_uia_loggers_LoggerStopMode_reset__E)
                  0000ba30    00000034     ti.targets.arm.rtsarm.aem4f : Core-label.oem4f (.text:xdc_runtime_Core_assignLabel__I)
                  0000ba64    00000033                                 : Text.oem4f (.text:xdc_runtime_Text_printVisFxn__I)
                  0000ba97    00000001     --HOLE-- [fill = 0]
                  0000ba98    00000032     sysbios.aem4f : BIOS.obj (.text:ti_sysbios_hal_Hwi_initStack)
                  0000baca    00000006     --HOLE-- [fill = 0]
                  0000bad0    00000032                   : BIOS.obj (.text:ti_sysbios_knl_Semaphore_pendTimeout__I)
                  0000bb02    00000006     --HOLE-- [fill = 0]
                  0000bb08    00000030     main.obj (.text:Clock_Task)
                  0000bb38    00000030     rtsv7M4_T_le_v4SPD16_eabi.lib : snprintf.c.obj (.text:_outs)
                  0000bb68    00000030     main.obj (.text:cpu_load_count)
                  0000bb98    00000030     rtos_pem4f.oem4f (.text:ti_sysbios_BIOS_atExitFunc__I)
                  0000bbc8    00000030     sysbios.aem4f : BIOS.obj (.text:ti_sysbios_family_arm_lm4_Timer_stop__E)
                  0000bbf8    00000030                   : BIOS.obj (.text:ti_sysbios_family_arm_m3_TaskSupport_start__E)
                  0000bc28    00000030     rtos_pem4f.oem4f (.text:ti_sysbios_gates_GateHwi_Object__create__S)
                  0000bc58    00000030     rtos_pem4f.oem4f (.text:ti_sysbios_gates_GateMutex_Object__create__S)
                  0000bc88    00000030     rtos_pem4f.oem4f (.text:ti_sysbios_heaps_HeapMem_Object__create__S)
                  0000bcb8    00000030     rtos_pem4f.oem4f (.text:ti_sysbios_knl_Semaphore_construct)
                  0000bce8    00000030     rtos_pem4f.oem4f (.text:ti_uia_loggers_LoggerStopMode_Object__create__S)
                  0000bd18    00000030     ti.targets.arm.rtsarm.aem4f : SysMin.oem4f (.text:xdc_runtime_SysMin_abort__E)
                  0000bd48    00000030                                 : System.oem4f (.text:xdc_runtime_System_processAtExit__E)
                  0000bd78    0000002e     driverlib.lib : adc.obj (.text:ADCIntStatus)
                  0000bda6    0000002e     grlib.lib : string.obj (.text:GrStringNextCharGet)
                  0000bdd4    00000004     --HOLE-- [fill = 0]
                  0000bdd8    0000002e     rtos_pem4f.oem4f (.text:malloc)
                  0000be06    0000002e     rtsv7M4_T_le_v4SPD16_eabi.lib : i_tofd_t2.asm.obj (.text)
                  0000be34    00000004     --HOLE-- [fill = 0]
                  0000be38    0000002c     OscilliscopeADC.obj (.text:getADCBufferIndex)
                  0000be64    00000004     --HOLE-- [fill = 0]
                  0000be68    0000002c     rtos_pem4f.oem4f (.text:ti_sysbios_knl_Clock_doTick__I)
                  0000be94    00000004     --HOLE-- [fill = 0]
                  0000be98    0000002c     rtos_pem4f.oem4f (.text:ti_sysbios_knl_Queue_construct)
                  0000bec4    00000004     --HOLE-- [fill = 0]
                  0000bec8    0000002c     sysbios.aem4f : BIOS.obj (.text:ti_sysbios_knl_Task_restore__E)
                  0000bef4    0000002c     driverlib.lib : udma.obj (.text:uDMAChannelAssign)
                  0000bf20    0000002c     ti.targets.arm.rtsarm.aem4f : Text.oem4f (.text:xdc_runtime_Text_cordText__E)
                  0000bf4c    0000002a     driverlib.lib : gpio.obj (.text:GPIODirModeSet)
                  0000bf76    0000002a     ti.targets.arm.rtsarm.aem4f : System.oem4f (.text:xdc_runtime_System_putchar__I)
                  0000bfa0    00000028     rtos_pem4f.oem4f (.text:ti_sysbios_BIOS_startFunc__I)
                  0000bfc8    00000028     sysbios.aem4f : BIOS.obj (.text:ti_sysbios_knl_Semaphore_Instance_finalize__E)
                  0000bff0    00000028     driverlib.lib : udma.obj (.text:uDMAChannelModeGet)
                  0000c018    00000026     grlib.lib : string.obj (.text:GrFontInfoGet)
                  0000c03e    00000026     sysbios.aem4f : m3_Hwi_asm.obj (.text:ti_sysbios_family_arm_m3_Hwi_pendSV__I)
                  0000c064    00000026     ti.targets.arm.rtsarm.aem4f : System.oem4f (.text:xdc_runtime_System_avprintf__E)
                  0000c08a    00000006     --HOLE-- [fill = 0]
                  0000c090    00000024     rtos_pem4f.oem4f (.text:ti_sysbios_BIOS_registerRTSLock__I)
                  0000c0b4    00000004     --HOLE-- [fill = 0]
                  0000c0b8    00000024     rtos_pem4f.oem4f (.text:ti_sysbios_BIOS_removeRTSLock__I)
                  0000c0dc    00000004     --HOLE-- [fill = 0]
                  0000c0e0    00000024     rtos_pem4f.oem4f (.text:ti_sysbios_gates_GateMutex_Object__delete__S)
                  0000c104    00000004     --HOLE-- [fill = 0]
                  0000c108    00000024     sysbios.aem4f : BIOS.obj (.text:ti_sysbios_knl_Clock_Module_startup__E)
                  0000c12c    00000004     --HOLE-- [fill = 0]
                  0000c130    00000024                   : BIOS.obj (.text:ti_sysbios_knl_Task_restoreHwi__E)
                  0000c154    00000024     driverlib.lib : udma.obj (.text:uDMAChannelControlSet)
                  0000c178    00000024                   : udma.obj (.text:uDMAChannelSizeGet)
                  0000c19c    00000024     ti.targets.arm.rtsarm.aem4f : System.oem4f (.text:xdc_runtime_System_vprintf__E)
                  0000c1c0    00000022     grlib.lib : string.obj (.text:GrFontGlyphDataGet)
                  0000c1e2    00000006     --HOLE-- [fill = 0]
                  0000c1e8    00000022     sysbios.aem4f : BIOS.obj (.text:ti_sysbios_family_arm_lm4_Timer_write__I)
                  0000c20a    00000006     --HOLE-- [fill = 0]
                  0000c210    00000022     rtos_pem4f.oem4f (.text:xdc_runtime_SysMin_output__I)
                  0000c232    00000002     --HOLE-- [fill = 0]
                  0000c234    00000020     Boot.aem4f : Boot_sysctl.oem4f (.text:_SysCtlMemTimingGet)
                  0000c254    00000004     --HOLE-- [fill = 0]
                  0000c258    00000020     rtos_pem4f.oem4f (.text:ti_sysbios_BIOS_rtsLock__I)
                  0000c278    00000020     sysbios.aem4f : m3_Hwi_asm.obj (.text:ti_sysbios_family_arm_m3_Hwi_excHandlerAsm__I)
                  0000c298    00000020                   : BIOS.obj (.text:ti_sysbios_family_arm_m3_Hwi_excHandler__I)
                  0000c2b8    00000020     rtos_pem4f.oem4f (.text:ti_sysbios_gates_GateHwi_Object__delete__S)
                  0000c2d8    00000020     rtos_pem4f.oem4f (.text:ti_sysbios_heaps_HeapMem_Object__delete__S)
                  0000c2f8    00000020     sysbios.aem4f : BIOS.obj (.text:ti_sysbios_knl_Idle_run__E)
                  0000c318    00000020     rtos_pem4f.oem4f (.text:ti_sysbios_knl_Semaphore_Object__destruct__S)
                  0000c338    00000020     rtos_pem4f.oem4f (.text:ti_uia_loggers_LoggerStopMode_Object__delete__S)
                  0000c358    00000020     ti.targets.arm.rtsarm.aem4f : Registry.oem4f (.text:xdc_runtime_Registry_findById__E)
                  0000c378    00000020                                 : SysMin.oem4f (.text:xdc_runtime_SysMin_Module_startup__E)
                  0000c398    0000001e     driverlib.lib : adc.obj (.text:ADCSequenceDataGet)
                  0000c3b6    00000002     --HOLE-- [fill = 0]
                  0000c3b8    0000001e     Crystalfontz128x128_ST7735.obj (.text:Crystalfontz128x128_ColorTranslate)
                  0000c3d6    0000001e     grlib.lib : string.obj (.text:GrFontCodepageGet)
                  0000c3f4    00000004     --HOLE-- [fill = 0]
                  0000c3f8    0000001e     rtos_pem4f.oem4f (.text:ti_sysbios_BIOS_errorRaiseHook__I)
                  0000c416    0000001e     sysbios.aem4f : m3_Hwi_asm_switch.obj (.text:ti_sysbios_family_xxx_Hwi_switchAndRunFunc)
                  0000c434    00000004     --HOLE-- [fill = 0]
                  0000c438    0000001c     Crystalfontz128x128_ST7735.obj (.text:Crystalfontz128x128_LineDrawV)
                  0000c454    0000001c     driverlib.lib : sysctl.obj (.text:_SysCtlMemTimingGet)
                  0000c470    0000001c     rtsv7M4_T_le_v4SPD16_eabi.lib : memccpy.c.obj (.text:memccpy)
                  0000c48c    00000004     --HOLE-- [fill = 0]
                  0000c490    0000001c     sysbios.aem4f : BIOS.obj (.text:ti_sysbios_gates_GateMutex_Instance_init__E)
                  0000c4ac    00000004     --HOLE-- [fill = 0]
                  0000c4b0    0000001c     rtos_pem4f.oem4f (.text:ti_sysbios_knl_Queue_Object__destruct__S)
                  0000c4cc    00000004     --HOLE-- [fill = 0]
                  0000c4d0    0000001c     sysbios.aem4f : BIOS.obj (.text:ti_sysbios_knl_Queue_put__E)
                  0000c4ec    00000004     --HOLE-- [fill = 0]
                  0000c4f0    0000001c                   : BIOS.obj (.text:ti_sysbios_knl_Task_enter__I)
                  0000c50c    0000001c     ti.uia.loggers.aem4f : LoggerStopMode.oem4f (.text:ti_uia_loggers_LoggerStopMode_Instance_init__E)
                  0000c528    0000001c     ti.targets.arm.rtsarm.aem4f : Error.oem4f (.text:xdc_runtime_Error_raiseX__E)
                  0000c544    0000001c                                 : Memory.oem4f (.text:xdc_runtime_Memory_valloc__E)
                  0000c560    0000001c                                 : SysMin.oem4f (.text:xdc_runtime_SysMin_exit__E)
                  0000c57c    0000001c                                 : System.oem4f (.text:xdc_runtime_System_abort__E)
                  0000c598    0000001a     rtos_pem4f.oem4f (.text:free)
                  0000c5b2    00000006     --HOLE-- [fill = 0]
                  0000c5b8    0000001a     rtos_pem4f.oem4f (.text:ti_sysbios_family_arm_m3_Hwi_Handle__label__S)
                  0000c5d2    00000006     --HOLE-- [fill = 0]
                  0000c5d8    0000001a     rtos_pem4f.oem4f (.text:ti_sysbios_gates_GateHwi_Handle__label__S)
                  0000c5f2    00000006     --HOLE-- [fill = 0]
                  0000c5f8    0000001a     rtos_pem4f.oem4f (.text:ti_sysbios_gates_GateMutex_Handle__label__S)
                  0000c612    00000006     --HOLE-- [fill = 0]
                  0000c618    0000001a     rtos_pem4f.oem4f (.text:ti_sysbios_heaps_HeapMem_Handle__label__S)
                  0000c632    00000006     --HOLE-- [fill = 0]
                  0000c638    0000001a     rtos_pem4f.oem4f (.text:ti_sysbios_knl_Swi_Handle__label__S)
                  0000c652    00000006     --HOLE-- [fill = 0]
                  0000c658    0000001a     rtos_pem4f.oem4f (.text:ti_sysbios_knl_Task_Handle__label__S)
                  0000c672    00000006     --HOLE-- [fill = 0]
                  0000c678    0000001a     rtos_pem4f.oem4f (.text:ti_uia_loggers_LoggerStopMode_Handle__label__S)
                  0000c692    00000006     --HOLE-- [fill = 0]
                  0000c698    0000001a     rtos_pem4f.oem4f (.text:xdc_runtime_System_aprintf__E)
                  0000c6b2    00000006     --HOLE-- [fill = 0]
                  0000c6b8    0000001a     rtos_pem4f.oem4f (.text:xdc_runtime_System_printf__E)
                  0000c6d2    00000018     driverlib.lib : adc.obj (.text:ADCClockConfigSet)
                  0000c6ea    00000018                   : adc.obj (.text:ADCProcessorTrigger)
                  0000c702    00000018                   : gpio.obj (.text:GPIOPinTypeGPIOOutput)
                  0000c71a    00000002     --HOLE-- [fill = 0]
                  0000c71c    00000018     rtsv7M4_T_le_v4SPD16_eabi.lib : args_main.c.obj (.text:_args_main)
                  0000c734    00000018                                   : snprintf.c.obj (.text:_outc)
                  0000c74c    00000004     --HOLE-- [fill = 0]
                  0000c750    00000018     rtos_pem4f.oem4f (.text:ti_sysbios_BIOS_rtsUnlock__I)
                  0000c768    00000018     rtos_pem4f.oem4f (.text:ti_sysbios_family_arm_lm4_Timer_Module__startupDone__F)
                  0000c780    00000018     rtos_pem4f.oem4f (.text:ti_sysbios_family_arm_m3_Hwi_Module__startupDone__F)
                  0000c798    00000018     sysbios.aem4f : m3_TaskSupport_asm.obj (.text:ti_sysbios_family_arm_m3_TaskSupport_swap__E)
                  0000c7b0    00000018                   : BIOS.obj (.text:ti_sysbios_gates_GateMutex_leave__E)
                  0000c7c8    00000018     driverlib.lib : udma.obj (.text:uDMAChannelEnable)
                  0000c7e0    00000018                   : udma.obj (.text:uDMAChannelIsEnabled)
                  0000c7f8    00000018     ti.targets.arm.rtsarm.aem4f : Error.oem4f (.text:xdc_runtime_Error_check__E)
                  0000c810    00000018                                 : System.oem4f (.text:xdc_runtime_System_exit__E)
                  0000c828    00000018                                 : Text.oem4f (.text:xdc_runtime_Text_ropeText__E)
                  0000c840    00000016     grlib.lib : string.obj (.text:GrStringDraw)
                  0000c856    00000016     rtsv7M4_T_le_v4SPD16_eabi.lib : strchr.c.obj (.text:strchr)
                  0000c86c    00000004     --HOLE-- [fill = 0]
                  0000c870    00000016     rtos_pem4f.oem4f (.text:ti_sysbios_BIOS_exitFunc__I)
                  0000c886    00000016     ti.uia.loggers.aem4f : LoggerStopMode.oem4f (.text:ti_uia_loggers_LoggerStopMode_disable__E)
                  0000c89c    00000016                          : LoggerStopMode.oem4f (.text:ti_uia_loggers_LoggerStopMode_enable__E)
                  0000c8b2    00000006     --HOLE-- [fill = 0]
                  0000c8b8    00000014     Crystalfontz128x128_ST7735.obj (.text:Crystalfontz128x128_PixelDraw)
                  0000c8cc    00000014     driverlib.lib : timer.obj (.text:TimerDisable)
                  0000c8e0    00000014     rtsv7M4_T_le_v4SPD16_eabi.lib : s_copysign.c.obj (.text:copysign)
                  0000c8f4    00000014                                   : strlen.c.obj (.text:strlen)
                  0000c908    00000014     rtos_pem4f.oem4f (.text:ti_sysbios_family_arm_m3_Hwi_Object__get__S)
                  0000c91c    00000004     --HOLE-- [fill = 0]
                  0000c920    00000014     sysbios.aem4f : BIOS.obj (.text:ti_sysbios_family_arm_m3_Hwi_switchFromBootStack__E)
                  0000c934    00000004     --HOLE-- [fill = 0]
                  0000c938    00000014     rtos_pem4f.oem4f (.text:ti_sysbios_heaps_HeapMem_Object__get__S)
                  0000c94c    00000004     --HOLE-- [fill = 0]
                  0000c950    00000014     rtos_pem4f.oem4f (.text:ti_sysbios_knl_Mailbox_Object__get__S)
                  0000c964    00000004     --HOLE-- [fill = 0]
                  0000c968    00000014     rtos_pem4f.oem4f (.text:ti_sysbios_knl_Swi_Object__get__S)
                  0000c97c    00000004     --HOLE-- [fill = 0]
                  0000c980    00000014     rtos_pem4f.oem4f (.text:ti_sysbios_knl_Task_Object__get__S)
                  0000c994    00000012     driverlib.lib : gpio.obj (.text:GPIOPinTypeADC)
                  0000c9a6    00000012                   : gpio.obj (.text:GPIOPinTypeGPIOInput)
                  0000c9b8    00000012                   : gpio.obj (.text:GPIOPinTypeSSI)
                  0000c9ca    00000012                   : timer.obj (.text:TimerLoadSet)
                  0000c9dc    00000004     --HOLE-- [fill = 0]
                  0000c9e0    00000012     sysbios.aem4f : BIOS.obj (.text:ti_sysbios_hal_Hwi_Module_startup__E)
                  0000c9f2    00000006     --HOLE-- [fill = 0]
                  0000c9f8    00000012                   : BIOS.obj (.text:ti_sysbios_knl_Event_sync__E)
                  0000ca0a    00000012     rtsv7M4_T_le_v4SPD16_eabi.lib : wcslen.c.obj (.text:wcslen)
                  0000ca1c    00000004     --HOLE-- [fill = 0]
                  0000ca20    00000012     rtos_pem4f.oem4f (.text:xdc_runtime_Startup_exec__I)
                  0000ca32    00000006     --HOLE-- [fill = 0]
                  0000ca38    00000010     rtos_pem4f.oem4f (.text:.bootCodeSection:ti_catalog_arm_cortexm4_tiva_ce_Boot_init__I)
                  0000ca48    00000010     driverlib.lib : adc.obj (.text:ADCSequenceDMAEnable)
                  0000ca58    00000010                   : fpu.obj (.text:FPUEnable)
                  0000ca68    00000010                   : fpu.obj (.text:FPULazyStackingEnable)
                  0000ca78    00000010                   : interrupt.obj (.text:IntMasterDisable)
                  0000ca88    00000010                   : interrupt.obj (.text:IntMasterEnable)
                  0000ca98    00000010     sysbios.aem4f : BIOS.obj (.text:ti_sysbios_BIOS_getCpuFreq__E)
                  0000caa8    00000010                   : BIOS.obj (.text:ti_sysbios_BIOS_setThreadType__E)
                  0000cab8    00000010                   : BIOS.obj (.text:ti_sysbios_BIOS_start__E)
                  0000cac8    00000010                   : m3_TaskSupport_asm.obj (.text:ti_sysbios_family_arm_m3_TaskSupport_glue)
                  0000cad8    00000010                   : BIOS.obj (.text:ti_sysbios_gates_GateMutex_Instance_finalize__E)
                  0000cae8    00000010                   : BIOS.obj (.text:ti_sysbios_knl_Swi_disable__E)
                  0000caf8    00000010                   : BIOS.obj (.text:ti_sysbios_knl_Task_disable__E)
                  0000cb08    00000010     rtos_pem4f.oem4f (.text:ti_uia_loggers_LoggerStopMode_Object__get__S)
                  0000cb18    00000010     ti.uia.loggers.aem4f : LoggerStopMode.oem4f (.text:ti_uia_loggers_LoggerStopMode_isEmpty__E)
                  0000cb28    00000010     driverlib.lib : udma.obj (.text:uDMAEnable)
                  0000cb38    00000010     ti.targets.arm.rtsarm.aem4f : Gate.oem4f (.text:xdc_runtime_Gate_leaveSystem__E)
                  0000cb48    00000010                                 : Memory.oem4f (.text:xdc_runtime_Memory_free__E)
                  0000cb58    00000010                                 : SysMin.oem4f (.text:xdc_runtime_SysMin_ready__E)
                  0000cb68    00000010                                 : System.oem4f (.text:xdc_runtime_System_vsnprintf__E)
                  0000cb78    00000010     rtos_pem4f.oem4f (.text:xdc_runtime_Text_visitRope__I)
                  0000cb88    0000000e     driverlib.lib : adc.obj (.text:ADCSequenceDisable)
                  0000cb96    0000000e                   : adc.obj (.text:ADCSequenceEnable)
                  0000cba4    0000000e                   : timer.obj (.text:TimerEnable)
                  0000cbb2    0000000e     rtsv7M4_T_le_v4SPD16_eabi.lib : copy_decompress_none.c.obj (.text:decompress:none:__TI_decompress_none)
                  0000cbc0    0000000e     sysbios.aem4f : BIOS.obj (.text:ti_sysbios_knl_Idle_loop__E)
                  0000cbce    00000002     --HOLE-- [fill = 0]
                  0000cbd0    0000000e                   : BIOS.obj (.text:ti_sysbios_knl_Queue_empty__E)
                  0000cbde    0000000c     driverlib.lib : cpu.obj (.text:CPUcpsid)
                  0000cbea    0000000c                   : cpu.obj (.text:CPUcpsie)
                  0000cbf6    00000002     --HOLE-- [fill = 0]
                  0000cbf8    0000000c     HAL_EK_TM4C1294XL_Crystalfontz128x128_ST7735.obj (.text:HAL_LCD_writeData)
                  0000cc04    0000000c     rtsv7M4_T_le_v4SPD16_eabi.lib : _lock.c.obj (.text:_register_lock)
                  0000cc10    0000000c                                   : _lock.c.obj (.text:_register_unlock)
                  0000cc1c    0000000c                                   : copy_zero_init.c.obj (.text:decompress:ZI:__TI_zero_init)
                  0000cc28    0000000c     sysbios.aem4f : BIOS.obj (.text:ti_sysbios_family_arm_lm4_Timer_getMaxTicks__E)
                  0000cc34    00000004     --HOLE-- [fill = 0]
                  0000cc38    0000000c                   : BIOS.obj (.text:ti_sysbios_family_arm_m3_Hwi_disableFxn__E)
                  0000cc44    00000004     --HOLE-- [fill = 0]
                  0000cc48    0000000c                   : BIOS.obj (.text:ti_sysbios_family_arm_m3_TaskSupport_checkStack__E)
                  0000cc54    00000004     --HOLE-- [fill = 0]
                  0000cc58    0000000c                   : BIOS.obj (.text:ti_sysbios_gates_GateHwi_enter__E)
                  0000cc64    00000004     --HOLE-- [fill = 0]
                  0000cc68    0000000c     rtos_pem4f.oem4f (.text:ti_sysbios_knl_Queue_Object__get__S)
                  0000cc74    00000004     --HOLE-- [fill = 0]
                  0000cc78    0000000c     sysbios.aem4f : BIOS.obj (.text:ti_sysbios_utils_Load_taskRegHook__E)
                  0000cc84    0000000c     driverlib.lib : udma.obj (.text:uDMAControlBaseSet)
                  0000cc90    0000000c     ti.targets.arm.rtsarm.aem4f : Error.oem4f (.text:xdc_runtime_Error_init__E)
                  0000cc9c    0000000c                                 : Gate.oem4f (.text:xdc_runtime_Gate_enterSystem__E)
                  0000cca8    0000000c                                 : Memory.oem4f (.text:xdc_runtime_Memory_calloc__E)
                  0000ccb4    0000000c                                 : Memory.oem4f (.text:xdc_runtime_Memory_getMaxDefaultTypeAlign__E)
                  0000ccc0    0000000a     driverlib.lib : adc.obj (.text:ADCIntClear)
                  0000ccca    0000000a                   : ssi.obj (.text:SSIDataPut)
                  0000ccd4    0000000a                   : ssi.obj (.text:SSIEnable)
                  0000ccde    0000000a                   : timer.obj (.text:TimerIntStatus)
                  0000cce8    0000000a     rtos_pem4f.oem4f (.text:xdc_runtime_IHeap_alloc)
                  0000ccf2    00000006     --HOLE-- [fill = 0]
                  0000ccf8    0000000a     rtos_pem4f.oem4f (.text:xdc_runtime_IHeap_free)
                  0000cd02    00000008     driverlib.lib : adc.obj (.text:ADCIntEnableEx)
                  0000cd0a    00000008     grlib.lib : charmap.obj (.text:GrMapISO8859_1_Unicode)
                  0000cd12    00000008     driverlib.lib : ssi.obj (.text:SSIBusy)
                  0000cd1a    00000002     --HOLE-- [fill = 0]
                  0000cd1c    00000008     rtsv7M4_T_le_v4SPD16_eabi.lib : errno.c.obj (.text:__aeabi_errno_addr)
                  0000cd24    00000008     sysbios.aem4f : BIOS.obj (.text:ti_sysbios_family_arm_lm4_Timer_masterDisable__I)
                  0000cd2c    00000004     --HOLE-- [fill = 0]
                  0000cd30    00000008                   : BIOS.obj (.text:ti_sysbios_family_arm_m3_Hwi_doSwiRestore__I)
                  0000cd38    00000008                   : BIOS.obj (.text:ti_sysbios_family_arm_m3_Hwi_startup__E)
                  0000cd40    00000008                   : BIOS.obj (.text:ti_sysbios_knl_Task_getHookContext__E)
                  0000cd48    00000006     kiss_fft.obj (.text:kiss_fft)
                  0000cd4e    00000002     --HOLE-- [fill = 0]
                  0000cd50    00000006     sysbios.aem4f : BIOS.obj (.text:ti_sysbios_family_arm_lm4_TimestampProvider_Module_startup__E)
                  0000cd56    00000002     --HOLE-- [fill = 0]
                  0000cd58    00000006                   : BIOS.obj (.text:ti_sysbios_family_arm_m3_Hwi_doTaskRestore__I)
                  0000cd5e    00000002     --HOLE-- [fill = 0]
                  0000cd60    00000006                   : BIOS.obj (.text:ti_sysbios_family_arm_m3_Hwi_restoreFxn__E)
                  0000cd66    00000002     --HOLE-- [fill = 0]
                  0000cd68    00000006                   : BIOS.obj (.text:ti_sysbios_gates_GateHwi_leave__E)
                  0000cd6e    00000002     --HOLE-- [fill = 0]
                  0000cd70    00000006                   : BIOS.obj (.text:ti_sysbios_heaps_HeapMem_isBlocking__E)
                  0000cd76    00000002     --HOLE-- [fill = 0]
                  0000cd78    00000006                   : BIOS.obj (.text:ti_sysbios_knl_Queue_Instance_init__E)
                  0000cd7e    00000002     --HOLE-- [fill = 0]
                  0000cd80    00000006                   : BIOS.obj (.text:ti_sysbios_knl_Swi_startup__E)
                  0000cd86    00000002     --HOLE-- [fill = 0]
                  0000cd88    00000004     rtos_pem4f.oem4f (.text:ti_sysbios_BIOS_RtsGateProxy_enter__E)
                  0000cd8c    00000004     --HOLE-- [fill = 0]
                  0000cd90    00000004     rtos_pem4f.oem4f (.text:ti_sysbios_BIOS_RtsGateProxy_leave__E)
                  0000cd94    00000004     --HOLE-- [fill = 0]
                  0000cd98    00000004     sysbios.aem4f : BIOS.obj (.text:ti_sysbios_family_arm_lm4_Timer_getPeriod__E)
                  0000cd9c    00000004     --HOLE-- [fill = 0]
                  0000cda0    00000004     rtos_pem4f.oem4f (.text:ti_sysbios_family_arm_m3_TaskSupport_Module__startupDone__S)
                  0000cda4    00000004     --HOLE-- [fill = 0]
                  0000cda8    00000004     sysbios.aem4f : BIOS.obj (.text:ti_sysbios_gates_GateHwi_query__E)
                  0000cdac    00000004     --HOLE-- [fill = 0]
                  0000cdb0    00000004                   : BIOS.obj (.text:ti_sysbios_gates_GateMutex_query__E)
                  0000cdb4    00000004     --HOLE-- [fill = 0]
                  0000cdb8    00000004     rtos_pem4f.oem4f (.text:ti_sysbios_heaps_HeapMem_Module_GateProxy_enter__E)
                  0000cdbc    00000004     --HOLE-- [fill = 0]
                  0000cdc0    00000004     rtos_pem4f.oem4f (.text:ti_sysbios_heaps_HeapMem_Module_GateProxy_leave__E)
                  0000cdc4    00000004     --HOLE-- [fill = 0]
                  0000cdc8    00000004     rtos_pem4f.oem4f (.text:ti_sysbios_knl_Clock_TimerProxy_getMaxTicks__E)
                  0000cdcc    00000004     --HOLE-- [fill = 0]
                  0000cdd0    00000004     rtos_pem4f.oem4f (.text:ti_sysbios_knl_Clock_TimerProxy_getPeriod__E)
                  0000cdd4    00000004     --HOLE-- [fill = 0]
                  0000cdd8    00000004     rtos_pem4f.oem4f (.text:ti_sysbios_knl_Queue_destruct)
                  0000cddc    00000004     --HOLE-- [fill = 0]
                  0000cde0    00000004     rtos_pem4f.oem4f (.text:ti_sysbios_knl_Semaphore_destruct)
                  0000cde4    00000004     --HOLE-- [fill = 0]
                  0000cde8    00000004     sysbios.aem4f : BIOS.obj (.text:ti_sysbios_knl_Semaphore_getCount__E)
                  0000cdec    00000004     --HOLE-- [fill = 0]
                  0000cdf0    00000004                   : BIOS.obj (.text:ti_sysbios_knl_Task_startup__E)
                  0000cdf4    00000004     --HOLE-- [fill = 0]
                  0000cdf8    00000004     rtos_pem4f.oem4f (.text:ti_uia_loggers_LoggerStopMode_getFilterLevel__E)
                  0000cdfc    00000004     --HOLE-- [fill = 0]
                  0000ce00    00000004     rtos_pem4f.oem4f (.text:xdc_runtime_System_Module_GateProxy_enter__E)
                  0000ce04    00000004     --HOLE-- [fill = 0]
                  0000ce08    00000004     rtos_pem4f.oem4f (.text:xdc_runtime_System_Module_GateProxy_leave__E)
                  0000ce0c    00000004     --HOLE-- [fill = 0]
                  0000ce10    00000002     rtos_pem4f.oem4f (.text:ti_sysbios_BIOS_nullFunc__I)
                  0000ce12    00000006     --HOLE-- [fill = 0]
                  0000ce18    00000002     sysbios.aem4f : BIOS.obj (.text:ti_sysbios_gates_GateHwi_Instance_init__E)
                  0000ce1a    00000006     --HOLE-- [fill = 0]
                  0000ce20    00000002                   : BIOS.obj (.text:ti_sysbios_knl_Clock_logTick__E)
                  0000ce22    00000006     --HOLE-- [fill = 0]
                  0000ce28    00000002     rtos_pem4f.oem4f (.text:ti_uia_loggers_LoggerStopMode_setFilterLevel__E)
                  0000ce2a    00000006     --HOLE-- [fill = 0]
                  0000ce30    00000002     rtos_pem4f.oem4f (.text:xdc_runtime_Startup_reset__I)

.const     0    0000ce38    00003224     
                  0000ce38    00002058     rtos_pem4f.oem4f (.const:xdc_runtime_Text_charTab__A)
                  0000ee90    000002f8     grlib.lib : fontfixed6x8.obj (.const:.string:g_pui8FontFixed6x8Data)
                  0000f188    00000158     rtsv7M4_T_le_v4SPD16_eabi.lib : k_rem_pio2.c.obj (.const:$O1$$)
                  0000f2e0    00000120     Boot.aem4f : Boot_sysctl.oem4f (.const:g_pppui32XTALtoVCO)
                  0000f400    00000120     driverlib.lib : sysctl.obj (.const:g_pppui32XTALtoVCO)
                  0000f520    00000108     rtos_pem4f.oem4f (.const:xdc_runtime_Text_nodeTab__A)
                  0000f628    00000101     rtsv7M4_T_le_v4SPD16_eabi.lib : ctype.c.obj (.const:.string:_ctypes_)
                  0000f729    00000001     rtos_pem4f.oem4f (.const:xdc_runtime_Error_policy__C)
                  0000f72a    00000002     rtos_pem4f.oem4f (.const:ti_catalog_arm_cortexm4_tiva_ce_Boot_Module__id__C)
                  0000f72c    000000c8     grlib.lib : fontfixed6x8.obj (.const:g_sFontFixed6x8)
                  0000f7f4    00000090     driverlib.lib : gpio.obj (.const:g_pui32GPIOBaseAddrs)
                  0000f884    0000006c     Boot.aem4f : Boot_sysctl.oem4f (.const:g_pui32Xtals)
                  0000f8f0    0000006c     driverlib.lib : sysctl.obj (.const:g_pui32Xtals)
                  0000f95c    00000068     main.obj (.const:.string)
                  0000f9c4    00000060     rtos_pem4f.oem4f (.const:ti_uia_loggers_LoggerStopMode_Module__FXNS__C)
                  0000fa24    00000048     rtos_pem4f.oem4f (.const:.string)
                  0000fa6c    00000034     rtos_pem4f.oem4f (.const)
                  0000faa0    00000030     Boot.aem4f : Boot_sysctl.oem4f (.const:g_sXTALtoMEMTIM)
                  0000fad0    00000030     driverlib.lib : sysctl.obj (.const:g_sXTALtoMEMTIM)
                  0000fb00    0000002c     rtos_pem4f.oem4f (.const:xdc_runtime_Startup_sfxnTab__A)
                  0000fb2c    00000028     main.obj (.const:TimeScaleStr)
                  0000fb54    00000028     Crystalfontz128x128_ST7735.obj (.const:g_sCrystalfontz128x128)
                  0000fb7c    00000028     rtos_pem4f.oem4f (.const:ti_sysbios_heaps_HeapMem_Module__FXNS__C)
                  0000fba4    00000028     rtos_pem4f.oem4f (.const:ti_uia_loggers_LoggerStopMode_Object__PARAMS__C)
                  0000fbcc    00000024     rtos_pem4f.oem4f (.const:ti_sysbios_gates_GateHwi_Module__FXNS__C)
                  0000fbf0    00000024     rtos_pem4f.oem4f (.const:ti_sysbios_gates_GateMutex_Module__FXNS__C)
                  0000fc14    00000024     rtos_pem4f.oem4f (.const:ti_sysbios_heaps_HeapMem_Object__PARAMS__C)
                  0000fc38    00000024     rtos_pem4f.oem4f (.const:ti_sysbios_knl_Semaphore_Object__PARAMS__C)
                  0000fc5c    00000020     rtos_pem4f.oem4f (.const:ti_sysbios_gates_GateHwi_Object__DESC__C)
                  0000fc7c    00000020     rtos_pem4f.oem4f (.const:ti_sysbios_gates_GateMutex_Object__DESC__C)
                  0000fc9c    00000020     rtos_pem4f.oem4f (.const:ti_sysbios_heaps_HeapMem_Object__DESC__C)
                  0000fcbc    00000020     rtos_pem4f.oem4f (.const:ti_sysbios_knl_Queue_Object__DESC__C)
                  0000fcdc    00000020     rtos_pem4f.oem4f (.const:ti_sysbios_knl_Semaphore_Object__DESC__C)
                  0000fcfc    00000020     rtos_pem4f.oem4f (.const:ti_uia_loggers_LoggerStopMode_Object__DESC__C)
                  0000fd1c    00000018     rtos_pem4f.oem4f (.const:ti_sysbios_gates_GateHwi_Object__PARAMS__C)
                  0000fd34    00000018     rtos_pem4f.oem4f (.const:ti_sysbios_gates_GateMutex_Object__PARAMS__C)
                  0000fd4c    00000018     rtos_pem4f.oem4f (.const:ti_sysbios_knl_Queue_Object__PARAMS__C)
                  0000fd64    00000018     rtos_pem4f.oem4f (.const:ti_sysbios_knl_Swi_hooks__A)
                  0000fd7c    00000018     rtos_pem4f.oem4f (.const:ti_sysbios_knl_Task_hooks__A)
                  0000fd94    00000018     rtos_pem4f.oem4f (.const:xdc_runtime_Startup_firstFxns__A)
                  0000fdac    00000016     rtos_pem4f.oem4f (.const:xdc_runtime_Startup_sfxnRts__A)
                  0000fdc2    00000002     rtos_pem4f.oem4f (.const:ti_sysbios_family_arm_lm4_TimestampProvider_Module__id__C)
                  0000fdc4    00000014     rtos_pem4f.oem4f (.const:ti_sysbios_family_arm_m3_Hwi_hooks__A)
                  0000fdd8    00000010     main.obj (.const:VoltageScaleStr)
                  0000fde8    00000010     grlib.lib : context.obj (.const)
                  0000fdf8    00000008     Boot.aem4f : Boot_sysctl.oem4f (.const)
                  0000fe00    00000008     driverlib.lib : sysctl.obj (.const)
                  0000fe08    00000008     rtos_pem4f.oem4f (.const:ti_sysbios_family_arm_m3_Hwi_excHookFuncs__A)
                  0000fe10    00000008     rtos_pem4f.oem4f (.const:ti_sysbios_family_arm_m3_Hwi_hooks__C)
                  0000fe18    00000008     rtos_pem4f.oem4f (.const:ti_sysbios_knl_Idle_funcList__A)
                  0000fe20    00000008     rtos_pem4f.oem4f (.const:ti_sysbios_knl_Idle_funcList__C)
                  0000fe28    00000008     rtos_pem4f.oem4f (.const:ti_sysbios_knl_Swi_hooks__C)
                  0000fe30    00000008     rtos_pem4f.oem4f (.const:ti_sysbios_knl_Task_hooks__C)
                  0000fe38    00000008     rtos_pem4f.oem4f (.const:xdc_runtime_Startup_firstFxns__C)
                  0000fe40    00000008     rtos_pem4f.oem4f (.const:xdc_runtime_Startup_lastFxns__C)
                  0000fe48    00000004     rtos_pem4f.oem4f (.const:ti_catalog_arm_cortexm4_tiva_ce_Boot_A_mustNotUseEnhancedClockMode__C)
                  0000fe4c    00000004     rtos_pem4f.oem4f (.const:ti_catalog_arm_cortexm4_tiva_ce_Boot_Module__diagsEnabled__C)
                  0000fe50    00000004     rtos_pem4f.oem4f (.const:ti_catalog_arm_cortexm4_tiva_ce_Boot_Module__diagsIncluded__C)
                  0000fe54    00000004     rtos_pem4f.oem4f (.const:ti_catalog_arm_cortexm4_tiva_ce_Boot_Module__diagsMask__C)
                  0000fe58    00000004     rtos_pem4f.oem4f (.const:ti_sysbios_family_arm_lm4_Timer_enableFunc__C)
                  0000fe5c    00000004     rtos_pem4f.oem4f (.const:ti_sysbios_family_arm_lm4_Timer_numTimerDevices__C)
                  0000fe60    00000004     rtos_pem4f.oem4f (.const:ti_sysbios_family_arm_lm4_Timer_startupNeeded__C)
                  0000fe64    00000004     rtos_pem4f.oem4f (.const:ti_sysbios_family_arm_lm4_TimestampProvider_Module__diagsEnabled__C)
                  0000fe68    00000004     rtos_pem4f.oem4f (.const:ti_sysbios_family_arm_lm4_TimestampProvider_Module__diagsIncluded__C)
                  0000fe6c    00000004     rtos_pem4f.oem4f (.const:ti_sysbios_family_arm_lm4_TimestampProvider_Module__diagsMask__C)
                  0000fe70    00000004     rtos_pem4f.oem4f (.const:ti_sysbios_family_arm_m3_Hwi_E_NMI__C)
                  0000fe74    00000004     rtos_pem4f.oem4f (.const:ti_sysbios_family_arm_m3_Hwi_E_busFault__C)
                  0000fe78    00000004     rtos_pem4f.oem4f (.const:ti_sysbios_family_arm_m3_Hwi_E_debugMon__C)
                  0000fe7c    00000004     rtos_pem4f.oem4f (.const:ti_sysbios_family_arm_m3_Hwi_E_hardFault__C)
                  0000fe80    00000004     rtos_pem4f.oem4f (.const:ti_sysbios_family_arm_m3_Hwi_E_memFault__C)
                  0000fe84    00000004     rtos_pem4f.oem4f (.const:ti_sysbios_family_arm_m3_Hwi_E_noIsr__C)
                  0000fe88    00000004     rtos_pem4f.oem4f (.const:ti_sysbios_family_arm_m3_Hwi_E_reserved__C)
                  0000fe8c    00000004     rtos_pem4f.oem4f (.const:ti_sysbios_family_arm_m3_Hwi_E_svCall__C)
                  0000fe90    00000004     rtos_pem4f.oem4f (.const:ti_sysbios_family_arm_m3_Hwi_E_usageFault__C)
                  0000fe94    00000004     rtos_pem4f.oem4f (.const:ti_sysbios_family_arm_m3_Hwi_NUM_INTERRUPTS__C)
                  0000fe98    00000004     rtos_pem4f.oem4f (.const:ti_sysbios_family_arm_m3_Hwi_Object__count__C)
                  0000fe9c    00000004     rtos_pem4f.oem4f (.const:ti_sysbios_family_arm_m3_Hwi_ccr__C)
                  0000fea0    00000004     rtos_pem4f.oem4f (.const:ti_sysbios_family_arm_m3_Hwi_excHandlerFunc__C)
                  0000fea4    00000004     rtos_pem4f.oem4f (.const:ti_sysbios_family_arm_m3_Hwi_excHookFuncs__C)
                  0000fea8    00000004     rtos_pem4f.oem4f (.const:ti_sysbios_family_arm_m3_Hwi_nullIsrFunc__C)
                  0000feac    00000004     rtos_pem4f.oem4f (.const:ti_sysbios_family_arm_m3_Hwi_priGroup__C)
                  0000feb0    00000004     rtos_pem4f.oem4f (.const:ti_sysbios_gates_GateMutex_A_badContext__C)
                  0000feb4    00000004     rtos_pem4f.oem4f (.const:ti_sysbios_gates_GateMutex_Instance_State_sem__O)
                  0000feb8    00000004     rtos_pem4f.oem4f (.const:ti_sysbios_gates_GateMutex_Module__diagsEnabled__C)
                  0000febc    00000004     rtos_pem4f.oem4f (.const:ti_sysbios_gates_GateMutex_Module__diagsIncluded__C)
                  0000fec0    00000004     rtos_pem4f.oem4f (.const:ti_sysbios_gates_GateMutex_Module__diagsMask__C)
                  0000fec4    00000004     rtos_pem4f.oem4f (.const:ti_sysbios_hal_Hwi_E_stackOverflow__C)
                  0000fec8    00000004     rtos_pem4f.oem4f (.const:ti_sysbios_heaps_HeapMem_A_align__C)
                  0000fecc    00000004     rtos_pem4f.oem4f (.const:ti_sysbios_heaps_HeapMem_A_heapSize__C)
                  0000fed0    00000004     rtos_pem4f.oem4f (.const:ti_sysbios_heaps_HeapMem_A_invalidFree__C)
                  0000fed4    00000004     rtos_pem4f.oem4f (.const:ti_sysbios_heaps_HeapMem_A_zeroBlock__C)
                  0000fed8    00000004     rtos_pem4f.oem4f (.const:ti_sysbios_heaps_HeapMem_E_memory__C)
                  0000fedc    00000004     rtos_pem4f.oem4f (.const:ti_sysbios_heaps_HeapMem_Module__diagsEnabled__C)
                  0000fee0    00000004     rtos_pem4f.oem4f (.const:ti_sysbios_heaps_HeapMem_Module__diagsIncluded__C)
                  0000fee4    00000004     rtos_pem4f.oem4f (.const:ti_sysbios_heaps_HeapMem_Module__diagsMask__C)
                  0000fee8    00000004     rtos_pem4f.oem4f (.const:ti_sysbios_heaps_HeapMem_Module__gateObj__C)
                  0000feec    00000004     rtos_pem4f.oem4f (.const:ti_sysbios_heaps_HeapMem_Object__count__C)
                  0000fef0    00000004     rtos_pem4f.oem4f (.const:ti_sysbios_heaps_HeapMem_reqAlign__C)
                  0000fef4    00000004     rtos_pem4f.oem4f (.const:ti_sysbios_knl_Clock_Module_State_clockQ__O)
                  0000fef8    00000004     rtos_pem4f.oem4f (.const:ti_sysbios_knl_Event_A_nullEventId__C)
                  0000fefc    00000004     rtos_pem4f.oem4f (.const:ti_sysbios_knl_Event_Instance_State_pendQ__O)
                  0000ff00    00000004     rtos_pem4f.oem4f (.const:ti_sysbios_knl_Event_Module__diagsEnabled__C)
                  0000ff04    00000004     rtos_pem4f.oem4f (.const:ti_sysbios_knl_Event_Module__diagsIncluded__C)
                  0000ff08    00000004     rtos_pem4f.oem4f (.const:ti_sysbios_knl_Event_Module__diagsMask__C)
                  0000ff0c    00000004     rtos_pem4f.oem4f (.const:ti_sysbios_knl_Mailbox_Instance_State_dataQue__O)
                  0000ff10    00000004     rtos_pem4f.oem4f (.const:ti_sysbios_knl_Mailbox_Instance_State_dataSem__O)
                  0000ff14    00000004     rtos_pem4f.oem4f (.const:ti_sysbios_knl_Mailbox_Instance_State_freeQue__O)
                  0000ff18    00000004     rtos_pem4f.oem4f (.const:ti_sysbios_knl_Mailbox_Instance_State_freeSem__O)
                  0000ff1c    00000004     rtos_pem4f.oem4f (.const:ti_sysbios_knl_Mailbox_Object__count__C)
                  0000ff20    00000004     rtos_pem4f.oem4f (.const:ti_sysbios_knl_Mailbox_maxTypeAlign__C)
                  0000ff24    00000004     rtos_pem4f.oem4f (.const:ti_sysbios_knl_Semaphore_A_badContext__C)
                  0000ff28    00000004     rtos_pem4f.oem4f (.const:ti_sysbios_knl_Semaphore_A_overflow__C)
                  0000ff2c    00000004     rtos_pem4f.oem4f (.const:ti_sysbios_knl_Semaphore_A_pendTaskDisabled__C)
                  0000ff30    00000004     rtos_pem4f.oem4f (.const:ti_sysbios_knl_Semaphore_Instance_State_pendQ__O)
                  0000ff34    00000004     rtos_pem4f.oem4f (.const:ti_sysbios_knl_Semaphore_Module__diagsEnabled__C)
                  0000ff38    00000004     rtos_pem4f.oem4f (.const:ti_sysbios_knl_Semaphore_Module__diagsIncluded__C)
                  0000ff3c    00000004     rtos_pem4f.oem4f (.const:ti_sysbios_knl_Semaphore_Module__diagsMask__C)
                  0000ff40    00000004     rtos_pem4f.oem4f (.const:ti_sysbios_knl_Semaphore_eventPost__C)
                  0000ff44    00000004     rtos_pem4f.oem4f (.const:ti_sysbios_knl_Semaphore_eventSync__C)
                  0000ff48    00000004     rtos_pem4f.oem4f (.const:ti_sysbios_knl_Swi_Object__count__C)
                  0000ff4c    00000004     rtos_pem4f.oem4f (.const:ti_sysbios_knl_Swi_numConstructedSwis__C)
                  0000ff50    00000004     rtos_pem4f.oem4f (.const:ti_sysbios_knl_Task_E_spOutOfBounds__C)
                  0000ff54    00000004     rtos_pem4f.oem4f (.const:ti_sysbios_knl_Task_E_stackOverflow__C)
                  0000ff58    00000004     rtos_pem4f.oem4f (.const:ti_sysbios_knl_Task_Module_State_inactiveQ__O)
                  0000ff5c    00000004     rtos_pem4f.oem4f (.const:ti_sysbios_knl_Task_Object__count__C)
                  0000ff60    00000004     rtos_pem4f.oem4f (.const:ti_sysbios_knl_Task_Object__heap__C)
                  0000ff64    00000004     rtos_pem4f.oem4f (.const:ti_sysbios_knl_Task_allBlockedFunc__C)
                  0000ff68    00000004     rtos_pem4f.oem4f (.const:ti_sysbios_knl_Task_numConstructedTasks__C)
                  0000ff6c    00000004     rtos_pem4f.oem4f (.const:ti_sysbios_utils_Load_Module_State_taskList__O)
                  0000ff70    00000004     rtos_pem4f.oem4f (.const:ti_sysbios_utils_Load_Module__diagsEnabled__C)
                  0000ff74    00000004     rtos_pem4f.oem4f (.const:ti_sysbios_utils_Load_Module__diagsIncluded__C)
                  0000ff78    00000004     rtos_pem4f.oem4f (.const:ti_sysbios_utils_Load_Module__diagsMask__C)
                  0000ff7c    00000004     rtos_pem4f.oem4f (.const:ti_sysbios_utils_Load_postUpdate__C)
                  0000ff80    00000004     rtos_pem4f.oem4f (.const:ti_sysbios_utils_Load_windowInMs__C)
                  0000ff84    00000004     rtos_pem4f.oem4f (.const:ti_uia_loggers_LoggerStopMode_Module__diagsEnabled__C)
                  0000ff88    00000004     rtos_pem4f.oem4f (.const:ti_uia_loggers_LoggerStopMode_Module__diagsIncluded__C)
                  0000ff8c    00000004     rtos_pem4f.oem4f (.const:ti_uia_loggers_LoggerStopMode_Module__diagsMask__C)
                  0000ff90    00000004     rtos_pem4f.oem4f (.const:ti_uia_loggers_LoggerStopMode_Object__count__C)
                  0000ff94    00000004     rtos_pem4f.oem4f (.const:ti_uia_runtime_ILoggerSnapshot_Interface__BASE__C)
                  0000ff98    00000004     rtos_pem4f.oem4f (.const:ti_uia_runtime_IUIATransfer_Interface__BASE__C)
                  0000ff9c    00000004     rtos_pem4f.oem4f (.const:xdc_runtime_Assert_E_assertFailed__C)
                  0000ffa0    00000004     rtos_pem4f.oem4f (.const:xdc_runtime_Core_A_initializedParams__C)
                  0000ffa4    00000004     rtos_pem4f.oem4f (.const:xdc_runtime_Core_Module__diagsEnabled__C)
                  0000ffa8    00000004     rtos_pem4f.oem4f (.const:xdc_runtime_Core_Module__diagsIncluded__C)
                  0000ffac    00000004     rtos_pem4f.oem4f (.const:xdc_runtime_Core_Module__diagsMask__C)
                  0000ffb0    00000004     rtos_pem4f.oem4f (.const:xdc_runtime_Error_E_memory__C)
                  0000ffb4    00000004     rtos_pem4f.oem4f (.const:xdc_runtime_Error_Module__diagsEnabled__C)
                  0000ffb8    00000004     rtos_pem4f.oem4f (.const:xdc_runtime_Error_Module__diagsIncluded__C)
                  0000ffbc    00000004     rtos_pem4f.oem4f (.const:xdc_runtime_Error_Module__diagsMask__C)
                  0000ffc0    00000004     rtos_pem4f.oem4f (.const:xdc_runtime_Error_Module__loggerFxn8__C)
                  0000ffc4    00000004     rtos_pem4f.oem4f (.const:xdc_runtime_Error_Module__loggerObj__C)
                  0000ffc8    00000004     rtos_pem4f.oem4f (.const:xdc_runtime_Error_policyFxn__C)
                  0000ffcc    00000004     rtos_pem4f.oem4f (.const:xdc_runtime_Error_raiseHook__C)
                  0000ffd0    00000004     rtos_pem4f.oem4f (.const:xdc_runtime_IFilterLogger_Interface__BASE__C)
                  0000ffd4    00000004     rtos_pem4f.oem4f (.const:xdc_runtime_IGateProvider_Interface__BASE__C)
                  0000ffd8    00000004     rtos_pem4f.oem4f (.const:xdc_runtime_IHeap_Interface__BASE__C)
                  0000ffdc    00000004     rtos_pem4f.oem4f (.const:xdc_runtime_ILogger_Interface__BASE__C)
                  0000ffe0    00000004     rtos_pem4f.oem4f (.const:xdc_runtime_IModule_Interface__BASE__C)
                  0000ffe4    00000004     rtos_pem4f.oem4f (.const:xdc_runtime_Log_L_error__C)
                  0000ffe8    00000004     rtos_pem4f.oem4f (.const:xdc_runtime_Memory_defaultHeapInstance__C)
                  0000ffec    00000004     rtos_pem4f.oem4f (.const:xdc_runtime_Startup_execImpl__C)
                  0000fff0    00000004     rtos_pem4f.oem4f (.const:xdc_runtime_Startup_maxPasses__C)
                  0000fff4    00000004     rtos_pem4f.oem4f (.const:xdc_runtime_Startup_sfxnRts__C)
                  0000fff8    00000004     rtos_pem4f.oem4f (.const:xdc_runtime_Startup_sfxnTab__C)
                  0000fffc    00000004     rtos_pem4f.oem4f (.const:xdc_runtime_SysMin_bufSize__C)
                  00010000    00000004     rtos_pem4f.oem4f (.const:xdc_runtime_SysMin_outputFunc__C)
                  00010004    00000004     rtos_pem4f.oem4f (.const:xdc_runtime_System_Module__gateObj__C)
                  00010008    00000004     rtos_pem4f.oem4f (.const:xdc_runtime_System_abortFxn__C)
                  0001000c    00000004     rtos_pem4f.oem4f (.const:xdc_runtime_System_exitFxn__C)
                  00010010    00000004     rtos_pem4f.oem4f (.const:xdc_runtime_System_extendFxn__C)
                  00010014    00000004     rtos_pem4f.oem4f (.const:xdc_runtime_System_maxAtexitHandlers__C)
                  00010018    00000004     rtos_pem4f.oem4f (.const:xdc_runtime_Text_charTab__C)
                  0001001c    00000004     rtos_pem4f.oem4f (.const:xdc_runtime_Text_nameEmpty__C)
                  00010020    00000004     rtos_pem4f.oem4f (.const:xdc_runtime_Text_nameStatic__C)
                  00010024    00000004     rtos_pem4f.oem4f (.const:xdc_runtime_Text_nameUnknown__C)
                  00010028    00000004     rtos_pem4f.oem4f (.const:xdc_runtime_Text_nodeTab__C)
                  0001002c    00000004     rtos_pem4f.oem4f (.const:xdc_runtime_Text_visitRopeFxn__C)
                  00010030    00000002     rtos_pem4f.oem4f (.const:ti_sysbios_family_arm_lm4_TimestampProvider_useClockTimer__C)
                  00010032    00000002     rtos_pem4f.oem4f (.const:ti_sysbios_family_arm_m3_Hwi_Module__id__C)
                  00010034    00000002     rtos_pem4f.oem4f (.const:ti_sysbios_gates_GateMutex_Module__id__C)
                  00010036    00000002     rtos_pem4f.oem4f (.const:ti_sysbios_hal_Hwi_Module__id__C)
                  00010038    00000002     rtos_pem4f.oem4f (.const:ti_sysbios_heaps_HeapMem_Module__id__C)
                  0001003a    00000002     rtos_pem4f.oem4f (.const:ti_sysbios_knl_Event_Module__id__C)
                  0001003c    00000002     rtos_pem4f.oem4f (.const:ti_sysbios_knl_Semaphore_Module__id__C)
                  0001003e    00000002     rtos_pem4f.oem4f (.const:ti_sysbios_knl_Task_Module__id__C)
                  00010040    00000002     rtos_pem4f.oem4f (.const:ti_sysbios_utils_Load_Module__id__C)
                  00010042    00000002     rtos_pem4f.oem4f (.const:ti_sysbios_utils_Load_autoAddTasks__C)
                  00010044    00000002     rtos_pem4f.oem4f (.const:ti_sysbios_utils_Load_updateInIdle__C)
                  00010046    00000002     rtos_pem4f.oem4f (.const:ti_uia_loggers_LoggerStopMode_Module__id__C)
[...]
0000fef8  ti_sysbios_knl_Event_A_nullEventId__C                                
0000fefc  ti_sysbios_knl_Event_Instance_State_pendQ__O                         
0000ff00  ti_sysbios_knl_Event_Module__diagsEnabled__C                         
0000ff04  ti_sysbios_knl_Event_Module__diagsIncluded__C                        
0000ff08  ti_sysbios_knl_Event_Module__diagsMask__C                            
0000ff0c  ti_sysbios_knl_Mailbox_Instance_State_dataQue__O                     
0000ff10  ti_sysbios_knl_Mailbox_Instance_State_dataSem__O                     
0000ff14  ti_sysbios_knl_Mailbox_Instance_State_freeQue__O                     
0000ff18  ti_sysbios_knl_Mailbox_Instance_State_freeSem__O                     
0000ff1c  ti_sysbios_knl_Mailbox_Object__count__C                              
0000ff20  ti_sysbios_knl_Mailbox_maxTypeAlign__C                               
0000ff24  ti_sysbios_knl_Semaphore_A_badContext__C                             
0000ff28  ti_sysbios_knl_Semaphore_A_overflow__C                               
0000ff2c  ti_sysbios_knl_Semaphore_A_pendTaskDisabled__C                       
0000ff30  ti_sysbios_knl_Semaphore_Instance_State_pendQ__O                     
0000ff34  ti_sysbios_knl_Semaphore_Module__diagsEnabled__C                     
0000ff38  ti_sysbios_knl_Semaphore_Module__diagsIncluded__C                    
0000ff3c  ti_sysbios_knl_Semaphore_Module__diagsMask__C                        
0000ff40  ti_sysbios_knl_Semaphore_eventPost__C                                
0000ff44  ti_sysbios_knl_Semaphore_eventSync__C                                
0000ff48  ti_sysbios_knl_Swi_Object__count__C                                  
0000ff4c  ti_sysbios_knl_Swi_numConstructedSwis__C                             
0000ff50  ti_sysbios_knl_Task_E_spOutOfBounds__C                               
0000ff54  ti_sysbios_knl_Task_E_stackOverflow__C                               
0000ff58  ti_sysbios_knl_Task_Module_State_inactiveQ__O                        
0000ff5c  ti_sysbios_knl_Task_Object__count__C                                 
0000ff60  ti_sysbios_knl_Task_Object__heap__C                                  
0000ff64  ti_sysbios_knl_Task_allBlockedFunc__C                                
0000ff68  ti_sysbios_knl_Task_numConstructedTasks__C                           
0000ff6c  ti_sysbios_utils_Load_Module_State_taskList__O                       
0000ff70  ti_sysbios_utils_Load_Module__diagsEnabled__C                        
0000ff74  ti_sysbios_utils_Load_Module__diagsIncluded__C                       
0000ff78  ti_sysbios_utils_Load_Module__diagsMask__C                           
0000ff7c  ti_sysbios_utils_Load_postUpdate__C                                  
0000ff80  ti_sysbios_utils_Load_windowInMs__C                                  
0000ff84  ti_uia_loggers_LoggerStopMode_Module__diagsEnabled__C                
0000ff88  ti_uia_loggers_LoggerStopMode_Module__diagsIncluded__C               
0000ff8c  ti_uia_loggers_LoggerStopMode_Module__diagsMask__C                   
0000ff90  ti_uia_loggers_LoggerStopMode_Object__count__C                       
0000ff94  ti_uia_runtime_ILoggerSnapshot_Interface__BASE__C                    
0000ff98  ti_uia_runtime_IUIATransfer_Interface__BASE__C                       
0000ff9c  xdc_runtime_Assert_E_assertFailed__C                                 
0000ffa0  xdc_runtime_Core_A_initializedParams__C                              
0000ffa4  xdc_runtime_Core_Module__diagsEnabled__C                             
0000ffa8  xdc_runtime_Core_Module__diagsIncluded__C                            
0000ffac  xdc_runtime_Core_Module__diagsMask__C                                
0000ffb0  xdc_runtime_Error_E_memory__C                                        
0000ffb4  xdc_runtime_Error_Module__diagsEnabled__C                            
0000ffb8  xdc_runtime_Error_Module__diagsIncluded__C                           
0000ffbc  xdc_runtime_Error_Module__diagsMask__C                               
0000ffc0  xdc_runtime_Error_Module__loggerFxn8__C                              
0000ffc4  xdc_runtime_Error_Module__loggerObj__C                               
0000ffc8  xdc_runtime_Error_policyFxn__C                                       
0000ffcc  xdc_runtime_Error_raiseHook__C                                       
0000ffd0  xdc_runtime_IFilterLogger_Interface__BASE__C                         
0000ffd4  xdc_runtime_IGateProvider_Interface__BASE__C                         
0000ffd8  xdc_runtime_IHeap_Interface__BASE__C                                 
0000ffdc  xdc_runtime_ILogger_Interface__BASE__C                               
0000ffe0  xdc_runtime_IModule_Interface__BASE__C                               
0000ffe4  xdc_runtime_Log_L_error__C                                           
0000ffe8  xdc_runtime_Memory_defaultHeapInstance__C                            
0000ffec  xdc_runtime_Startup_execImpl__C                                      
0000fff0  xdc_runtime_Startup_maxPasses__C                                     
0000fff4  xdc_runtime_Startup_sfxnRts__C                                       
0000fff8  xdc_runtime_Startup_sfxnTab__C                                       
0000fffc  xdc_runtime_SysMin_bufSize__C                                        
00010000  xdc_runtime_SysMin_outputFunc__C                                     
00010004  xdc_runtime_System_Module__gateObj__C                                
00010008  xdc_runtime_System_abortFxn__C                                       
0001000c  xdc_runtime_System_exitFxn__C                                        
00010010  xdc_runtime_System_extendFxn__C                                      
00010014  xdc_runtime_System_maxAtexitHandlers__C                              
00010018  xdc_runtime_Text_charTab__C                                          
0001001c  xdc_runtime_Text_nameEmpty__C                                        
00010020  xdc_runtime_Text_nameStatic__C                                       
00010024  xdc_runtime_Text_nameUnknown__C                                      
00010028  xdc_runtime_Text_nodeTab__C                                          
0001002c  xdc_runtime_Text_visitRopeFxn__C                                     
00010030  ti_sysbios_family_arm_lm4_TimestampProvider_useClockTimer__C         
00010032  ti_sysbios_family_arm_m3_Hwi_Module__id__C                           
00010034  ti_sysbios_gates_GateMutex_Module__id__C                             
00010036  ti_sysbios_hal_Hwi_Module__id__C                                     
00010038  ti_sysbios_heaps_HeapMem_Module__id__C                               
0001003a  ti_sysbios_knl_Event_Module__id__C                                   
0001003c  ti_sysbios_knl_Semaphore_Module__id__C                               
0001003e  ti_sysbios_knl_Task_Module__id__C                                    
00010040  ti_sysbios_utils_Load_Module__id__C                                  
00010042  ti_sysbios_utils_Load_autoAddTasks__C                                
00010044  ti_sysbios_utils_Load_updateInIdle__C                                
00010046  ti_uia_loggers_LoggerStopMode_Module__id__C                          
00010048  ti_uia_loggers_LoggerStopMode_isTimestampEnabled__C                  
0001004a  xdc_runtime_Core_Module__id__C                                       
0001004c  xdc_runtime_Error_Module__loggerDefined__C                           
0001004e  xdc_runtime_Error_maxDepth__C                                        
00010050  xdc_runtime_Memory_Module__id__C                                     
00010052  xdc_runtime_SysMin_flushAtExit__C                                    
00010054  xdc_runtime_Text_charCnt__C                                          
00010056  xdc_runtime_Text_isLoaded__C                                         
00010058  xdc_runtime_Text_registryModsLastId__C                               
0001005a  xdc_runtime_Text_unnamedModsLastId__C                                
00010060  __TI_static_base__                                                   
000103e4  __TI_Handler_Table_Base                                              
000103f0  __TI_Handler_Table_Limit                                             
00010400  __TI_CINIT_Base                                                      
00010418  __TI_CINIT_Limit                                                     
20000000  ti_sysbios_family_arm_m3_Hwi_ramVectors                              
20000400  ti_sysbios_knl_Task_Instance_State_0_stack__A                        
20000c00  ti_sysbios_knl_Task_Instance_State_1_stack__A                        
20001400  ti_sysbios_knl_Task_Instance_State_2_stack__A                        
20001c00  ti_sysbios_knl_Task_Instance_State_3_stack__A                        
20002400  ti_sysbios_knl_Task_Instance_State_4_stack__A                        
20002c00  ti_sysbios_knl_Task_Instance_State_5_stack__A                        
20009f08  gADCBuffer                                                           
2000af08  ProcessedSpectrumBuffer                                              
2000b708  RawSpectrumBuffer                                                    
2000bf08  ti_sysbios_knl_Mailbox_Instance_State_0_allocBuf__A                  
2000bfa8  str                                                                  
2000bff0  parmbuf                                                              
2000bff8  ADCLocalBufferIndex                                                  
2000bffc  gADCSamplingRate                                                     
2000c000  gDMAControlTable                                                     
2000c400  ti_sysbios_heaps_HeapMem_Instance_State_0_buf__A                     
2000c800  ti_uia_loggers_LoggerStopMode_Instance_State_1_packetArray__A        
2000cc00  ti_uia_loggers_LoggerStopMode_Instance_State_2_packetArray__A        
2000d000  ti_sysbios_family_arm_m3_Hwi_dispatchTable                           
2000d364  ti_sysbios_family_arm_m3_Hwi_Instance_State_0_hookEnv__A             
2000d368  ti_sysbios_family_arm_m3_Hwi_Instance_State_1_hookEnv__A             
2000d36c  ti_sysbios_knl_Swi_Instance_State_0_hookEnv__A                       
2000d370  ti_sysbios_knl_Task_Instance_State_0_hookEnv__A                      
2000d374  ti_sysbios_knl_Task_Instance_State_1_hookEnv__A                      
2000d378  ti_sysbios_knl_Task_Instance_State_2_hookEnv__A                      
2000d37c  ti_sysbios_knl_Task_Instance_State_3_hookEnv__A                      
2000d380  ti_uia_loggers_LoggerStopMode_Instance_State_0_packetArray__A        
2000d580  __CIOBUF_                                                            
2000d6a0  ADCPrintBuffer                                                       
2000d7a0  ADCScaledPrintBuffer                                                 
2000d8a0  xdc_runtime_SysMin_Module_State_0_outbuf__A                          
2000d920  ti_sysbios_knl_Task_Instance_State_4_hookEnv__A                      
2000d924  ti_sysbios_knl_Task_Instance_State_5_hookEnv__A                      
2000d928  Lcd_ScreenHeigth                                                     
2000d92a  Lcd_ScreenWidth                                                      
2000d92c  Lcd_TouchTrim                                                        
2000d92e  Lcd_FlagRead                                                         
2000d92f  Lcd_FontSolid                                                        
2000d930  Lcd_Orientation                                                      
2000d931  Lcd_PenSolid                                                         
2000d980  ti_uia_loggers_LoggerStopMode_Instance_State_0_hdr__A                
2000da00  ti_uia_loggers_LoggerStopMode_Instance_State_1_hdr__A                
2000da80  ti_uia_loggers_LoggerStopMode_Instance_State_2_hdr__A                
2000dab0  Lcd_buffer                                                           
20015ab0  ti_sysbios_knl_Task_Object__table__V                                 
20015c90  ti_sysbios_utils_Load_Module_State_0_taskEnv__A                      
20015d38  ti_uia_loggers_LoggerStopMode_Object__table__V                       
20015dd4  ti_sysbios_utils_Load_Module__state__V                               
20015e6c  ti_sysbios_knl_Swi_Module_State_0_readyQ__A                          
20015eec  ti_sysbios_knl_Task_Module_State_0_readyQ__A                         
20015f6c  gSystemClock                                                         
20015f70  gTime                                                                
20015f74  VoltageScale                                                         
20015f78  ADCSampleState                                                       
20015f7c  OscilloscopeMode                                                     
20015f80  prevADCSampleState                                                   
20015f84  tDirection                                                           
20015f86  tVoltage                                                             
20015f88  gpresses                                                             
20015f8c  ticksAtInterrupt                                                     
20015f90  ButtonIntTime                                                        
20015f94  Button_Latency                                                       
20015f98  Button_Response_Time                                                 
20015f9c  VIN_RANGE                                                            
20015fa0  PIXELS_PER_DIV                                                       
20015fa4  ADC_BITS                                                             
20015fa8  ADC_OFFSET                                                           
20015fac  fVoltsPerDiv                                                         
20015fb0  fScale                                                               
20015fb4  TIMER0_PERIOD                                                        
20015fb8  buttonMissedDeadlines                                                
20015fbc  WaveformResponseTime                                                 
20015fc0  WaveformTimerValue                                                   
20015fc4  waveformErrors                                                       
20015fc8  count_unloaded                                                       
20015fcc  count_loaded                                                         
20015fd0  cpu_load                                                             
20015fd4  ti_sysbios_knl_Mailbox_Object__table__V                              
20016024  ti_sysbios_knl_Semaphore_Object__table__V                            
20016074  ti_sysbios_knl_Task_Module__state__V                                 
200160b8  ti_sysbios_family_arm_lm4_Timer_Module_State_0_device__A             
200160f8  ti_sysbios_family_arm_lm4_Timer_Object__table__V                     
20016138  ti_sysbios_gates_GateMutex_Object__table__V                          
20016170  ti_sysbios_family_arm_m3_Hwi_Module__state__V                        
200161a4  ti_sysbios_family_arm_m3_Hwi_Object__table__V                        
200161d4  ti_sysbios_knl_Swi_Object__table__V                                  
20016204  ti_sysbios_knl_Clock_Module__state__V                                
20016254  ti_sysbios_BIOS_Module__state__V                                     
20016278  ti_sysbios_family_arm_lm4_Timer_Module_State_0_handles__A            
20016298  ti_sysbios_knl_Clock_Object__table__V                                
200162b8  ti_sysbios_knl_Swi_Module__state__V                                  
200162d4  ti_sysbios_heaps_HeapMem_Object__table__V                            
200162ec  prevVoltage                                                          
200162f0  loopCount                                                            
200162f4  timeFindTrigger                                                      
200162f8  timeCopyBuffer                                                       
200162fc  LastIndex                                                            
20016300  gDMAPrimary                                                          
20016302  ti_sysbios_family_arm_m3_Hwi_Module_State_0_excActive__A             
20016304  gButtons                                                             
20016308  butfifo_head                                                         
2001630c  butfifo_tail                                                         
20016312  xdc_runtime_Error_Module__state__V                                   
20016314  ti_sysbios_family_arm_lm4_Timer_Module__state__V                     
20016320  ti_sysbios_knl_Event_Module__root__V                                 
2001632c  ti_uia_runtime_QueueDescriptor_Module__state__V                      
20016338  xdc_runtime_SysMin_Module__state__V                                  
20016344  _lock                                                                
20016348  _unlock                                                              
2001634c  gJoystick                                                            
20016354  ti_uia_runtime_QueueDescriptor_gPtrToFirstDescriptor                 
20016358  ti_uia_runtime_QueueDescriptor_gUpdateCount                          
2001635c  ti_sysbios_family_arm_lm4_TimestampProvider_Module__state__V         
20016364  ti_sysbios_gates_GateHwi_Module__root__V                             
2001636c  ti_sysbios_gates_GateHwi_Object__table__V                            
20016374  ti_sysbios_gates_GateMutex_Module__root__V                           
2001637c  ti_sysbios_heaps_HeapMem_Module__root__V                             
20016384  ti_sysbios_knl_Queue_Module__root__V                                 
2001638c  ti_sysbios_knl_Semaphore_Module__root__V                             
20016394  ti_uia_loggers_LoggerStopMode_Module__root__V                        
2001639c  xdc_runtime_Registry_Module__state__V                                
200163a4  xdc_runtime_Startup_Module__state__V                                 
200163ac  xdc_runtime_System_Module_State_0_atexitHandlers__A                  
200163b4  xdc_runtime_System_Module__state__V                                  
200163bc  errno                                                                
200163c0  main_func_sp                                                         
200163c4  ti_sysbios_family_arm_m3_Hwi_Module_State_0_excContext__A            
200163c8  ti_sysbios_family_arm_m3_Hwi_Module_State_0_excStack__A              
200163cc  ti_sysbios_knl_Task_Module_State_0_idleTask__A                       
200163d0  ti_sysbios_utils_Load_Module_State_0_runningTask__A                  
200163d4  ti_sysbios_utils_Load_Module_State_0_taskStartTime__A                
200163d8  xdc_runtime_Memory_Module__state__V                                  
200163e0  __stack                                                              
200166e0  __STACK_END                                                          
e000e000  ti_sysbios_family_arm_m3_Hwi_nvic                                    
ffffffff  __TI_pprof_out_hndl                                                  
ffffffff  __TI_prof_data_size                                                  
ffffffff  __TI_prof_data_start                                                 
ffffffff  __binit__                                                            
ffffffff  __c_args__                                                           
ffffffff  binit                                                                
UNDEFED   SHT$$INIT_ARRAY$$Base                                                
UNDEFED   SHT$$INIT_ARRAY$$Limit                                               

[850 symbols]
