******************************************************************************
                  TI ARM Linker PC v18.1.2                     
******************************************************************************
>> Linked Sat Nov  3 21:50:26 2018

OUTPUT FILE NAME:   <ece3849_lab1_njlanotte_aonagal2.out>
ENTRY POINT SYMBOL: "_c_int00_noargs"  address: 00004a9d


MEMORY CONFIGURATION

         name            origin    length      used     unused   attr    fill
----------------------  --------  ---------  --------  --------  ----  --------
  FLASH                 00000000   00100000  000058e4  000fa71c  R  X
  SRAM                  20000000   00040000  0000999a  00036666  RW X


SEGMENT ALLOCATION MAP

run origin  load origin   length   init length attrs members
----------  ----------- ---------- ----------- ----- -------
00000000    00000000    000058e8   000058e8    r-x
  00000000    00000000    00000208   00000208    r-- .intvecs
  00000208    00000208    00004d88   00004d88    r-x .text
  00004f90    00004f90    00000904   00000904    r-- .const
  00005898    00005898    00000050   00000050    r-- .cinit
20000000    20000000    000099a0   00000000    rw-
  20000000    20000000    00008068   00000000    rw- .data
  20008068    20008068    00001132   00000000    rw- .bss
  200091a0    200091a0    00000800   00000000    rw- .stack


SECTION ALLOCATION MAP

 output                                  attributes/
section   page    origin      length       input sections
--------  ----  ----------  ----------   ----------------
.intvecs   0    00000000    00000208     
                  00000000    00000208     tm4c1294ncpdt_startup_ccs.obj (.intvecs)

.text      0    00000208    00004d88     
                  00000208    00000a5e     rtsv7M4_T_le_v4SPD16_eabi.lib : _printfi.c.obj (.text:__TI_printfi)
                  00000c66    00000002                                   : div0.asm.obj (.text)
                  00000c68    000006d0     OscilliscopeADC.obj (.text)
                  00001338    000006d0     buttons.obj (.text)
                  00001a08    0000068c     Crystalfontz128x128_ST7735.obj (.text)
                  00002094    00000004     driverlib.lib : timer.obj (.text:TimerIntClear)
                  00002098    00000680     main.obj (.text)
                  00002718    00000270     rtsv7M4_T_le_v4SPD16_eabi.lib : _printfi.c.obj (.text:_pconv_a)
                  00002988    00000256     grlib.lib : string.obj (.text:GrFontGlyphRender)
                  00002bde    00000002     --HOLE-- [fill = 0]
                  00002be0    00000204     driverlib.lib : sysctl.obj (.text:SysCtlClockFreqSet)
                  00002de4    000001d0     rtsv7M4_T_le_v4SPD16_eabi.lib : _printfi.c.obj (.text:_pconv_g)
                  00002fb4    00000004                                   : pre_init.c.obj (.text:_system_pre_init)
                  00002fb8    000001c8     HAL_EK_TM4C1294XL_Crystalfontz128x128_ST7735.obj (.text)
                  00003180    000001b6     rtsv7M4_T_le_v4SPD16_eabi.lib : fd_add_t2.asm.obj (.text)
                  00003336    00000002     --HOLE-- [fill = 0]
                  00003338    0000013c                                   : _printfi.c.obj (.text:_pconv_e)
                  00003474    00000136                                   : fd_div_t2.asm.obj (.text)
                  000035aa    00000130     driverlib.lib : gpio.obj (.text:GPIOPadConfigSet)
                  000036da    00000002     --HOLE-- [fill = 0]
                  000036dc    00000120     rtsv7M4_T_le_v4SPD16_eabi.lib : _printfi.c.obj (.text:fcvt)
                  000037fc    00000110                                   : s_scalbn.c.obj (.text:scalbn)
                  0000390c    00000106     grlib.lib : line.obj (.text:GrLineDraw)
                  00003a12    000000fc     rtsv7M4_T_le_v4SPD16_eabi.lib : fd_mul_t2.asm.obj (.text)
                  00003b0e    000000c4     grlib.lib : string.obj (.text:GrDefaultStringRenderer)
                  00003bd2    000000c0               : line.obj (.text:GrLineClip)
                  00003c92    00000002     --HOLE-- [fill = 0]
                  00003c94    000000b1     rtsv7M4_T_le_v4SPD16_eabi.lib : _printfi.c.obj (.text:_ltostr)
                  00003d45    00000003     --HOLE-- [fill = 0]
                  00003d48    000000a2     sysctl_pll.obj (.text)
                  00003dea    0000009c     rtsv7M4_T_le_v4SPD16_eabi.lib : memcpy_t2.asm.obj (.text)
                  00003e86    00000096                                   : ull_div_t2.asm.obj (.text)
                  00003f1c    00000086     grlib.lib : rectangle.obj (.text:GrRectFill)
                  00003fa2    00000086     rtsv7M4_T_le_v4SPD16_eabi.lib : fd_cmp_t2.asm.obj (.text:__aeabi_cdcmple)
                  00004028    00000086                                   : fd_cmp_t2.asm.obj (.text:__aeabi_cdrcmple)
                  000040ae    00000002     --HOLE-- [fill = 0]
                  000040b0    00000080                                   : s_floorf.c.obj (.text:floorf)
                  00004130    0000007a     driverlib.lib : adc.obj (.text:ADCSequenceStepConfigure)
                  000041aa    0000007a     rtsv7M4_T_le_v4SPD16_eabi.lib : memset_t2.asm.obj (.text)
                  00004224    0000006e                                   : _printfi.c.obj (.text:_mcpy)
                  00004292    0000006e                                   : s_roundf.c.obj (.text:roundf)
                  00004300    0000006e                                   : fd_tos_t2.asm.obj (.text)
                  0000436e    00000002     --HOLE-- [fill = 0]
                  00004370    00000068     grlib.lib : context.obj (.text:GrContextInit)
                  000043d8    00000068     driverlib.lib : interrupt.obj (.text:IntEnable)
                  00004440    00000068     rtsv7M4_T_le_v4SPD16_eabi.lib : copy_decompress_lzss.c.obj (.text:decompress:lzss:__TI_decompress_lzss)
                  000044a8    00000064                                   : s_frexp.c.obj (.text:frexp)
                  0000450c    00000060     driverlib.lib : timer.obj (.text:TimerConfigure)
                  0000456c    0000005a     grlib.lib : string.obj (.text:FontWideGlyphDataGet)
                  000045c6    00000002     --HOLE-- [fill = 0]
                  000045c8    00000058     driverlib.lib : timer.obj (.text:TimerControlTrigger)
                  00004620    00000056     rtsv7M4_T_le_v4SPD16_eabi.lib : _printfi.c.obj (.text:_pconv_f)
                  00004676    00000054                                   : ltoa.c.obj (.text:ltoa)
                  000046ca    00000052                                   : _printfi.c.obj (.text:_ecpy)
                  0000471c    0000004c                                   : atoi.c.obj (.text:atoi)
                  00004768    0000004c                                   : snprintf.c.obj (.text:snprintf)
                  000047b4    0000004a     grlib.lib : string.obj (.text:UpdateContextCharMapping)
                  000047fe    00000002     --HOLE-- [fill = 0]
                  00004800    00000048     driverlib.lib : gpio.obj (.text:GPIOPinConfigure)
                  00004848    00000048                   : sysctl.obj (.text:_SysCtlFrequencyGet)
                  00004890    00000048     rtsv7M4_T_le_v4SPD16_eabi.lib : fd_toi_t2.asm.obj (.text)
                  000048d8    00000046     grlib.lib : line.obj (.text:GrLineDrawH)
                  0000491e    00000046               : line.obj (.text:GrLineDrawV)
                  00004964    00000044     rtsv7M4_T_le_v4SPD16_eabi.lib : autoinit.c.obj (.text:__TI_auto_init_nobinit_nopinit:__TI_auto_init_nobinit_nopinit)
                  000049a8    0000003e     driverlib.lib : adc.obj (.text:ADCSequenceConfigure)
                  000049e6    0000003e     rtsv7M4_T_le_v4SPD16_eabi.lib : _printfi.c.obj (.text:_fcpy)
                  00004a24    0000003c     driverlib.lib : ssi.obj (.text:SSIConfigSetExpClk)
                  00004a60    0000003a     grlib.lib : string.obj (.text:FontGlyphDataGet)
                  00004a9a    00000002     --HOLE-- [fill = 0]
                  00004a9c    00000038     rtsv7M4_T_le_v4SPD16_eabi.lib : boot_cortex_m.c.obj (.text:_c_int00_noargs:_c_int00_noargs)
                  00004ad4    00000038                                   : fs_tod_t2.asm.obj (.text)
                  00004b0c    00000036     grlib.lib : line.obj (.text:GrClipCodeGet)
                  00004b42    00000002     --HOLE-- [fill = 0]
                  00004b44    00000034     driverlib.lib : sysctl.obj (.text:SysCtlPeripheralEnable)
                  00004b78    00000030     rtsv7M4_T_le_v4SPD16_eabi.lib : snprintf.c.obj (.text:_outs)
                  00004ba8    0000002e     driverlib.lib : adc.obj (.text:ADCIntStatus)
                  00004bd6    0000002e     grlib.lib : string.obj (.text:GrStringNextCharGet)
                  00004c04    0000002e     rtsv7M4_T_le_v4SPD16_eabi.lib : i_tofd_t2.asm.obj (.text)
                  00004c32    0000002a     driverlib.lib : gpio.obj (.text:GPIODirModeSet)
                  00004c5c    00000026     grlib.lib : string.obj (.text:GrFontInfoGet)
                  00004c82    00000002     --HOLE-- [fill = 0]
                  00004c84    00000024     driverlib.lib : interrupt.obj (.text:IntPrioritySet)
                  00004ca8    00000022     grlib.lib : string.obj (.text:GrFontGlyphDataGet)
                  00004cca    0000001e     driverlib.lib : adc.obj (.text:ADCSequenceDataGet)
                  00004ce8    0000001e     grlib.lib : string.obj (.text:GrFontCodepageGet)
                  00004d06    00000002     --HOLE-- [fill = 0]
                  00004d08    0000001c     driverlib.lib : sysctl.obj (.text:_SysCtlMemTimingGet)
                  00004d24    0000001c     rtsv7M4_T_le_v4SPD16_eabi.lib : memccpy.c.obj (.text:memccpy)
                  00004d40    0000001a     tm4c1294ncpdt_startup_ccs.obj (.text)
                  00004d5a    00000018     driverlib.lib : adc.obj (.text:ADCClockConfigSet)
                  00004d72    00000018                   : adc.obj (.text:ADCProcessorTrigger)
                  00004d8a    00000018                   : gpio.obj (.text:GPIOPinTypeGPIOOutput)
                  00004da2    00000018     rtsv7M4_T_le_v4SPD16_eabi.lib : snprintf.c.obj (.text:_outc)
                  00004dba    00000016     grlib.lib : string.obj (.text:GrStringDraw)
                  00004dd0    00000016     rtsv7M4_T_le_v4SPD16_eabi.lib : strchr.c.obj (.text:strchr)
                  00004de6    00000002     --HOLE-- [fill = 0]
                  00004de8    00000014     driverlib.lib : timer.obj (.text:TimerDisable)
                  00004dfc    00000014     rtsv7M4_T_le_v4SPD16_eabi.lib : s_copysign.c.obj (.text:copysign)
                  00004e10    00000014                                   : strlen.c.obj (.text:strlen)
                  00004e24    00000012     driverlib.lib : gpio.obj (.text:GPIOPinTypeADC)
                  00004e36    00000012                   : gpio.obj (.text:GPIOPinTypeGPIOInput)
                  00004e48    00000012                   : gpio.obj (.text:GPIOPinTypeSSI)
                  00004e5a    00000012                   : timer.obj (.text:TimerLoadSet)
                  00004e6c    00000012     rtsv7M4_T_le_v4SPD16_eabi.lib : wcslen.c.obj (.text:wcslen)
                  00004e7e    00000010     driverlib.lib : adc.obj (.text:ADCIntEnable)
                  00004e8e    00000002     --HOLE-- [fill = 0]
                  00004e90    00000010                   : fpu.obj (.text:FPUEnable)
                  00004ea0    00000010                   : fpu.obj (.text:FPULazyStackingEnable)
                  00004eb0    00000010                   : interrupt.obj (.text:IntMasterDisable)
                  00004ec0    00000010                   : interrupt.obj (.text:IntMasterEnable)
                  00004ed0    0000000e                   : adc.obj (.text:ADCSequenceDisable)
                  00004ede    0000000e                   : adc.obj (.text:ADCSequenceEnable)
                  00004eec    0000000e                   : timer.obj (.text:TimerEnable)
                  00004efa    0000000e     rtsv7M4_T_le_v4SPD16_eabi.lib : copy_decompress_none.c.obj (.text:decompress:none:__TI_decompress_none)
                  00004f08    0000000c     driverlib.lib : cpu.obj (.text:CPUcpsid)
                  00004f14    0000000c                   : cpu.obj (.text:CPUcpsie)
                  00004f20    0000000c     rtsv7M4_T_le_v4SPD16_eabi.lib : copy_zero_init.c.obj (.text:decompress:ZI:__TI_zero_init)
                  00004f2c    0000000a     driverlib.lib : adc.obj (.text:ADCIntClear)
                  00004f36    0000000a                   : ssi.obj (.text:SSIDataPut)
                  00004f40    0000000a                   : ssi.obj (.text:SSIEnable)
                  00004f4a    0000000a                   : timer.obj (.text:TimerIntStatus)
                  00004f54    00000008     grlib.lib : charmap.obj (.text:GrMapISO8859_1_Unicode)
                  00004f5c    00000008     driverlib.lib : ssi.obj (.text:SSIBusy)
                  00004f64    00000008                   : timer.obj (.text:TimerIntEnable)
                  00004f6c    00000008     rtsv7M4_T_le_v4SPD16_eabi.lib : errno.c.obj (.text:__aeabi_errno_addr)
                  00004f74    00000006     driverlib.lib : gpio.obj (.text:GPIOPinRead)
                  00004f7a    00000006                   : gpio.obj (.text:GPIOPinWrite)
                  00004f80    00000006     grlib.lib : string.obj (.text:GrContextFontSet)
                  00004f86    00000006     driverlib.lib : sysctl.obj (.text:SysCtlDelay)
                  00004f8c    00000004     rtsv7M4_T_le_v4SPD16_eabi.lib : exit.c.obj (.text:abort:abort)

.const     0    00004f90    00000904     
                  00004f90    000002f8     grlib.lib : fontfixed6x8.obj (.const:.string:g_pui8FontFixed6x8Data)
                  00005288    00000120     driverlib.lib : sysctl.obj (.const:g_pppui32XTALtoVCO)
                  000053a8    00000101     rtsv7M4_T_le_v4SPD16_eabi.lib : ctype.c.obj (.const:.string:_ctypes_)
                  000054a9    00000003     --HOLE-- [fill = 0]
                  000054ac    000000c8     grlib.lib : fontfixed6x8.obj (.const:g_sFontFixed6x8)
                  00005574    0000009c     driverlib.lib : interrupt.obj (.const:g_pui32Regs)
                  00005610    00000090                   : gpio.obj (.const:g_pui32GPIOBaseAddrs)
                  000056a0    00000070                   : interrupt.obj (.const)
                  00005710    0000006c                   : sysctl.obj (.const:g_pui32Xtals)
                  0000577c    00000068     main.obj (.const:.string)
                  000057e4    00000030     driverlib.lib : sysctl.obj (.const:g_sXTALtoMEMTIM)
                  00005814    00000028     main.obj (.const:TimeScaleStr)
                  0000583c    00000028     Crystalfontz128x128_ST7735.obj (.const:g_sCrystalfontz128x128)
                  00005864    00000010     main.obj (.const:VoltageScaleStr)
                  00005874    00000010     grlib.lib : context.obj (.const)
                  00005884    00000008     main.obj (.const:$P$T0$1)
                  0000588c    00000008     driverlib.lib : sysctl.obj (.const)

.cinit     0    00005898    00000050     
                  00005898    00000027     (.cinit..data.load) [load image, compression = lzss]
                  000058bf    00000001     --HOLE-- [fill = 0]
                  000058c0    0000000c     (__TI_handler_table)
                  000058cc    00000004     --HOLE-- [fill = 0]
                  000058d0    00000008     (.cinit..bss.load) [load image, compression = zero_init]
                  000058d8    00000010     (__TI_cinit_table)

.init_array 
*          0    00000000    00000000     UNINITIALIZED

.data      0    20000000    00008068     UNINITIALIZED
                  20000000    00008000     Crystalfontz128x128_ST7735.obj (.data:Lcd_buffer)
                  20008000    00000024     buttons.obj (.data:count$2)
                  20008024    00000020     main.obj (.data)
                  20008044    00000010     OscilliscopeADC.obj (.data)
                  20008054    00000008     buttons.obj (.data:gJoystick)
                  2000805c    00000006     buttons.obj (.data)
                  20008062    00000002     --HOLE--
                  20008064    00000004     rtsv7M4_T_le_v4SPD16_eabi.lib : errno.c.obj (.data)

.bss       0    20008068    00001132     UNINITIALIZED
                  20008068    00001000     (.common:gADCBuffer)
                  20009068    00000100     (.common:ADCPrintBuffer)
                  20009168    00000014     buttons.obj (.bss:state$1)
                  2000917c    00000004     (.common:ADCLocalBufferIndex)
                  20009180    00000004     (.common:gADCErrors)
                  20009184    00000004     (.common:gADCSamplingRate)
                  20009188    00000004     (.common:gSystemClock)
                  2000918c    00000004     (.common:g_psGrLibDefaults)
                  20009190    00000002     (.common:Lcd_ScreenHeigth)
                  20009192    00000002     (.common:Lcd_ScreenWidth)
                  20009194    00000002     (.common:Lcd_TouchTrim)
                  20009196    00000001     (.common:Lcd_FlagRead)
                  20009197    00000001     (.common:Lcd_FontSolid)
                  20009198    00000001     (.common:Lcd_Orientation)
                  20009199    00000001     (.common:Lcd_PenSolid)

.stack     0    200091a0    00000800     UNINITIALIZED
                  200091a0    00000004     rtsv7M4_T_le_v4SPD16_eabi.lib : boot_cortex_m.c.obj (.stack)
                  200091a4    000007fc     --HOLE--

MODULE SUMMARY

       Module                                             code    ro data   rw data
       ------                                             ----    -------   -------
    .\
       Crystalfontz128x128_ST7735.obj                     1676    40        32778  
       OscilliscopeADC.obj                                1744    0         4120   
       main.obj                                           1664    168       292    
       buttons.obj                                        1744    0         74     
       tm4c1294ncpdt_startup_ccs.obj                      26      520       0      
       HAL_EK_TM4C1294XL_Crystalfontz128x128_ST7735.obj   456     0         0      
       sysctl_pll.obj                                     162     0         0      
    +--+--------------------------------------------------+-------+---------+---------+
       Total:                                             7472    728       37264  
                                                                                   
    C:/ti/tirtos_tivac_2_16_00_08/products/TivaWare_C_Series-2.1.1.71b/driverlib/ccs/Debug/driverlib.lib
       sysctl.obj                                         674     452       0      
       gpio.obj                                           508     144       0      
       interrupt.obj                                      172     268       0      
       adc.obj                                            362     0         0      
       timer.obj                                          258     0         0      
       ssi.obj                                            88      0         0      
       fpu.obj                                            32      0         0      
       cpu.obj                                            24      0         0      
    +--+--------------------------------------------------+-------+---------+---------+
       Total:                                             2118    864       0      
                                                                                   
    C:/ti/tirtos_tivac_2_16_00_08/products/TivaWare_C_Series-2.1.1.71b/grlib/ccs/Debug/grlib.lib
       string.obj                                         1192    0         0      
       fontfixed6x8.obj                                   0       960       0      
       line.obj                                           648     0         0      
       rectangle.obj                                      134     0         0      
       context.obj                                        104     16        4      
       charmap.obj                                        8       0         0      
    +--+--------------------------------------------------+-------+---------+---------+
       Total:                                             2086    976       4      
                                                                                   
    C:\ti\ccsv8\tools\compiler\ti-cgt-arm_18.1.2.LTS\lib\rtsv7M4_T_le_v4SPD16_eabi.lib
       _printfi.c.obj                                     4863    0         0      
       fd_add_t2.asm.obj                                  438     0         0      
       fd_div_t2.asm.obj                                  310     0         0      
       s_scalbn.c.obj                                     272     0         0      
       fd_cmp_t2.asm.obj                                  268     0         0      
       ctype.c.obj                                        0       257       0      
       fd_mul_t2.asm.obj                                  252     0         0      
       memcpy_t2.asm.obj                                  156     0         0      
       ull_div_t2.asm.obj                                 150     0         0      
       snprintf.c.obj                                     148     0         0      
       s_floorf.c.obj                                     128     0         0      
       memset_t2.asm.obj                                  122     0         0      
       fd_tos_t2.asm.obj                                  110     0         0      
       s_roundf.c.obj                                     110     0         0      
       copy_decompress_lzss.c.obj                         104     0         0      
       s_frexp.c.obj                                      100     0         0      
       ltoa.c.obj                                         84      0         0      
       atoi.c.obj                                         76      0         0      
       fd_toi_t2.asm.obj                                  72      0         0      
       autoinit.c.obj                                     68      0         0      
       boot_cortex_m.c.obj                                56      0         0      
       fs_tod_t2.asm.obj                                  56      0         0      
       i_tofd_t2.asm.obj                                  46      0         0      
       memccpy.c.obj                                      28      0         0      
       strchr.c.obj                                       22      0         0      
       s_copysign.c.obj                                   20      0         0      
       strlen.c.obj                                       20      0         0      
       wcslen.c.obj                                       18      0         0      
       copy_decompress_none.c.obj                         14      0         0      
       copy_zero_init.c.obj                               12      0         0      
       errno.c.obj                                        8       0         4      
       exit.c.obj                                         4       0         0      
       pre_init.c.obj                                     4       0         0      
       div0.asm.obj                                       2       0         0      
    +--+--------------------------------------------------+-------+---------+---------+
       Total:                                             8141    257       4      
                                                                                   
       Stack:                                             0       0         2048   
       Linker Generated:                                  0       75        0      
    +--+--------------------------------------------------+-------+---------+---------+
       Grand Total:                                       19817   2900      39320  


LINKER GENERATED COPY TABLES

__TI_cinit_table @ 000058d8 records: 2, size/record: 8, table size: 16
	.data: load addr=00005898, load size=00000027 bytes, run addr=20000000, run size=00008068 bytes, compression=lzss
	.bss: load addr=000058d0, load size=00000008 bytes, run addr=20008068, run size=00001132 bytes, compression=zero_init


LINKER GENERATED HANDLER TABLE

__TI_handler_table @ 000058c0 records: 3, size/record: 4, table size: 12
	index: 0, handler: __TI_decompress_lzss
	index: 1, handler: __TI_decompress_none
	index: 2, handler: __TI_zero_init


GLOBAL SYMBOLS: SORTED ALPHABETICALLY BY Name 

address   name                              
-------   ----                              
00004d5b  ADCClockConfigSet                 
00004f2d  ADCIntClear                       
00004e7f  ADCIntEnable                      
00004ba9  ADCIntStatus                      
2000917c  ADCLocalBufferIndex               
20009068  ADCPrintBuffer                    
00004d73  ADCProcessorTrigger               
2000802c  ADCSampleState                    
000049a9  ADCSequenceConfigure              
00004ccb  ADCSequenceDataGet                
00004ed1  ADCSequenceDisable                
00004edf  ADCSequenceEnable                 
00004131  ADCSequenceStepConfigure          
00001001  ADC_ISR                           
00001789  ButtonAutoRepeat                  
00001559  ButtonDebounce                    
00001829  ButtonISR                         
00001339  ButtonInit                        
00001619  ButtonReadJoystick                
00004f8d  C$$EXIT                           
00004f09  CPUcpsid                          
00004f15  CPUcpsie                          
00001a09  Crystalfontz128x128_Init          
00001ad9  Crystalfontz128x128_SetDrawFrame  
00001bd1  Crystalfontz128x128_SetOrientation
00004e91  FPUEnable                         
00004ea1  FPULazyStackingEnable             
00004c33  GPIODirModeSet                    
000035ab  GPIOPadConfigSet                  
00004801  GPIOPinConfigure                  
00004f75  GPIOPinRead                       
00004e25  GPIOPinTypeADC                    
00004e37  GPIOPinTypeGPIOInput              
00004d8b  GPIOPinTypeGPIOOutput             
00004e49  GPIOPinTypeSSI                    
00004f7b  GPIOPinWrite                      
00000da9  GetWaveform                       
00004f81  GrContextFontSet                  
00004371  GrContextInit                     
00003b0f  GrDefaultStringRenderer           
00004ce9  GrFontCodepageGet                 
00004ca9  GrFontGlyphDataGet                
00002989  GrFontGlyphRender                 
00004c5d  GrFontInfoGet                     
0000390d  GrLineDraw                        
000048d9  GrLineDrawH                       
0000491f  GrLineDrawV                       
00004f55  GrMapISO8859_1_Unicode            
00003f1d  GrRectFill                        
00004dbb  GrStringDraw                      
00004bd7  GrStringNextCharGet               
00002fb9  HAL_LCD_PortInit                  
00003051  HAL_LCD_SpiInit                   
000030e9  HAL_LCD_writeCommand              
00003169  HAL_LCD_writeData                 
000043d9  IntEnable                         
00004eb1  IntMasterDisable                  
00004ec1  IntMasterEnable                   
00004c85  IntPrioritySet                    
20008050  LastIndex                         
20009196  Lcd_FlagRead                      
20009197  Lcd_FontSolid                     
20009198  Lcd_Orientation                   
20009199  Lcd_PenSolid                      
20009190  Lcd_ScreenHeigth                  
20009192  Lcd_ScreenWidth                   
20009194  Lcd_TouchTrim                     
20000000  Lcd_buffer                        
00004d41  ResetISR                          
00004f5d  SSIBusy                           
00004a25  SSIConfigSetExpClk                
00004f37  SSIDataPut                        
00004f41  SSIEnable                         
00002be1  SysCtlClockFreqSet                
00004f87  SysCtlDelay                       
00003d49  SysCtlFrequencyGet                
00004b45  SysCtlPeripheralEnable            
00005814  TimeScaleStr                      
0000450d  TimerConfigure                    
000045c9  TimerControlTrigger               
00004de9  TimerDisable                      
00004eed  TimerEnable                       
00002095  TimerIntClear                     
00004f65  TimerIntEnable                    
00004f4b  TimerIntStatus                    
00004e5b  TimerLoadSet                      
20008028  VoltageScale                      
00005864  VoltageScaleStr                   
200099a0  __STACK_END                       
00000800  __STACK_SIZE                      
200093a0  __STACK_TOP                       
000058d8  __TI_CINIT_Base                   
000058e8  __TI_CINIT_Limit                  
000058c0  __TI_Handler_Table_Base           
000058cc  __TI_Handler_Table_Limit          
00004965  __TI_auto_init_nobinit_nopinit    
00004441  __TI_decompress_lzss              
00004efb  __TI_decompress_none              
ffffffff  __TI_pprof_out_hndl               
00000209  __TI_printfi                      
ffffffff  __TI_prof_data_size               
ffffffff  __TI_prof_data_start              
00000000  __TI_static_base__                
00004f21  __TI_zero_init                    
00003fa3  __aeabi_cdcmpeq                   
00003fa3  __aeabi_cdcmple                   
00004029  __aeabi_cdrcmple                  
00004301  __aeabi_d2f                       
00004891  __aeabi_d2iz                      
0000318b  __aeabi_dadd                      
00003475  __aeabi_ddiv                      
00003a13  __aeabi_dmul                      
00003181  __aeabi_dsub                      
00004f6d  __aeabi_errno_addr                
00004ad5  __aeabi_f2d                       
00004c05  __aeabi_i2d                       
00000c67  __aeabi_idiv0                     
00000c67  __aeabi_ldiv0                     
000041ab  __aeabi_memclr                    
000041ab  __aeabi_memclr4                   
000041ab  __aeabi_memclr8                   
00003deb  __aeabi_memcpy                    
00003deb  __aeabi_memcpy4                   
00003deb  __aeabi_memcpy8                   
000041ad  __aeabi_memset                    
000041ad  __aeabi_memset4                   
000041ad  __aeabi_memset8                   
00003e87  __aeabi_uldivmod                  
ffffffff  __binit__                         
ffffffff  __c_args__                        
UNDEFED   __mpu_init                        
200091a0  __stack                           
00004a9d  _c_int00_noargs                   
000053a8  _ctypes_                          
UNDEFED   _system_post_cinit                
00002fb5  _system_pre_init                  
00004f8d  abort                             
0000471d  atoi                              
ffffffff  binit                             
00001081  changeADCSampleRate               
00004dfd  copysign                          
00004dfd  copysignl                         
20008038  count_loaded                      
20008034  count_unloaded                    
2000803c  cpu_load                          
000026a1  cpu_load_count                    
20008064  errno                             
000040b1  floorf                            
000044a9  frexp                             
000044a9  frexpl                            
20008068  gADCBuffer                        
20008044  gADCBufferIndex                   
20009180  gADCErrors                        
20009184  gADCSamplingRate                  
2000805c  gButtons                          
20008054  gJoystick                         
20009188  gSystemClock                      
20008024  gTime                             
00000000  g_pfnVectors                      
00005874  g_psDefaultCodePointMapTable      
0000583c  g_sCrystalfontz128x128            
000054ac  g_sFontFixed6x8                   
00000c69  initADC                           
000037fd  ldexp                             
000037fd  ldexpl                            
2000804c  loopCount                         
00004677  ltoa                              
00002099  main                              
00004d25  memccpy                           
00003deb  memcpy                            
000041b3  memset                            
20008030  prevADCSampleState                
20008048  prevVoltage                       
00004293  roundf                            
000037fd  scalbn                            
000037fd  scalbnl                           
00004769  snprintf                          
00004dd1  strchr                            
00004e11  strlen                            
20008040  tDirection                        
20008042  tVoltage                          
00004e6d  wcslen                            


GLOBAL SYMBOLS: SORTED BY Symbol Address 

address   name                              
-------   ----                              
00000000  __TI_static_base__                
00000000  g_pfnVectors                      
00000209  __TI_printfi                      
00000800  __STACK_SIZE                      
00000c67  __aeabi_idiv0                     
00000c67  __aeabi_ldiv0                     
00000c69  initADC                           
00000da9  GetWaveform                       
00001001  ADC_ISR                           
00001081  changeADCSampleRate               
00001339  ButtonInit                        
00001559  ButtonDebounce                    
00001619  ButtonReadJoystick                
00001789  ButtonAutoRepeat                  
00001829  ButtonISR                         
00001a09  Crystalfontz128x128_Init          
00001ad9  Crystalfontz128x128_SetDrawFrame  
00001bd1  Crystalfontz128x128_SetOrientation
00002095  TimerIntClear                     
00002099  main                              
000026a1  cpu_load_count                    
00002989  GrFontGlyphRender                 
00002be1  SysCtlClockFreqSet                
00002fb5  _system_pre_init                  
00002fb9  HAL_LCD_PortInit                  
00003051  HAL_LCD_SpiInit                   
000030e9  HAL_LCD_writeCommand              
00003169  HAL_LCD_writeData                 
00003181  __aeabi_dsub                      
0000318b  __aeabi_dadd                      
00003475  __aeabi_ddiv                      
000035ab  GPIOPadConfigSet                  
000037fd  ldexp                             
000037fd  ldexpl                            
000037fd  scalbn                            
000037fd  scalbnl                           
0000390d  GrLineDraw                        
00003a13  __aeabi_dmul                      
00003b0f  GrDefaultStringRenderer           
00003d49  SysCtlFrequencyGet                
00003deb  __aeabi_memcpy                    
00003deb  __aeabi_memcpy4                   
00003deb  __aeabi_memcpy8                   
00003deb  memcpy                            
00003e87  __aeabi_uldivmod                  
00003f1d  GrRectFill                        
00003fa3  __aeabi_cdcmpeq                   
00003fa3  __aeabi_cdcmple                   
00004029  __aeabi_cdrcmple                  
000040b1  floorf                            
00004131  ADCSequenceStepConfigure          
000041ab  __aeabi_memclr                    
000041ab  __aeabi_memclr4                   
000041ab  __aeabi_memclr8                   
000041ad  __aeabi_memset                    
000041ad  __aeabi_memset4                   
000041ad  __aeabi_memset8                   
000041b3  memset                            
00004293  roundf                            
00004301  __aeabi_d2f                       
00004371  GrContextInit                     
000043d9  IntEnable                         
00004441  __TI_decompress_lzss              
000044a9  frexp                             
000044a9  frexpl                            
0000450d  TimerConfigure                    
000045c9  TimerControlTrigger               
00004677  ltoa                              
0000471d  atoi                              
00004769  snprintf                          
00004801  GPIOPinConfigure                  
00004891  __aeabi_d2iz                      
000048d9  GrLineDrawH                       
0000491f  GrLineDrawV                       
00004965  __TI_auto_init_nobinit_nopinit    
000049a9  ADCSequenceConfigure              
00004a25  SSIConfigSetExpClk                
00004a9d  _c_int00_noargs                   
00004ad5  __aeabi_f2d                       
00004b45  SysCtlPeripheralEnable            
00004ba9  ADCIntStatus                      
00004bd7  GrStringNextCharGet               
00004c05  __aeabi_i2d                       
00004c33  GPIODirModeSet                    
00004c5d  GrFontInfoGet                     
00004c85  IntPrioritySet                    
00004ca9  GrFontGlyphDataGet                
00004ccb  ADCSequenceDataGet                
00004ce9  GrFontCodepageGet                 
00004d25  memccpy                           
00004d41  ResetISR                          
00004d5b  ADCClockConfigSet                 
00004d73  ADCProcessorTrigger               
00004d8b  GPIOPinTypeGPIOOutput             
00004dbb  GrStringDraw                      
00004dd1  strchr                            
00004de9  TimerDisable                      
00004dfd  copysign                          
00004dfd  copysignl                         
00004e11  strlen                            
00004e25  GPIOPinTypeADC                    
00004e37  GPIOPinTypeGPIOInput              
00004e49  GPIOPinTypeSSI                    
00004e5b  TimerLoadSet                      
00004e6d  wcslen                            
00004e7f  ADCIntEnable                      
00004e91  FPUEnable                         
00004ea1  FPULazyStackingEnable             
00004eb1  IntMasterDisable                  
00004ec1  IntMasterEnable                   
00004ed1  ADCSequenceDisable                
00004edf  ADCSequenceEnable                 
00004eed  TimerEnable                       
00004efb  __TI_decompress_none              
00004f09  CPUcpsid                          
00004f15  CPUcpsie                          
00004f21  __TI_zero_init                    
00004f2d  ADCIntClear                       
00004f37  SSIDataPut                        
00004f41  SSIEnable                         
00004f4b  TimerIntStatus                    
00004f55  GrMapISO8859_1_Unicode            
00004f5d  SSIBusy                           
00004f65  TimerIntEnable                    
00004f6d  __aeabi_errno_addr                
00004f75  GPIOPinRead                       
00004f7b  GPIOPinWrite                      
00004f81  GrContextFontSet                  
00004f87  SysCtlDelay                       
00004f8d  C$$EXIT                           
00004f8d  abort                             
000053a8  _ctypes_                          
000054ac  g_sFontFixed6x8                   
00005814  TimeScaleStr                      
0000583c  g_sCrystalfontz128x128            
00005864  VoltageScaleStr                   
00005874  g_psDefaultCodePointMapTable      
000058c0  __TI_Handler_Table_Base           
000058cc  __TI_Handler_Table_Limit          
000058d8  __TI_CINIT_Base                   
000058e8  __TI_CINIT_Limit                  
20000000  Lcd_buffer                        
20008024  gTime                             
20008028  VoltageScale                      
2000802c  ADCSampleState                    
20008030  prevADCSampleState                
20008034  count_unloaded                    
20008038  count_loaded                      
2000803c  cpu_load                          
20008040  tDirection                        
20008042  tVoltage                          
20008044  gADCBufferIndex                   
20008048  prevVoltage                       
2000804c  loopCount                         
20008050  LastIndex                         
20008054  gJoystick                         
2000805c  gButtons                          
20008064  errno                             
20008068  gADCBuffer                        
20009068  ADCPrintBuffer                    
2000917c  ADCLocalBufferIndex               
20009180  gADCErrors                        
20009184  gADCSamplingRate                  
20009188  gSystemClock                      
20009190  Lcd_ScreenHeigth                  
20009192  Lcd_ScreenWidth                   
20009194  Lcd_TouchTrim                     
20009196  Lcd_FlagRead                      
20009197  Lcd_FontSolid                     
20009198  Lcd_Orientation                   
20009199  Lcd_PenSolid                      
200091a0  __stack                           
200093a0  __STACK_TOP                       
200099a0  __STACK_END                       
ffffffff  __TI_pprof_out_hndl               
ffffffff  __TI_prof_data_size               
ffffffff  __TI_prof_data_start              
ffffffff  __binit__                         
ffffffff  __c_args__                        
ffffffff  binit                             
UNDEFED   __mpu_init                        
UNDEFED   _system_post_cinit                

[182 symbols]
