<?xml version="1.0" encoding="ISO-8859-1" ?>
<link_info>
   <banner>TI ARM Linker PC v18.1.2.LTS</banner>
   <copyright>Copyright (c) 1996-2017 Texas Instruments Incorporated</copyright>
   <link_time>0x5bd20e44</link_time>
   <link_errors>0x0</link_errors>
   <output_file>ece3849_lab1_njlanotte_aonagal2.out</output_file>
   <entry_point>
      <name>_c_int00_noargs</name>
      <address>0x3aa9</address>
   </entry_point>
   <input_file_list>
      <input_file id="fl-2">
         <path>.\</path>
         <kind>object</kind>
         <file>Crystalfontz128x128_ST7735.obj</file>
         <name>Crystalfontz128x128_ST7735.obj</name>
      </input_file>
      <input_file id="fl-3">
         <path>.\</path>
         <kind>object</kind>
         <file>HAL_EK_TM4C1294XL_Crystalfontz128x128_ST7735.obj</file>
         <name>HAL_EK_TM4C1294XL_Crystalfontz128x128_ST7735.obj</name>
      </input_file>
      <input_file id="fl-4">
         <path>.\</path>
         <kind>object</kind>
         <file>OscilliscopeADC.obj</file>
         <name>OscilliscopeADC.obj</name>
      </input_file>
      <input_file id="fl-5">
         <path>.\</path>
         <kind>object</kind>
         <file>buttons.obj</file>
         <name>buttons.obj</name>
      </input_file>
      <input_file id="fl-6">
         <path>.\</path>
         <kind>object</kind>
         <file>main.obj</file>
         <name>main.obj</name>
      </input_file>
      <input_file id="fl-7">
         <path>.\</path>
         <kind>object</kind>
         <file>sysctl_pll.obj</file>
         <name>sysctl_pll.obj</name>
      </input_file>
      <input_file id="fl-8">
         <path>.\</path>
         <kind>object</kind>
         <file>tm4c1294ncpdt_startup_ccs.obj</file>
         <name>tm4c1294ncpdt_startup_ccs.obj</name>
      </input_file>
      <input_file id="fl-e">
         <kind>object</kind>
         <file>&lt;internal&gt;</file>
         <name>&lt;internal&gt;</name>
      </input_file>
      <input_file id="fl-c4">
         <path>C:\ti\ccsv8\tools\compiler\ti-cgt-arm_18.1.2.LTS\lib\</path>
         <kind>archive</kind>
         <file>rtsv7M4_T_le_v4SPD16_eabi.lib</file>
         <name>u_divt2.asm.obj</name>
      </input_file>
      <input_file id="fl-c5">
         <path>C:\ti\ccsv8\tools\compiler\ti-cgt-arm_18.1.2.LTS\lib\</path>
         <kind>archive</kind>
         <file>rtsv7M4_T_le_v4SPD16_eabi.lib</file>
         <name>copy_zero_init.c.obj</name>
      </input_file>
      <input_file id="fl-c6">
         <path>C:\ti\ccsv8\tools\compiler\ti-cgt-arm_18.1.2.LTS\lib\</path>
         <kind>archive</kind>
         <file>rtsv7M4_T_le_v4SPD16_eabi.lib</file>
         <name>copy_decompress_none.c.obj</name>
      </input_file>
      <input_file id="fl-c7">
         <path>C:\ti\ccsv8\tools\compiler\ti-cgt-arm_18.1.2.LTS\lib\</path>
         <kind>archive</kind>
         <file>rtsv7M4_T_le_v4SPD16_eabi.lib</file>
         <name>copy_decompress_lzss.c.obj</name>
      </input_file>
      <input_file id="fl-c8">
         <path>C:\ti\ccsv8\tools\compiler\ti-cgt-arm_18.1.2.LTS\lib\</path>
         <kind>archive</kind>
         <file>rtsv7M4_T_le_v4SPD16_eabi.lib</file>
         <name>boot_cortex_m.c.obj</name>
      </input_file>
      <input_file id="fl-c9">
         <path>C:\ti\ccsv8\tools\compiler\ti-cgt-arm_18.1.2.LTS\lib\</path>
         <kind>archive</kind>
         <file>rtsv7M4_T_le_v4SPD16_eabi.lib</file>
         <name>exit.c.obj</name>
      </input_file>
      <input_file id="fl-ca">
         <path>C:\ti\ccsv8\tools\compiler\ti-cgt-arm_18.1.2.LTS\lib\</path>
         <kind>archive</kind>
         <file>rtsv7M4_T_le_v4SPD16_eabi.lib</file>
         <name>_lock.c.obj</name>
      </input_file>
      <input_file id="fl-cb">
         <path>C:\ti\ccsv8\tools\compiler\ti-cgt-arm_18.1.2.LTS\lib\</path>
         <kind>archive</kind>
         <file>rtsv7M4_T_le_v4SPD16_eabi.lib</file>
         <name>args_main.c.obj</name>
      </input_file>
      <input_file id="fl-cc">
         <path>C:\ti\ccsv8\tools\compiler\ti-cgt-arm_18.1.2.LTS\lib\</path>
         <kind>archive</kind>
         <file>rtsv7M4_T_le_v4SPD16_eabi.lib</file>
         <name>snprintf.c.obj</name>
      </input_file>
      <input_file id="fl-cd">
         <path>C:\ti\ccsv8\tools\compiler\ti-cgt-arm_18.1.2.LTS\lib\</path>
         <kind>archive</kind>
         <file>rtsv7M4_T_le_v4SPD16_eabi.lib</file>
         <name>div0.asm.obj</name>
      </input_file>
      <input_file id="fl-ce">
         <path>C:\ti\ccsv8\tools\compiler\ti-cgt-arm_18.1.2.LTS\lib\</path>
         <kind>archive</kind>
         <file>rtsv7M4_T_le_v4SPD16_eabi.lib</file>
         <name>memset_t2.asm.obj</name>
      </input_file>
      <input_file id="fl-cf">
         <path>C:\ti\ccsv8\tools\compiler\ti-cgt-arm_18.1.2.LTS\lib\</path>
         <kind>archive</kind>
         <file>rtsv7M4_T_le_v4SPD16_eabi.lib</file>
         <name>memcpy_t2.asm.obj</name>
      </input_file>
      <input_file id="fl-d0">
         <path>C:\ti\ccsv8\tools\compiler\ti-cgt-arm_18.1.2.LTS\lib\</path>
         <kind>archive</kind>
         <file>rtsv7M4_T_le_v4SPD16_eabi.lib</file>
         <name>autoinit.c.obj</name>
      </input_file>
      <input_file id="fl-d1">
         <path>C:\ti\ccsv8\tools\compiler\ti-cgt-arm_18.1.2.LTS\lib\</path>
         <kind>archive</kind>
         <file>rtsv7M4_T_le_v4SPD16_eabi.lib</file>
         <name>pre_init.c.obj</name>
      </input_file>
      <input_file id="fl-d2">
         <path>C:\ti\ccsv8\tools\compiler\ti-cgt-arm_18.1.2.LTS\lib\</path>
         <kind>archive</kind>
         <file>rtsv7M4_T_le_v4SPD16_eabi.lib</file>
         <name>cpy_tbl.c.obj</name>
      </input_file>
      <input_file id="fl-d3">
         <path>C:\ti\ccsv8\tools\compiler\ti-cgt-arm_18.1.2.LTS\lib\</path>
         <kind>archive</kind>
         <file>rtsv7M4_T_le_v4SPD16_eabi.lib</file>
         <name>_printfi.c.obj</name>
      </input_file>
      <input_file id="fl-d4">
         <path>C:\ti\ccsv8\tools\compiler\ti-cgt-arm_18.1.2.LTS\lib\</path>
         <kind>archive</kind>
         <file>rtsv7M4_T_le_v4SPD16_eabi.lib</file>
         <name>atoi.c.obj</name>
      </input_file>
      <input_file id="fl-d5">
         <path>C:\ti\ccsv8\tools\compiler\ti-cgt-arm_18.1.2.LTS\lib\</path>
         <kind>archive</kind>
         <file>rtsv7M4_T_le_v4SPD16_eabi.lib</file>
         <name>ctype.c.obj</name>
      </input_file>
      <input_file id="fl-d6">
         <path>C:\ti\ccsv8\tools\compiler\ti-cgt-arm_18.1.2.LTS\lib\</path>
         <kind>archive</kind>
         <file>rtsv7M4_T_le_v4SPD16_eabi.lib</file>
         <name>ltoa.c.obj</name>
      </input_file>
      <input_file id="fl-d7">
         <path>C:\ti\ccsv8\tools\compiler\ti-cgt-arm_18.1.2.LTS\lib\</path>
         <kind>archive</kind>
         <file>rtsv7M4_T_le_v4SPD16_eabi.lib</file>
         <name>memccpy.c.obj</name>
      </input_file>
      <input_file id="fl-d8">
         <path>C:\ti\ccsv8\tools\compiler\ti-cgt-arm_18.1.2.LTS\lib\</path>
         <kind>archive</kind>
         <file>rtsv7M4_T_le_v4SPD16_eabi.lib</file>
         <name>strchr.c.obj</name>
      </input_file>
      <input_file id="fl-d9">
         <path>C:\ti\ccsv8\tools\compiler\ti-cgt-arm_18.1.2.LTS\lib\</path>
         <kind>archive</kind>
         <file>rtsv7M4_T_le_v4SPD16_eabi.lib</file>
         <name>strlen.c.obj</name>
      </input_file>
      <input_file id="fl-da">
         <path>C:\ti\ccsv8\tools\compiler\ti-cgt-arm_18.1.2.LTS\lib\</path>
         <kind>archive</kind>
         <file>rtsv7M4_T_le_v4SPD16_eabi.lib</file>
         <name>s_frexp.c.obj</name>
      </input_file>
      <input_file id="fl-db">
         <path>C:\ti\ccsv8\tools\compiler\ti-cgt-arm_18.1.2.LTS\lib\</path>
         <kind>archive</kind>
         <file>rtsv7M4_T_le_v4SPD16_eabi.lib</file>
         <name>s_scalbn.c.obj</name>
      </input_file>
      <input_file id="fl-dc">
         <path>C:\ti\ccsv8\tools\compiler\ti-cgt-arm_18.1.2.LTS\lib\</path>
         <kind>archive</kind>
         <file>rtsv7M4_T_le_v4SPD16_eabi.lib</file>
         <name>s_copysign.c.obj</name>
      </input_file>
      <input_file id="fl-dd">
         <path>C:\ti\ccsv8\tools\compiler\ti-cgt-arm_18.1.2.LTS\lib\</path>
         <kind>archive</kind>
         <file>rtsv7M4_T_le_v4SPD16_eabi.lib</file>
         <name>wcslen.c.obj</name>
      </input_file>
      <input_file id="fl-de">
         <path>C:\ti\ccsv8\tools\compiler\ti-cgt-arm_18.1.2.LTS\lib\</path>
         <kind>archive</kind>
         <file>rtsv7M4_T_le_v4SPD16_eabi.lib</file>
         <name>fd_add_t2.asm.obj</name>
      </input_file>
      <input_file id="fl-df">
         <path>C:\ti\ccsv8\tools\compiler\ti-cgt-arm_18.1.2.LTS\lib\</path>
         <kind>archive</kind>
         <file>rtsv7M4_T_le_v4SPD16_eabi.lib</file>
         <name>fd_cmp_t2.asm.obj</name>
      </input_file>
      <input_file id="fl-e0">
         <path>C:\ti\ccsv8\tools\compiler\ti-cgt-arm_18.1.2.LTS\lib\</path>
         <kind>archive</kind>
         <file>rtsv7M4_T_le_v4SPD16_eabi.lib</file>
         <name>fd_div_t2.asm.obj</name>
      </input_file>
      <input_file id="fl-e1">
         <path>C:\ti\ccsv8\tools\compiler\ti-cgt-arm_18.1.2.LTS\lib\</path>
         <kind>archive</kind>
         <file>rtsv7M4_T_le_v4SPD16_eabi.lib</file>
         <name>fd_mul_t2.asm.obj</name>
      </input_file>
      <input_file id="fl-e2">
         <path>C:\ti\ccsv8\tools\compiler\ti-cgt-arm_18.1.2.LTS\lib\</path>
         <kind>archive</kind>
         <file>rtsv7M4_T_le_v4SPD16_eabi.lib</file>
         <name>fd_toi_t2.asm.obj</name>
      </input_file>
      <input_file id="fl-e3">
         <path>C:\ti\ccsv8\tools\compiler\ti-cgt-arm_18.1.2.LTS\lib\</path>
         <kind>archive</kind>
         <file>rtsv7M4_T_le_v4SPD16_eabi.lib</file>
         <name>i_tofd_t2.asm.obj</name>
      </input_file>
      <input_file id="fl-e4">
         <path>C:\ti\ccsv8\tools\compiler\ti-cgt-arm_18.1.2.LTS\lib\</path>
         <kind>archive</kind>
         <file>rtsv7M4_T_le_v4SPD16_eabi.lib</file>
         <name>ull_div_t2.asm.obj</name>
      </input_file>
      <input_file id="fl-e5">
         <path>C:\ti\ccsv8\tools\compiler\ti-cgt-arm_18.1.2.LTS\lib\</path>
         <kind>archive</kind>
         <file>rtsv7M4_T_le_v4SPD16_eabi.lib</file>
         <name>errno.c.obj</name>
      </input_file>
      <input_file id="fl-e6">
         <path>C:\ti\tirtos_tivac_2_16_00_08\products\TivaWare_C_Series-2.1.1.71b\grlib\ccs\Debug\</path>
         <kind>archive</kind>
         <file>grlib.lib</file>
         <name>context.obj</name>
      </input_file>
      <input_file id="fl-e7">
         <path>C:\ti\tirtos_tivac_2_16_00_08\products\TivaWare_C_Series-2.1.1.71b\grlib\ccs\Debug\</path>
         <kind>archive</kind>
         <file>grlib.lib</file>
         <name>rectangle.obj</name>
      </input_file>
      <input_file id="fl-e8">
         <path>C:\ti\tirtos_tivac_2_16_00_08\products\TivaWare_C_Series-2.1.1.71b\grlib\ccs\Debug\</path>
         <kind>archive</kind>
         <file>grlib.lib</file>
         <name>string.obj</name>
      </input_file>
      <input_file id="fl-e9">
         <path>C:\ti\tirtos_tivac_2_16_00_08\products\TivaWare_C_Series-2.1.1.71b\grlib\ccs\Debug\</path>
         <kind>archive</kind>
         <file>grlib.lib</file>
         <name>fontfixed6x8.obj</name>
      </input_file>
      <input_file id="fl-ea">
         <path>C:\ti\tirtos_tivac_2_16_00_08\products\TivaWare_C_Series-2.1.1.71b\grlib\ccs\Debug\</path>
         <kind>archive</kind>
         <file>grlib.lib</file>
         <name>charmap.obj</name>
      </input_file>
      <input_file id="fl-eb">
         <path>C:\ti\tirtos_tivac_2_16_00_08\products\TivaWare_C_Series-2.1.1.71b\grlib\ccs\Debug\</path>
         <kind>archive</kind>
         <file>grlib.lib</file>
         <name>line.obj</name>
      </input_file>
      <input_file id="fl-ec">
         <path>C:\ti\tirtos_tivac_2_16_00_08\products\TivaWare_C_Series-2.1.1.71b\driverlib\ccs\Debug\</path>
         <kind>archive</kind>
         <file>driverlib.lib</file>
         <name>adc.obj</name>
      </input_file>
      <input_file id="fl-ed">
         <path>C:\ti\tirtos_tivac_2_16_00_08\products\TivaWare_C_Series-2.1.1.71b\driverlib\ccs\Debug\</path>
         <kind>archive</kind>
         <file>driverlib.lib</file>
         <name>fpu.obj</name>
      </input_file>
      <input_file id="fl-ee">
         <path>C:\ti\tirtos_tivac_2_16_00_08\products\TivaWare_C_Series-2.1.1.71b\driverlib\ccs\Debug\</path>
         <kind>archive</kind>
         <file>driverlib.lib</file>
         <name>gpio.obj</name>
      </input_file>
      <input_file id="fl-ef">
         <path>C:\ti\tirtos_tivac_2_16_00_08\products\TivaWare_C_Series-2.1.1.71b\driverlib\ccs\Debug\</path>
         <kind>archive</kind>
         <file>driverlib.lib</file>
         <name>interrupt.obj</name>
      </input_file>
      <input_file id="fl-f0">
         <path>C:\ti\tirtos_tivac_2_16_00_08\products\TivaWare_C_Series-2.1.1.71b\driverlib\ccs\Debug\</path>
         <kind>archive</kind>
         <file>driverlib.lib</file>
         <name>ssi.obj</name>
      </input_file>
      <input_file id="fl-f1">
         <path>C:\ti\tirtos_tivac_2_16_00_08\products\TivaWare_C_Series-2.1.1.71b\driverlib\ccs\Debug\</path>
         <kind>archive</kind>
         <file>driverlib.lib</file>
         <name>sysctl.obj</name>
      </input_file>
      <input_file id="fl-f2">
         <path>C:\ti\tirtos_tivac_2_16_00_08\products\TivaWare_C_Series-2.1.1.71b\driverlib\ccs\Debug\</path>
         <kind>archive</kind>
         <file>driverlib.lib</file>
         <name>timer.obj</name>
      </input_file>
      <input_file id="fl-f3">
         <path>C:\ti\tirtos_tivac_2_16_00_08\products\TivaWare_C_Series-2.1.1.71b\driverlib\ccs\Debug\</path>
         <kind>archive</kind>
         <file>driverlib.lib</file>
         <name>cpu.obj</name>
      </input_file>
   </input_file_list>
   <object_component_list>
      <object_component id="oc-f">
         <name>.intvecs</name>
         <load_address>0x0</load_address>
         <run_address>0x0</run_address>
         <size>0x208</size>
         <input_file_ref idref="fl-8"/>
      </object_component>
      <object_component id="oc-2b9">
         <name>.text:__TI_printfi</name>
         <load_address>0x208</load_address>
         <run_address>0x208</run_address>
         <size>0xa5e</size>
         <input_file_ref idref="fl-d3"/>
      </object_component>
      <object_component id="oc-2b3">
         <name>.text</name>
         <load_address>0xc66</load_address>
         <run_address>0xc66</run_address>
         <size>0x2</size>
         <input_file_ref idref="fl-cd"/>
      </object_component>
      <object_component id="oc-1c7">
         <name>.text</name>
         <load_address>0xc68</load_address>
         <run_address>0xc68</run_address>
         <size>0x68c</size>
         <input_file_ref idref="fl-2"/>
      </object_component>
      <object_component id="oc-fd">
         <name>.text:TimerIntClear</name>
         <load_address>0x12f4</load_address>
         <run_address>0x12f4</run_address>
         <size>0x4</size>
         <input_file_ref idref="fl-f2"/>
      </object_component>
      <object_component id="oc-2a">
         <name>.text</name>
         <load_address>0x12f8</load_address>
         <run_address>0x12f8</run_address>
         <size>0x628</size>
         <input_file_ref idref="fl-5"/>
      </object_component>
      <object_component id="oc-399">
         <name>.text:_pconv_a</name>
         <load_address>0x1920</load_address>
         <run_address>0x1920</run_address>
         <size>0x270</size>
         <input_file_ref idref="fl-d3"/>
      </object_component>
      <object_component id="oc-34f">
         <name>.text:GrFontGlyphRender</name>
         <load_address>0x1b90</load_address>
         <run_address>0x1b90</run_address>
         <size>0x256</size>
         <input_file_ref idref="fl-e8"/>
      </object_component>
      <object_component id="oc-1c1">
         <name>.text:SysCtlClockFreqSet</name>
         <load_address>0x1de8</load_address>
         <run_address>0x1de8</run_address>
         <size>0x204</size>
         <input_file_ref idref="fl-f1"/>
      </object_component>
      <object_component id="oc-387">
         <name>.text:_pconv_g</name>
         <load_address>0x1fec</load_address>
         <run_address>0x1fec</run_address>
         <size>0x1d0</size>
         <input_file_ref idref="fl-d3"/>
      </object_component>
      <object_component id="oc-139">
         <name>.text:_system_pre_init</name>
         <load_address>0x21bc</load_address>
         <run_address>0x21bc</run_address>
         <size>0x4</size>
         <input_file_ref idref="fl-d1"/>
      </object_component>
      <object_component id="oc-13f">
         <name>.text</name>
         <load_address>0x21c0</load_address>
         <run_address>0x21c0</run_address>
         <size>0x1ce</size>
         <input_file_ref idref="fl-6"/>
      </object_component>
      <object_component id="oc-273">
         <name>.text</name>
         <load_address>0x2390</load_address>
         <run_address>0x2390</run_address>
         <size>0x1c8</size>
         <input_file_ref idref="fl-3"/>
      </object_component>
      <object_component id="oc-430">
         <name>.text</name>
         <load_address>0x2558</load_address>
         <run_address>0x2558</run_address>
         <size>0x1b6</size>
         <input_file_ref idref="fl-de"/>
      </object_component>
      <object_component id="oc-393">
         <name>.text:_pconv_e</name>
         <load_address>0x2710</load_address>
         <run_address>0x2710</run_address>
         <size>0x13c</size>
         <input_file_ref idref="fl-d3"/>
      </object_component>
      <object_component id="oc-416">
         <name>.text</name>
         <load_address>0x284c</load_address>
         <run_address>0x284c</run_address>
         <size>0x136</size>
         <input_file_ref idref="fl-e0"/>
      </object_component>
      <object_component id="oc-aa">
         <name>.text:GPIOPadConfigSet</name>
         <load_address>0x2982</load_address>
         <run_address>0x2982</run_address>
         <size>0x130</size>
         <input_file_ref idref="fl-ee"/>
      </object_component>
      <object_component id="oc-442">
         <name>.text:fcvt</name>
         <load_address>0x2ab4</load_address>
         <run_address>0x2ab4</run_address>
         <size>0x120</size>
         <input_file_ref idref="fl-d3"/>
      </object_component>
      <object_component id="oc-456">
         <name>.text:scalbn</name>
         <load_address>0x2bd4</load_address>
         <run_address>0x2bd4</run_address>
         <size>0x110</size>
         <input_file_ref idref="fl-db"/>
      </object_component>
      <object_component id="oc-411">
         <name>.text</name>
         <load_address>0x2ce4</load_address>
         <run_address>0x2ce4</run_address>
         <size>0xfc</size>
         <input_file_ref idref="fl-e1"/>
      </object_component>
      <object_component id="oc-28e">
         <name>.text:GrDefaultStringRenderer</name>
         <load_address>0x2de0</load_address>
         <run_address>0x2de0</run_address>
         <size>0xc4</size>
         <input_file_ref idref="fl-e8"/>
      </object_component>
      <object_component id="oc-37c">
         <name>.text:_ltostr</name>
         <load_address>0x2ea4</load_address>
         <run_address>0x2ea4</run_address>
         <size>0xb1</size>
         <input_file_ref idref="fl-d3"/>
      </object_component>
      <object_component id="oc-b6">
         <name>.text</name>
         <load_address>0x2f58</load_address>
         <run_address>0x2f58</run_address>
         <size>0xa2</size>
         <input_file_ref idref="fl-7"/>
      </object_component>
      <object_component id="oc-3e">
         <name>.text</name>
         <load_address>0x2ffa</load_address>
         <run_address>0x2ffa</run_address>
         <size>0x9c</size>
         <input_file_ref idref="fl-cf"/>
      </object_component>
      <object_component id="oc-40a">
         <name>.text</name>
         <load_address>0x3096</load_address>
         <run_address>0x3096</run_address>
         <size>0x96</size>
         <input_file_ref idref="fl-e4"/>
      </object_component>
      <object_component id="oc-1e8">
         <name>.text:GrRectFill</name>
         <load_address>0x312c</load_address>
         <run_address>0x312c</run_address>
         <size>0x86</size>
         <input_file_ref idref="fl-e7"/>
      </object_component>
      <object_component id="oc-382">
         <name>.text:__aeabi_cdcmple</name>
         <load_address>0x31b2</load_address>
         <run_address>0x31b2</run_address>
         <size>0x86</size>
         <input_file_ref idref="fl-df"/>
      </object_component>
      <object_component id="oc-41b">
         <name>.text:__aeabi_cdrcmple</name>
         <load_address>0x3238</load_address>
         <run_address>0x3238</run_address>
         <size>0x86</size>
         <input_file_ref idref="fl-df"/>
      </object_component>
      <object_component id="oc-d1">
         <name>.text:ADCSequenceStepConfigure</name>
         <load_address>0x32be</load_address>
         <run_address>0x32be</run_address>
         <size>0x7a</size>
         <input_file_ref idref="fl-ec"/>
      </object_component>
      <object_component id="oc-133">
         <name>.text</name>
         <load_address>0x3338</load_address>
         <run_address>0x3338</run_address>
         <size>0x7a</size>
         <input_file_ref idref="fl-ce"/>
      </object_component>
      <object_component id="oc-43b">
         <name>.text:_mcpy</name>
         <load_address>0x33b2</load_address>
         <run_address>0x33b2</run_address>
         <size>0x6e</size>
         <input_file_ref idref="fl-d3"/>
      </object_component>
      <object_component id="oc-1d6">
         <name>.text:GrContextInit</name>
         <load_address>0x3420</load_address>
         <run_address>0x3420</run_address>
         <size>0x68</size>
         <input_file_ref idref="fl-e6"/>
      </object_component>
      <object_component id="oc-9e">
         <name>.text:IntEnable</name>
         <load_address>0x3488</load_address>
         <run_address>0x3488</run_address>
         <size>0x68</size>
         <input_file_ref idref="fl-ef"/>
      </object_component>
      <object_component id="oc-12">
         <name>.text:decompress:lzss:__TI_decompress_lzss</name>
         <load_address>0x34f0</load_address>
         <run_address>0x34f0</run_address>
         <size>0x68</size>
         <input_file_ref idref="fl-c7"/>
      </object_component>
      <object_component id="oc-450">
         <name>.text:frexp</name>
         <load_address>0x3558</load_address>
         <run_address>0x3558</run_address>
         <size>0x64</size>
         <input_file_ref idref="fl-da"/>
      </object_component>
      <object_component id="oc-7d">
         <name>.text:TimerConfigure</name>
         <load_address>0x35bc</load_address>
         <run_address>0x35bc</run_address>
         <size>0x60</size>
         <input_file_ref idref="fl-f2"/>
      </object_component>
      <object_component id="oc-3f2">
         <name>.text:FontWideGlyphDataGet</name>
         <load_address>0x361c</load_address>
         <run_address>0x361c</run_address>
         <size>0x5a</size>
         <input_file_ref idref="fl-e8"/>
      </object_component>
      <object_component id="oc-38d">
         <name>.text:_pconv_f</name>
         <load_address>0x3676</load_address>
         <run_address>0x3676</run_address>
         <size>0x56</size>
         <input_file_ref idref="fl-d3"/>
      </object_component>
      <object_component id="oc-425">
         <name>.text:ltoa</name>
         <load_address>0x36cc</load_address>
         <run_address>0x36cc</run_address>
         <size>0x54</size>
         <input_file_ref idref="fl-d6"/>
      </object_component>
      <object_component id="oc-435">
         <name>.text:_ecpy</name>
         <load_address>0x3720</load_address>
         <run_address>0x3720</run_address>
         <size>0x52</size>
         <input_file_ref idref="fl-d3"/>
      </object_component>
      <object_component id="oc-376">
         <name>.text:atoi</name>
         <load_address>0x3774</load_address>
         <run_address>0x3774</run_address>
         <size>0x4c</size>
         <input_file_ref idref="fl-d4"/>
      </object_component>
      <object_component id="oc-1f3">
         <name>.text:snprintf</name>
         <load_address>0x37c0</load_address>
         <run_address>0x37c0</run_address>
         <size>0x4c</size>
         <input_file_ref idref="fl-cc"/>
      </object_component>
      <object_component id="oc-2a1">
         <name>.text:UpdateContextCharMapping</name>
         <load_address>0x380c</load_address>
         <run_address>0x380c</run_address>
         <size>0x4a</size>
         <input_file_ref idref="fl-e8"/>
      </object_component>
      <object_component id="oc-30f">
         <name>.text:GPIOPinConfigure</name>
         <load_address>0x3858</load_address>
         <run_address>0x3858</run_address>
         <size>0x48</size>
         <input_file_ref idref="fl-ee"/>
      </object_component>
      <object_component id="oc-263">
         <name>.text:_SysCtlFrequencyGet</name>
         <load_address>0x38a0</load_address>
         <run_address>0x38a0</run_address>
         <size>0x48</size>
         <input_file_ref idref="fl-f1"/>
      </object_component>
      <object_component id="oc-420">
         <name>.text</name>
         <load_address>0x38e8</load_address>
         <run_address>0x38e8</run_address>
         <size>0x48</size>
         <input_file_ref idref="fl-e2"/>
      </object_component>
      <object_component id="oc-20c">
         <name>.text:__TI_auto_init_nobinit_nopinit:__TI_auto_init_nobinit_nopinit</name>
         <load_address>0x3930</load_address>
         <run_address>0x3930</run_address>
         <size>0x44</size>
         <input_file_ref idref="fl-d0"/>
      </object_component>
      <object_component id="oc-1ee">
         <name>.text</name>
         <load_address>0x3974</load_address>
         <run_address>0x3974</run_address>
         <size>0x40</size>
         <input_file_ref idref="fl-c4"/>
      </object_component>
      <object_component id="oc-cb">
         <name>.text:ADCSequenceConfigure</name>
         <load_address>0x39b4</load_address>
         <run_address>0x39b4</run_address>
         <size>0x3e</size>
         <input_file_ref idref="fl-ec"/>
      </object_component>
      <object_component id="oc-448">
         <name>.text:_fcpy</name>
         <load_address>0x39f2</load_address>
         <run_address>0x39f2</run_address>
         <size>0x3e</size>
         <input_file_ref idref="fl-d3"/>
      </object_component>
      <object_component id="oc-31b">
         <name>.text:SSIConfigSetExpClk</name>
         <load_address>0x3a30</load_address>
         <run_address>0x3a30</run_address>
         <size>0x3c</size>
         <input_file_ref idref="fl-f0"/>
      </object_component>
      <object_component id="oc-3f8">
         <name>.text:FontGlyphDataGet</name>
         <load_address>0x3a6c</load_address>
         <run_address>0x3a6c</run_address>
         <size>0x3a</size>
         <input_file_ref idref="fl-e8"/>
      </object_component>
      <object_component id="oc-5c">
         <name>.text:_c_int00_noargs:_c_int00_noargs</name>
         <load_address>0x3aa8</load_address>
         <run_address>0x3aa8</run_address>
         <size>0x38</size>
         <input_file_ref idref="fl-c8"/>
      </object_component>
      <object_component id="oc-71">
         <name>.text:SysCtlPeripheralEnable</name>
         <load_address>0x3ae0</load_address>
         <run_address>0x3ae0</run_address>
         <size>0x34</size>
         <input_file_ref idref="fl-f1"/>
      </object_component>
      <object_component id="oc-2bf">
         <name>.text:_outs</name>
         <load_address>0x3b14</load_address>
         <run_address>0x3b14</run_address>
         <size>0x30</size>
         <input_file_ref idref="fl-cc"/>
      </object_component>
      <object_component id="oc-e7">
         <name>.text:ADCIntStatus</name>
         <load_address>0x3b44</load_address>
         <run_address>0x3b44</run_address>
         <size>0x2e</size>
         <input_file_ref idref="fl-ec"/>
      </object_component>
      <object_component id="oc-343">
         <name>.text:GrStringNextCharGet</name>
         <load_address>0x3b72</load_address>
         <run_address>0x3b72</run_address>
         <size>0x2e</size>
         <input_file_ref idref="fl-e8"/>
      </object_component>
      <object_component id="oc-42b">
         <name>.text</name>
         <load_address>0x3ba0</load_address>
         <run_address>0x3ba0</run_address>
         <size>0x2e</size>
         <input_file_ref idref="fl-e3"/>
      </object_component>
      <object_component id="oc-173">
         <name>.text:GPIODirModeSet</name>
         <load_address>0x3bce</load_address>
         <run_address>0x3bce</run_address>
         <size>0x2a</size>
         <input_file_ref idref="fl-ee"/>
      </object_component>
      <object_component id="oc-33d">
         <name>.text:GrFontInfoGet</name>
         <load_address>0x3bf8</load_address>
         <run_address>0x3bf8</run_address>
         <size>0x26</size>
         <input_file_ref idref="fl-e8"/>
      </object_component>
      <object_component id="oc-98">
         <name>.text:IntPrioritySet</name>
         <load_address>0x3c20</load_address>
         <run_address>0x3c20</run_address>
         <size>0x24</size>
         <input_file_ref idref="fl-ef"/>
      </object_component>
      <object_component id="oc-349">
         <name>.text:GrFontGlyphDataGet</name>
         <load_address>0x3c44</load_address>
         <run_address>0x3c44</run_address>
         <size>0x22</size>
         <input_file_ref idref="fl-e8"/>
      </object_component>
      <object_component id="oc-f0">
         <name>.text:ADCSequenceDataGet</name>
         <load_address>0x3c66</load_address>
         <run_address>0x3c66</run_address>
         <size>0x1e</size>
         <input_file_ref idref="fl-ec"/>
      </object_component>
      <object_component id="oc-364">
         <name>.text:GrFontCodepageGet</name>
         <load_address>0x3c84</load_address>
         <run_address>0x3c84</run_address>
         <size>0x1e</size>
         <input_file_ref idref="fl-e8"/>
      </object_component>
      <object_component id="oc-25d">
         <name>.text:_SysCtlMemTimingGet</name>
         <load_address>0x3ca4</load_address>
         <run_address>0x3ca4</run_address>
         <size>0x1c</size>
         <input_file_ref idref="fl-f1"/>
      </object_component>
      <object_component id="oc-39f">
         <name>.text:memccpy</name>
         <load_address>0x3cc0</load_address>
         <run_address>0x3cc0</run_address>
         <size>0x1c</size>
         <input_file_ref idref="fl-d7"/>
      </object_component>
      <object_component id="oc-200">
         <name>.text:abort:abort</name>
         <load_address>0x3cdc</load_address>
         <run_address>0x3cdc</run_address>
         <size>0x4</size>
         <input_file_ref idref="fl-c9"/>
      </object_component>
      <object_component id="oc-24">
         <name>.text</name>
         <load_address>0x3ce0</load_address>
         <run_address>0x3ce0</run_address>
         <size>0x1a</size>
         <input_file_ref idref="fl-8"/>
      </object_component>
      <object_component id="oc-bf">
         <name>.text:ADCClockConfigSet</name>
         <load_address>0x3cfa</load_address>
         <run_address>0x3cfa</run_address>
         <size>0x18</size>
         <input_file_ref idref="fl-ec"/>
      </object_component>
      <object_component id="oc-e1">
         <name>.text:ADCProcessorTrigger</name>
         <load_address>0x3d12</load_address>
         <run_address>0x3d12</run_address>
         <size>0x18</size>
         <input_file_ref idref="fl-ec"/>
      </object_component>
      <object_component id="oc-315">
         <name>.text:GPIOPinTypeGPIOOutput</name>
         <load_address>0x3d2a</load_address>
         <run_address>0x3d2a</run_address>
         <size>0x18</size>
         <input_file_ref idref="fl-ee"/>
      </object_component>
      <object_component id="oc-2c5">
         <name>.text:_outc</name>
         <load_address>0x3d42</load_address>
         <run_address>0x3d42</run_address>
         <size>0x18</size>
         <input_file_ref idref="fl-cc"/>
      </object_component>
      <object_component id="oc-1f9">
         <name>.text:GrStringDraw</name>
         <load_address>0x3d5a</load_address>
         <run_address>0x3d5a</run_address>
         <size>0x16</size>
         <input_file_ref idref="fl-e8"/>
      </object_component>
      <object_component id="oc-45c">
         <name>.text:strchr</name>
         <load_address>0x3d70</load_address>
         <run_address>0x3d70</run_address>
         <size>0x16</size>
         <input_file_ref idref="fl-d8"/>
      </object_component>
      <object_component id="oc-77">
         <name>.text:TimerDisable</name>
         <load_address>0x3d88</load_address>
         <run_address>0x3d88</run_address>
         <size>0x14</size>
         <input_file_ref idref="fl-f2"/>
      </object_component>
      <object_component id="oc-4af">
         <name>.text:copysign</name>
         <load_address>0x3d9c</load_address>
         <run_address>0x3d9c</run_address>
         <size>0x14</size>
         <input_file_ref idref="fl-dc"/>
      </object_component>
      <object_component id="oc-370">
         <name>.text:strlen</name>
         <load_address>0x3db0</load_address>
         <run_address>0x3db0</run_address>
         <size>0x14</size>
         <input_file_ref idref="fl-d9"/>
      </object_component>
      <object_component id="oc-b0">
         <name>.text:GPIOPinTypeADC</name>
         <load_address>0x3dc4</load_address>
         <run_address>0x3dc4</run_address>
         <size>0x12</size>
         <input_file_ref idref="fl-ee"/>
      </object_component>
      <object_component id="oc-a4">
         <name>.text:GPIOPinTypeGPIOInput</name>
         <load_address>0x3dd6</load_address>
         <run_address>0x3dd6</run_address>
         <size>0x12</size>
         <input_file_ref idref="fl-ee"/>
      </object_component>
      <object_component id="oc-309">
         <name>.text:GPIOPinTypeSSI</name>
         <load_address>0x3de8</load_address>
         <run_address>0x3de8</run_address>
         <size>0x12</size>
         <input_file_ref idref="fl-ee"/>
      </object_component>
      <object_component id="oc-86">
         <name>.text:TimerLoadSet</name>
         <load_address>0x3dfa</load_address>
         <run_address>0x3dfa</run_address>
         <size>0x12</size>
         <input_file_ref idref="fl-f2"/>
      </object_component>
      <object_component id="oc-4a">
         <name>.text:decompress:ZI:__TI_zero_init_nomemset:__TI_zero_init_nomemset</name>
         <load_address>0x3e0c</load_address>
         <run_address>0x3e0c</run_address>
         <size>0x12</size>
         <input_file_ref idref="fl-c5"/>
      </object_component>
      <object_component id="oc-3a5">
         <name>.text:wcslen</name>
         <load_address>0x3e1e</load_address>
         <run_address>0x3e1e</run_address>
         <size>0x12</size>
         <input_file_ref idref="fl-dd"/>
      </object_component>
      <object_component id="oc-1b5">
         <name>.text:FPUEnable</name>
         <load_address>0x3e30</load_address>
         <run_address>0x3e30</run_address>
         <size>0x10</size>
         <input_file_ref idref="fl-ed"/>
      </object_component>
      <object_component id="oc-1bb">
         <name>.text:FPULazyStackingEnable</name>
         <load_address>0x3e40</load_address>
         <run_address>0x3e40</run_address>
         <size>0x10</size>
         <input_file_ref idref="fl-ed"/>
      </object_component>
      <object_component id="oc-1af">
         <name>.text:IntMasterDisable</name>
         <load_address>0x3e50</load_address>
         <run_address>0x3e50</run_address>
         <size>0x10</size>
         <input_file_ref idref="fl-ef"/>
      </object_component>
      <object_component id="oc-1cd">
         <name>.text:IntMasterEnable</name>
         <load_address>0x3e60</load_address>
         <run_address>0x3e60</run_address>
         <size>0x10</size>
         <input_file_ref idref="fl-ef"/>
      </object_component>
      <object_component id="oc-c5">
         <name>.text:ADCSequenceDisable</name>
         <load_address>0x3e70</load_address>
         <run_address>0x3e70</run_address>
         <size>0xe</size>
         <input_file_ref idref="fl-ec"/>
      </object_component>
      <object_component id="oc-d7">
         <name>.text:ADCSequenceEnable</name>
         <load_address>0x3e7e</load_address>
         <run_address>0x3e7e</run_address>
         <size>0xe</size>
         <input_file_ref idref="fl-ec"/>
      </object_component>
      <object_component id="oc-92">
         <name>.text:TimerEnable</name>
         <load_address>0x3e8c</load_address>
         <run_address>0x3e8c</run_address>
         <size>0xe</size>
         <input_file_ref idref="fl-f2"/>
      </object_component>
      <object_component id="oc-18">
         <name>.text:decompress:none:__TI_decompress_none</name>
         <load_address>0x3e9a</load_address>
         <run_address>0x3e9a</run_address>
         <size>0xe</size>
         <input_file_ref idref="fl-c6"/>
      </object_component>
      <object_component id="oc-254">
         <name>.text:CPUcpsid</name>
         <load_address>0x3ea8</load_address>
         <run_address>0x3ea8</run_address>
         <size>0xc</size>
         <input_file_ref idref="fl-f3"/>
      </object_component>
      <object_component id="oc-285">
         <name>.text:CPUcpsie</name>
         <load_address>0x3eb4</load_address>
         <run_address>0x3eb4</run_address>
         <size>0xc</size>
         <input_file_ref idref="fl-f3"/>
      </object_component>
      <object_component id="oc-f6">
         <name>.text:ADCIntClear</name>
         <load_address>0x3ec0</load_address>
         <run_address>0x3ec0</run_address>
         <size>0xa</size>
         <input_file_ref idref="fl-ec"/>
      </object_component>
      <object_component id="oc-333">
         <name>.text:SSIDataPut</name>
         <load_address>0x3eca</load_address>
         <run_address>0x3eca</run_address>
         <size>0xa</size>
         <input_file_ref idref="fl-f0"/>
      </object_component>
      <object_component id="oc-321">
         <name>.text:SSIEnable</name>
         <load_address>0x3ed4</load_address>
         <run_address>0x3ed4</run_address>
         <size>0xa</size>
         <input_file_ref idref="fl-f0"/>
      </object_component>
      <object_component id="oc-356">
         <name>.text:GrMapISO8859_1_Unicode</name>
         <load_address>0x3ede</load_address>
         <run_address>0x3ede</run_address>
         <size>0x8</size>
         <input_file_ref idref="fl-ea"/>
      </object_component>
      <object_component id="oc-32d">
         <name>.text:SSIBusy</name>
         <load_address>0x3ee6</load_address>
         <run_address>0x3ee6</run_address>
         <size>0x8</size>
         <input_file_ref idref="fl-f0"/>
      </object_component>
      <object_component id="oc-8c">
         <name>.text:TimerIntEnable</name>
         <load_address>0x3eee</load_address>
         <run_address>0x3eee</run_address>
         <size>0x8</size>
         <input_file_ref idref="fl-f2"/>
      </object_component>
      <object_component id="oc-3ab">
         <name>.text:__aeabi_errno_addr</name>
         <load_address>0x3ef8</load_address>
         <run_address>0x3ef8</run_address>
         <size>0x8</size>
         <input_file_ref idref="fl-e5"/>
      </object_component>
      <object_component id="oc-103">
         <name>.text:GPIOPinRead</name>
         <load_address>0x3f00</load_address>
         <run_address>0x3f00</run_address>
         <size>0x6</size>
         <input_file_ref idref="fl-ee"/>
      </object_component>
      <object_component id="oc-327">
         <name>.text:GPIOPinWrite</name>
         <load_address>0x3f06</load_address>
         <run_address>0x3f06</run_address>
         <size>0x6</size>
         <input_file_ref idref="fl-ee"/>
      </object_component>
      <object_component id="oc-1df">
         <name>.text:GrContextFontSet</name>
         <load_address>0x3f0c</load_address>
         <run_address>0x3f0c</run_address>
         <size>0x6</size>
         <input_file_ref idref="fl-e8"/>
      </object_component>
      <object_component id="oc-279">
         <name>.text:SysCtlDelay</name>
         <load_address>0x3f12</load_address>
         <run_address>0x3f12</run_address>
         <size>0x6</size>
         <input_file_ref idref="fl-f1"/>
      </object_component>
      <object_component id="oc-29b">
         <name>.const:.string:g_pui8FontFixed6x8Data</name>
         <load_address>0x3f18</load_address>
         <run_address>0x3f18</run_address>
         <size>0x2f8</size>
         <input_file_ref idref="fl-e9"/>
      </object_component>
      <object_component id="oc-26c">
         <name>.const:g_pppui32XTALtoVCO</name>
         <load_address>0x4210</load_address>
         <run_address>0x4210</run_address>
         <size>0x120</size>
         <input_file_ref idref="fl-f1"/>
      </object_component>
      <object_component id="oc-405">
         <name>.const:.string:_ctypes_</name>
         <load_address>0x4330</load_address>
         <run_address>0x4330</run_address>
         <size>0x101</size>
         <input_file_ref idref="fl-d5"/>
      </object_component>
      <object_component id="oc-1dc">
         <name>.const:g_sFontFixed6x8</name>
         <load_address>0x4434</load_address>
         <run_address>0x4434</run_address>
         <size>0xc8</size>
         <input_file_ref idref="fl-e9"/>
      </object_component>
      <object_component id="oc-16a">
         <name>.const:g_pui32Regs</name>
         <load_address>0x44fc</load_address>
         <run_address>0x44fc</run_address>
         <size>0x9c</size>
         <input_file_ref idref="fl-ef"/>
      </object_component>
      <object_component id="oc-3e5">
         <name>.const:g_pui32GPIOBaseAddrs</name>
         <load_address>0x4598</load_address>
         <run_address>0x4598</run_address>
         <size>0x90</size>
         <input_file_ref idref="fl-ee"/>
      </object_component>
      <object_component id="oc-16f">
         <name>.const</name>
         <load_address>0x4628</load_address>
         <run_address>0x4628</run_address>
         <size>0x70</size>
         <input_file_ref idref="fl-ef"/>
      </object_component>
      <object_component id="oc-269">
         <name>.const:g_pui32Xtals</name>
         <load_address>0x4698</load_address>
         <run_address>0x4698</run_address>
         <size>0x6c</size>
         <input_file_ref idref="fl-f1"/>
      </object_component>
      <object_component id="oc-2fe">
         <name>.const:g_sXTALtoMEMTIM</name>
         <load_address>0x4704</load_address>
         <run_address>0x4704</run_address>
         <size>0x30</size>
         <input_file_ref idref="fl-f1"/>
      </object_component>
      <object_component id="oc-1d3">
         <name>.const:g_sCrystalfontz128x128</name>
         <load_address>0x4734</load_address>
         <run_address>0x4734</run_address>
         <size>0x28</size>
         <input_file_ref idref="fl-2"/>
      </object_component>
      <object_component id="oc-294">
         <name>.const</name>
         <load_address>0x475c</load_address>
         <run_address>0x475c</run_address>
         <size>0x10</size>
         <input_file_ref idref="fl-e6"/>
      </object_component>
      <object_component id="oc-1e5">
         <name>.const:$P$T0$1</name>
         <load_address>0x476c</load_address>
         <run_address>0x476c</run_address>
         <size>0x8</size>
         <input_file_ref idref="fl-6"/>
      </object_component>
      <object_component id="oc-26f">
         <name>.const</name>
         <load_address>0x4774</load_address>
         <run_address>0x4774</run_address>
         <size>0x8</size>
         <input_file_ref idref="fl-f1"/>
      </object_component>
      <object_component id="oc-504">
         <name>.cinit..data.load</name>
         <load_address>0x4780</load_address>
         <run_address>0x4780</run_address>
         <size>0x14</size>
      </object_component>
      <object_component id="oc-502">
         <name>__TI_handler_table</name>
         <load_address>0x4794</load_address>
         <run_address>0x4794</run_address>
         <size>0xc</size>
      </object_component>
      <object_component id="oc-505">
         <name>.cinit..bss.load</name>
         <load_address>0x47a0</load_address>
         <run_address>0x47a0</run_address>
         <size>0x8</size>
      </object_component>
      <object_component id="oc-503">
         <name>__TI_cinit_table</name>
         <load_address>0x47a8</load_address>
         <run_address>0x47a8</run_address>
         <size>0x10</size>
      </object_component>
      <object_component id="oc-281">
         <name>.data:Lcd_buffer</name>
         <load_address>0x20000000</load_address>
         <run_address>0x20000000</run_address>
         <size>0x8000</size>
         <input_file_ref idref="fl-2"/>
      </object_component>
      <object_component id="oc-de">
         <name>.data</name>
         <load_address>0x2000802c</load_address>
         <run_address>0x2000802c</run_address>
         <size>0x6</size>
         <input_file_ref idref="fl-5"/>
      </object_component>
      <object_component id="oc-ed">
         <name>.data:gJoystick</name>
         <load_address>0x20008024</load_address>
         <run_address>0x20008024</run_address>
         <size>0x8</size>
         <input_file_ref idref="fl-5"/>
      </object_component>
      <object_component id="oc-fc">
         <name>.data:count$2</name>
         <load_address>0x20008000</load_address>
         <run_address>0x20008000</run_address>
         <size>0x24</size>
         <input_file_ref idref="fl-5"/>
      </object_component>
      <object_component id="oc-109">
         <name>.data</name>
         <load_address>0x20008034</load_address>
         <run_address>0x20008034</run_address>
         <size>0x4</size>
         <input_file_ref idref="fl-6"/>
      </object_component>
      <object_component id="oc-46c">
         <name>.data</name>
         <load_address>0x20008038</load_address>
         <run_address>0x20008038</run_address>
         <size>0x4</size>
         <input_file_ref idref="fl-e5"/>
      </object_component>
      <object_component id="oc-dd">
         <name>.bss:state$1</name>
         <uninitialized>true</uninitialized>
         <run_address>0x20008840</run_address>
         <size>0x14</size>
         <input_file_ref idref="fl-5"/>
      </object_component>
      <object_component id="oc-280">
         <name>.common:Lcd_Orientation</name>
         <uninitialized>true</uninitialized>
         <run_address>0x20008868</run_address>
         <size>0x1</size>
      </object_component>
      <object_component id="oc-27a">
         <name>.common:Lcd_ScreenWidth</name>
         <uninitialized>true</uninitialized>
         <run_address>0x20008862</run_address>
         <size>0x2</size>
      </object_component>
      <object_component id="oc-27b">
         <name>.common:Lcd_ScreenHeigth</name>
         <uninitialized>true</uninitialized>
         <run_address>0x20008860</run_address>
         <size>0x2</size>
      </object_component>
      <object_component id="oc-27c">
         <name>.common:Lcd_PenSolid</name>
         <uninitialized>true</uninitialized>
         <run_address>0x20008869</run_address>
         <size>0x1</size>
      </object_component>
      <object_component id="oc-27d">
         <name>.common:Lcd_FontSolid</name>
         <uninitialized>true</uninitialized>
         <run_address>0x20008867</run_address>
         <size>0x1</size>
      </object_component>
      <object_component id="oc-27e">
         <name>.common:Lcd_FlagRead</name>
         <uninitialized>true</uninitialized>
         <run_address>0x20008866</run_address>
         <size>0x1</size>
      </object_component>
      <object_component id="oc-27f">
         <name>.common:Lcd_TouchTrim</name>
         <uninitialized>true</uninitialized>
         <run_address>0x20008864</run_address>
         <size>0x2</size>
      </object_component>
      <object_component id="oc-bc">
         <name>.common:gADCSamplingRate</name>
         <uninitialized>true</uninitialized>
         <run_address>0x20008854</run_address>
         <size>0x4</size>
      </object_component>
      <object_component id="oc-83">
         <name>.common:gSystemClock</name>
         <uninitialized>true</uninitialized>
         <run_address>0x20008858</run_address>
         <size>0x4</size>
      </object_component>
      <object_component id="oc-297">
         <name>.common:g_psGrLibDefaults</name>
         <uninitialized>true</uninitialized>
         <run_address>0x2000885c</run_address>
         <size>0x4</size>
      </object_component>
      <object_component id="oc-21">
         <name>.stack</name>
         <uninitialized>true</uninitialized>
         <run_address>0x20008040</run_address>
         <size>0x4</size>
         <input_file_ref idref="fl-c8"/>
      </object_component>
      <object_component id="oc-506">
         <name>.stack</name>
         <uninitialized>true</uninitialized>
         <run_address>0x20008040</run_address>
         <size>0x0</size>
      </object_component>
      <object_component id="oc-19d">
         <name>.debug_info</name>
         <load_address>0x0</load_address>
         <run_address>0x0</run_address>
         <size>0x6ec</size>
         <input_file_ref idref="fl-2"/>
      </object_component>
      <object_component id="oc-282">
         <name>.debug_info</name>
         <load_address>0x6ec</load_address>
         <run_address>0x6ec</run_address>
         <size>0x106</size>
         <input_file_ref idref="fl-2"/>
      </object_component>
      <object_component id="oc-1d4">
         <name>.debug_info</name>
         <load_address>0x7f2</load_address>
         <run_address>0x7f2</run_address>
         <size>0x11f</size>
         <input_file_ref idref="fl-2"/>
      </object_component>
      <object_component id="oc-1c8">
         <name>.debug_info</name>
         <load_address>0x911</load_address>
         <run_address>0x911</run_address>
         <size>0x11f4</size>
         <input_file_ref idref="fl-2"/>
      </object_component>
      <object_component id="oc-15d">
         <name>.debug_info</name>
         <load_address>0x1b05</load_address>
         <run_address>0x1b05</run_address>
         <size>0x6bd</size>
         <input_file_ref idref="fl-2"/>
      </object_component>
      <object_component id="oc-119">
         <name>.debug_info</name>
         <load_address>0x21c2</load_address>
         <run_address>0x21c2</run_address>
         <size>0x26b</size>
         <input_file_ref idref="fl-2"/>
      </object_component>
      <object_component id="oc-112">
         <name>.debug_info</name>
         <load_address>0x242d</load_address>
         <run_address>0x242d</run_address>
         <size>0x8b</size>
         <input_file_ref idref="fl-2"/>
      </object_component>
      <object_component id="oc-198">
         <name>.debug_info</name>
         <load_address>0x24b8</load_address>
         <run_address>0x24b8</run_address>
         <size>0x297</size>
         <input_file_ref idref="fl-2"/>
      </object_component>
      <object_component id="oc-17e">
         <name>.debug_info</name>
         <load_address>0x274f</load_address>
         <run_address>0x274f</run_address>
         <size>0xef</size>
         <input_file_ref idref="fl-2"/>
      </object_component>
      <object_component id="oc-10d">
         <name>.debug_info</name>
         <load_address>0x283e</load_address>
         <run_address>0x283e</run_address>
         <size>0xbb</size>
         <input_file_ref idref="fl-2"/>
      </object_component>
      <object_component id="oc-274">
         <name>.debug_info</name>
         <load_address>0x28f9</load_address>
         <run_address>0x28f9</run_address>
         <size>0x654</size>
         <input_file_ref idref="fl-3"/>
      </object_component>
      <object_component id="oc-bd">
         <name>.debug_info</name>
         <load_address>0x2f4d</load_address>
         <run_address>0x2f4d</run_address>
         <size>0x832</size>
         <input_file_ref idref="fl-5"/>
      </object_component>
      <object_component id="oc-df">
         <name>.debug_info</name>
         <load_address>0x377f</load_address>
         <run_address>0x377f</run_address>
         <size>0xef</size>
         <input_file_ref idref="fl-5"/>
      </object_component>
      <object_component id="oc-ee">
         <name>.debug_info</name>
         <load_address>0x386e</load_address>
         <run_address>0x386e</run_address>
         <size>0xf1</size>
         <input_file_ref idref="fl-5"/>
      </object_component>
      <object_component id="oc-2b">
         <name>.debug_info</name>
         <load_address>0x395f</load_address>
         <run_address>0x395f</run_address>
         <size>0x82a</size>
         <input_file_ref idref="fl-5"/>
      </object_component>
      <object_component id="oc-84">
         <name>.debug_info</name>
         <load_address>0x4189</load_address>
         <run_address>0x4189</run_address>
         <size>0x80d</size>
         <input_file_ref idref="fl-6"/>
      </object_component>
      <object_component id="oc-10a">
         <name>.debug_info</name>
         <load_address>0x4996</load_address>
         <run_address>0x4996</run_address>
         <size>0xe6</size>
         <input_file_ref idref="fl-6"/>
      </object_component>
      <object_component id="oc-1e6">
         <name>.debug_info</name>
         <load_address>0x4a7c</load_address>
         <run_address>0x4a7c</run_address>
         <size>0xe9</size>
         <input_file_ref idref="fl-6"/>
      </object_component>
      <object_component id="oc-140">
         <name>.debug_info</name>
         <load_address>0x4b65</load_address>
         <run_address>0x4b65</run_address>
         <size>0x468</size>
         <input_file_ref idref="fl-6"/>
      </object_component>
      <object_component id="oc-162">
         <name>.debug_info</name>
         <load_address>0x4fcd</load_address>
         <run_address>0x4fcd</run_address>
         <size>0xcc</size>
         <input_file_ref idref="fl-6"/>
      </object_component>
      <object_component id="oc-2d7">
         <name>.debug_info</name>
         <load_address>0x5099</load_address>
         <run_address>0x5099</run_address>
         <size>0x2c</size>
         <input_file_ref idref="fl-6"/>
      </object_component>
      <object_component id="oc-b8">
         <name>.debug_info</name>
         <load_address>0x50c5</load_address>
         <run_address>0x50c5</run_address>
         <size>0x219</size>
         <input_file_ref idref="fl-7"/>
      </object_component>
      <object_component id="oc-39">
         <name>.debug_info</name>
         <load_address>0x52de</load_address>
         <run_address>0x52de</run_address>
         <size>0x84</size>
         <input_file_ref idref="fl-7"/>
      </object_component>
      <object_component id="oc-32">
         <name>.debug_info</name>
         <load_address>0x5362</load_address>
         <run_address>0x5362</run_address>
         <size>0x2e4</size>
         <input_file_ref idref="fl-8"/>
      </object_component>
      <object_component id="oc-10">
         <name>.debug_info</name>
         <load_address>0x5646</load_address>
         <run_address>0x5646</run_address>
         <size>0x109</size>
         <input_file_ref idref="fl-8"/>
      </object_component>
      <object_component id="oc-25">
         <name>.debug_info</name>
         <load_address>0x574f</load_address>
         <run_address>0x574f</run_address>
         <size>0x288</size>
         <input_file_ref idref="fl-8"/>
      </object_component>
      <object_component id="oc-1ef">
         <name>.debug_info</name>
         <load_address>0x59d7</load_address>
         <run_address>0x59d7</run_address>
         <size>0x13a</size>
         <input_file_ref idref="fl-c4"/>
      </object_component>
      <object_component id="oc-132">
         <name>.debug_info</name>
         <load_address>0x5b11</load_address>
         <run_address>0x5b11</run_address>
         <size>0x313</size>
         <input_file_ref idref="fl-c5"/>
      </object_component>
      <object_component id="oc-4c">
         <name>.debug_info</name>
         <load_address>0x5e24</load_address>
         <run_address>0x5e24</run_address>
         <size>0x1b4</size>
         <input_file_ref idref="fl-c5"/>
      </object_component>
      <object_component id="oc-12d">
         <name>.debug_info</name>
         <load_address>0x5fd8</load_address>
         <run_address>0x5fd8</run_address>
         <size>0x46</size>
         <input_file_ref idref="fl-c5"/>
      </object_component>
      <object_component id="oc-1a6">
         <name>.debug_info</name>
         <load_address>0x601e</load_address>
         <run_address>0x601e</run_address>
         <size>0x2c</size>
         <input_file_ref idref="fl-c5"/>
      </object_component>
      <object_component id="oc-49">
         <name>.debug_info</name>
         <load_address>0x604a</load_address>
         <run_address>0x604a</run_address>
         <size>0x29d</size>
         <input_file_ref idref="fl-c6"/>
      </object_component>
      <object_component id="oc-1c">
         <name>.debug_info</name>
         <load_address>0x62e7</load_address>
         <run_address>0x62e7</run_address>
         <size>0x1df</size>
         <input_file_ref idref="fl-c6"/>
      </object_component>
      <object_component id="oc-44">
         <name>.debug_info</name>
         <load_address>0x64c6</load_address>
         <run_address>0x64c6</run_address>
         <size>0x46</size>
         <input_file_ref idref="fl-c6"/>
      </object_component>
      <object_component id="oc-125">
         <name>.debug_info</name>
         <load_address>0x650c</load_address>
         <run_address>0x650c</run_address>
         <size>0x2c</size>
         <input_file_ref idref="fl-c6"/>
      </object_component>
      <object_component id="oc-123">
         <name>.debug_info</name>
         <load_address>0x6538</load_address>
         <run_address>0x6538</run_address>
         <size>0x293</size>
         <input_file_ref idref="fl-c7"/>
      </object_component>
      <object_component id="oc-14">
         <name>.debug_info</name>
         <load_address>0x67cb</load_address>
         <run_address>0x67cb</run_address>
         <size>0x245</size>
         <input_file_ref idref="fl-c7"/>
      </object_component>
      <object_component id="oc-34">
         <name>.debug_info</name>
         <load_address>0x6a10</load_address>
         <run_address>0x6a10</run_address>
         <size>0x60</size>
         <input_file_ref idref="fl-c7"/>
      </object_component>
      <object_component id="oc-19f">
         <name>.debug_info</name>
         <load_address>0x6a70</load_address>
         <run_address>0x6a70</run_address>
         <size>0x46</size>
         <input_file_ref idref="fl-c7"/>
      </object_component>
      <object_component id="oc-11e">
         <name>.debug_info</name>
         <load_address>0x6ab6</load_address>
         <run_address>0x6ab6</run_address>
         <size>0x39</size>
         <input_file_ref idref="fl-c7"/>
      </object_component>
      <object_component id="oc-22">
         <name>.debug_info</name>
         <load_address>0x6aef</load_address>
         <run_address>0x6aef</run_address>
         <size>0x100</size>
         <input_file_ref idref="fl-c8"/>
      </object_component>
      <object_component id="oc-5e">
         <name>.debug_info</name>
         <load_address>0x6bef</load_address>
         <run_address>0x6bef</run_address>
         <size>0x1a4</size>
         <input_file_ref idref="fl-c8"/>
      </object_component>
      <object_component id="oc-203">
         <name>.debug_info</name>
         <load_address>0x6d93</load_address>
         <run_address>0x6d93</run_address>
         <size>0x117</size>
         <input_file_ref idref="fl-c9"/>
      </object_component>
      <object_component id="oc-2cc">
         <name>.debug_info</name>
         <load_address>0x6eaa</load_address>
         <run_address>0x6eaa</run_address>
         <size>0x32f</size>
         <input_file_ref idref="fl-cc"/>
      </object_component>
      <object_component id="oc-1f4">
         <name>.debug_info</name>
         <load_address>0x71d9</load_address>
         <run_address>0x71d9</run_address>
         <size>0x1e3</size>
         <input_file_ref idref="fl-cc"/>
      </object_component>
      <object_component id="oc-2c0">
         <name>.debug_info</name>
         <load_address>0x73bc</load_address>
         <run_address>0x73bc</run_address>
         <size>0x1b8</size>
         <input_file_ref idref="fl-cc"/>
      </object_component>
      <object_component id="oc-2c6">
         <name>.debug_info</name>
         <load_address>0x7574</load_address>
         <run_address>0x7574</run_address>
         <size>0x16b</size>
         <input_file_ref idref="fl-cc"/>
      </object_component>
      <object_component id="oc-2cd">
         <name>.debug_info</name>
         <load_address>0x76df</load_address>
         <run_address>0x76df</run_address>
         <size>0x2c</size>
         <input_file_ref idref="fl-cc"/>
      </object_component>
      <object_component id="oc-2d2">
         <name>.debug_info</name>
         <load_address>0x770b</load_address>
         <run_address>0x770b</run_address>
         <size>0x69</size>
         <input_file_ref idref="fl-cc"/>
      </object_component>
      <object_component id="oc-2b4">
         <name>.debug_info</name>
         <load_address>0x7774</load_address>
         <run_address>0x7774</run_address>
         <size>0x10d</size>
         <input_file_ref idref="fl-cd"/>
      </object_component>
      <object_component id="oc-135">
         <name>.debug_info</name>
         <load_address>0x7881</load_address>
         <run_address>0x7881</run_address>
         <size>0x13f</size>
         <input_file_ref idref="fl-ce"/>
      </object_component>
      <object_component id="oc-3f">
         <name>.debug_info</name>
         <load_address>0x79c0</load_address>
         <run_address>0x79c0</run_address>
         <size>0x111</size>
         <input_file_ref idref="fl-cf"/>
      </object_component>
      <object_component id="oc-2e8">
         <name>.debug_info</name>
         <load_address>0x7ad1</load_address>
         <run_address>0x7ad1</run_address>
         <size>0x547</size>
         <input_file_ref idref="fl-d0"/>
      </object_component>
      <object_component id="oc-20d">
         <name>.debug_info</name>
         <load_address>0x8018</load_address>
         <run_address>0x8018</run_address>
         <size>0x19b</size>
         <input_file_ref idref="fl-d0"/>
      </object_component>
      <object_component id="oc-3d1">
         <name>.debug_info</name>
         <load_address>0x81b3</load_address>
         <run_address>0x81b3</run_address>
         <size>0x39</size>
         <input_file_ref idref="fl-d0"/>
      </object_component>
      <object_component id="oc-480">
         <name>.debug_info</name>
         <load_address>0x81ec</load_address>
         <run_address>0x81ec</run_address>
         <size>0x39</size>
         <input_file_ref idref="fl-d0"/>
      </object_component>
      <object_component id="oc-3d6">
         <name>.debug_info</name>
         <load_address>0x8225</load_address>
         <run_address>0x8225</run_address>
         <size>0x39</size>
         <input_file_ref idref="fl-d0"/>
      </object_component>
      <object_component id="oc-3db">
         <name>.debug_info</name>
         <load_address>0x825e</load_address>
         <run_address>0x825e</run_address>
         <size>0xcd</size>
         <input_file_ref idref="fl-d0"/>
      </object_component>
      <object_component id="oc-13a">
         <name>.debug_info</name>
         <load_address>0x832b</load_address>
         <run_address>0x832b</run_address>
         <size>0x148</size>
         <input_file_ref idref="fl-d1"/>
      </object_component>
      <object_component id="oc-3b2">
         <name>.debug_info</name>
         <load_address>0x8473</load_address>
         <run_address>0x8473</run_address>
         <size>0x8a6</size>
         <input_file_ref idref="fl-d3"/>
      </object_component>
      <object_component id="oc-37f">
         <name>.debug_info</name>
         <load_address>0x8d19</load_address>
         <run_address>0x8d19</run_address>
         <size>0x213</size>
         <input_file_ref idref="fl-d3"/>
      </object_component>
      <object_component id="oc-438">
         <name>.debug_info</name>
         <load_address>0x8f2c</load_address>
         <run_address>0x8f2c</run_address>
         <size>0x1a8</size>
         <input_file_ref idref="fl-d3"/>
      </object_component>
      <object_component id="oc-43e">
         <name>.debug_info</name>
         <load_address>0x90d4</load_address>
         <run_address>0x90d4</run_address>
         <size>0x210</size>
         <input_file_ref idref="fl-d3"/>
      </object_component>
      <object_component id="oc-38a">
         <name>.debug_info</name>
         <load_address>0x92e4</load_address>
         <run_address>0x92e4</run_address>
         <size>0x3b0</size>
         <input_file_ref idref="fl-d3"/>
      </object_component>
      <object_component id="oc-445">
         <name>.debug_info</name>
         <load_address>0x9694</load_address>
         <run_address>0x9694</run_address>
         <size>0x2fa</size>
         <input_file_ref idref="fl-d3"/>
      </object_component>
      <object_component id="oc-44b">
         <name>.debug_info</name>
         <load_address>0x998e</load_address>
         <run_address>0x998e</run_address>
         <size>0x20a</size>
         <input_file_ref idref="fl-d3"/>
      </object_component>
      <object_component id="oc-390">
         <name>.debug_info</name>
         <load_address>0x9b98</load_address>
         <run_address>0x9b98</run_address>
         <size>0x20a</size>
         <input_file_ref idref="fl-d3"/>
      </object_component>
      <object_component id="oc-396">
         <name>.debug_info</name>
         <load_address>0x9da2</load_address>
         <run_address>0x9da2</run_address>
         <size>0x2f9</size>
         <input_file_ref idref="fl-d3"/>
      </object_component>
      <object_component id="oc-39c">
         <name>.debug_info</name>
         <load_address>0xa09b</load_address>
         <run_address>0xa09b</run_address>
         <size>0x4a5</size>
         <input_file_ref idref="fl-d3"/>
      </object_component>
      <object_component id="oc-2bc">
         <name>.debug_info</name>
         <load_address>0xa540</load_address>
         <run_address>0xa540</run_address>
         <size>0x5cd</size>
         <input_file_ref idref="fl-d3"/>
      </object_component>
      <object_component id="oc-3b3">
         <name>.debug_info</name>
         <load_address>0xab0d</load_address>
         <run_address>0xab0d</run_address>
         <size>0x86</size>
         <input_file_ref idref="fl-d3"/>
      </object_component>
      <object_component id="oc-473">
         <name>.debug_info</name>
         <load_address>0xab93</load_address>
         <run_address>0xab93</run_address>
         <size>0x39</size>
         <input_file_ref idref="fl-d3"/>
      </object_component>
      <object_component id="oc-4c6">
         <name>.debug_info</name>
         <load_address>0xabcc</load_address>
         <run_address>0xabcc</run_address>
         <size>0xb6</size>
         <input_file_ref idref="fl-d3"/>
      </object_component>
      <object_component id="oc-478">
         <name>.debug_info</name>
         <load_address>0xac82</load_address>
         <run_address>0xac82</run_address>
         <size>0x46</size>
         <input_file_ref idref="fl-d3"/>
      </object_component>
      <object_component id="oc-3b8">
         <name>.debug_info</name>
         <load_address>0xacc8</load_address>
         <run_address>0xacc8</run_address>
         <size>0x46</size>
         <input_file_ref idref="fl-d3"/>
      </object_component>
      <object_component id="oc-409">
         <name>.debug_info</name>
         <load_address>0xad0e</load_address>
         <run_address>0xad0e</run_address>
         <size>0x2ae</size>
         <input_file_ref idref="fl-d4"/>
      </object_component>
      <object_component id="oc-377">
         <name>.debug_info</name>
         <load_address>0xafbc</load_address>
         <run_address>0xafbc</run_address>
         <size>0x171</size>
         <input_file_ref idref="fl-d4"/>
      </object_component>
      <object_component id="oc-498">
         <name>.debug_info</name>
         <load_address>0xb12d</load_address>
         <run_address>0xb12d</run_address>
         <size>0xee</size>
         <input_file_ref idref="fl-d5"/>
      </object_component>
      <object_component id="oc-406">
         <name>.debug_info</name>
         <load_address>0xb21b</load_address>
         <run_address>0xb21b</run_address>
         <size>0xfa</size>
         <input_file_ref idref="fl-d5"/>
      </object_component>
      <object_component id="oc-4a1">
         <name>.debug_info</name>
         <load_address>0xb315</load_address>
         <run_address>0xb315</run_address>
         <size>0x290</size>
         <input_file_ref idref="fl-d6"/>
      </object_component>
      <object_component id="oc-426">
         <name>.debug_info</name>
         <load_address>0xb5a5</load_address>
         <run_address>0xb5a5</run_address>
         <size>0x1c2</size>
         <input_file_ref idref="fl-d6"/>
      </object_component>
      <object_component id="oc-464">
         <name>.debug_info</name>
         <load_address>0xb767</load_address>
         <run_address>0xb767</run_address>
         <size>0x28b</size>
         <input_file_ref idref="fl-d7"/>
      </object_component>
      <object_component id="oc-3a0">
         <name>.debug_info</name>
         <load_address>0xb9f2</load_address>
         <run_address>0xb9f2</run_address>
         <size>0x1ab</size>
         <input_file_ref idref="fl-d7"/>
      </object_component>
      <object_component id="oc-4b8">
         <name>.debug_info</name>
         <load_address>0xbb9d</load_address>
         <run_address>0xbb9d</run_address>
         <size>0x28f</size>
         <input_file_ref idref="fl-d8"/>
      </object_component>
      <object_component id="oc-45d">
         <name>.debug_info</name>
         <load_address>0xbe2c</load_address>
         <run_address>0xbe2c</run_address>
         <size>0x247</size>
         <input_file_ref idref="fl-d8"/>
      </object_component>
      <object_component id="oc-404">
         <name>.debug_info</name>
         <load_address>0xc073</load_address>
         <run_address>0xc073</run_address>
         <size>0x284</size>
         <input_file_ref idref="fl-d9"/>
      </object_component>
      <object_component id="oc-371">
         <name>.debug_info</name>
         <load_address>0xc2f7</load_address>
         <run_address>0xc2f7</run_address>
         <size>0x22a</size>
         <input_file_ref idref="fl-d9"/>
      </object_component>
      <object_component id="oc-4a9">
         <name>.debug_info</name>
         <load_address>0xc521</load_address>
         <run_address>0xc521</run_address>
         <size>0x28f</size>
         <input_file_ref idref="fl-da"/>
      </object_component>
      <object_component id="oc-452">
         <name>.debug_info</name>
         <load_address>0xc7b0</load_address>
         <run_address>0xc7b0</run_address>
         <size>0x18a</size>
         <input_file_ref idref="fl-da"/>
      </object_component>
      <object_component id="oc-4d1">
         <name>.debug_info</name>
         <load_address>0xc93a</load_address>
         <run_address>0xc93a</run_address>
         <size>0x39</size>
         <input_file_ref idref="fl-da"/>
      </object_component>
      <object_component id="oc-4aa">
         <name>.debug_info</name>
         <load_address>0xc973</load_address>
         <run_address>0xc973</run_address>
         <size>0x2c</size>
         <input_file_ref idref="fl-da"/>
      </object_component>
      <object_component id="oc-4b6">
         <name>.debug_info</name>
         <load_address>0xc99f</load_address>
         <run_address>0xc99f</run_address>
         <size>0x2f2</size>
         <input_file_ref idref="fl-db"/>
      </object_component>
      <object_component id="oc-457">
         <name>.debug_info</name>
         <load_address>0xcc91</load_address>
         <run_address>0xcc91</run_address>
         <size>0x21a</size>
         <input_file_ref idref="fl-db"/>
      </object_component>
      <object_component id="oc-4b0">
         <name>.debug_info</name>
         <load_address>0xceab</load_address>
         <run_address>0xceab</run_address>
         <size>0x156</size>
         <input_file_ref idref="fl-dc"/>
      </object_component>
      <object_component id="oc-46b">
         <name>.debug_info</name>
         <load_address>0xd001</load_address>
         <run_address>0xd001</run_address>
         <size>0x284</size>
         <input_file_ref idref="fl-dd"/>
      </object_component>
      <object_component id="oc-3a8">
         <name>.debug_info</name>
         <load_address>0xd285</load_address>
         <run_address>0xd285</run_address>
         <size>0x14f</size>
         <input_file_ref idref="fl-dd"/>
      </object_component>
      <object_component id="oc-4bb">
         <name>.debug_info</name>
         <load_address>0xd3d4</load_address>
         <run_address>0xd3d4</run_address>
         <size>0x46</size>
         <input_file_ref idref="fl-dd"/>
      </object_component>
      <object_component id="oc-466">
         <name>.debug_info</name>
         <load_address>0xd41a</load_address>
         <run_address>0xd41a</run_address>
         <size>0x39</size>
         <input_file_ref idref="fl-dd"/>
      </object_component>
      <object_component id="oc-431">
         <name>.debug_info</name>
         <load_address>0xd453</load_address>
         <run_address>0xd453</run_address>
         <size>0x144</size>
         <input_file_ref idref="fl-de"/>
      </object_component>
      <object_component id="oc-385">
         <name>.debug_info</name>
         <load_address>0xd597</load_address>
         <run_address>0xd597</run_address>
         <size>0x120</size>
         <input_file_ref idref="fl-df"/>
      </object_component>
      <object_component id="oc-41e">
         <name>.debug_info</name>
         <load_address>0xd6b7</load_address>
         <run_address>0xd6b7</run_address>
         <size>0x122</size>
         <input_file_ref idref="fl-df"/>
      </object_component>
      <object_component id="oc-418">
         <name>.debug_info</name>
         <load_address>0xd7d9</load_address>
         <run_address>0xd7d9</run_address>
         <size>0x132</size>
         <input_file_ref idref="fl-e0"/>
      </object_component>
      <object_component id="oc-413">
         <name>.debug_info</name>
         <load_address>0xd90b</load_address>
         <run_address>0xd90b</run_address>
         <size>0x132</size>
         <input_file_ref idref="fl-e1"/>
      </object_component>
      <object_component id="oc-421">
         <name>.debug_info</name>
         <load_address>0xda3d</load_address>
         <run_address>0xda3d</run_address>
         <size>0x126</size>
         <input_file_ref idref="fl-e2"/>
      </object_component>
      <object_component id="oc-42c">
         <name>.debug_info</name>
         <load_address>0xdb63</load_address>
         <run_address>0xdb63</run_address>
         <size>0x124</size>
         <input_file_ref idref="fl-e3"/>
      </object_component>
      <object_component id="oc-40d">
         <name>.debug_info</name>
         <load_address>0xdc87</load_address>
         <run_address>0xdc87</run_address>
         <size>0x12c</size>
         <input_file_ref idref="fl-e4"/>
      </object_component>
      <object_component id="oc-470">
         <name>.debug_info</name>
         <load_address>0xddb3</load_address>
         <run_address>0xddb3</run_address>
         <size>0x27e</size>
         <input_file_ref idref="fl-e5"/>
      </object_component>
      <object_component id="oc-46d">
         <name>.debug_info</name>
         <load_address>0xe031</load_address>
         <run_address>0xe031</run_address>
         <size>0x103</size>
         <input_file_ref idref="fl-e5"/>
      </object_component>
      <object_component id="oc-3ad">
         <name>.debug_info</name>
         <load_address>0xe134</load_address>
         <run_address>0xe134</run_address>
         <size>0x143</size>
         <input_file_ref idref="fl-e5"/>
      </object_component>
      <object_component id="oc-298">
         <name>.debug_info</name>
         <load_address>0xe277</load_address>
         <run_address>0xe277</run_address>
         <size>0x464</size>
         <input_file_ref idref="fl-e6"/>
      </object_component>
      <object_component id="oc-295">
         <name>.debug_info</name>
         <load_address>0xe6db</load_address>
         <run_address>0xe6db</run_address>
         <size>0x167</size>
         <input_file_ref idref="fl-e6"/>
      </object_component>
      <object_component id="oc-1d9">
         <name>.debug_info</name>
         <load_address>0xe842</load_address>
         <run_address>0xe842</run_address>
         <size>0x27d</size>
         <input_file_ref idref="fl-e6"/>
      </object_component>
      <object_component id="oc-2ae">
         <name>.debug_info</name>
         <load_address>0xeabf</load_address>
         <run_address>0xeabf</run_address>
         <size>0x6bd</size>
         <input_file_ref idref="fl-e6"/>
      </object_component>
      <object_component id="oc-152">
         <name>.debug_info</name>
         <load_address>0xf17c</load_address>
         <run_address>0xf17c</run_address>
         <size>0x18b</size>
         <input_file_ref idref="fl-e6"/>
      </object_component>
      <object_component id="oc-2ad">
         <name>.debug_info</name>
         <load_address>0xf307</load_address>
         <run_address>0xf307</run_address>
         <size>0x3d9</size>
         <input_file_ref idref="fl-e7"/>
      </object_component>
      <object_component id="oc-1ea">
         <name>.debug_info</name>
         <load_address>0xf6e0</load_address>
         <run_address>0xf6e0</run_address>
         <size>0x284</size>
         <input_file_ref idref="fl-e7"/>
      </object_component>
      <object_component id="oc-2a8">
         <name>.debug_info</name>
         <load_address>0xf964</load_address>
         <run_address>0xf964</run_address>
         <size>0x51c</size>
         <input_file_ref idref="fl-e8"/>
      </object_component>
      <object_component id="oc-345">
         <name>.debug_info</name>
         <load_address>0xfe80</load_address>
         <run_address>0xfe80</run_address>
         <size>0x2fe</size>
         <input_file_ref idref="fl-e8"/>
      </object_component>
      <object_component id="oc-3f4">
         <name>.debug_info</name>
         <load_address>0x1017e</load_address>
         <run_address>0x1017e</run_address>
         <size>0x315</size>
         <input_file_ref idref="fl-e8"/>
      </object_component>
      <object_component id="oc-3fa">
         <name>.debug_info</name>
[...]
         <value>0xc69</value>
         <object_component_ref idref="oc-1c7"/>
      </symbol>
      <symbol id="sm-b4">
         <name>HAL_LCD_writeData</name>
         <value>0x2541</value>
         <object_component_ref idref="oc-273"/>
      </symbol>
      <symbol id="sm-b5">
         <name>HAL_LCD_SpiInit</name>
         <value>0x2429</value>
         <object_component_ref idref="oc-273"/>
      </symbol>
      <symbol id="sm-b6">
         <name>HAL_LCD_PortInit</name>
         <value>0x2391</value>
         <object_component_ref idref="oc-273"/>
      </symbol>
      <symbol id="sm-b7">
         <name>HAL_LCD_writeCommand</name>
         <value>0x24c1</value>
         <object_component_ref idref="oc-273"/>
      </symbol>
      <symbol id="sm-fc">
         <name>gADCSamplingRate</name>
         <value>0x20008854</value>
      </symbol>
      <symbol id="sm-fd">
         <name>ButtonDebounce</name>
         <value>0x1519</value>
         <object_component_ref idref="oc-2a"/>
      </symbol>
      <symbol id="sm-fe">
         <name>ButtonReadJoystick</name>
         <value>0x15d9</value>
         <object_component_ref idref="oc-2a"/>
      </symbol>
      <symbol id="sm-ff">
         <name>ButtonAutoRepeat</name>
         <value>0x1749</value>
         <object_component_ref idref="oc-2a"/>
      </symbol>
      <symbol id="sm-100">
         <name>gButtons</name>
         <value>0x2000802c</value>
         <object_component_ref idref="oc-de"/>
      </symbol>
      <symbol id="sm-101">
         <name>ButtonISR</name>
         <value>0x17e9</value>
         <object_component_ref idref="oc-2a"/>
      </symbol>
      <symbol id="sm-102">
         <name>ButtonInit</name>
         <value>0x12f9</value>
         <object_component_ref idref="oc-2a"/>
      </symbol>
      <symbol id="sm-103">
         <name>gJoystick</name>
         <value>0x20008024</value>
         <object_component_ref idref="oc-ed"/>
      </symbol>
      <symbol id="sm-12f">
         <name>gSystemClock</name>
         <value>0x20008858</value>
      </symbol>
      <symbol id="sm-130">
         <name>gTime</name>
         <value>0x20008034</value>
         <object_component_ref idref="oc-109"/>
      </symbol>
      <symbol id="sm-131">
         <name>main</name>
         <value>0x21f1</value>
         <object_component_ref idref="oc-13f"/>
      </symbol>
      <symbol id="sm-132">
         <name>binary_conversion</name>
         <value>0x21c1</value>
         <object_component_ref idref="oc-13f"/>
      </symbol>
      <symbol id="sm-141">
         <name>SysCtlFrequencyGet</name>
         <value>0x2f59</value>
         <object_component_ref idref="oc-b6"/>
      </symbol>
      <symbol id="sm-15d">
         <name>ResetISR</name>
         <value>0x3ce1</value>
         <object_component_ref idref="oc-24"/>
      </symbol>
      <symbol id="sm-15e">
         <name>g_pfnVectors</name>
         <value>0x0</value>
         <object_component_ref idref="oc-f"/>
      </symbol>
      <symbol id="sm-16d">
         <name>__aeabi_uidivmod</name>
         <value>0x3975</value>
         <object_component_ref idref="oc-1ee"/>
      </symbol>
      <symbol id="sm-16e">
         <name>__aeabi_uidiv</name>
         <value>0x3975</value>
         <object_component_ref idref="oc-1ee"/>
      </symbol>
      <symbol id="sm-187">
         <name>__TI_zero_init_nomemset</name>
         <value>0x3e0d</value>
         <object_component_ref idref="oc-4a"/>
      </symbol>
      <symbol id="sm-19e">
         <name>__TI_decompress_none</name>
         <value>0x3e9b</value>
         <object_component_ref idref="oc-18"/>
      </symbol>
      <symbol id="sm-1c1">
         <name>__TI_decompress_lzss</name>
         <value>0x34f1</value>
         <object_component_ref idref="oc-12"/>
      </symbol>
      <symbol id="sm-1d4">
         <name>__stack</name>
         <value>0x20008040</value>
         <object_component_ref idref="oc-21"/>
      </symbol>
      <symbol id="sm-1d5">
         <name>_c_int00_noargs</name>
         <value>0x3aa9</value>
         <object_component_ref idref="oc-5c"/>
      </symbol>
      <symbol id="sm-1e0">
         <name>C$$EXIT</name>
         <value>0x3cdd</value>
         <object_component_ref idref="oc-200"/>
      </symbol>
      <symbol id="sm-1e1">
         <name>abort</name>
         <value>0x3cdd</value>
         <object_component_ref idref="oc-200"/>
      </symbol>
      <symbol id="sm-212">
         <name>snprintf</name>
         <value>0x37c1</value>
         <object_component_ref idref="oc-1f3"/>
      </symbol>
      <symbol id="sm-21c">
         <name>__aeabi_idiv0</name>
         <value>0xc67</value>
         <object_component_ref idref="oc-2b3"/>
      </symbol>
      <symbol id="sm-21d">
         <name>__aeabi_ldiv0</name>
         <value>0xc67</value>
         <object_component_ref idref="oc-2b3"/>
      </symbol>
      <symbol id="sm-22c">
         <name>__aeabi_memset</name>
         <value>0x333b</value>
         <object_component_ref idref="oc-133"/>
      </symbol>
      <symbol id="sm-22d">
         <name>memset</name>
         <value>0x3341</value>
         <object_component_ref idref="oc-133"/>
      </symbol>
      <symbol id="sm-22e">
         <name>__aeabi_memset8</name>
         <value>0x333b</value>
         <object_component_ref idref="oc-133"/>
      </symbol>
      <symbol id="sm-22f">
         <name>__aeabi_memset4</name>
         <value>0x333b</value>
         <object_component_ref idref="oc-133"/>
      </symbol>
      <symbol id="sm-230">
         <name>__aeabi_memclr8</name>
         <value>0x3339</value>
         <object_component_ref idref="oc-133"/>
      </symbol>
      <symbol id="sm-231">
         <name>__aeabi_memclr4</name>
         <value>0x3339</value>
         <object_component_ref idref="oc-133"/>
      </symbol>
      <symbol id="sm-232">
         <name>__aeabi_memclr</name>
         <value>0x3339</value>
         <object_component_ref idref="oc-133"/>
      </symbol>
      <symbol id="sm-24d">
         <name>memcpy</name>
         <value>0x2ffb</value>
         <object_component_ref idref="oc-3e"/>
      </symbol>
      <symbol id="sm-24e">
         <name>__aeabi_memcpy</name>
         <value>0x2ffb</value>
         <object_component_ref idref="oc-3e"/>
      </symbol>
      <symbol id="sm-24f">
         <name>__aeabi_memcpy8</name>
         <value>0x2ffb</value>
         <object_component_ref idref="oc-3e"/>
      </symbol>
      <symbol id="sm-250">
         <name>__aeabi_memcpy4</name>
         <value>0x2ffb</value>
         <object_component_ref idref="oc-3e"/>
      </symbol>
      <symbol id="sm-278">
         <name>__TI_auto_init_nobinit_nopinit</name>
         <value>0x3931</value>
         <object_component_ref idref="oc-20c"/>
      </symbol>
      <symbol id="sm-282">
         <name>_system_pre_init</name>
         <value>0x21bd</value>
         <object_component_ref idref="oc-139"/>
      </symbol>
      <symbol id="sm-3e8">
         <name>__TI_printfi</name>
         <value>0x209</value>
         <object_component_ref idref="oc-2b9"/>
      </symbol>
      <symbol id="sm-3fe">
         <name>atoi</name>
         <value>0x3775</value>
         <object_component_ref idref="oc-376"/>
      </symbol>
      <symbol id="sm-409">
         <name>_ctypes_</name>
         <value>0x4330</value>
         <object_component_ref idref="oc-405"/>
      </symbol>
      <symbol id="sm-418">
         <name>ltoa</name>
         <value>0x36cd</value>
         <object_component_ref idref="oc-425"/>
      </symbol>
      <symbol id="sm-428">
         <name>memccpy</name>
         <value>0x3cc1</value>
         <object_component_ref idref="oc-39f"/>
      </symbol>
      <symbol id="sm-438">
         <name>strchr</name>
         <value>0x3d71</value>
         <object_component_ref idref="oc-45c"/>
      </symbol>
      <symbol id="sm-446">
         <name>strlen</name>
         <value>0x3db1</value>
         <object_component_ref idref="oc-370"/>
      </symbol>
      <symbol id="sm-466">
         <name>frexpl</name>
         <value>0x3559</value>
         <object_component_ref idref="oc-450"/>
      </symbol>
      <symbol id="sm-467">
         <name>frexp</name>
         <value>0x3559</value>
         <object_component_ref idref="oc-450"/>
      </symbol>
      <symbol id="sm-484">
         <name>scalbn</name>
         <value>0x2bd5</value>
         <object_component_ref idref="oc-456"/>
      </symbol>
      <symbol id="sm-485">
         <name>scalbnl</name>
         <value>0x2bd5</value>
         <object_component_ref idref="oc-456"/>
      </symbol>
      <symbol id="sm-486">
         <name>ldexpl</name>
         <value>0x2bd5</value>
         <object_component_ref idref="oc-456"/>
      </symbol>
      <symbol id="sm-487">
         <name>ldexp</name>
         <value>0x2bd5</value>
         <object_component_ref idref="oc-456"/>
      </symbol>
      <symbol id="sm-491">
         <name>copysign</name>
         <value>0x3d9d</value>
         <object_component_ref idref="oc-4af"/>
      </symbol>
      <symbol id="sm-492">
         <name>copysignl</name>
         <value>0x3d9d</value>
         <object_component_ref idref="oc-4af"/>
      </symbol>
      <symbol id="sm-4ab">
         <name>wcslen</name>
         <value>0x3e1f</value>
         <object_component_ref idref="oc-3a5"/>
      </symbol>
      <symbol id="sm-4c2">
         <name>__aeabi_dsub</name>
         <value>0x2559</value>
         <object_component_ref idref="oc-430"/>
      </symbol>
      <symbol id="sm-4c3">
         <name>__aeabi_dadd</name>
         <value>0x2563</value>
         <object_component_ref idref="oc-430"/>
      </symbol>
      <symbol id="sm-4e5">
         <name>__aeabi_cdcmpeq</name>
         <value>0x31b3</value>
         <object_component_ref idref="oc-382"/>
      </symbol>
      <symbol id="sm-4e6">
         <name>__aeabi_cdcmple</name>
         <value>0x31b3</value>
         <object_component_ref idref="oc-382"/>
      </symbol>
      <symbol id="sm-4e7">
         <name>__aeabi_cdrcmple</name>
         <value>0x3239</value>
         <object_component_ref idref="oc-41b"/>
      </symbol>
      <symbol id="sm-4fb">
         <name>__aeabi_ddiv</name>
         <value>0x284d</value>
         <object_component_ref idref="oc-416"/>
      </symbol>
      <symbol id="sm-506">
         <name>__aeabi_dmul</name>
         <value>0x2ce5</value>
         <object_component_ref idref="oc-411"/>
      </symbol>
      <symbol id="sm-510">
         <name>__aeabi_d2iz</name>
         <value>0x38e9</value>
         <object_component_ref idref="oc-420"/>
      </symbol>
      <symbol id="sm-51a">
         <name>__aeabi_i2d</name>
         <value>0x3ba1</value>
         <object_component_ref idref="oc-42b"/>
      </symbol>
      <symbol id="sm-527">
         <name>__aeabi_uldivmod</name>
         <value>0x3097</value>
         <object_component_ref idref="oc-40a"/>
      </symbol>
      <symbol id="sm-53d">
         <name>__aeabi_errno_addr</name>
         <value>0x3ef9</value>
         <object_component_ref idref="oc-3ab"/>
      </symbol>
      <symbol id="sm-53e">
         <name>errno</name>
         <value>0x20008038</value>
         <object_component_ref idref="oc-46c"/>
      </symbol>
      <symbol id="sm-563">
         <name>GrContextInit</name>
         <value>0x3421</value>
         <object_component_ref idref="oc-1d6"/>
      </symbol>
      <symbol id="sm-564">
         <name>g_psDefaultCodePointMapTable</name>
         <value>0x475c</value>
         <object_component_ref idref="oc-294"/>
      </symbol>
      <symbol id="sm-572">
         <name>GrRectFill</name>
         <value>0x312d</value>
         <object_component_ref idref="oc-1e8"/>
      </symbol>
      <symbol id="sm-601">
         <name>GrFontInfoGet</name>
         <value>0x3bf9</value>
         <object_component_ref idref="oc-33d"/>
      </symbol>
      <symbol id="sm-602">
         <name>GrDefaultStringRenderer</name>
         <value>0x2de1</value>
         <object_component_ref idref="oc-28e"/>
      </symbol>
      <symbol id="sm-603">
         <name>GrFontGlyphRender</name>
         <value>0x1b91</value>
         <object_component_ref idref="oc-34f"/>
      </symbol>
      <symbol id="sm-604">
         <name>GrContextFontSet</name>
         <value>0x3f0d</value>
         <object_component_ref idref="oc-1df"/>
      </symbol>
      <symbol id="sm-605">
         <name>GrFontGlyphDataGet</name>
         <value>0x3c45</value>
         <object_component_ref idref="oc-349"/>
      </symbol>
      <symbol id="sm-606">
         <name>GrStringDraw</name>
         <value>0x3d5b</value>
         <object_component_ref idref="oc-1f9"/>
      </symbol>
      <symbol id="sm-607">
         <name>GrFontCodepageGet</name>
         <value>0x3c85</value>
         <object_component_ref idref="oc-364"/>
      </symbol>
      <symbol id="sm-608">
         <name>GrStringNextCharGet</name>
         <value>0x3b73</value>
         <object_component_ref idref="oc-343"/>
      </symbol>
      <symbol id="sm-61a">
         <name>g_sFontFixed6x8</name>
         <value>0x4434</value>
         <object_component_ref idref="oc-1dc"/>
      </symbol>
      <symbol id="sm-627">
         <name>GrMapISO8859_1_Unicode</name>
         <value>0x3edf</value>
         <object_component_ref idref="oc-356"/>
      </symbol>
      <symbol id="sm-67d">
         <name>ADCProcessorTrigger</name>
         <value>0x3d13</value>
         <object_component_ref idref="oc-e1"/>
      </symbol>
      <symbol id="sm-67e">
         <name>ADCSequenceEnable</name>
         <value>0x3e7f</value>
         <object_component_ref idref="oc-d7"/>
      </symbol>
      <symbol id="sm-67f">
         <name>ADCSequenceConfigure</name>
         <value>0x39b5</value>
         <object_component_ref idref="oc-cb"/>
      </symbol>
      <symbol id="sm-680">
         <name>ADCSequenceStepConfigure</name>
         <value>0x32bf</value>
         <object_component_ref idref="oc-d1"/>
      </symbol>
      <symbol id="sm-681">
         <name>ADCIntClear</name>
         <value>0x3ec1</value>
         <object_component_ref idref="oc-f6"/>
      </symbol>
      <symbol id="sm-682">
         <name>ADCIntStatus</name>
         <value>0x3b45</value>
         <object_component_ref idref="oc-e7"/>
      </symbol>
      <symbol id="sm-683">
         <name>ADCSequenceDisable</name>
         <value>0x3e71</value>
         <object_component_ref idref="oc-c5"/>
      </symbol>
      <symbol id="sm-684">
         <name>ADCClockConfigSet</name>
         <value>0x3cfb</value>
         <object_component_ref idref="oc-bf"/>
      </symbol>
      <symbol id="sm-685">
         <name>ADCSequenceDataGet</name>
         <value>0x3c67</value>
         <object_component_ref idref="oc-f0"/>
      </symbol>
      <symbol id="sm-69b">
         <name>FPULazyStackingEnable</name>
         <value>0x3e41</value>
         <object_component_ref idref="oc-1bb"/>
      </symbol>
      <symbol id="sm-69c">
         <name>FPUEnable</name>
         <value>0x3e31</value>
         <object_component_ref idref="oc-1b5"/>
      </symbol>
      <symbol id="sm-6f6">
         <name>GPIOPinConfigure</name>
         <value>0x3859</value>
         <object_component_ref idref="oc-30f"/>
      </symbol>
      <symbol id="sm-6f7">
         <name>GPIOPinTypeADC</name>
         <value>0x3dc5</value>
         <object_component_ref idref="oc-b0"/>
      </symbol>
      <symbol id="sm-6f8">
         <name>GPIOPinTypeGPIOInput</name>
         <value>0x3dd7</value>
         <object_component_ref idref="oc-a4"/>
      </symbol>
      <symbol id="sm-6f9">
         <name>GPIOPinTypeGPIOOutput</name>
         <value>0x3d2b</value>
         <object_component_ref idref="oc-315"/>
      </symbol>
      <symbol id="sm-6fa">
         <name>GPIOPinRead</name>
         <value>0x3f01</value>
         <object_component_ref idref="oc-103"/>
      </symbol>
      <symbol id="sm-6fb">
         <name>GPIODirModeSet</name>
         <value>0x3bcf</value>
         <object_component_ref idref="oc-173"/>
      </symbol>
      <symbol id="sm-6fc">
         <name>GPIOPinWrite</name>
         <value>0x3f07</value>
         <object_component_ref idref="oc-327"/>
      </symbol>
      <symbol id="sm-6fd">
         <name>GPIOPadConfigSet</name>
         <value>0x2983</value>
         <object_component_ref idref="oc-aa"/>
      </symbol>
      <symbol id="sm-6fe">
         <name>GPIOPinTypeSSI</name>
         <value>0x3de9</value>
         <object_component_ref idref="oc-309"/>
      </symbol>
      <symbol id="sm-748">
         <name>IntPrioritySet</name>
         <value>0x3c21</value>
         <object_component_ref idref="oc-98"/>
      </symbol>
      <symbol id="sm-749">
         <name>IntEnable</name>
         <value>0x3489</value>
         <object_component_ref idref="oc-9e"/>
      </symbol>
      <symbol id="sm-74a">
         <name>IntMasterDisable</name>
         <value>0x3e51</value>
         <object_component_ref idref="oc-1af"/>
      </symbol>
      <symbol id="sm-74b">
         <name>IntMasterEnable</name>
         <value>0x3e61</value>
         <object_component_ref idref="oc-1cd"/>
      </symbol>
      <symbol id="sm-772">
         <name>SSIDataPut</name>
         <value>0x3ecb</value>
         <object_component_ref idref="oc-333"/>
      </symbol>
      <symbol id="sm-773">
         <name>SSIConfigSetExpClk</name>
         <value>0x3a31</value>
         <object_component_ref idref="oc-31b"/>
      </symbol>
      <symbol id="sm-774">
         <name>SSIEnable</name>
         <value>0x3ed5</value>
         <object_component_ref idref="oc-321"/>
      </symbol>
      <symbol id="sm-775">
         <name>SSIBusy</name>
         <value>0x3ee7</value>
         <object_component_ref idref="oc-32d"/>
      </symbol>
      <symbol id="sm-7e5">
         <name>SysCtlDelay</name>
         <value>0x3f13</value>
         <object_component_ref idref="oc-279"/>
      </symbol>
      <symbol id="sm-7e6">
         <name>SysCtlPeripheralEnable</name>
         <value>0x3ae1</value>
         <object_component_ref idref="oc-71"/>
      </symbol>
      <symbol id="sm-7e7">
         <name>SysCtlClockFreqSet</name>
         <value>0x1de9</value>
         <object_component_ref idref="oc-1c1"/>
      </symbol>
      <symbol id="sm-825">
         <name>TimerLoadSet</name>
         <value>0x3dfb</value>
         <object_component_ref idref="oc-86"/>
      </symbol>
      <symbol id="sm-826">
         <name>TimerDisable</name>
         <value>0x3d89</value>
         <object_component_ref idref="oc-77"/>
      </symbol>
      <symbol id="sm-827">
         <name>TimerEnable</name>
         <value>0x3e8d</value>
         <object_component_ref idref="oc-92"/>
      </symbol>
      <symbol id="sm-828">
         <name>TimerIntEnable</name>
         <value>0x3eef</value>
         <object_component_ref idref="oc-8c"/>
      </symbol>
      <symbol id="sm-829">
         <name>TimerConfigure</name>
         <value>0x35bd</value>
         <object_component_ref idref="oc-7d"/>
      </symbol>
      <symbol id="sm-82a">
         <name>TimerIntClear</name>
         <value>0x12f5</value>
         <object_component_ref idref="oc-fd"/>
      </symbol>
      <symbol id="sm-83c">
         <name>CPUcpsie</name>
         <value>0x3eb5</value>
         <object_component_ref idref="oc-285"/>
      </symbol>
      <symbol id="sm-83d">
         <name>CPUcpsid</name>
         <value>0x3ea9</value>
         <object_component_ref idref="oc-254"/>
      </symbol>
      <symbol id="sm-83e">
         <name>__TI_static_base__</name>
         <value>0x0</value>
      </symbol>
      <symbol id="sm-841">
         <name>__mpu_init</name>
         <value>0x0</value>
      </symbol>
      <symbol id="sm-842">
         <name>_system_post_cinit</name>
         <value>0x0</value>
      </symbol>
   </symbol_table>
   <title>Link successful</title>
</link_info>
