******************************************************************************
                  TI ARM Linker PC v18.1.2                     
******************************************************************************
>> Linked Sun Oct 28 18:07:01 2018

OUTPUT FILE NAME:   <ece3849_lab1_njlanotte_aonagal2.out>
ENTRY POINT SYMBOL: "_c_int00_noargs"  address: 000026d9


MEMORY CONFIGURATION

         name            origin    length      used     unused   attr    fill
----------------------  --------  ---------  --------  --------  ----  --------
  FLASH                 00000000   00100000  00002e3e  000fd1c2  R  X
  SRAM                  20000000   00040000  0000997a  00036686  RW X


SEGMENT ALLOCATION MAP

run origin  load origin   length   init length attrs members
----------  ----------- ---------- ----------- ----- -------
00000000    00000000    00002e40   00002e40    r-x
  00000000    00000000    00000208   00000208    r-- .intvecs
  00000208    00000208    0000284e   0000284e    r-x .text
  00002a58    00002a58    000003a0   000003a0    r-- .const
  00002df8    00002df8    00000048   00000048    r-- .cinit
20000000    20000000    00009980   00000000    rw-
  20000000    20000000    00008048   00000000    rw- .data
  20008048    20008048    00001132   00000000    rw- .bss
  20009180    20009180    00000800   00000000    rw- .stack


SECTION ALLOCATION MAP

 output                                  attributes/
section   page    origin      length       input sections
--------  ----  ----------  ----------   ----------------
.intvecs   0    00000000    00000208     
                  00000000    00000208     tm4c1294ncpdt_startup_ccs.obj (.intvecs)

.text      0    00000208    0000284e     
                  00000208    0000068c     Crystalfontz128x128_ST7735.obj (.text)
                  00000894    00000004     driverlib.lib : timer.obj (.text:TimerIntClear)
                  00000898    00000628     buttons.obj (.text)
                  00000ec0    000003c4     OscilliscopeADC.obj (.text)
                  00001284    00000004     rtsv7M4_T_le_v4SPD16_eabi.lib : pre_init.c.obj (.text:_system_pre_init)
                  00001288    000002b8     main.obj (.text)
                  00001540    00000256     grlib.lib : string.obj (.text:GrFontGlyphRender)
                  00001796    00000002     --HOLE-- [fill = 0]
                  00001798    00000204     driverlib.lib : sysctl.obj (.text:SysCtlClockFreqSet)
                  0000199c    00000004     rtsv7M4_T_le_v4SPD16_eabi.lib : exit.c.obj (.text:abort:abort)
                  000019a0    000001c8     HAL_EK_TM4C1294XL_Crystalfontz128x128_ST7735.obj (.text)
                  00001b68    00000130     driverlib.lib : gpio.obj (.text:GPIOPadConfigSet)
                  00001c98    00000106     grlib.lib : line.obj (.text:GrLineDraw)
                  00001d9e    000000c4               : string.obj (.text:GrDefaultStringRenderer)
                  00001e62    000000c0               : line.obj (.text:GrLineClip)
                  00001f22    00000006     driverlib.lib : gpio.obj (.text:GPIOPinRead)
                  00001f28    000000a2     sysctl_pll.obj (.text)
                  00001fca    0000009c     rtsv7M4_T_le_v4SPD16_eabi.lib : memcpy_t2.asm.obj (.text)
                  00002066    00000086     grlib.lib : rectangle.obj (.text:GrRectFill)
                  000020ec    00000080     rtsv7M4_T_le_v4SPD16_eabi.lib : s_floorf.c.obj (.text:floorf)
                  0000216c    0000007a     driverlib.lib : adc.obj (.text:ADCSequenceStepConfigure)
                  000021e6    0000007a     rtsv7M4_T_le_v4SPD16_eabi.lib : memset_t2.asm.obj (.text)
                  00002260    0000006e                                   : s_roundf.c.obj (.text:roundf)
                  000022ce    00000002     --HOLE-- [fill = 0]
                  000022d0    00000068     grlib.lib : context.obj (.text:GrContextInit)
                  00002338    00000068     driverlib.lib : interrupt.obj (.text:IntEnable)
                  000023a0    00000068     rtsv7M4_T_le_v4SPD16_eabi.lib : copy_decompress_lzss.c.obj (.text:decompress:lzss:__TI_decompress_lzss)
                  00002408    00000060     driverlib.lib : timer.obj (.text:TimerConfigure)
                  00002468    0000005a     grlib.lib : string.obj (.text:FontWideGlyphDataGet)
                  000024c2    00000002     --HOLE-- [fill = 0]
                  000024c4    00000048     driverlib.lib : gpio.obj (.text:GPIOPinConfigure)
                  0000250c    00000048                   : sysctl.obj (.text:_SysCtlFrequencyGet)
                  00002554    00000046     grlib.lib : line.obj (.text:GrLineDrawH)
                  0000259a    00000046               : line.obj (.text:GrLineDrawV)
                  000025e0    00000044     rtsv7M4_T_le_v4SPD16_eabi.lib : autoinit.c.obj (.text:__TI_auto_init_nobinit_nopinit:__TI_auto_init_nobinit_nopinit)
                  00002624    0000003e     driverlib.lib : adc.obj (.text:ADCSequenceConfigure)
                  00002662    0000003c                   : ssi.obj (.text:SSIConfigSetExpClk)
                  0000269e    0000003a     grlib.lib : string.obj (.text:FontGlyphDataGet)
                  000026d8    00000038     rtsv7M4_T_le_v4SPD16_eabi.lib : boot_cortex_m.c.obj (.text:_c_int00_noargs:_c_int00_noargs)
                  00002710    00000036     grlib.lib : line.obj (.text:GrClipCodeGet)
                  00002746    00000002     --HOLE-- [fill = 0]
                  00002748    00000034     driverlib.lib : sysctl.obj (.text:SysCtlPeripheralEnable)
                  0000277c    0000002e                   : adc.obj (.text:ADCIntStatus)
                  000027aa    0000002e     grlib.lib : string.obj (.text:GrStringNextCharGet)
                  000027d8    0000002a     driverlib.lib : gpio.obj (.text:GPIODirModeSet)
                  00002802    00000026     grlib.lib : string.obj (.text:GrFontInfoGet)
                  00002828    00000024     driverlib.lib : interrupt.obj (.text:IntPrioritySet)
                  0000284c    00000022     grlib.lib : string.obj (.text:GrFontGlyphDataGet)
                  0000286e    0000001e     driverlib.lib : adc.obj (.text:ADCSequenceDataGet)
                  0000288c    0000001c                   : sysctl.obj (.text:_SysCtlMemTimingGet)
                  000028a8    0000001a     tm4c1294ncpdt_startup_ccs.obj (.text)
                  000028c2    00000018     driverlib.lib : adc.obj (.text:ADCClockConfigSet)
                  000028da    00000018                   : adc.obj (.text:ADCProcessorTrigger)
                  000028f2    00000018                   : gpio.obj (.text:GPIOPinTypeGPIOOutput)
                  0000290a    00000002     --HOLE-- [fill = 0]
                  0000290c    00000014                   : timer.obj (.text:TimerDisable)
                  00002920    00000012                   : gpio.obj (.text:GPIOPinTypeADC)
                  00002932    00000012                   : gpio.obj (.text:GPIOPinTypeGPIOInput)
                  00002944    00000012                   : gpio.obj (.text:GPIOPinTypeSSI)
                  00002956    00000012                   : timer.obj (.text:TimerLoadSet)
                  00002968    00000010                   : adc.obj (.text:ADCIntEnable)
                  00002978    00000010                   : fpu.obj (.text:FPUEnable)
                  00002988    00000010                   : fpu.obj (.text:FPULazyStackingEnable)
                  00002998    00000010                   : interrupt.obj (.text:IntMasterDisable)
                  000029a8    00000010                   : interrupt.obj (.text:IntMasterEnable)
                  000029b8    0000000e                   : adc.obj (.text:ADCSequenceDisable)
                  000029c6    0000000e                   : adc.obj (.text:ADCSequenceEnable)
                  000029d4    0000000e                   : timer.obj (.text:TimerEnable)
                  000029e2    0000000e     rtsv7M4_T_le_v4SPD16_eabi.lib : copy_decompress_none.c.obj (.text:decompress:none:__TI_decompress_none)
                  000029f0    0000000c     driverlib.lib : cpu.obj (.text:CPUcpsid)
                  000029fc    0000000c                   : cpu.obj (.text:CPUcpsie)
                  00002a08    0000000c     rtsv7M4_T_le_v4SPD16_eabi.lib : copy_zero_init.c.obj (.text:decompress:ZI:__TI_zero_init)
                  00002a14    0000000a     driverlib.lib : adc.obj (.text:ADCIntClear)
                  00002a1e    0000000a                   : ssi.obj (.text:SSIDataPut)
                  00002a28    0000000a                   : ssi.obj (.text:SSIEnable)
                  00002a32    00000008     grlib.lib : charmap.obj (.text:GrMapISO8859_1_Unicode)
                  00002a3a    00000008     driverlib.lib : ssi.obj (.text:SSIBusy)
                  00002a42    00000008                   : timer.obj (.text:TimerIntEnable)
                  00002a4a    00000006                   : gpio.obj (.text:GPIOPinWrite)
                  00002a50    00000006                   : sysctl.obj (.text:SysCtlDelay)

.const     0    00002a58    000003a0     
                  00002a58    00000120     driverlib.lib : sysctl.obj (.const:g_pppui32XTALtoVCO)
                  00002b78    0000009c                   : interrupt.obj (.const:g_pui32Regs)
                  00002c14    00000090                   : gpio.obj (.const:g_pui32GPIOBaseAddrs)
                  00002ca4    00000070                   : interrupt.obj (.const)
                  00002d14    0000006c                   : sysctl.obj (.const:g_pui32Xtals)
                  00002d80    00000030                   : sysctl.obj (.const:g_sXTALtoMEMTIM)
                  00002db0    00000028     Crystalfontz128x128_ST7735.obj (.const:g_sCrystalfontz128x128)
                  00002dd8    00000010     grlib.lib : context.obj (.const)
                  00002de8    00000008     main.obj (.const:$P$T0$1)
                  00002df0    00000008     driverlib.lib : sysctl.obj (.const)

.cinit     0    00002df8    00000048     
                  00002df8    0000001e     (.cinit..data.load) [load image, compression = lzss]
                  00002e16    00000002     --HOLE-- [fill = 0]
                  00002e18    0000000c     (__TI_handler_table)
                  00002e24    00000004     --HOLE-- [fill = 0]
                  00002e28    00000008     (.cinit..bss.load) [load image, compression = zero_init]
                  00002e30    00000010     (__TI_cinit_table)

.init_array 
*          0    00000000    00000000     UNINITIALIZED

.data      0    20000000    00008048     UNINITIALIZED
                  20000000    00008000     Crystalfontz128x128_ST7735.obj (.data:Lcd_buffer)
                  20008000    00000024     buttons.obj (.data:count$2)
                  20008024    00000010     OscilliscopeADC.obj (.data)
                  20008034    00000008     buttons.obj (.data:gJoystick)
                  2000803c    00000006     buttons.obj (.data)
                  20008042    00000002     --HOLE--
                  20008044    00000004     main.obj (.data)

.bss       0    20008048    00001132     UNINITIALIZED
                  20008048    00001000     (.common:gADCBuffer)
                  20009048    00000100     (.common:ADCPrintBuffer)
                  20009148    00000014     buttons.obj (.bss:state$1)
                  2000915c    00000004     (.common:ADCLocalBufferIndex)
                  20009160    00000004     (.common:gADCErrors)
                  20009164    00000004     (.common:gADCSamplingRate)
                  20009168    00000004     (.common:gSystemClock)
                  2000916c    00000004     (.common:g_psGrLibDefaults)
                  20009170    00000002     (.common:Lcd_ScreenHeigth)
                  20009172    00000002     (.common:Lcd_ScreenWidth)
                  20009174    00000002     (.common:Lcd_TouchTrim)
                  20009176    00000001     (.common:Lcd_FlagRead)
                  20009177    00000001     (.common:Lcd_FontSolid)
                  20009178    00000001     (.common:Lcd_Orientation)
                  20009179    00000001     (.common:Lcd_PenSolid)

.stack     0    20009180    00000800     UNINITIALIZED
                  20009180    00000004     rtsv7M4_T_le_v4SPD16_eabi.lib : boot_cortex_m.c.obj (.stack)
                  20009184    000007fc     --HOLE--

MODULE SUMMARY

       Module                                             code    ro data   rw data
       ------                                             ----    -------   -------
    .\
       Crystalfontz128x128_ST7735.obj                     1676    40        32778  
       OscilliscopeADC.obj                                964     0         4120   
       buttons.obj                                        1576    0         74     
       main.obj                                           696     8         264    
       tm4c1294ncpdt_startup_ccs.obj                      26      520       0      
       HAL_EK_TM4C1294XL_Crystalfontz128x128_ST7735.obj   456     0         0      
       sysctl_pll.obj                                     162     0         0      
    +--+--------------------------------------------------+-------+---------+---------+
       Total:                                             5556    568       37236  
                                                                                   
    C:/ti/tirtos_tivac_2_16_00_08/products/TivaWare_C_Series-2.1.1.71b/driverlib/ccs/Debug/driverlib.lib
       sysctl.obj                                         674     452       0      
       gpio.obj                                           508     144       0      
       interrupt.obj                                      172     268       0      
       adc.obj                                            362     0         0      
       timer.obj                                          160     0         0      
       ssi.obj                                            88      0         0      
       fpu.obj                                            32      0         0      
       cpu.obj                                            24      0         0      
    +--+--------------------------------------------------+-------+---------+---------+
       Total:                                             2020    864       0      
                                                                                   
    C:/ti/tirtos_tivac_2_16_00_08/products/TivaWare_C_Series-2.1.1.71b/grlib/ccs/Debug/grlib.lib
       string.obj                                         1060    0         0      
       line.obj                                           648     0         0      
       rectangle.obj                                      134     0         0      
       context.obj                                        104     16        4      
       charmap.obj                                        8       0         0      
    +--+--------------------------------------------------+-------+---------+---------+
       Total:                                             1954    16        4      
                                                                                   
    C:\ti\ccsv8\tools\compiler\ti-cgt-arm_18.1.2.LTS\lib\rtsv7M4_T_le_v4SPD16_eabi.lib
       memcpy_t2.asm.obj                                  156     0         0      
       s_floorf.c.obj                                     128     0         0      
       memset_t2.asm.obj                                  122     0         0      
       s_roundf.c.obj                                     110     0         0      
       copy_decompress_lzss.c.obj                         104     0         0      
       autoinit.c.obj                                     68      0         0      
       boot_cortex_m.c.obj                                56      0         0      
       copy_decompress_none.c.obj                         14      0         0      
       copy_zero_init.c.obj                               12      0         0      
       exit.c.obj                                         4       0         0      
       pre_init.c.obj                                     4       0         0      
    +--+--------------------------------------------------+-------+---------+---------+
       Total:                                             778     0         0      
                                                                                   
       Stack:                                             0       0         2048   
       Linker Generated:                                  0       66        0      
    +--+--------------------------------------------------+-------+---------+---------+
       Grand Total:                                       10308   1514      39288  


LINKER GENERATED COPY TABLES

__TI_cinit_table @ 00002e30 records: 2, size/record: 8, table size: 16
	.data: load addr=00002df8, load size=0000001e bytes, run addr=20000000, run size=00008048 bytes, compression=lzss
	.bss: load addr=00002e28, load size=00000008 bytes, run addr=20008048, run size=00001132 bytes, compression=zero_init


LINKER GENERATED HANDLER TABLE

__TI_handler_table @ 00002e18 records: 3, size/record: 4, table size: 12
	index: 0, handler: __TI_decompress_lzss
	index: 1, handler: __TI_decompress_none
	index: 2, handler: __TI_zero_init


GLOBAL SYMBOLS: SORTED ALPHABETICALLY BY Name 

address   name                              
-------   ----                              
000028c3  ADCClockConfigSet                 
00002a15  ADCIntClear                       
00002969  ADCIntEnable                      
0000277d  ADCIntStatus                      
2000915c  ADCLocalBufferIndex               
20009048  ADCPrintBuffer                    
000028db  ADCProcessorTrigger               
00002625  ADCSequenceConfigure              
0000286f  ADCSequenceDataGet                
000029b9  ADCSequenceDisable                
000029c7  ADCSequenceEnable                 
0000216d  ADCSequenceStepConfigure          
00001209  ADC_ISR                           
00000ce9  ButtonAutoRepeat                  
00000ab9  ButtonDebounce                    
00000d89  ButtonISR                         
00000899  ButtonInit                        
00000b79  ButtonReadJoystick                
0000199d  C$$EXIT                           
000029f1  CPUcpsid                          
000029fd  CPUcpsie                          
00000209  Crystalfontz128x128_Init          
000002d9  Crystalfontz128x128_SetDrawFrame  
000003d1  Crystalfontz128x128_SetOrientation
00002979  FPUEnable                         
00002989  FPULazyStackingEnable             
000027d9  GPIODirModeSet                    
00001b69  GPIOPadConfigSet                  
000024c5  GPIOPinConfigure                  
00001f23  GPIOPinRead                       
00002921  GPIOPinTypeADC                    
00002933  GPIOPinTypeGPIOInput              
000028f3  GPIOPinTypeGPIOOutput             
00002945  GPIOPinTypeSSI                    
00002a4b  GPIOPinWrite                      
00000f81  GetWaveform                       
000022d1  GrContextInit                     
00001d9f  GrDefaultStringRenderer           
0000284d  GrFontGlyphDataGet                
00001541  GrFontGlyphRender                 
00002803  GrFontInfoGet                     
00001c99  GrLineDraw                        
00002555  GrLineDrawH                       
0000259b  GrLineDrawV                       
00002a33  GrMapISO8859_1_Unicode            
00002067  GrRectFill                        
000027ab  GrStringNextCharGet               
000019a1  HAL_LCD_PortInit                  
00001a39  HAL_LCD_SpiInit                   
00001ad1  HAL_LCD_writeCommand              
00001b51  HAL_LCD_writeData                 
00002339  IntEnable                         
00002999  IntMasterDisable                  
000029a9  IntMasterEnable                   
00002829  IntPrioritySet                    
20008030  LastIndex                         
20009176  Lcd_FlagRead                      
20009177  Lcd_FontSolid                     
20009178  Lcd_Orientation                   
20009179  Lcd_PenSolid                      
20009170  Lcd_ScreenHeigth                  
20009172  Lcd_ScreenWidth                   
20009174  Lcd_TouchTrim                     
20000000  Lcd_buffer                        
000028a9  ResetISR                          
00002a3b  SSIBusy                           
00002663  SSIConfigSetExpClk                
00002a1f  SSIDataPut                        
00002a29  SSIEnable                         
00001799  SysCtlClockFreqSet                
00002a51  SysCtlDelay                       
00001f29  SysCtlFrequencyGet                
00002749  SysCtlPeripheralEnable            
00002409  TimerConfigure                    
0000290d  TimerDisable                      
000029d5  TimerEnable                       
00000895  TimerIntClear                     
00002a43  TimerIntEnable                    
00002957  TimerLoadSet                      
20009980  __STACK_END                       
00000800  __STACK_SIZE                      
20009380  __STACK_TOP                       
00002e30  __TI_CINIT_Base                   
00002e40  __TI_CINIT_Limit                  
00002e18  __TI_Handler_Table_Base           
00002e24  __TI_Handler_Table_Limit          
000025e1  __TI_auto_init_nobinit_nopinit    
000023a1  __TI_decompress_lzss              
000029e3  __TI_decompress_none              
ffffffff  __TI_pprof_out_hndl               
ffffffff  __TI_prof_data_size               
ffffffff  __TI_prof_data_start              
00000000  __TI_static_base__                
00002a09  __TI_zero_init                    
000021e7  __aeabi_memclr                    
000021e7  __aeabi_memclr4                   
000021e7  __aeabi_memclr8                   
00001fcb  __aeabi_memcpy                    
00001fcb  __aeabi_memcpy4                   
00001fcb  __aeabi_memcpy8                   
000021e9  __aeabi_memset                    
000021e9  __aeabi_memset4                   
000021e9  __aeabi_memset8                   
ffffffff  __binit__                         
ffffffff  __c_args__                        
UNDEFED   __mpu_init                        
20009180  __stack                           
000026d9  _c_int00_noargs                   
UNDEFED   _system_post_cinit                
00001285  _system_pre_init                  
0000199d  abort                             
00001289  binary_conversion                 
ffffffff  binit                             
000020ed  floorf                            
20008048  gADCBuffer                        
20008024  gADCBufferIndex                   
20009160  gADCErrors                        
20009164  gADCSamplingRate                  
2000803c  gButtons                          
20008034  gJoystick                         
20009168  gSystemClock                      
20008044  gTime                             
00000000  g_pfnVectors                      
00002dd8  g_psDefaultCodePointMapTable      
00002db0  g_sCrystalfontz128x128            
000011d9  incrementLocalBuff                
00000ec1  initADC                           
2000802c  loopCount                         
000012b9  main                              
00001fcb  memcpy                            
000021ef  memset                            
20008028  prevVoltage                       
00002261  roundf                            


GLOBAL SYMBOLS: SORTED BY Symbol Address 

address   name                              
-------   ----                              
00000000  __TI_static_base__                
00000000  g_pfnVectors                      
00000209  Crystalfontz128x128_Init          
000002d9  Crystalfontz128x128_SetDrawFrame  
000003d1  Crystalfontz128x128_SetOrientation
00000800  __STACK_SIZE                      
00000895  TimerIntClear                     
00000899  ButtonInit                        
00000ab9  ButtonDebounce                    
00000b79  ButtonReadJoystick                
00000ce9  ButtonAutoRepeat                  
00000d89  ButtonISR                         
00000ec1  initADC                           
00000f81  GetWaveform                       
000011d9  incrementLocalBuff                
00001209  ADC_ISR                           
00001285  _system_pre_init                  
00001289  binary_conversion                 
000012b9  main                              
00001541  GrFontGlyphRender                 
00001799  SysCtlClockFreqSet                
0000199d  C$$EXIT                           
0000199d  abort                             
000019a1  HAL_LCD_PortInit                  
00001a39  HAL_LCD_SpiInit                   
00001ad1  HAL_LCD_writeCommand              
00001b51  HAL_LCD_writeData                 
00001b69  GPIOPadConfigSet                  
00001c99  GrLineDraw                        
00001d9f  GrDefaultStringRenderer           
00001f23  GPIOPinRead                       
00001f29  SysCtlFrequencyGet                
00001fcb  __aeabi_memcpy                    
00001fcb  __aeabi_memcpy4                   
00001fcb  __aeabi_memcpy8                   
00001fcb  memcpy                            
00002067  GrRectFill                        
000020ed  floorf                            
0000216d  ADCSequenceStepConfigure          
000021e7  __aeabi_memclr                    
000021e7  __aeabi_memclr4                   
000021e7  __aeabi_memclr8                   
000021e9  __aeabi_memset                    
000021e9  __aeabi_memset4                   
000021e9  __aeabi_memset8                   
000021ef  memset                            
00002261  roundf                            
000022d1  GrContextInit                     
00002339  IntEnable                         
000023a1  __TI_decompress_lzss              
00002409  TimerConfigure                    
000024c5  GPIOPinConfigure                  
00002555  GrLineDrawH                       
0000259b  GrLineDrawV                       
000025e1  __TI_auto_init_nobinit_nopinit    
00002625  ADCSequenceConfigure              
00002663  SSIConfigSetExpClk                
000026d9  _c_int00_noargs                   
00002749  SysCtlPeripheralEnable            
0000277d  ADCIntStatus                      
000027ab  GrStringNextCharGet               
000027d9  GPIODirModeSet                    
00002803  GrFontInfoGet                     
00002829  IntPrioritySet                    
0000284d  GrFontGlyphDataGet                
0000286f  ADCSequenceDataGet                
000028a9  ResetISR                          
000028c3  ADCClockConfigSet                 
000028db  ADCProcessorTrigger               
000028f3  GPIOPinTypeGPIOOutput             
0000290d  TimerDisable                      
00002921  GPIOPinTypeADC                    
00002933  GPIOPinTypeGPIOInput              
00002945  GPIOPinTypeSSI                    
00002957  TimerLoadSet                      
00002969  ADCIntEnable                      
00002979  FPUEnable                         
00002989  FPULazyStackingEnable             
00002999  IntMasterDisable                  
000029a9  IntMasterEnable                   
000029b9  ADCSequenceDisable                
000029c7  ADCSequenceEnable                 
000029d5  TimerEnable                       
000029e3  __TI_decompress_none              
000029f1  CPUcpsid                          
000029fd  CPUcpsie                          
00002a09  __TI_zero_init                    
00002a15  ADCIntClear                       
00002a1f  SSIDataPut                        
00002a29  SSIEnable                         
00002a33  GrMapISO8859_1_Unicode            
00002a3b  SSIBusy                           
00002a43  TimerIntEnable                    
00002a4b  GPIOPinWrite                      
00002a51  SysCtlDelay                       
00002db0  g_sCrystalfontz128x128            
00002dd8  g_psDefaultCodePointMapTable      
00002e18  __TI_Handler_Table_Base           
00002e24  __TI_Handler_Table_Limit          
00002e30  __TI_CINIT_Base                   
00002e40  __TI_CINIT_Limit                  
20000000  Lcd_buffer                        
20008024  gADCBufferIndex                   
20008028  prevVoltage                       
2000802c  loopCount                         
20008030  LastIndex                         
20008034  gJoystick                         
2000803c  gButtons                          
20008044  gTime                             
20008048  gADCBuffer                        
20009048  ADCPrintBuffer                    
2000915c  ADCLocalBufferIndex               
20009160  gADCErrors                        
20009164  gADCSamplingRate                  
20009168  gSystemClock                      
20009170  Lcd_ScreenHeigth                  
20009172  Lcd_ScreenWidth                   
20009174  Lcd_TouchTrim                     
20009176  Lcd_FlagRead                      
20009177  Lcd_FontSolid                     
20009178  Lcd_Orientation                   
20009179  Lcd_PenSolid                      
20009180  __stack                           
20009380  __STACK_TOP                       
20009980  __STACK_END                       
ffffffff  __TI_pprof_out_hndl               
ffffffff  __TI_prof_data_size               
ffffffff  __TI_prof_data_start              
ffffffff  __binit__                         
ffffffff  __c_args__                        
ffffffff  binit                             
UNDEFED   __mpu_init                        
UNDEFED   _system_post_cinit                

[133 symbols]
