<?xml version="1.0" encoding="ISO-8859-1" ?>
<link_info>
   <banner>TI ARM Linker PC v18.1.2.LTS</banner>
   <copyright>Copyright (c) 1996-2017 Texas Instruments Incorporated</copyright>
   <link_time>0x5bd4e4dc</link_time>
   <link_errors>0x0</link_errors>
   <output_file>ece3849_lab1_njlanotte_aonagal2.out</output_file>
   <entry_point>
      <name>_c_int00_noargs</name>
      <address>0x2611</address>
   </entry_point>
   <input_file_list>
      <input_file id="fl-2">
         <path>.\</path>
         <kind>object</kind>
         <file>Crystalfontz128x128_ST7735.obj</file>
         <name>Crystalfontz128x128_ST7735.obj</name>
      </input_file>
      <input_file id="fl-3">
         <path>.\</path>
         <kind>object</kind>
         <file>HAL_EK_TM4C1294XL_Crystalfontz128x128_ST7735.obj</file>
         <name>HAL_EK_TM4C1294XL_Crystalfontz128x128_ST7735.obj</name>
      </input_file>
      <input_file id="fl-4">
         <path>.\</path>
         <kind>object</kind>
         <file>OscilliscopeADC.obj</file>
         <name>OscilliscopeADC.obj</name>
      </input_file>
      <input_file id="fl-5">
         <path>.\</path>
         <kind>object</kind>
         <file>buttons.obj</file>
         <name>buttons.obj</name>
      </input_file>
      <input_file id="fl-6">
         <path>.\</path>
         <kind>object</kind>
         <file>main.obj</file>
         <name>main.obj</name>
      </input_file>
      <input_file id="fl-7">
         <path>.\</path>
         <kind>object</kind>
         <file>sysctl_pll.obj</file>
         <name>sysctl_pll.obj</name>
      </input_file>
      <input_file id="fl-8">
         <path>.\</path>
         <kind>object</kind>
         <file>tm4c1294ncpdt_startup_ccs.obj</file>
         <name>tm4c1294ncpdt_startup_ccs.obj</name>
      </input_file>
      <input_file id="fl-e">
         <kind>object</kind>
         <file>&lt;internal&gt;</file>
         <name>&lt;internal&gt;</name>
      </input_file>
      <input_file id="fl-c4">
         <path>C:\ti\ccsv8\tools\compiler\ti-cgt-arm_18.1.2.LTS\lib\</path>
         <kind>archive</kind>
         <file>rtsv7M4_T_le_v4SPD16_eabi.lib</file>
         <name>s_roundf.c.obj</name>
      </input_file>
      <input_file id="fl-c5">
         <path>C:\ti\ccsv8\tools\compiler\ti-cgt-arm_18.1.2.LTS\lib\</path>
         <kind>archive</kind>
         <file>rtsv7M4_T_le_v4SPD16_eabi.lib</file>
         <name>copy_zero_init.c.obj</name>
      </input_file>
      <input_file id="fl-c6">
         <path>C:\ti\ccsv8\tools\compiler\ti-cgt-arm_18.1.2.LTS\lib\</path>
         <kind>archive</kind>
         <file>rtsv7M4_T_le_v4SPD16_eabi.lib</file>
         <name>copy_decompress_none.c.obj</name>
      </input_file>
      <input_file id="fl-c7">
         <path>C:\ti\ccsv8\tools\compiler\ti-cgt-arm_18.1.2.LTS\lib\</path>
         <kind>archive</kind>
         <file>rtsv7M4_T_le_v4SPD16_eabi.lib</file>
         <name>copy_decompress_lzss.c.obj</name>
      </input_file>
      <input_file id="fl-c8">
         <path>C:\ti\ccsv8\tools\compiler\ti-cgt-arm_18.1.2.LTS\lib\</path>
         <kind>archive</kind>
         <file>rtsv7M4_T_le_v4SPD16_eabi.lib</file>
         <name>boot_cortex_m.c.obj</name>
      </input_file>
      <input_file id="fl-c9">
         <path>C:\ti\ccsv8\tools\compiler\ti-cgt-arm_18.1.2.LTS\lib\</path>
         <kind>archive</kind>
         <file>rtsv7M4_T_le_v4SPD16_eabi.lib</file>
         <name>exit.c.obj</name>
      </input_file>
      <input_file id="fl-ca">
         <path>C:\ti\ccsv8\tools\compiler\ti-cgt-arm_18.1.2.LTS\lib\</path>
         <kind>archive</kind>
         <file>rtsv7M4_T_le_v4SPD16_eabi.lib</file>
         <name>_lock.c.obj</name>
      </input_file>
      <input_file id="fl-cb">
         <path>C:\ti\ccsv8\tools\compiler\ti-cgt-arm_18.1.2.LTS\lib\</path>
         <kind>archive</kind>
         <file>rtsv7M4_T_le_v4SPD16_eabi.lib</file>
         <name>args_main.c.obj</name>
      </input_file>
      <input_file id="fl-cc">
         <path>C:\ti\ccsv8\tools\compiler\ti-cgt-arm_18.1.2.LTS\lib\</path>
         <kind>archive</kind>
         <file>rtsv7M4_T_le_v4SPD16_eabi.lib</file>
         <name>s_floorf.c.obj</name>
      </input_file>
      <input_file id="fl-cd">
         <path>C:\ti\ccsv8\tools\compiler\ti-cgt-arm_18.1.2.LTS\lib\</path>
         <kind>archive</kind>
         <file>rtsv7M4_T_le_v4SPD16_eabi.lib</file>
         <name>memset_t2.asm.obj</name>
      </input_file>
      <input_file id="fl-ce">
         <path>C:\ti\ccsv8\tools\compiler\ti-cgt-arm_18.1.2.LTS\lib\</path>
         <kind>archive</kind>
         <file>rtsv7M4_T_le_v4SPD16_eabi.lib</file>
         <name>memcpy_t2.asm.obj</name>
      </input_file>
      <input_file id="fl-cf">
         <path>C:\ti\ccsv8\tools\compiler\ti-cgt-arm_18.1.2.LTS\lib\</path>
         <kind>archive</kind>
         <file>rtsv7M4_T_le_v4SPD16_eabi.lib</file>
         <name>autoinit.c.obj</name>
      </input_file>
      <input_file id="fl-d0">
         <path>C:\ti\ccsv8\tools\compiler\ti-cgt-arm_18.1.2.LTS\lib\</path>
         <kind>archive</kind>
         <file>rtsv7M4_T_le_v4SPD16_eabi.lib</file>
         <name>pre_init.c.obj</name>
      </input_file>
      <input_file id="fl-d1">
         <path>C:\ti\ccsv8\tools\compiler\ti-cgt-arm_18.1.2.LTS\lib\</path>
         <kind>archive</kind>
         <file>rtsv7M4_T_le_v4SPD16_eabi.lib</file>
         <name>cpy_tbl.c.obj</name>
      </input_file>
      <input_file id="fl-d2">
         <path>C:\ti\tirtos_tivac_2_16_00_08\products\TivaWare_C_Series-2.1.1.71b\grlib\ccs\Debug\</path>
         <kind>archive</kind>
         <file>grlib.lib</file>
         <name>context.obj</name>
      </input_file>
      <input_file id="fl-d3">
         <path>C:\ti\tirtos_tivac_2_16_00_08\products\TivaWare_C_Series-2.1.1.71b\grlib\ccs\Debug\</path>
         <kind>archive</kind>
         <file>grlib.lib</file>
         <name>line.obj</name>
      </input_file>
      <input_file id="fl-d4">
         <path>C:\ti\tirtos_tivac_2_16_00_08\products\TivaWare_C_Series-2.1.1.71b\grlib\ccs\Debug\</path>
         <kind>archive</kind>
         <file>grlib.lib</file>
         <name>rectangle.obj</name>
      </input_file>
      <input_file id="fl-d5">
         <path>C:\ti\tirtos_tivac_2_16_00_08\products\TivaWare_C_Series-2.1.1.71b\grlib\ccs\Debug\</path>
         <kind>archive</kind>
         <file>grlib.lib</file>
         <name>string.obj</name>
      </input_file>
      <input_file id="fl-d6">
         <path>C:\ti\tirtos_tivac_2_16_00_08\products\TivaWare_C_Series-2.1.1.71b\grlib\ccs\Debug\</path>
         <kind>archive</kind>
         <file>grlib.lib</file>
         <name>charmap.obj</name>
      </input_file>
      <input_file id="fl-d7">
         <path>C:\ti\tirtos_tivac_2_16_00_08\products\TivaWare_C_Series-2.1.1.71b\driverlib\ccs\Debug\</path>
         <kind>archive</kind>
         <file>driverlib.lib</file>
         <name>adc.obj</name>
      </input_file>
      <input_file id="fl-d8">
         <path>C:\ti\tirtos_tivac_2_16_00_08\products\TivaWare_C_Series-2.1.1.71b\driverlib\ccs\Debug\</path>
         <kind>archive</kind>
         <file>driverlib.lib</file>
         <name>fpu.obj</name>
      </input_file>
      <input_file id="fl-d9">
         <path>C:\ti\tirtos_tivac_2_16_00_08\products\TivaWare_C_Series-2.1.1.71b\driverlib\ccs\Debug\</path>
         <kind>archive</kind>
         <file>driverlib.lib</file>
         <name>gpio.obj</name>
      </input_file>
      <input_file id="fl-da">
         <path>C:\ti\tirtos_tivac_2_16_00_08\products\TivaWare_C_Series-2.1.1.71b\driverlib\ccs\Debug\</path>
         <kind>archive</kind>
         <file>driverlib.lib</file>
         <name>interrupt.obj</name>
      </input_file>
      <input_file id="fl-db">
         <path>C:\ti\tirtos_tivac_2_16_00_08\products\TivaWare_C_Series-2.1.1.71b\driverlib\ccs\Debug\</path>
         <kind>archive</kind>
         <file>driverlib.lib</file>
         <name>ssi.obj</name>
      </input_file>
      <input_file id="fl-dc">
         <path>C:\ti\tirtos_tivac_2_16_00_08\products\TivaWare_C_Series-2.1.1.71b\driverlib\ccs\Debug\</path>
         <kind>archive</kind>
         <file>driverlib.lib</file>
         <name>sysctl.obj</name>
      </input_file>
      <input_file id="fl-dd">
         <path>C:\ti\tirtos_tivac_2_16_00_08\products\TivaWare_C_Series-2.1.1.71b\driverlib\ccs\Debug\</path>
         <kind>archive</kind>
         <file>driverlib.lib</file>
         <name>timer.obj</name>
      </input_file>
      <input_file id="fl-de">
         <path>C:\ti\tirtos_tivac_2_16_00_08\products\TivaWare_C_Series-2.1.1.71b\driverlib\ccs\Debug\</path>
         <kind>archive</kind>
         <file>driverlib.lib</file>
         <name>cpu.obj</name>
      </input_file>
   </input_file_list>
   <object_component_list>
      <object_component id="oc-f">
         <name>.intvecs</name>
         <load_address>0x0</load_address>
         <run_address>0x0</run_address>
         <size>0x208</size>
         <input_file_ref idref="fl-8"/>
      </object_component>
      <object_component id="oc-1dd">
         <name>.text</name>
         <load_address>0x208</load_address>
         <run_address>0x208</run_address>
         <size>0x68c</size>
         <input_file_ref idref="fl-2"/>
      </object_component>
      <object_component id="oc-103">
         <name>.text:TimerIntClear</name>
         <load_address>0x894</load_address>
         <run_address>0x894</run_address>
         <size>0x4</size>
         <input_file_ref idref="fl-dd"/>
      </object_component>
      <object_component id="oc-2a">
         <name>.text</name>
         <load_address>0x898</load_address>
         <run_address>0x898</run_address>
         <size>0x628</size>
         <input_file_ref idref="fl-5"/>
      </object_component>
      <object_component id="oc-30">
         <name>.text</name>
         <load_address>0xec0</load_address>
         <run_address>0xec0</run_address>
         <size>0x39c</size>
         <input_file_ref idref="fl-4"/>
      </object_component>
      <object_component id="oc-33b">
         <name>.text:GrFontGlyphRender</name>
         <load_address>0x125c</load_address>
         <run_address>0x125c</run_address>
         <size>0x256</size>
         <input_file_ref idref="fl-d5"/>
      </object_component>
      <object_component id="oc-109">
         <name>.text:GPIOPinRead</name>
         <load_address>0x14b2</load_address>
         <run_address>0x14b2</run_address>
         <size>0x6</size>
         <input_file_ref idref="fl-d9"/>
      </object_component>
      <object_component id="oc-155">
         <name>.text</name>
         <load_address>0x14b8</load_address>
         <run_address>0x14b8</run_address>
         <size>0x218</size>
         <input_file_ref idref="fl-6"/>
      </object_component>
      <object_component id="oc-1d7">
         <name>.text:SysCtlClockFreqSet</name>
         <load_address>0x16d0</load_address>
         <run_address>0x16d0</run_address>
         <size>0x204</size>
         <input_file_ref idref="fl-dc"/>
      </object_component>
      <object_component id="oc-14f">
         <name>.text:_system_pre_init</name>
         <load_address>0x18d4</load_address>
         <run_address>0x18d4</run_address>
         <size>0x4</size>
         <input_file_ref idref="fl-d0"/>
      </object_component>
      <object_component id="oc-281">
         <name>.text</name>
         <load_address>0x18d8</load_address>
         <run_address>0x18d8</run_address>
         <size>0x1c8</size>
         <input_file_ref idref="fl-3"/>
      </object_component>
      <object_component id="oc-b0">
         <name>.text:GPIOPadConfigSet</name>
         <load_address>0x1aa0</load_address>
         <run_address>0x1aa0</run_address>
         <size>0x130</size>
         <input_file_ref idref="fl-d9"/>
      </object_component>
      <object_component id="oc-207">
         <name>.text:GrLineDraw</name>
         <load_address>0x1bd0</load_address>
         <run_address>0x1bd0</run_address>
         <size>0x106</size>
         <input_file_ref idref="fl-d3"/>
      </object_component>
      <object_component id="oc-29c">
         <name>.text:GrDefaultStringRenderer</name>
         <load_address>0x1cd6</load_address>
         <run_address>0x1cd6</run_address>
         <size>0xc4</size>
         <input_file_ref idref="fl-d5"/>
      </object_component>
      <object_component id="oc-2bc">
         <name>.text:GrLineClip</name>
         <load_address>0x1d9a</load_address>
         <run_address>0x1d9a</run_address>
         <size>0xc0</size>
         <input_file_ref idref="fl-d3"/>
      </object_component>
      <object_component id="oc-313">
         <name>.text:GPIOPinWrite</name>
         <load_address>0x1e5a</load_address>
         <run_address>0x1e5a</run_address>
         <size>0x6</size>
         <input_file_ref idref="fl-d9"/>
      </object_component>
      <object_component id="oc-bc">
         <name>.text</name>
         <load_address>0x1e60</load_address>
         <run_address>0x1e60</run_address>
         <size>0xa2</size>
         <input_file_ref idref="fl-7"/>
      </object_component>
      <object_component id="oc-44">
         <name>.text</name>
         <load_address>0x1f02</load_address>
         <run_address>0x1f02</run_address>
         <size>0x9c</size>
         <input_file_ref idref="fl-ce"/>
      </object_component>
      <object_component id="oc-1f5">
         <name>.text:GrRectFill</name>
         <load_address>0x1f9e</load_address>
         <run_address>0x1f9e</run_address>
         <size>0x86</size>
         <input_file_ref idref="fl-d4"/>
      </object_component>
      <object_component id="oc-2b4">
         <name>.text:floorf</name>
         <load_address>0x2024</load_address>
         <run_address>0x2024</run_address>
         <size>0x80</size>
         <input_file_ref idref="fl-cc"/>
      </object_component>
      <object_component id="oc-d7">
         <name>.text:ADCSequenceStepConfigure</name>
         <load_address>0x20a4</load_address>
         <run_address>0x20a4</run_address>
         <size>0x7a</size>
         <input_file_ref idref="fl-d7"/>
      </object_component>
      <object_component id="oc-149">
         <name>.text</name>
         <load_address>0x211e</load_address>
         <run_address>0x211e</run_address>
         <size>0x7a</size>
         <input_file_ref idref="fl-cd"/>
      </object_component>
      <object_component id="oc-201">
         <name>.text:roundf</name>
         <load_address>0x2198</load_address>
         <run_address>0x2198</run_address>
         <size>0x6e</size>
         <input_file_ref idref="fl-c4"/>
      </object_component>
      <object_component id="oc-1ec">
         <name>.text:GrContextInit</name>
         <load_address>0x2208</load_address>
         <run_address>0x2208</run_address>
         <size>0x68</size>
         <input_file_ref idref="fl-d2"/>
      </object_component>
      <object_component id="oc-a4">
         <name>.text:IntEnable</name>
         <load_address>0x2270</load_address>
         <run_address>0x2270</run_address>
         <size>0x68</size>
         <input_file_ref idref="fl-da"/>
      </object_component>
      <object_component id="oc-12">
         <name>.text:decompress:lzss:__TI_decompress_lzss</name>
         <load_address>0x22d8</load_address>
         <run_address>0x22d8</run_address>
         <size>0x68</size>
         <input_file_ref idref="fl-c7"/>
      </object_component>
      <object_component id="oc-83">
         <name>.text:TimerConfigure</name>
         <load_address>0x2340</load_address>
         <run_address>0x2340</run_address>
         <size>0x60</size>
         <input_file_ref idref="fl-dd"/>
      </object_component>
      <object_component id="oc-394">
         <name>.text:FontWideGlyphDataGet</name>
         <load_address>0x23a0</load_address>
         <run_address>0x23a0</run_address>
         <size>0x5a</size>
         <input_file_ref idref="fl-d5"/>
      </object_component>
      <object_component id="oc-2fb">
         <name>.text:GPIOPinConfigure</name>
         <load_address>0x23fc</load_address>
         <run_address>0x23fc</run_address>
         <size>0x48</size>
         <input_file_ref idref="fl-d9"/>
      </object_component>
      <object_component id="oc-271">
         <name>.text:_SysCtlFrequencyGet</name>
         <load_address>0x2444</load_address>
         <run_address>0x2444</run_address>
         <size>0x48</size>
         <input_file_ref idref="fl-dc"/>
      </object_component>
      <object_component id="oc-2c2">
         <name>.text:GrLineDrawH</name>
         <load_address>0x248c</load_address>
         <run_address>0x248c</run_address>
         <size>0x46</size>
         <input_file_ref idref="fl-d3"/>
      </object_component>
      <object_component id="oc-1fb">
         <name>.text:GrLineDrawV</name>
         <load_address>0x24d2</load_address>
         <run_address>0x24d2</run_address>
         <size>0x46</size>
         <input_file_ref idref="fl-d3"/>
      </object_component>
      <object_component id="oc-21a">
         <name>.text:__TI_auto_init_nobinit_nopinit:__TI_auto_init_nobinit_nopinit</name>
         <load_address>0x2518</load_address>
         <run_address>0x2518</run_address>
         <size>0x44</size>
         <input_file_ref idref="fl-cf"/>
      </object_component>
      <object_component id="oc-d1">
         <name>.text:ADCSequenceConfigure</name>
         <load_address>0x255c</load_address>
         <run_address>0x255c</run_address>
         <size>0x3e</size>
         <input_file_ref idref="fl-d7"/>
      </object_component>
      <object_component id="oc-307">
         <name>.text:SSIConfigSetExpClk</name>
         <load_address>0x259a</load_address>
         <run_address>0x259a</run_address>
         <size>0x3c</size>
         <input_file_ref idref="fl-db"/>
      </object_component>
      <object_component id="oc-39a">
         <name>.text:FontGlyphDataGet</name>
         <load_address>0x25d6</load_address>
         <run_address>0x25d6</run_address>
         <size>0x3a</size>
         <input_file_ref idref="fl-d5"/>
      </object_component>
      <object_component id="oc-62">
         <name>.text:_c_int00_noargs:_c_int00_noargs</name>
         <load_address>0x2610</load_address>
         <run_address>0x2610</run_address>
         <size>0x38</size>
         <input_file_ref idref="fl-c8"/>
      </object_component>
      <object_component id="oc-35b">
         <name>.text:GrClipCodeGet</name>
         <load_address>0x2648</load_address>
         <run_address>0x2648</run_address>
         <size>0x36</size>
         <input_file_ref idref="fl-d3"/>
      </object_component>
      <object_component id="oc-77">
         <name>.text:SysCtlPeripheralEnable</name>
         <load_address>0x2680</load_address>
         <run_address>0x2680</run_address>
         <size>0x34</size>
         <input_file_ref idref="fl-dc"/>
      </object_component>
      <object_component id="oc-ed">
         <name>.text:ADCIntStatus</name>
         <load_address>0x26b4</load_address>
         <run_address>0x26b4</run_address>
         <size>0x2e</size>
         <input_file_ref idref="fl-d7"/>
      </object_component>
      <object_component id="oc-32f">
         <name>.text:GrStringNextCharGet</name>
         <load_address>0x26e2</load_address>
         <run_address>0x26e2</run_address>
         <size>0x2e</size>
         <input_file_ref idref="fl-d5"/>
      </object_component>
      <object_component id="oc-184">
         <name>.text:GPIODirModeSet</name>
         <load_address>0x2710</load_address>
         <run_address>0x2710</run_address>
         <size>0x2a</size>
         <input_file_ref idref="fl-d9"/>
      </object_component>
      <object_component id="oc-329">
         <name>.text:GrFontInfoGet</name>
         <load_address>0x273a</load_address>
         <run_address>0x273a</run_address>
         <size>0x26</size>
         <input_file_ref idref="fl-d5"/>
      </object_component>
      <object_component id="oc-9e">
         <name>.text:IntPrioritySet</name>
         <load_address>0x2760</load_address>
         <run_address>0x2760</run_address>
         <size>0x24</size>
         <input_file_ref idref="fl-da"/>
      </object_component>
      <object_component id="oc-335">
         <name>.text:GrFontGlyphDataGet</name>
         <load_address>0x2784</load_address>
         <run_address>0x2784</run_address>
         <size>0x22</size>
         <input_file_ref idref="fl-d5"/>
      </object_component>
      <object_component id="oc-f6">
         <name>.text:ADCSequenceDataGet</name>
         <load_address>0x27a6</load_address>
         <run_address>0x27a6</run_address>
         <size>0x1e</size>
         <input_file_ref idref="fl-d7"/>
      </object_component>
      <object_component id="oc-26b">
         <name>.text:_SysCtlMemTimingGet</name>
         <load_address>0x27c4</load_address>
         <run_address>0x27c4</run_address>
         <size>0x1c</size>
         <input_file_ref idref="fl-dc"/>
      </object_component>
      <object_component id="oc-24">
         <name>.text</name>
         <load_address>0x27e0</load_address>
         <run_address>0x27e0</run_address>
         <size>0x1a</size>
         <input_file_ref idref="fl-8"/>
      </object_component>
      <object_component id="oc-c5">
         <name>.text:ADCClockConfigSet</name>
         <load_address>0x27fa</load_address>
         <run_address>0x27fa</run_address>
         <size>0x18</size>
         <input_file_ref idref="fl-d7"/>
      </object_component>
      <object_component id="oc-e7">
         <name>.text:ADCProcessorTrigger</name>
         <load_address>0x2812</load_address>
         <run_address>0x2812</run_address>
         <size>0x18</size>
         <input_file_ref idref="fl-d7"/>
      </object_component>
      <object_component id="oc-301">
         <name>.text:GPIOPinTypeGPIOOutput</name>
         <load_address>0x282a</load_address>
         <run_address>0x282a</run_address>
         <size>0x18</size>
         <input_file_ref idref="fl-d9"/>
      </object_component>
      <object_component id="oc-7d">
         <name>.text:TimerDisable</name>
         <load_address>0x2844</load_address>
         <run_address>0x2844</run_address>
         <size>0x14</size>
         <input_file_ref idref="fl-dd"/>
      </object_component>
      <object_component id="oc-b6">
         <name>.text:GPIOPinTypeADC</name>
         <load_address>0x2858</load_address>
         <run_address>0x2858</run_address>
         <size>0x12</size>
         <input_file_ref idref="fl-d9"/>
      </object_component>
      <object_component id="oc-aa">
         <name>.text:GPIOPinTypeGPIOInput</name>
         <load_address>0x286a</load_address>
         <run_address>0x286a</run_address>
         <size>0x12</size>
         <input_file_ref idref="fl-d9"/>
      </object_component>
      <object_component id="oc-2f5">
         <name>.text:GPIOPinTypeSSI</name>
         <load_address>0x287c</load_address>
         <run_address>0x287c</run_address>
         <size>0x12</size>
         <input_file_ref idref="fl-d9"/>
      </object_component>
      <object_component id="oc-8c">
         <name>.text:TimerLoadSet</name>
         <load_address>0x288e</load_address>
         <run_address>0x288e</run_address>
         <size>0x12</size>
         <input_file_ref idref="fl-dd"/>
      </object_component>
      <object_component id="oc-11d">
         <name>.text:ADCIntEnable</name>
         <load_address>0x28a0</load_address>
         <run_address>0x28a0</run_address>
         <size>0x10</size>
         <input_file_ref idref="fl-d7"/>
      </object_component>
      <object_component id="oc-1cb">
         <name>.text:FPUEnable</name>
         <load_address>0x28b0</load_address>
         <run_address>0x28b0</run_address>
         <size>0x10</size>
         <input_file_ref idref="fl-d8"/>
      </object_component>
      <object_component id="oc-1d1">
         <name>.text:FPULazyStackingEnable</name>
         <load_address>0x28c0</load_address>
         <run_address>0x28c0</run_address>
         <size>0x10</size>
         <input_file_ref idref="fl-d8"/>
      </object_component>
      <object_component id="oc-1c5">
         <name>.text:IntMasterDisable</name>
         <load_address>0x28d0</load_address>
         <run_address>0x28d0</run_address>
         <size>0x10</size>
         <input_file_ref idref="fl-da"/>
      </object_component>
      <object_component id="oc-1e3">
         <name>.text:IntMasterEnable</name>
         <load_address>0x28e0</load_address>
         <run_address>0x28e0</run_address>
         <size>0x10</size>
         <input_file_ref idref="fl-da"/>
      </object_component>
      <object_component id="oc-cb">
         <name>.text:ADCSequenceDisable</name>
         <load_address>0x28f0</load_address>
         <run_address>0x28f0</run_address>
         <size>0xe</size>
         <input_file_ref idref="fl-d7"/>
      </object_component>
      <object_component id="oc-dd">
         <name>.text:ADCSequenceEnable</name>
         <load_address>0x28fe</load_address>
         <run_address>0x28fe</run_address>
         <size>0xe</size>
         <input_file_ref idref="fl-d7"/>
      </object_component>
      <object_component id="oc-98">
         <name>.text:TimerEnable</name>
         <load_address>0x290c</load_address>
         <run_address>0x290c</run_address>
         <size>0xe</size>
         <input_file_ref idref="fl-dd"/>
      </object_component>
      <object_component id="oc-18">
         <name>.text:decompress:none:__TI_decompress_none</name>
         <load_address>0x291a</load_address>
         <run_address>0x291a</run_address>
         <size>0xe</size>
         <input_file_ref idref="fl-c6"/>
      </object_component>
      <object_component id="oc-262">
         <name>.text:CPUcpsid</name>
         <load_address>0x2928</load_address>
         <run_address>0x2928</run_address>
         <size>0xc</size>
         <input_file_ref idref="fl-de"/>
      </object_component>
      <object_component id="oc-293">
         <name>.text:CPUcpsie</name>
         <load_address>0x2934</load_address>
         <run_address>0x2934</run_address>
         <size>0xc</size>
         <input_file_ref idref="fl-de"/>
      </object_component>
      <object_component id="oc-56">
         <name>.text:decompress:ZI:__TI_zero_init</name>
         <load_address>0x2940</load_address>
         <run_address>0x2940</run_address>
         <size>0xc</size>
         <input_file_ref idref="fl-c5"/>
      </object_component>
      <object_component id="oc-fc">
         <name>.text:ADCIntClear</name>
         <load_address>0x294c</load_address>
         <run_address>0x294c</run_address>
         <size>0xa</size>
         <input_file_ref idref="fl-d7"/>
      </object_component>
      <object_component id="oc-31f">
         <name>.text:SSIDataPut</name>
         <load_address>0x2956</load_address>
         <run_address>0x2956</run_address>
         <size>0xa</size>
         <input_file_ref idref="fl-db"/>
      </object_component>
      <object_component id="oc-30d">
         <name>.text:SSIEnable</name>
         <load_address>0x2960</load_address>
         <run_address>0x2960</run_address>
         <size>0xa</size>
         <input_file_ref idref="fl-db"/>
      </object_component>
      <object_component id="oc-344">
         <name>.text:GrMapISO8859_1_Unicode</name>
         <load_address>0x296a</load_address>
         <run_address>0x296a</run_address>
         <size>0x8</size>
         <input_file_ref idref="fl-d6"/>
      </object_component>
      <object_component id="oc-319">
         <name>.text:SSIBusy</name>
         <load_address>0x2972</load_address>
         <run_address>0x2972</run_address>
         <size>0x8</size>
         <input_file_ref idref="fl-db"/>
      </object_component>
      <object_component id="oc-92">
         <name>.text:TimerIntEnable</name>
         <load_address>0x297a</load_address>
         <run_address>0x297a</run_address>
         <size>0x8</size>
         <input_file_ref idref="fl-dd"/>
      </object_component>
      <object_component id="oc-287">
         <name>.text:SysCtlDelay</name>
         <load_address>0x2982</load_address>
         <run_address>0x2982</run_address>
         <size>0x6</size>
         <input_file_ref idref="fl-dc"/>
      </object_component>
      <object_component id="oc-20e">
         <name>.text:abort:abort</name>
         <load_address>0x2988</load_address>
         <run_address>0x2988</run_address>
         <size>0x4</size>
         <input_file_ref idref="fl-c9"/>
      </object_component>
      <object_component id="oc-27a">
         <name>.const:g_pppui32XTALtoVCO</name>
         <load_address>0x298c</load_address>
         <run_address>0x298c</run_address>
         <size>0x120</size>
         <input_file_ref idref="fl-dc"/>
      </object_component>
      <object_component id="oc-17b">
         <name>.const:g_pui32Regs</name>
         <load_address>0x2aac</load_address>
         <run_address>0x2aac</run_address>
         <size>0x9c</size>
         <input_file_ref idref="fl-da"/>
      </object_component>
      <object_component id="oc-387">
         <name>.const:g_pui32GPIOBaseAddrs</name>
         <load_address>0x2b48</load_address>
         <run_address>0x2b48</run_address>
         <size>0x90</size>
         <input_file_ref idref="fl-d9"/>
      </object_component>
      <object_component id="oc-180">
         <name>.const</name>
         <load_address>0x2bd8</load_address>
         <run_address>0x2bd8</run_address>
         <size>0x70</size>
         <input_file_ref idref="fl-da"/>
      </object_component>
      <object_component id="oc-277">
         <name>.const:g_pui32Xtals</name>
         <load_address>0x2c48</load_address>
         <run_address>0x2c48</run_address>
         <size>0x6c</size>
         <input_file_ref idref="fl-dc"/>
      </object_component>
      <object_component id="oc-2ea">
         <name>.const:g_sXTALtoMEMTIM</name>
         <load_address>0x2cb4</load_address>
         <run_address>0x2cb4</run_address>
         <size>0x30</size>
         <input_file_ref idref="fl-dc"/>
      </object_component>
      <object_component id="oc-1e9">
         <name>.const:g_sCrystalfontz128x128</name>
         <load_address>0x2ce4</load_address>
         <run_address>0x2ce4</run_address>
         <size>0x28</size>
         <input_file_ref idref="fl-2"/>
      </object_component>
      <object_component id="oc-2a2">
         <name>.const</name>
         <load_address>0x2d0c</load_address>
         <run_address>0x2d0c</run_address>
         <size>0x10</size>
         <input_file_ref idref="fl-d2"/>
      </object_component>
      <object_component id="oc-1f2">
         <name>.const:$P$T0$1</name>
         <load_address>0x2d1c</load_address>
         <run_address>0x2d1c</run_address>
         <size>0x8</size>
         <input_file_ref idref="fl-6"/>
      </object_component>
      <object_component id="oc-27d">
         <name>.const</name>
         <load_address>0x2d24</load_address>
         <run_address>0x2d24</run_address>
         <size>0x8</size>
         <input_file_ref idref="fl-dc"/>
      </object_component>
      <object_component id="oc-3ee">
         <name>.cinit..data.load</name>
         <load_address>0x2d30</load_address>
         <run_address>0x2d30</run_address>
         <size>0x1e</size>
      </object_component>
      <object_component id="oc-3ec">
         <name>__TI_handler_table</name>
         <load_address>0x2d50</load_address>
         <run_address>0x2d50</run_address>
         <size>0xc</size>
      </object_component>
      <object_component id="oc-3ef">
         <name>.cinit..bss.load</name>
         <load_address>0x2d60</load_address>
         <run_address>0x2d60</run_address>
         <size>0x8</size>
      </object_component>
      <object_component id="oc-3ed">
         <name>__TI_cinit_table</name>
         <load_address>0x2d68</load_address>
         <run_address>0x2d68</run_address>
         <size>0x10</size>
      </object_component>
      <object_component id="oc-28f">
         <name>.data:Lcd_buffer</name>
         <load_address>0x20000000</load_address>
         <run_address>0x20000000</run_address>
         <size>0x8000</size>
         <input_file_ref idref="fl-2"/>
      </object_component>
      <object_component id="oc-123">
         <name>.data</name>
         <load_address>0x20008024</load_address>
         <run_address>0x20008024</run_address>
         <size>0x10</size>
         <input_file_ref idref="fl-4"/>
      </object_component>
      <object_component id="oc-e4">
         <name>.data</name>
         <load_address>0x2000803c</load_address>
         <run_address>0x2000803c</run_address>
         <size>0x6</size>
         <input_file_ref idref="fl-5"/>
      </object_component>
      <object_component id="oc-f3">
         <name>.data:gJoystick</name>
         <load_address>0x20008034</load_address>
         <run_address>0x20008034</run_address>
         <size>0x8</size>
         <input_file_ref idref="fl-5"/>
      </object_component>
      <object_component id="oc-102">
         <name>.data:count$2</name>
         <load_address>0x20008000</load_address>
         <run_address>0x20008000</run_address>
         <size>0x24</size>
         <input_file_ref idref="fl-5"/>
      </object_component>
      <object_component id="oc-10f">
         <name>.data</name>
         <load_address>0x20008044</load_address>
         <run_address>0x20008044</run_address>
         <size>0x4</size>
         <input_file_ref idref="fl-6"/>
      </object_component>
      <object_component id="oc-e3">
         <name>.bss:state$1</name>
         <uninitialized>true</uninitialized>
         <run_address>0x20009148</run_address>
         <size>0x14</size>
         <input_file_ref idref="fl-5"/>
      </object_component>
      <object_component id="oc-28e">
         <name>.common:Lcd_Orientation</name>
         <uninitialized>true</uninitialized>
         <run_address>0x20009178</run_address>
         <size>0x1</size>
      </object_component>
      <object_component id="oc-288">
         <name>.common:Lcd_ScreenWidth</name>
         <uninitialized>true</uninitialized>
         <run_address>0x20009172</run_address>
         <size>0x2</size>
      </object_component>
      <object_component id="oc-289">
         <name>.common:Lcd_ScreenHeigth</name>
         <uninitialized>true</uninitialized>
         <run_address>0x20009170</run_address>
         <size>0x2</size>
      </object_component>
      <object_component id="oc-28a">
         <name>.common:Lcd_PenSolid</name>
         <uninitialized>true</uninitialized>
         <run_address>0x20009179</run_address>
         <size>0x1</size>
      </object_component>
      <object_component id="oc-28b">
         <name>.common:Lcd_FontSolid</name>
         <uninitialized>true</uninitialized>
         <run_address>0x20009177</run_address>
         <size>0x1</size>
      </object_component>
      <object_component id="oc-28c">
         <name>.common:Lcd_FlagRead</name>
         <uninitialized>true</uninitialized>
         <run_address>0x20009176</run_address>
         <size>0x1</size>
      </object_component>
      <object_component id="oc-28d">
         <name>.common:Lcd_TouchTrim</name>
         <uninitialized>true</uninitialized>
         <run_address>0x20009174</run_address>
         <size>0x2</size>
      </object_component>
      <object_component id="oc-129">
         <name>.common:gADCBuffer</name>
         <uninitialized>true</uninitialized>
         <run_address>0x20008048</run_address>
         <size>0x1000</size>
      </object_component>
      <object_component id="oc-12b">
         <name>.common:gADCErrors</name>
         <uninitialized>true</uninitialized>
         <run_address>0x20009160</run_address>
         <size>0x4</size>
      </object_component>
      <object_component id="oc-126">
         <name>.common:ADCLocalBufferIndex</name>
         <uninitialized>true</uninitialized>
         <run_address>0x2000915c</run_address>
         <size>0x4</size>
      </object_component>
      <object_component id="oc-c2">
         <name>.common:gADCSamplingRate</name>
         <uninitialized>true</uninitialized>
         <run_address>0x20009164</run_address>
         <size>0x4</size>
      </object_component>
      <object_component id="oc-89">
         <name>.common:gSystemClock</name>
         <uninitialized>true</uninitialized>
         <run_address>0x20009168</run_address>
         <size>0x4</size>
      </object_component>
      <object_component id="oc-12a">
         <name>.common:ADCPrintBuffer</name>
         <uninitialized>true</uninitialized>
         <run_address>0x20009048</run_address>
         <size>0x100</size>
      </object_component>
      <object_component id="oc-2a5">
         <name>.common:g_psGrLibDefaults</name>
         <uninitialized>true</uninitialized>
         <run_address>0x2000916c</run_address>
         <size>0x4</size>
      </object_component>
      <object_component id="oc-21">
         <name>.stack</name>
         <uninitialized>true</uninitialized>
         <run_address>0x20009180</run_address>
         <size>0x4</size>
         <input_file_ref idref="fl-c8"/>
      </object_component>
      <object_component id="oc-3f0">
         <name>.stack</name>
         <uninitialized>true</uninitialized>
         <run_address>0x20009180</run_address>
         <size>0x0</size>
      </object_component>
      <object_component id="oc-1b3">
         <name>.debug_info</name>
         <load_address>0x0</load_address>
         <run_address>0x0</run_address>
         <size>0x6ec</size>
         <input_file_ref idref="fl-2"/>
      </object_component>
      <object_component id="oc-290">
         <name>.debug_info</name>
         <load_address>0x6ec</load_address>
         <run_address>0x6ec</run_address>
         <size>0x106</size>
         <input_file_ref idref="fl-2"/>
      </object_component>
      <object_component id="oc-1ea">
         <name>.debug_info</name>
         <load_address>0x7f2</load_address>
         <run_address>0x7f2</run_address>
         <size>0x11f</size>
         <input_file_ref idref="fl-2"/>
      </object_component>
      <object_component id="oc-1de">
         <name>.debug_info</name>
         <load_address>0x911</load_address>
         <run_address>0x911</run_address>
         <size>0x11f4</size>
         <input_file_ref idref="fl-2"/>
      </object_component>
      <object_component id="oc-173">
         <name>.debug_info</name>
         <load_address>0x1b05</load_address>
         <run_address>0x1b05</run_address>
         <size>0x6bd</size>
         <input_file_ref idref="fl-2"/>
      </object_component>
      <object_component id="oc-12f">
         <name>.debug_info</name>
         <load_address>0x21c2</load_address>
         <run_address>0x21c2</run_address>
         <size>0x26b</size>
         <input_file_ref idref="fl-2"/>
      </object_component>
      <object_component id="oc-118">
         <name>.debug_info</name>
         <load_address>0x242d</load_address>
         <run_address>0x242d</run_address>
         <size>0x8b</size>
         <input_file_ref idref="fl-2"/>
      </object_component>
      <object_component id="oc-1a9">
         <name>.debug_info</name>
         <load_address>0x24b8</load_address>
         <run_address>0x24b8</run_address>
         <size>0x297</size>
         <input_file_ref idref="fl-2"/>
      </object_component>
      <object_component id="oc-18f">
         <name>.debug_info</name>
         <load_address>0x274f</load_address>
         <run_address>0x274f</run_address>
         <size>0xef</size>
         <input_file_ref idref="fl-2"/>
      </object_component>
      <object_component id="oc-113">
         <name>.debug_info</name>
         <load_address>0x283e</load_address>
         <run_address>0x283e</run_address>
         <size>0xbb</size>
         <input_file_ref idref="fl-2"/>
      </object_component>
      <object_component id="oc-282">
         <name>.debug_info</name>
         <load_address>0x28f9</load_address>
         <run_address>0x28f9</run_address>
         <size>0x654</size>
         <input_file_ref idref="fl-3"/>
      </object_component>
      <object_component id="oc-127">
         <name>.debug_info</name>
         <load_address>0x2f4d</load_address>
         <run_address>0x2f4d</run_address>
         <size>0x5dc</size>
         <input_file_ref idref="fl-4"/>
      </object_component>
      <object_component id="oc-124">
         <name>.debug_info</name>
         <load_address>0x3529</load_address>
         <run_address>0x3529</run_address>
         <size>0x172</size>
         <input_file_ref idref="fl-4"/>
      </object_component>
      <object_component id="oc-31">
         <name>.debug_info</name>
         <load_address>0x369b</load_address>
         <run_address>0x369b</run_address>
         <size>0x3fe</size>
         <input_file_ref idref="fl-4"/>
      </object_component>
      <object_component id="oc-3f">
         <name>.debug_info</name>
         <load_address>0x3a99</load_address>
         <run_address>0x3a99</run_address>
         <size>0x84</size>
         <input_file_ref idref="fl-4"/>
      </object_component>
      <object_component id="oc-c3">
         <name>.debug_info</name>
         <load_address>0x3b1d</load_address>
         <run_address>0x3b1d</run_address>
         <size>0x832</size>
         <input_file_ref idref="fl-5"/>
      </object_component>
      <object_component id="oc-e5">
         <name>.debug_info</name>
         <load_address>0x434f</load_address>
         <run_address>0x434f</run_address>
         <size>0xef</size>
         <input_file_ref idref="fl-5"/>
      </object_component>
      <object_component id="oc-f4">
         <name>.debug_info</name>
         <load_address>0x443e</load_address>
         <run_address>0x443e</run_address>
         <size>0xf1</size>
         <input_file_ref idref="fl-5"/>
      </object_component>
      <object_component id="oc-2b">
         <name>.debug_info</name>
         <load_address>0x452f</load_address>
         <run_address>0x452f</run_address>
         <size>0x82a</size>
         <input_file_ref idref="fl-5"/>
      </object_component>
      <object_component id="oc-8a">
         <name>.debug_info</name>
         <load_address>0x4d59</load_address>
         <run_address>0x4d59</run_address>
         <size>0x810</size>
         <input_file_ref idref="fl-6"/>
      </object_component>
      <object_component id="oc-110">
         <name>.debug_info</name>
         <load_address>0x5569</load_address>
         <run_address>0x5569</run_address>
         <size>0xe6</size>
         <input_file_ref idref="fl-6"/>
      </object_component>
      <object_component id="oc-1f3">
         <name>.debug_info</name>
         <load_address>0x564f</load_address>
         <run_address>0x564f</run_address>
         <size>0xe9</size>
         <input_file_ref idref="fl-6"/>
      </object_component>
      <object_component id="oc-156">
         <name>.debug_info</name>
         <load_address>0x5738</load_address>
         <run_address>0x5738</run_address>
         <size>0x527</size>
         <input_file_ref idref="fl-6"/>
      </object_component>
      <object_component id="oc-bd">
         <name>.debug_info</name>
         <load_address>0x5c5f</load_address>
         <run_address>0x5c5f</run_address>
         <size>0x219</size>
         <input_file_ref idref="fl-7"/>
      </object_component>
      <object_component id="oc-38">
         <name>.debug_info</name>
         <load_address>0x5e78</load_address>
         <run_address>0x5e78</run_address>
         <size>0x2fa</size>
         <input_file_ref idref="fl-8"/>
      </object_component>
      <object_component id="oc-10">
         <name>.debug_info</name>
         <load_address>0x6172</load_address>
         <run_address>0x6172</run_address>
         <size>0x109</size>
         <input_file_ref idref="fl-8"/>
      </object_component>
      <object_component id="oc-26">
         <name>.debug_info</name>
         <load_address>0x627b</load_address>
         <run_address>0x627b</run_address>
         <size>0x288</size>
         <input_file_ref idref="fl-8"/>
      </object_component>
      <object_component id="oc-2bb">
         <name>.debug_info</name>
         <load_address>0x6503</load_address>
         <run_address>0x6503</run_address>
         <size>0x2a8</size>
         <input_file_ref idref="fl-c4"/>
      </object_component>
      <object_component id="oc-205">
         <name>.debug_info</name>
         <load_address>0x67ab</load_address>
         <run_address>0x67ab</run_address>
         <size>0x17e</size>
         <input_file_ref idref="fl-c4"/>
      </object_component>
      <object_component id="oc-148">
         <name>.debug_info</name>
         <load_address>0x6929</load_address>
         <run_address>0x6929</run_address>
         <size>0x313</size>
         <input_file_ref idref="fl-c5"/>
      </object_component>
      <object_component id="oc-58">
         <name>.debug_info</name>
         <load_address>0x6c3c</load_address>
         <run_address>0x6c3c</run_address>
         <size>0x1aa</size>
         <input_file_ref idref="fl-c5"/>
      </object_component>
      <object_component id="oc-143">
         <name>.debug_info</name>
         <load_address>0x6de6</load_address>
         <run_address>0x6de6</run_address>
         <size>0x46</size>
         <input_file_ref idref="fl-c5"/>
      </object_component>
      <object_component id="oc-1bc">
         <name>.debug_info</name>
         <load_address>0x6e2c</load_address>
         <run_address>0x6e2c</run_address>
         <size>0x2c</size>
         <input_file_ref idref="fl-c5"/>
      </object_component>
      <object_component id="oc-4f">
         <name>.debug_info</name>
         <load_address>0x6e58</load_address>
         <run_address>0x6e58</run_address>
         <size>0x29d</size>
         <input_file_ref idref="fl-c6"/>
      </object_component>
      <object_component id="oc-19">
         <name>.debug_info</name>
         <load_address>0x70f5</load_address>
         <run_address>0x70f5</run_address>
         <size>0x1df</size>
         <input_file_ref idref="fl-c6"/>
      </object_component>
      <object_component id="oc-4a">
         <name>.debug_info</name>
         <load_address>0x72d4</load_address>
         <run_address>0x72d4</run_address>
         <size>0x46</size>
         <input_file_ref idref="fl-c6"/>
      </object_component>
      <object_component id="oc-13b">
         <name>.debug_info</name>
         <load_address>0x731a</load_address>
         <run_address>0x731a</run_address>
         <size>0x2c</size>
         <input_file_ref idref="fl-c6"/>
      </object_component>
      <object_component id="oc-139">
         <name>.debug_info</name>
         <load_address>0x7346</load_address>
         <run_address>0x7346</run_address>
         <size>0x293</size>
         <input_file_ref idref="fl-c7"/>
      </object_component>
      <object_component id="oc-13">
         <name>.debug_info</name>
         <load_address>0x75d9</load_address>
         <run_address>0x75d9</run_address>
         <size>0x245</size>
         <input_file_ref idref="fl-c7"/>
      </object_component>
      <object_component id="oc-3a">
         <name>.debug_info</name>
         <load_address>0x781e</load_address>
         <run_address>0x781e</run_address>
         <size>0x60</size>
         <input_file_ref idref="fl-c7"/>
      </object_component>
      <object_component id="oc-1b5">
         <name>.debug_info</name>
         <load_address>0x787e</load_address>
         <run_address>0x787e</run_address>
         <size>0x46</size>
         <input_file_ref idref="fl-c7"/>
      </object_component>
      <object_component id="oc-134">
         <name>.debug_info</name>
         <load_address>0x78c4</load_address>
         <run_address>0x78c4</run_address>
         <size>0x39</size>
         <input_file_ref idref="fl-c7"/>
      </object_component>
      <object_component id="oc-22">
         <name>.debug_info</name>
         <load_address>0x78fd</load_address>
         <run_address>0x78fd</run_address>
         <size>0x100</size>
         <input_file_ref idref="fl-c8"/>
      </object_component>
      <object_component id="oc-63">
         <name>.debug_info</name>
         <load_address>0x79fd</load_address>
         <run_address>0x79fd</run_address>
         <size>0x1a4</size>
         <input_file_ref idref="fl-c8"/>
      </object_component>
      <object_component id="oc-20f">
         <name>.debug_info</name>
         <load_address>0x7ba1</load_address>
         <run_address>0x7ba1</run_address>
         <size>0x117</size>
         <input_file_ref idref="fl-c9"/>
      </object_component>
      <object_component id="oc-353">
         <name>.debug_info</name>
         <load_address>0x7cb8</load_address>
         <run_address>0x7cb8</run_address>
         <size>0x285</size>
         <input_file_ref idref="fl-cc"/>
      </object_component>
      <object_component id="oc-2b5">
         <name>.debug_info</name>
         <load_address>0x7f3d</load_address>
         <run_address>0x7f3d</run_address>
         <size>0x177</size>
         <input_file_ref idref="fl-cc"/>
      </object_component>
      <object_component id="oc-3a8">
         <name>.debug_info</name>
         <load_address>0x80b4</load_address>
         <run_address>0x80b4</run_address>
         <size>0x46</size>
         <input_file_ref idref="fl-cc"/>
      </object_component>
      <object_component id="oc-354">
         <name>.debug_info</name>
         <load_address>0x80fa</load_address>
         <run_address>0x80fa</run_address>
         <size>0x39</size>
         <input_file_ref idref="fl-cc"/>
      </object_component>
      <object_component id="oc-14b">
         <name>.debug_info</name>
         <load_address>0x8133</load_address>
         <run_address>0x8133</run_address>
         <size>0x13f</size>
         <input_file_ref idref="fl-cd"/>
      </object_component>
      <object_component id="oc-45">
         <name>.debug_info</name>
         <load_address>0x8272</load_address>
         <run_address>0x8272</run_address>
         <size>0x111</size>
         <input_file_ref idref="fl-ce"/>
      </object_component>
      <object_component id="oc-2d4">
         <name>.debug_info</name>
         <load_address>0x8383</load_address>
         <run_address>0x8383</run_address>
         <size>0x547</size>
         <input_file_ref idref="fl-cf"/>
      </object_component>
      <object_component id="oc-21b">
         <name>.debug_info</name>
         <load_address>0x88ca</load_address>
         <run_address>0x88ca</run_address>
         <size>0x19b</size>
         <input_file_ref idref="fl-cf"/>
      </object_component>
      <object_component id="oc-373">
         <name>.debug_info</name>
         <load_address>0x8a65</load_address>
         <run_address>0x8a65</run_address>
         <size>0x39</size>
         <input_file_ref idref="fl-cf"/>
      </object_component>
      <object_component id="oc-3b1">
         <name>.debug_info</name>
         <load_address>0x8a9e</load_address>
         <run_address>0x8a9e</run_address>
         <size>0x39</size>
         <input_file_ref idref="fl-cf"/>
      </object_component>
      <object_component id="oc-378">
         <name>.debug_info</name>
         <load_address>0x8ad7</load_address>
         <run_address>0x8ad7</run_address>
         <size>0x39</size>
         <input_file_ref idref="fl-cf"/>
      </object_component>
      <object_component id="oc-37d">
         <name>.debug_info</name>
         <load_address>0x8b10</load_address>
         <run_address>0x8b10</run_address>
         <size>0xcd</size>
         <input_file_ref idref="fl-cf"/>
      </object_component>
      <object_component id="oc-151">
         <name>.debug_info</name>
         <load_address>0x8bdd</load_address>
         <run_address>0x8bdd</run_address>
         <size>0x148</size>
         <input_file_ref idref="fl-d0"/>
      </object_component>
      <object_component id="oc-2a6">
         <name>.debug_info</name>
         <load_address>0x8d25</load_address>
         <run_address>0x8d25</run_address>
         <size>0x464</size>
         <input_file_ref idref="fl-d2"/>
      </object_component>
      <object_component id="oc-2a3">
         <name>.debug_info</name>
         <load_address>0x9189</load_address>
         <run_address>0x9189</run_address>
         <size>0x167</size>
         <input_file_ref idref="fl-d2"/>
      </object_component>
      <object_component id="oc-1ed">
         <name>.debug_info</name>
         <load_address>0x92f0</load_address>
         <run_address>0x92f0</run_address>
         <size>0x27d</size>
         <input_file_ref idref="fl-d2"/>
      </object_component>
      <object_component id="oc-2ad">
         <name>.debug_info</name>
         <load_address>0x956d</load_address>
         <run_address>0x956d</run_address>
         <size>0x6bd</size>
         <input_file_ref idref="fl-d2"/>
      </object_component>
      <object_component id="oc-168">
         <name>.debug_info</name>
         <load_address>0x9c2a</load_address>
         <run_address>0x9c2a</run_address>
         <size>0x18b</size>
         <input_file_ref idref="fl-d2"/>
      </object_component>
      <object_component id="oc-2b3">
         <name>.debug_info</name>
         <load_address>0x9db5</load_address>
         <run_address>0x9db5</run_address>
         <size>0x364</size>
         <input_file_ref idref="fl-d3"/>
      </object_component>
      <object_component id="oc-1fe">
         <name>.debug_info</name>
         <load_address>0xa119</load_address>
         <run_address>0xa119</run_address>
         <size>0x2c2</size>
         <input_file_ref idref="fl-d3"/>
      </object_component>
      <object_component id="oc-2c5">
         <name>.debug_info</name>
         <load_address>0xa3db</load_address>
         <run_address>0xa3db</run_address>
         <size>0x2c2</size>
         <input_file_ref idref="fl-d3"/>
      </object_component>
      <object_component id="oc-35e">
         <name>.debug_info</name>
         <load_address>0xa69d</load_address>
         <run_address>0xa69d</run_address>
         <size>0x299</size>
         <input_file_ref idref="fl-d3"/>
      </object_component>
      <object_component id="oc-2bf">
         <name>.debug_info</name>
         <load_address>0xa936</load_address>
         <run_address>0xa936</run_address>
         <size>0x39f</size>
         <input_file_ref idref="fl-d3"/>
      </object_component>
      <object_component id="oc-209">
         <name>.debug_info</name>
         <load_address>0xacd5</load_address>
         <run_address>0xacd5</run_address>
         <size>0x3dd</size>
         <input_file_ref idref="fl-d3"/>
      </object_component>
      <object_component id="oc-2ac">
         <name>.debug_info</name>
         <load_address>0xb0b2</load_address>
         <run_address>0xb0b2</run_address>
         <size>0x3d9</size>
         <input_file_ref idref="fl-d4"/>
      </object_component>
      <object_component id="oc-1f6">
         <name>.debug_info</name>
         <load_address>0xb48b</load_address>
         <run_address>0xb48b</run_address>
         <size>0x284</size>
         <input_file_ref idref="fl-d4"/>
      </object_component>
      <object_component id="oc-342">
         <name>.debug_info</name>
         <load_address>0xb70f</load_address>
         <run_address>0xb70f</run_address>
         <size>0x51c</size>
         <input_file_ref idref="fl-d5"/>
      </object_component>
      <object_component id="oc-330">
         <name>.debug_info</name>
         <load_address>0xbc2b</load_address>
         <run_address>0xbc2b</run_address>
         <size>0x2fe</size>
         <input_file_ref idref="fl-d5"/>
      </object_component>
      <object_component id="oc-396">
         <name>.debug_info</name>
         <load_address>0xbf29</load_address>
         <run_address>0xbf29</run_address>
         <size>0x315</size>
         <input_file_ref idref="fl-d5"/>
      </object_component>
      <object_component id="oc-39b">
         <name>.debug_info</name>
         <load_address>0xc23e</load_address>
         <run_address>0xc23e</run_address>
         <size>0x34b</size>
         <input_file_ref idref="fl-d5"/>
      </object_component>
      <object_component id="oc-336">
         <name>.debug_info</name>
         <load_address>0xc589</load_address>
         <run_address>0xc589</run_address>
         <size>0x30a</size>
         <input_file_ref idref="fl-d5"/>
      </object_component>
      <object_component id="oc-32a">
         <name>.debug_info</name>
         <load_address>0xc893</load_address>
         <run_address>0xc893</run_address>
         <size>0x341</size>
         <input_file_ref idref="fl-d5"/>
      </object_component>
      <object_component id="oc-33c">
         <name>.debug_info</name>
         <load_address>0xcbd4</load_address>
         <run_address>0xcbd4</run_address>
         <size>0x49a</size>
         <input_file_ref idref="fl-d5"/>
      </object_component>
      <object_component id="oc-29d">
         <name>.debug_info</name>
         <load_address>0xd06e</load_address>
         <run_address>0xd06e</run_address>
         <size>0x4bd</size>
         <input_file_ref idref="fl-d5"/>
      </object_component>
      <object_component id="oc-3a5">
         <name>.debug_info</name>
         <load_address>0xd52b</load_address>
         <run_address>0xd52b</run_address>
         <size>0x3cd</size>
         <input_file_ref idref="fl-d6"/>
      </object_component>
      <object_component id="oc-345">
         <name>.debug_info</name>
         <load_address>0xd8f8</load_address>
         <run_address>0xd8f8</run_address>
         <size>0x2b1</size>
         <input_file_ref idref="fl-d6"/>
      </object_component>
      <object_component id="oc-197">
         <name>.debug_info</name>
         <load_address>0xdba9</load_address>
         <run_address>0xdba9</run_address>
         <size>0x23d</size>
         <input_file_ref idref="fl-d7"/>
      </object_component>
      <object_component id="oc-d9">
         <name>.debug_info</name>
         <load_address>0xdde6</load_address>
         <run_address>0xdde6</run_address>
         <size>0x333</size>
         <input_file_ref idref="fl-d7"/>
      </object_component>
      <object_component id="oc-df">
         <name>.debug_info</name>
         <load_address>0xe119</load_address>
         <run_address>0xe119</run_address>
         <size>0x2a0</size>
         <input_file_ref idref="fl-d7"/>
      </object_component>
      <object_component id="oc-cd">
         <name>.debug_info</name>
         <load_address>0xe3b9</load_address>
         <run_address>0xe3b9</run_address>
         <size>0x2a2</size>
         <input_file_ref idref="fl-d7"/>
      </object_component>
      <object_component id="oc-f8">
         <name>.debug_info</name>
         <load_address>0xe65b</load_address>
         <run_address>0xe65b</run_address>
         <size>0x2ff</size>
         <input_file_ref idref="fl-d7"/>
      </object_component>
      <object_component id="oc-d3">
         <name>.debug_info</name>
         <load_address>0xe95a</load_address>
         <run_address>0xe95a</run_address>
         <size>0x326</size>
         <input_file_ref idref="fl-d7"/>
      </object_component>
      <object_component id="oc-ea">
         <name>.debug_info</name>
         <load_address>0xec80</load_address>
         <run_address>0xec80</run_address>
         <size>0x2a4</size>
         <input_file_ref idref="fl-d7"/>
      </object_component>
      <object_component id="oc-f0">
         <name>.debug_info</name>
         <load_address>0xef24</load_address>
         <run_address>0xef24</run_address>
         <size>0x2e7</size>
         <input_file_ref idref="fl-d7"/>
      </object_component>
      <object_component id="oc-120">
         <name>.debug_info</name>
         <load_address>0xf20b</load_address>
         <run_address>0xf20b</run_address>
         <size>0x296</size>
         <input_file_ref idref="fl-d7"/>
      </object_component>
      <object_component id="oc-ff">
         <name>.debug_info</name>
         <load_address>0xf4a1</load_address>
         <run_address>0xf4a1</run_address>
         <size>0x294</size>
         <input_file_ref idref="fl-d7"/>
      </object_component>
      <object_component id="oc-c8">
         <name>.debug_info</name>
         <load_address>0xf735</load_address>
         <run_address>0xf735</run_address>
         <size>0x2ce</size>
         <input_file_ref idref="fl-d7"/>
      </object_component>
      <object_component id="oc-1d2">
         <name>.debug_info</name>
         <load_address>0xfa03</load_address>
         <run_address>0xfa03</run_address>
         <size>0x225</size>
         <input_file_ref idref="fl-d8"/>
      </object_component>
      <object_component id="oc-1cc">
         <name>.debug_info</name>
         <load_address>0xfc28</load_address>
         <run_address>0xfc28</run_address>
         <size>0x20d</size>
         <input_file_ref idref="fl-d8"/>
      </object_component>
      <object_component id="oc-18b">
         <name>.debug_info</name>
         <load_address>0xfe35</load_address>
         <run_address>0xfe35</run_address>
         <size>0x230</size>
         <input_file_ref idref="fl-d9"/>
      </object_component>
      <object_component id="oc-388">
         <name>.debug_info</name>
         <load_address>0x10065</load_address>
         <run_address>0x10065</run_address>
         <size>0x15b</size>
         <input_file_ref idref="fl-d9"/>
      </object_component>
      <object_component id="oc-314">
         <name>.debug_info</name>
         <load_address>0x101c0</load_address>
         <run_address>0x101c0</run_address>
         <size>0x2a3</size>
         <input_file_ref idref="fl-d9"/>
      </object_component>
      <object_component id="oc-185">
         <name>.debug_info</name>
         <load_address>0x10463</load_address>
         <run_address>0x10463</run_address>
         <size>0x2b3</size>
         <input_file_ref idref="fl-d9"/>
      </object_component>
      <object_component id="oc-b1">
         <name>.debug_info</name>
         <load_address>0x10716</load_address>
         <run_address>0x10716</run_address>
         <size>0x316</size>
         <input_file_ref idref="fl-d9"/>
      </object_component>
      <object_component id="oc-2f6">
         <name>.debug_info</name>
         <load_address>0x10a2c</load_address>
         <run_address>0x10a2c</run_address>
         <size>0x2a9</size>
         <input_file_ref idref="fl-d9"/>
      </object_component>
      <object_component id="oc-303">
         <name>.debug_info</name>
         <load_address>0x10cd5</load_address>
         <run_address>0x10cd5</run_address>
         <size>0x2b7</size>
         <input_file_ref idref="fl-d9"/>
      </object_component>
      <object_component id="oc-ac">
         <name>.debug_info</name>
         <load_address>0x10f8c</load_address>
         <run_address>0x10f8c</run_address>
         <size>0x2b5</size>
         <input_file_ref idref="fl-d9"/>
      </object_component>
      <object_component id="oc-b8">
         <name>.debug_info</name>
         <load_address>0x11241</load_address>
         <run_address>0x11241</run_address>
         <size>0x2a9</size>
         <input_file_ref idref="fl-d9"/>
      </object_component>
      <object_component id="oc-10b">
         <name>.debug_info</name>
         <load_address>0x114ea</load_address>
         <run_address>0x114ea</run_address>
         <size>0x27b</size>
         <input_file_ref idref="fl-d9"/>
      </object_component>
      <object_component id="oc-2fd">
         <name>.debug_info</name>
         <load_address>0x11765</load_address>
         <run_address>0x11765</run_address>
         <size>0x280</size>
         <input_file_ref idref="fl-d9"/>
      </object_component>
      <object_component id="oc-17f">
         <name>.debug_info</name>
         <load_address>0x119e5</load_address>
         <run_address>0x119e5</run_address>
         <size>0x20e</size>
         <input_file_ref idref="fl-da"/>
      </object_component>
      <object_component id="oc-181">
         <name>.debug_info</name>
         <load_address>0x11bf3</load_address>
         <run_address>0x11bf3</run_address>
         <size>0x210</size>
         <input_file_ref idref="fl-da"/>
      </object_component>
      <object_component id="oc-17c">
         <name>.debug_info</name>
         <load_address>0x11e03</load_address>
         <run_address>0x11e03</run_address>
         <size>0x14e</size>
         <input_file_ref idref="fl-da"/>
      </object_component>
      <object_component id="oc-a2">
         <name>.debug_info</name>
         <load_address>0x11f51</load_address>
         <run_address>0x11f51</run_address>
         <size>0x2c9</size>
         <input_file_ref idref="fl-da"/>
      </object_component>
      <object_component id="oc-1e7">
         <name>.debug_info</name>
         <load_address>0x1221a</load_address>
         <run_address>0x1221a</run_address>
         <size>0x23e</size>
         <input_file_ref idref="fl-da"/>
      </object_component>
      <object_component id="oc-1c9">
         <name>.debug_info</name>
         <load_address>0x12458</load_address>
         <run_address>0x12458</run_address>
         <size>0x240</size>
         <input_file_ref idref="fl-da"/>
      </object_component>
      <object_component id="oc-a8">
         <name>.debug_info</name>
         <load_address>0x12698</load_address>
         <run_address>0x12698</run_address>
         <size>0x268</size>
         <input_file_ref idref="fl-da"/>
      </object_component>
      <object_component id="oc-38d">
         <name>.debug_info</name>
         <load_address>0x12900</load_address>
         <run_address>0x12900</run_address>
         <size>0x21c</size>
         <input_file_ref idref="fl-db"/>
      </object_component>
      <object_component id="oc-30e">
         <name>.debug_info</name>
         <load_address>0x12b1c</load_address>
         <run_address>0x12b1c</run_address>
         <size>0x242</size>
         <input_file_ref idref="fl-db"/>
      </object_component>
      <object_component id="oc-320">
         <name>.debug_info</name>
         <load_address>0x12d5e</load_address>
         <run_address>0x12d5e</run_address>
         <size>0x276</size>
         <input_file_ref idref="fl-db"/>
      </object_component>
      <object_component id="oc-308">
         <name>.debug_info</name>
         <load_address>0x12fd4</load_address>
         <run_address>0x12fd4</run_address>
         <size>0x3d9</size>
         <input_file_ref idref="fl-db"/>
      </object_component>
      <object_component id="oc-31a">
         <name>.debug_info</name>
         <load_address>0x133ad</load_address>
         <run_address>0x133ad</run_address>
         <size>0x242</size>
         <input_file_ref idref="fl-db"/>
      </object_component>
      <object_component id="oc-16d">
         <name>.debug_info</name>
         <load_address>0x135ef</load_address>
         <run_address>0x135ef</run_address>
         <size>0x27f</size>
         <input_file_ref idref="fl-dc"/>
      </object_component>
      <object_component id="oc-278">
         <name>.debug_info</name>
         <load_address>0x1386e</load_address>
         <run_address>0x1386e</run_address>
         <size>0x14d</size>
         <input_file_ref idref="fl-dc"/>
      </object_component>
      <object_component id="oc-27b">
         <name>.debug_info</name>
         <load_address>0x139bb</load_address>
         <run_address>0x139bb</run_address>
         <size>0x159</size>
         <input_file_ref idref="fl-dc"/>
      </object_component>
      <object_component id="oc-2eb">
         <name>.debug_info</name>
         <load_address>0x13b14</load_address>
         <run_address>0x13b14</run_address>
         <size>0x153</size>
         <input_file_ref idref="fl-dc"/>
      </object_component>
      <object_component id="oc-27e">
         <name>.debug_info</name>
         <load_address>0x13c67</load_address>
         <run_address>0x13c67</run_address>
         <size>0x160</size>
         <input_file_ref idref="fl-dc"/>
      </object_component>
      <object_component id="oc-78">
         <name>.debug_info</name>
         <load_address>0x13dc7</load_address>
         <run_address>0x13dc7</run_address>
         <size>0x27d</size>
         <input_file_ref idref="fl-dc"/>
      </object_component>
      <object_component id="oc-26c">
         <name>.debug_info</name>
         <load_address>0x14044</load_address>
         <run_address>0x14044</run_address>
         <size>0x270</size>
         <input_file_ref idref="fl-dc"/>
      </object_component>
      <object_component id="oc-272">
         <name>.debug_info</name>
         <load_address>0x142b4</load_address>
         <run_address>0x142b4</run_address>
         <size>0x2ba</size>
         <input_file_ref idref="fl-dc"/>
      </object_component>
      <object_component id="oc-1d8">
         <name>.debug_info</name>
         <load_address>0x1456e</load_address>
         <run_address>0x1456e</run_address>
         <size>0x4ce</size>
         <input_file_ref idref="fl-dc"/>
      </object_component>
      <object_component id="oc-24e">
         <name>.debug_info</name>
         <load_address>0x14a3c</load_address>
         <run_address>0x14a3c</run_address>
         <size>0x5f</size>
         <input_file_ref idref="fl-dc"/>
      </object_component>
      <object_component id="oc-16f">
         <name>.debug_info</name>
         <load_address>0x14a9b</load_address>
         <run_address>0x14a9b</run_address>
         <size>0x228</size>
         <input_file_ref idref="fl-dd"/>
      </object_component>
      <object_component id="oc-8d">
         <name>.debug_info</name>
         <load_address>0x14cc3</load_address>
         <run_address>0x14cc3</run_address>
         <size>0x2ba</size>
         <input_file_ref idref="fl-dd"/>
      </object_component>
      <object_component id="oc-93">
         <name>.debug_info</name>
         <load_address>0x14f7d</load_address>
         <run_address>0x14f7d</run_address>
         <size>0x294</size>
         <input_file_ref idref="fl-dd"/>
      </object_component>
      <object_component id="oc-104">
         <name>.debug_info</name>
         <load_address>0x15211</load_address>
         <run_address>0x15211</run_address>
         <size>0x292</size>
         <input_file_ref idref="fl-dd"/>
      </object_component>
      <object_component id="oc-99">
         <name>.debug_info</name>
         <load_address>0x154a3</load_address>
         <run_address>0x154a3</run_address>
         <size>0x27f</size>
         <input_file_ref idref="fl-dd"/>
      </object_component>
      <object_component id="oc-7e">
         <name>.debug_info</name>
         <load_address>0x15722</load_address>
         <run_address>0x15722</run_address>
         <size>0x281</size>
         <input_file_ref idref="fl-dd"/>
      </object_component>
      <object_component id="oc-84">
         <name>.debug_info</name>
         <load_address>0x159a3</load_address>
         <run_address>0x159a3</run_address>
         <size>0x28c</size>
         <input_file_ref idref="fl-dd"/>
      </object_component>
      <object_component id="oc-294">
         <name>.debug_info</name>
         <load_address>0x15c2f</load_address>
         <run_address>0x15c2f</run_address>
         <size>0x212</size>
         <input_file_ref idref="fl-de"/>
      </object_component>
      <object_component id="oc-263">
         <name>.debug_info</name>
         <load_address>0x15e41</load_address>
         <run_address>0x15e41</run_address>
         <size>0x20f</size>
         <input_file_ref idref="fl-de"/>
      </object_component>
      <object_component id="oc-3f1">
         <name>.debug_info</name>
         <load_address>0x16050</load_address>
         <run_address>0x16050</run_address>
         <size>0xbe</size>
      </object_component>
      <object_component id="oc-261">
         <name>.debug_line</name>
         <load_address>0x0</load_address>
         <run_address>0x0</run_address>
         <size>0xd1</size>
         <input_file_ref idref="fl-2"/>
      </object_component>
      <object_component id="oc-327">
         <name>.debug_line</name>
         <load_address>0xd1</load_address>
         <run_address>0xd1</run_address>
         <size>0x43</size>
         <input_file_ref idref="fl-2"/>
      </object_component>
      <object_component id="oc-29b">
         <name>.debug_line</name>
         <load_address>0x114</load_address>
         <run_address>0x114</run_address>
         <size>0x43</size>
         <input_file_ref idref="fl-2"/>
      </object_component>
      <object_component id="oc-1e1">
         <name>.debug_line</name>
         <load_address>0x157</load_address>
         <run_address>0x157</run_address>
         <size>0x3d8</size>
         <input_file_ref idref="fl-2"/>
      </object_component>
      <object_component id="oc-176">
         <name>.debug_line</name>
         <load_address>0x52f</load_address>
         <run_address>0x52f</run_address>
         <size>0x74</size>
         <input_file_ref idref="fl-2"/>
      </object_component>
      <object_component id="oc-132">
         <name>.debug_line</name>
         <load_address>0x5a3</load_address>
         <run_address>0x5a3</run_address>
         <size>0x69</size>
         <input_file_ref idref="fl-2"/>
      </object_component>
      <object_component id="oc-11b">
         <name>.debug_line</name>
         <load_address>0x60c</load_address>
         <run_address>0x60c</run_address>
         <size>0x20</size>
         <input_file_ref idref="fl-2"/>
      </object_component>
      <object_component id="oc-1ac">
         <name>.debug_line</name>
         <load_address>0x62c</load_address>
         <run_address>0x62c</run_address>
         <size>0x6d</size>
         <input_file_ref idref="fl-2"/>
      </object_component>
      <object_component id="oc-192">
         <name>.debug_line</name>
         <load_address>0x699</load_address>
         <run_address>0x699</run_address>
         <size>0x69</size>
         <input_file_ref idref="fl-2"/>
      </object_component>
      <object_component id="oc-116">
         <name>.debug_line</name>
         <load_address>0x702</load_address>
         <run_address>0x702</run_address>
         <size>0x6a</size>
         <input_file_ref idref="fl-2"/>
      </object_component>
      <object_component id="oc-285">
         <name>.debug_line</name>
         <load_address>0x76c</load_address>
         <run_address>0x76c</run_address>
         <size>0xd4</size>
         <input_file_ref idref="fl-3"/>
      </object_component>
      <object_component id="oc-1b2">
         <name>.debug_line</name>
         <load_address>0x840</load_address>
         <run_address>0x840</run_address>
         <size>0x1ad</size>
         <input_file_ref idref="fl-4"/>
      </object_component>
      <object_component id="oc-1b0">
         <name>.debug_line</name>
         <load_address>0x9ed</load_address>
         <run_address>0x9ed</run_address>
         <size>0x38</size>
         <input_file_ref idref="fl-4"/>
      </object_component>
      <object_component id="oc-34">
         <name>.debug_line</name>
         <load_address>0xa25</load_address>
         <run_address>0xa25</run_address>
         <size>0x123</size>
         <input_file_ref idref="fl-4"/>
      </object_component>
      <object_component id="oc-42">
         <name>.debug_line</name>
         <load_address>0xb48</load_address>
         <run_address>0xb48</run_address>
         <size>0x20</size>
         <input_file_ref idref="fl-4"/>
      </object_component>
      <object_component id="oc-195">
         <name>.debug_line</name>
         <load_address>0xb68</load_address>
         <run_address>0xb68</run_address>
         <size>0x1fd</size>
         <input_file_ref idref="fl-5"/>
      </object_component>
      <object_component id="oc-19e">
         <name>.debug_line</name>
         <load_address>0xd65</load_address>
         <run_address>0xd65</run_address>
         <size>0x30</size>
         <input_file_ref idref="fl-5"/>
      </object_component>
      <object_component id="oc-1a2">
         <name>.debug_line</name>
         <load_address>0xd95</load_address>
         <run_address>0xd95</run_address>
         <size>0x30</size>
         <input_file_ref idref="fl-5"/>
      </object_component>
      <object_component id="oc-2e">
         <name>.debug_line</name>
         <load_address>0xdc5</load_address>
         <run_address>0xdc5</run_address>
         <size>0x18b</size>
         <input_file_ref idref="fl-5"/>
      </object_component>
      <object_component id="oc-172">
         <name>.debug_line</name>
         <load_address>0xf50</load_address>
         <run_address>0xf50</run_address>
         <size>0x21a</size>
         <input_file_ref idref="fl-6"/>
      </object_component>
      <object_component id="oc-1a8">
         <name>.debug_line</name>
         <load_address>0x116a</load_address>
         <run_address>0x116a</run_address>
         <size>0x2d</size>
         <input_file_ref idref="fl-6"/>
      </object_component>
      <object_component id="oc-2aa">
         <name>.debug_line</name>
         <load_address>0x1197</load_address>
         <run_address>0x1197</run_address>
         <size>0x2d</size>
         <input_file_ref idref="fl-6"/>
      </object_component>
      <object_component id="oc-159">
         <name>.debug_line</name>
         <load_address>0x11c4</load_address>
         <run_address>0x11c4</run_address>
         <size>0xbe</size>
         <input_file_ref idref="fl-6"/>
      </object_component>
      <object_component id="oc-c0">
         <name>.debug_line</name>
         <load_address>0x1282</load_address>
         <run_address>0x1282</run_address>
         <size>0x55</size>
         <input_file_ref idref="fl-7"/>
      </object_component>
      <object_component id="oc-12e">
         <name>.debug_line</name>
         <load_address>0x12d7</load_address>
         <run_address>0x12d7</run_address>
         <size>0x42</size>
         <input_file_ref idref="fl-8"/>
      </object_component>
      <object_component id="oc-37">
         <name>.debug_line</name>
         <load_address>0x1319</load_address>
         <run_address>0x1319</run_address>
         <size>0x42</size>
         <input_file_ref idref="fl-8"/>
      </object_component>
      <object_component id="oc-29">
         <name>.debug_line</name>
         <load_address>0x135b</load_address>
         <run_address>0x135b</run_address>
         <size>0xa2</size>
         <input_file_ref idref="fl-8"/>
      </object_component>
      <object_component id="oc-35a">
         <name>.debug_line</name>
         <load_address>0x13fd</load_address>
         <run_address>0x13fd</run_address>
         <size>0x2a</size>
         <input_file_ref idref="fl-c4"/>
      </object_component>
      <object_component id="oc-203">
         <name>.debug_line</name>
         <load_address>0x1427</load_address>
         <run_address>0x1427</run_address>
         <size>0x5a</size>
         <input_file_ref idref="fl-c4"/>
      </object_component>
      <object_component id="oc-1c2">
         <name>.debug_line</name>
         <load_address>0x1481</load_address>
         <run_address>0x1481</run_address>
         <size>0x9e</size>
         <input_file_ref idref="fl-c5"/>
      </object_component>
      <object_component id="oc-57">
         <name>.debug_line</name>
         <load_address>0x151f</load_address>
         <run_address>0x151f</run_address>
         <size>0x4f</size>
[...]
      </handler>
      <handler>
         <index>0x1</index>
         <name>__TI_decompress_none</name>
      </handler>
      <handler>
         <index>0x2</index>
         <name>__TI_zero_init</name>
      </handler>
   </handler_table>
   <symbol_table>
      <symbol id="sm-1">
         <name>__STACK_TOP</name>
         <value>0x20009380</value>
      </symbol>
      <symbol id="sm-2">
         <name>__TI_CINIT_Base</name>
         <value>0x2d68</value>
      </symbol>
      <symbol id="sm-3">
         <name>__TI_CINIT_Limit</name>
         <value>0x2d78</value>
      </symbol>
      <symbol id="sm-4">
         <name>__TI_Handler_Table_Base</name>
         <value>0x2d50</value>
      </symbol>
      <symbol id="sm-5">
         <name>__TI_Handler_Table_Limit</name>
         <value>0x2d5c</value>
      </symbol>
      <symbol id="sm-6">
         <name>binit</name>
         <value>0xffffffff</value>
      </symbol>
      <symbol id="sm-7">
         <name>__binit__</name>
         <value>0xffffffff</value>
      </symbol>
      <symbol id="sm-8">
         <name>__STACK_SIZE</name>
         <value>0x800</value>
      </symbol>
      <symbol id="sm-9">
         <name>__STACK_END</name>
         <value>0x20009980</value>
      </symbol>
      <symbol id="sm-a">
         <name>__c_args__</name>
         <value>0xffffffff</value>
      </symbol>
      <symbol id="sm-b">
         <name>__TI_pprof_out_hndl</name>
         <value>0xffffffff</value>
      </symbol>
      <symbol id="sm-c">
         <name>__TI_prof_data_start</name>
         <value>0xffffffff</value>
      </symbol>
      <symbol id="sm-d">
         <name>__TI_prof_data_size</name>
         <value>0xffffffff</value>
      </symbol>
      <symbol id="sm-98">
         <name>Lcd_Orientation</name>
         <value>0x20009178</value>
      </symbol>
      <symbol id="sm-99">
         <name>Lcd_ScreenWidth</name>
         <value>0x20009172</value>
      </symbol>
      <symbol id="sm-9a">
         <name>Lcd_ScreenHeigth</name>
         <value>0x20009170</value>
      </symbol>
      <symbol id="sm-9b">
         <name>Lcd_PenSolid</name>
         <value>0x20009179</value>
      </symbol>
      <symbol id="sm-9c">
         <name>Lcd_FontSolid</name>
         <value>0x20009177</value>
      </symbol>
      <symbol id="sm-9d">
         <name>Lcd_FlagRead</name>
         <value>0x20009176</value>
      </symbol>
      <symbol id="sm-9e">
         <name>Lcd_TouchTrim</name>
         <value>0x20009174</value>
      </symbol>
      <symbol id="sm-9f">
         <name>Lcd_buffer</name>
         <value>0x20000000</value>
         <object_component_ref idref="oc-28f"/>
      </symbol>
      <symbol id="sm-a0">
         <name>Crystalfontz128x128_SetDrawFrame</name>
         <value>0x2d9</value>
         <object_component_ref idref="oc-1dd"/>
      </symbol>
      <symbol id="sm-a1">
         <name>Crystalfontz128x128_SetOrientation</name>
         <value>0x3d1</value>
         <object_component_ref idref="oc-1dd"/>
      </symbol>
      <symbol id="sm-a2">
         <name>g_sCrystalfontz128x128</name>
         <value>0x2ce4</value>
         <object_component_ref idref="oc-1e9"/>
      </symbol>
      <symbol id="sm-a3">
         <name>Crystalfontz128x128_Init</name>
         <value>0x209</value>
         <object_component_ref idref="oc-1dd"/>
      </symbol>
      <symbol id="sm-b4">
         <name>HAL_LCD_writeData</name>
         <value>0x1a89</value>
         <object_component_ref idref="oc-281"/>
      </symbol>
      <symbol id="sm-b5">
         <name>HAL_LCD_SpiInit</name>
         <value>0x1971</value>
         <object_component_ref idref="oc-281"/>
      </symbol>
      <symbol id="sm-b6">
         <name>HAL_LCD_PortInit</name>
         <value>0x18d9</value>
         <object_component_ref idref="oc-281"/>
      </symbol>
      <symbol id="sm-b7">
         <name>HAL_LCD_writeCommand</name>
         <value>0x1a09</value>
         <object_component_ref idref="oc-281"/>
      </symbol>
      <symbol id="sm-df">
         <name>gADCBuffer</name>
         <value>0x20008048</value>
      </symbol>
      <symbol id="sm-e0">
         <name>gADCErrors</name>
         <value>0x20009160</value>
      </symbol>
      <symbol id="sm-e1">
         <name>ADCLocalBufferIndex</name>
         <value>0x2000915c</value>
      </symbol>
      <symbol id="sm-e2">
         <name>gADCBufferIndex</name>
         <value>0x20008024</value>
         <object_component_ref idref="oc-123"/>
      </symbol>
      <symbol id="sm-e3">
         <name>ADC_ISR</name>
         <value>0x11e1</value>
         <object_component_ref idref="oc-30"/>
      </symbol>
      <symbol id="sm-e4">
         <name>prevVoltage</name>
         <value>0x20008028</value>
         <object_component_ref idref="oc-123"/>
      </symbol>
      <symbol id="sm-e5">
         <name>LastIndex</name>
         <value>0x20008030</value>
         <object_component_ref idref="oc-123"/>
      </symbol>
      <symbol id="sm-e6">
         <name>GetWaveform</name>
         <value>0xf81</value>
         <object_component_ref idref="oc-30"/>
      </symbol>
      <symbol id="sm-e7">
         <name>initADC</name>
         <value>0xec1</value>
         <object_component_ref idref="oc-30"/>
      </symbol>
      <symbol id="sm-e8">
         <name>loopCount</name>
         <value>0x2000802c</value>
         <object_component_ref idref="oc-123"/>
      </symbol>
      <symbol id="sm-12c">
         <name>gADCSamplingRate</name>
         <value>0x20009164</value>
      </symbol>
      <symbol id="sm-12d">
         <name>ButtonDebounce</name>
         <value>0xab9</value>
         <object_component_ref idref="oc-2a"/>
      </symbol>
      <symbol id="sm-12e">
         <name>ButtonReadJoystick</name>
         <value>0xb79</value>
         <object_component_ref idref="oc-2a"/>
      </symbol>
      <symbol id="sm-12f">
         <name>ButtonAutoRepeat</name>
         <value>0xce9</value>
         <object_component_ref idref="oc-2a"/>
      </symbol>
      <symbol id="sm-130">
         <name>gButtons</name>
         <value>0x2000803c</value>
         <object_component_ref idref="oc-e4"/>
      </symbol>
      <symbol id="sm-131">
         <name>ButtonISR</name>
         <value>0xd89</value>
         <object_component_ref idref="oc-2a"/>
      </symbol>
      <symbol id="sm-132">
         <name>ButtonInit</name>
         <value>0x899</value>
         <object_component_ref idref="oc-2a"/>
      </symbol>
      <symbol id="sm-133">
         <name>gJoystick</name>
         <value>0x20008034</value>
         <object_component_ref idref="oc-f3"/>
      </symbol>
      <symbol id="sm-154">
         <name>gSystemClock</name>
         <value>0x20009168</value>
      </symbol>
      <symbol id="sm-155">
         <name>ADCPrintBuffer</name>
         <value>0x20009048</value>
      </symbol>
      <symbol id="sm-156">
         <name>gTime</name>
         <value>0x20008044</value>
         <object_component_ref idref="oc-10f"/>
      </symbol>
      <symbol id="sm-157">
         <name>main</name>
         <value>0x14e9</value>
         <object_component_ref idref="oc-155"/>
      </symbol>
      <symbol id="sm-158">
         <name>binary_conversion</name>
         <value>0x14b9</value>
         <object_component_ref idref="oc-155"/>
      </symbol>
      <symbol id="sm-162">
         <name>SysCtlFrequencyGet</name>
         <value>0x1e61</value>
         <object_component_ref idref="oc-bc"/>
      </symbol>
      <symbol id="sm-17e">
         <name>ResetISR</name>
         <value>0x27e1</value>
         <object_component_ref idref="oc-24"/>
      </symbol>
      <symbol id="sm-17f">
         <name>g_pfnVectors</name>
         <value>0x0</value>
         <object_component_ref idref="oc-f"/>
      </symbol>
      <symbol id="sm-18e">
         <name>roundf</name>
         <value>0x2199</value>
         <object_component_ref idref="oc-201"/>
      </symbol>
      <symbol id="sm-1a5">
         <name>__TI_zero_init</name>
         <value>0x2941</value>
         <object_component_ref idref="oc-56"/>
      </symbol>
      <symbol id="sm-1bc">
         <name>__TI_decompress_none</name>
         <value>0x291b</value>
         <object_component_ref idref="oc-18"/>
      </symbol>
      <symbol id="sm-1df">
         <name>__TI_decompress_lzss</name>
         <value>0x22d9</value>
         <object_component_ref idref="oc-12"/>
      </symbol>
      <symbol id="sm-1f2">
         <name>__stack</name>
         <value>0x20009180</value>
         <object_component_ref idref="oc-21"/>
      </symbol>
      <symbol id="sm-1f3">
         <name>_c_int00_noargs</name>
         <value>0x2611</value>
         <object_component_ref idref="oc-62"/>
      </symbol>
      <symbol id="sm-1fe">
         <name>C$$EXIT</name>
         <value>0x2989</value>
         <object_component_ref idref="oc-20e"/>
      </symbol>
      <symbol id="sm-1ff">
         <name>abort</name>
         <value>0x2989</value>
         <object_component_ref idref="oc-20e"/>
      </symbol>
      <symbol id="sm-223">
         <name>floorf</name>
         <value>0x2025</value>
         <object_component_ref idref="oc-2b4"/>
      </symbol>
      <symbol id="sm-232">
         <name>__aeabi_memset</name>
         <value>0x2121</value>
         <object_component_ref idref="oc-149"/>
      </symbol>
      <symbol id="sm-233">
         <name>memset</name>
         <value>0x2127</value>
         <object_component_ref idref="oc-149"/>
      </symbol>
      <symbol id="sm-234">
         <name>__aeabi_memset8</name>
         <value>0x2121</value>
         <object_component_ref idref="oc-149"/>
      </symbol>
      <symbol id="sm-235">
         <name>__aeabi_memset4</name>
         <value>0x2121</value>
         <object_component_ref idref="oc-149"/>
      </symbol>
      <symbol id="sm-236">
         <name>__aeabi_memclr8</name>
         <value>0x211f</value>
         <object_component_ref idref="oc-149"/>
      </symbol>
      <symbol id="sm-237">
         <name>__aeabi_memclr4</name>
         <value>0x211f</value>
         <object_component_ref idref="oc-149"/>
      </symbol>
      <symbol id="sm-238">
         <name>__aeabi_memclr</name>
         <value>0x211f</value>
         <object_component_ref idref="oc-149"/>
      </symbol>
      <symbol id="sm-253">
         <name>memcpy</name>
         <value>0x1f03</value>
         <object_component_ref idref="oc-44"/>
      </symbol>
      <symbol id="sm-254">
         <name>__aeabi_memcpy</name>
         <value>0x1f03</value>
         <object_component_ref idref="oc-44"/>
      </symbol>
      <symbol id="sm-255">
         <name>__aeabi_memcpy8</name>
         <value>0x1f03</value>
         <object_component_ref idref="oc-44"/>
      </symbol>
      <symbol id="sm-256">
         <name>__aeabi_memcpy4</name>
         <value>0x1f03</value>
         <object_component_ref idref="oc-44"/>
      </symbol>
      <symbol id="sm-27e">
         <name>__TI_auto_init_nobinit_nopinit</name>
         <value>0x2519</value>
         <object_component_ref idref="oc-21a"/>
      </symbol>
      <symbol id="sm-288">
         <name>_system_pre_init</name>
         <value>0x18d5</value>
         <object_component_ref idref="oc-14f"/>
      </symbol>
      <symbol id="sm-2ae">
         <name>GrContextInit</name>
         <value>0x2209</value>
         <object_component_ref idref="oc-1ec"/>
      </symbol>
      <symbol id="sm-2af">
         <name>g_psDefaultCodePointMapTable</name>
         <value>0x2d0c</value>
         <object_component_ref idref="oc-2a2"/>
      </symbol>
      <symbol id="sm-2f3">
         <name>GrLineDrawH</name>
         <value>0x248d</value>
         <object_component_ref idref="oc-2c2"/>
      </symbol>
      <symbol id="sm-2f4">
         <name>GrLineDrawV</name>
         <value>0x24d3</value>
         <object_component_ref idref="oc-1fb"/>
      </symbol>
      <symbol id="sm-2f5">
         <name>GrLineDraw</name>
         <value>0x1bd1</value>
         <object_component_ref idref="oc-207"/>
      </symbol>
      <symbol id="sm-303">
         <name>GrRectFill</name>
         <value>0x1f9f</value>
         <object_component_ref idref="oc-1f5"/>
      </symbol>
      <symbol id="sm-369">
         <name>GrFontInfoGet</name>
         <value>0x273b</value>
         <object_component_ref idref="oc-329"/>
      </symbol>
      <symbol id="sm-36a">
         <name>GrDefaultStringRenderer</name>
         <value>0x1cd7</value>
         <object_component_ref idref="oc-29c"/>
      </symbol>
      <symbol id="sm-36b">
         <name>GrFontGlyphRender</name>
         <value>0x125d</value>
         <object_component_ref idref="oc-33b"/>
      </symbol>
      <symbol id="sm-36c">
         <name>GrFontGlyphDataGet</name>
         <value>0x2785</value>
         <object_component_ref idref="oc-335"/>
      </symbol>
      <symbol id="sm-36d">
         <name>GrStringNextCharGet</name>
         <value>0x26e3</value>
         <object_component_ref idref="oc-32f"/>
      </symbol>
      <symbol id="sm-37a">
         <name>GrMapISO8859_1_Unicode</name>
         <value>0x296b</value>
         <object_component_ref idref="oc-344"/>
      </symbol>
      <symbol id="sm-3d7">
         <name>ADCProcessorTrigger</name>
         <value>0x2813</value>
         <object_component_ref idref="oc-e7"/>
      </symbol>
      <symbol id="sm-3d8">
         <name>ADCSequenceEnable</name>
         <value>0x28ff</value>
         <object_component_ref idref="oc-dd"/>
      </symbol>
      <symbol id="sm-3d9">
         <name>ADCSequenceConfigure</name>
         <value>0x255d</value>
         <object_component_ref idref="oc-d1"/>
      </symbol>
      <symbol id="sm-3da">
         <name>ADCIntEnable</name>
         <value>0x28a1</value>
         <object_component_ref idref="oc-11d"/>
      </symbol>
      <symbol id="sm-3db">
         <name>ADCSequenceStepConfigure</name>
         <value>0x20a5</value>
         <object_component_ref idref="oc-d7"/>
      </symbol>
      <symbol id="sm-3dc">
         <name>ADCIntClear</name>
         <value>0x294d</value>
         <object_component_ref idref="oc-fc"/>
      </symbol>
      <symbol id="sm-3dd">
         <name>ADCIntStatus</name>
         <value>0x26b5</value>
         <object_component_ref idref="oc-ed"/>
      </symbol>
      <symbol id="sm-3de">
         <name>ADCSequenceDisable</name>
         <value>0x28f1</value>
         <object_component_ref idref="oc-cb"/>
      </symbol>
      <symbol id="sm-3df">
         <name>ADCClockConfigSet</name>
         <value>0x27fb</value>
         <object_component_ref idref="oc-c5"/>
      </symbol>
      <symbol id="sm-3e0">
         <name>ADCSequenceDataGet</name>
         <value>0x27a7</value>
         <object_component_ref idref="oc-f6"/>
      </symbol>
      <symbol id="sm-3f6">
         <name>FPULazyStackingEnable</name>
         <value>0x28c1</value>
         <object_component_ref idref="oc-1d1"/>
      </symbol>
      <symbol id="sm-3f7">
         <name>FPUEnable</name>
         <value>0x28b1</value>
         <object_component_ref idref="oc-1cb"/>
      </symbol>
      <symbol id="sm-451">
         <name>GPIOPinConfigure</name>
         <value>0x23fd</value>
         <object_component_ref idref="oc-2fb"/>
      </symbol>
      <symbol id="sm-452">
         <name>GPIOPinTypeADC</name>
         <value>0x2859</value>
         <object_component_ref idref="oc-b6"/>
      </symbol>
      <symbol id="sm-453">
         <name>GPIOPinTypeGPIOInput</name>
         <value>0x286b</value>
         <object_component_ref idref="oc-aa"/>
      </symbol>
      <symbol id="sm-454">
         <name>GPIOPinTypeGPIOOutput</name>
         <value>0x282b</value>
         <object_component_ref idref="oc-301"/>
      </symbol>
      <symbol id="sm-455">
         <name>GPIOPinRead</name>
         <value>0x14b3</value>
         <object_component_ref idref="oc-109"/>
      </symbol>
      <symbol id="sm-456">
         <name>GPIODirModeSet</name>
         <value>0x2711</value>
         <object_component_ref idref="oc-184"/>
      </symbol>
      <symbol id="sm-457">
         <name>GPIOPinWrite</name>
         <value>0x1e5b</value>
         <object_component_ref idref="oc-313"/>
      </symbol>
      <symbol id="sm-458">
         <name>GPIOPadConfigSet</name>
         <value>0x1aa1</value>
         <object_component_ref idref="oc-b0"/>
      </symbol>
      <symbol id="sm-459">
         <name>GPIOPinTypeSSI</name>
         <value>0x287d</value>
         <object_component_ref idref="oc-2f5"/>
      </symbol>
      <symbol id="sm-4a3">
         <name>IntPrioritySet</name>
         <value>0x2761</value>
         <object_component_ref idref="oc-9e"/>
      </symbol>
      <symbol id="sm-4a4">
         <name>IntEnable</name>
         <value>0x2271</value>
         <object_component_ref idref="oc-a4"/>
      </symbol>
      <symbol id="sm-4a5">
         <name>IntMasterDisable</name>
         <value>0x28d1</value>
         <object_component_ref idref="oc-1c5"/>
      </symbol>
      <symbol id="sm-4a6">
         <name>IntMasterEnable</name>
         <value>0x28e1</value>
         <object_component_ref idref="oc-1e3"/>
      </symbol>
      <symbol id="sm-4cd">
         <name>SSIDataPut</name>
         <value>0x2957</value>
         <object_component_ref idref="oc-31f"/>
      </symbol>
      <symbol id="sm-4ce">
         <name>SSIConfigSetExpClk</name>
         <value>0x259b</value>
         <object_component_ref idref="oc-307"/>
      </symbol>
      <symbol id="sm-4cf">
         <name>SSIEnable</name>
         <value>0x2961</value>
         <object_component_ref idref="oc-30d"/>
      </symbol>
      <symbol id="sm-4d0">
         <name>SSIBusy</name>
         <value>0x2973</value>
         <object_component_ref idref="oc-319"/>
      </symbol>
      <symbol id="sm-540">
         <name>SysCtlDelay</name>
         <value>0x2983</value>
         <object_component_ref idref="oc-287"/>
      </symbol>
      <symbol id="sm-541">
         <name>SysCtlPeripheralEnable</name>
         <value>0x2681</value>
         <object_component_ref idref="oc-77"/>
      </symbol>
      <symbol id="sm-542">
         <name>SysCtlClockFreqSet</name>
         <value>0x16d1</value>
         <object_component_ref idref="oc-1d7"/>
      </symbol>
      <symbol id="sm-580">
         <name>TimerLoadSet</name>
         <value>0x288f</value>
         <object_component_ref idref="oc-8c"/>
      </symbol>
      <symbol id="sm-581">
         <name>TimerDisable</name>
         <value>0x2845</value>
         <object_component_ref idref="oc-7d"/>
      </symbol>
      <symbol id="sm-582">
         <name>TimerEnable</name>
         <value>0x290d</value>
         <object_component_ref idref="oc-98"/>
      </symbol>
      <symbol id="sm-583">
         <name>TimerIntEnable</name>
         <value>0x297b</value>
         <object_component_ref idref="oc-92"/>
      </symbol>
      <symbol id="sm-584">
         <name>TimerConfigure</name>
         <value>0x2341</value>
         <object_component_ref idref="oc-83"/>
      </symbol>
      <symbol id="sm-585">
         <name>TimerIntClear</name>
         <value>0x895</value>
         <object_component_ref idref="oc-103"/>
      </symbol>
      <symbol id="sm-597">
         <name>CPUcpsie</name>
         <value>0x2935</value>
         <object_component_ref idref="oc-293"/>
      </symbol>
      <symbol id="sm-598">
         <name>CPUcpsid</name>
         <value>0x2929</value>
         <object_component_ref idref="oc-262"/>
      </symbol>
      <symbol id="sm-599">
         <name>__TI_static_base__</name>
         <value>0x0</value>
      </symbol>
      <symbol id="sm-59c">
         <name>__mpu_init</name>
         <value>0x0</value>
      </symbol>
      <symbol id="sm-59d">
         <name>_system_post_cinit</name>
         <value>0x0</value>
      </symbol>
   </symbol_table>
   <title>Link successful</title>
</link_info>
