******************************************************************************
                  TI ARM Linker PC v18.1.2                     
******************************************************************************
>> Linked Thu Nov  1 21:15:49 2018

OUTPUT FILE NAME:   <ece3849_lab1_njlanotte_aonagal2.out>
ENTRY POINT SYMBOL: "_c_int00_noargs"  address: 00004c4d


MEMORY CONFIGURATION

         name            origin    length      used     unused   attr    fill
----------------------  --------  ---------  --------  --------  ----  --------
  FLASH                 00000000   00100000  000059fc  000fa604  R  X
  SRAM                  20000000   00040000  0000999a  00036666  RW X


SEGMENT ALLOCATION MAP

run origin  load origin   length   init length attrs members
----------  ----------- ---------- ----------- ----- -------
00000000    00000000    00005a00   00005a00    r-x
  00000000    00000000    00000208   00000208    r-- .intvecs
  00000208    00000208    00004f40   00004f40    r-x .text
  00005148    00005148    00000864   00000864    r-- .const
  000059b0    000059b0    00000050   00000050    r-- .cinit
20000000    20000000    000099a0   00000000    rw-
  20000000    20000000    00008068   00000000    rw- .data
  20008068    20008068    00001132   00000000    rw- .bss
  200091a0    200091a0    00000800   00000000    rw- .stack


SECTION ALLOCATION MAP

 output                                  attributes/
section   page    origin      length       input sections
--------  ----  ----------  ----------   ----------------
.intvecs   0    00000000    00000208     
                  00000000    00000208     tm4c1294ncpdt_startup_ccs.obj (.intvecs)

.text      0    00000208    00004f40     
                  00000208    00000a5e     rtsv7M4_T_le_v4SPD16_eabi.lib : _printfi.c.obj (.text:__TI_printfi)
                  00000c66    00000002                                   : div0.asm.obj (.text)
                  00000c68    00000838     main.obj (.text)
                  000014a0    000006d0     OscilliscopeADC.obj (.text)
                  00001b70    000006d0     buttons.obj (.text)
                  00002240    0000068c     Crystalfontz128x128_ST7735.obj (.text)
                  000028cc    00000270     rtsv7M4_T_le_v4SPD16_eabi.lib : _printfi.c.obj (.text:_pconv_a)
                  00002b3c    00000256     grlib.lib : string.obj (.text:GrFontGlyphRender)
                  00002d92    00000002     --HOLE-- [fill = 0]
                  00002d94    00000204     driverlib.lib : sysctl.obj (.text:SysCtlClockFreqSet)
                  00002f98    000001d0     rtsv7M4_T_le_v4SPD16_eabi.lib : _printfi.c.obj (.text:_pconv_g)
                  00003168    000001c8     HAL_EK_TM4C1294XL_Crystalfontz128x128_ST7735.obj (.text)
                  00003330    000001b6     rtsv7M4_T_le_v4SPD16_eabi.lib : fd_add_t2.asm.obj (.text)
                  000034e6    00000002     --HOLE-- [fill = 0]
                  000034e8    0000013c                                   : _printfi.c.obj (.text:_pconv_e)
                  00003624    00000136                                   : fd_div_t2.asm.obj (.text)
                  0000375a    00000130     driverlib.lib : gpio.obj (.text:GPIOPadConfigSet)
                  0000388a    00000002     --HOLE-- [fill = 0]
                  0000388c    00000120     rtsv7M4_T_le_v4SPD16_eabi.lib : _printfi.c.obj (.text:fcvt)
                  000039ac    00000110                                   : s_scalbn.c.obj (.text:scalbn)
                  00003abc    00000106     grlib.lib : line.obj (.text:GrLineDraw)
                  00003bc2    000000fc     rtsv7M4_T_le_v4SPD16_eabi.lib : fd_mul_t2.asm.obj (.text)
                  00003cbe    000000c4     grlib.lib : string.obj (.text:GrDefaultStringRenderer)
                  00003d82    000000c0               : line.obj (.text:GrLineClip)
                  00003e42    00000002     --HOLE-- [fill = 0]
                  00003e44    000000b1     rtsv7M4_T_le_v4SPD16_eabi.lib : _printfi.c.obj (.text:_ltostr)
                  00003ef5    00000003     --HOLE-- [fill = 0]
                  00003ef8    000000a2     sysctl_pll.obj (.text)
                  00003f9a    0000009c     rtsv7M4_T_le_v4SPD16_eabi.lib : memcpy_t2.asm.obj (.text)
                  00004036    00000096                                   : ull_div_t2.asm.obj (.text)
                  000040cc    00000086     grlib.lib : rectangle.obj (.text:GrRectFill)
                  00004152    00000086     rtsv7M4_T_le_v4SPD16_eabi.lib : fd_cmp_t2.asm.obj (.text:__aeabi_cdcmple)
                  000041d8    00000086                                   : fd_cmp_t2.asm.obj (.text:__aeabi_cdrcmple)
                  0000425e    00000002     --HOLE-- [fill = 0]
                  00004260    00000080                                   : s_floorf.c.obj (.text:floorf)
                  000042e0    0000007a     driverlib.lib : adc.obj (.text:ADCSequenceStepConfigure)
                  0000435a    0000007a     rtsv7M4_T_le_v4SPD16_eabi.lib : memset_t2.asm.obj (.text)
                  000043d4    0000006e                                   : _printfi.c.obj (.text:_mcpy)
                  00004442    0000006e                                   : s_roundf.c.obj (.text:roundf)
                  000044b0    0000006e                                   : fd_tos_t2.asm.obj (.text)
                  0000451e    00000002     --HOLE-- [fill = 0]
                  00004520    00000068     grlib.lib : context.obj (.text:GrContextInit)
                  00004588    00000068     driverlib.lib : interrupt.obj (.text:IntEnable)
                  000045f0    00000068     rtsv7M4_T_le_v4SPD16_eabi.lib : copy_decompress_lzss.c.obj (.text:decompress:lzss:__TI_decompress_lzss)
                  00004658    00000064                                   : s_frexp.c.obj (.text:frexp)
                  000046bc    00000060     driverlib.lib : timer.obj (.text:TimerConfigure)
                  0000471c    0000005a     grlib.lib : string.obj (.text:FontWideGlyphDataGet)
                  00004776    00000002     --HOLE-- [fill = 0]
                  00004778    00000058     driverlib.lib : timer.obj (.text:TimerControlTrigger)
                  000047d0    00000056     rtsv7M4_T_le_v4SPD16_eabi.lib : _printfi.c.obj (.text:_pconv_f)
                  00004826    00000054                                   : ltoa.c.obj (.text:ltoa)
                  0000487a    00000052                                   : _printfi.c.obj (.text:_ecpy)
                  000048cc    0000004c                                   : atoi.c.obj (.text:atoi)
                  00004918    0000004c                                   : snprintf.c.obj (.text:snprintf)
                  00004964    0000004a     grlib.lib : string.obj (.text:UpdateContextCharMapping)
                  000049ae    00000002     --HOLE-- [fill = 0]
                  000049b0    00000048     driverlib.lib : gpio.obj (.text:GPIOPinConfigure)
                  000049f8    00000048                   : sysctl.obj (.text:_SysCtlFrequencyGet)
                  00004a40    00000048     rtsv7M4_T_le_v4SPD16_eabi.lib : fd_toi_t2.asm.obj (.text)
                  00004a88    00000046     grlib.lib : line.obj (.text:GrLineDrawH)
                  00004ace    00000046               : line.obj (.text:GrLineDrawV)
                  00004b14    00000044     rtsv7M4_T_le_v4SPD16_eabi.lib : autoinit.c.obj (.text:__TI_auto_init_nobinit_nopinit:__TI_auto_init_nobinit_nopinit)
                  00004b58    0000003e     driverlib.lib : adc.obj (.text:ADCSequenceConfigure)
                  00004b96    0000003e     rtsv7M4_T_le_v4SPD16_eabi.lib : _printfi.c.obj (.text:_fcpy)
                  00004bd4    0000003c     driverlib.lib : ssi.obj (.text:SSIConfigSetExpClk)
                  00004c10    0000003a     grlib.lib : string.obj (.text:FontGlyphDataGet)
                  00004c4a    00000002     --HOLE-- [fill = 0]
                  00004c4c    00000038     rtsv7M4_T_le_v4SPD16_eabi.lib : boot_cortex_m.c.obj (.text:_c_int00_noargs:_c_int00_noargs)
                  00004c84    00000038                                   : fs_tod_t2.asm.obj (.text)
                  00004cbc    00000036     grlib.lib : line.obj (.text:GrClipCodeGet)
                  00004cf2    00000002     --HOLE-- [fill = 0]
                  00004cf4    00000034     driverlib.lib : sysctl.obj (.text:SysCtlPeripheralEnable)
                  00004d28    00000030     rtsv7M4_T_le_v4SPD16_eabi.lib : snprintf.c.obj (.text:_outs)
                  00004d58    0000002e     driverlib.lib : adc.obj (.text:ADCIntStatus)
                  00004d86    0000002e     grlib.lib : string.obj (.text:GrStringNextCharGet)
                  00004db4    0000002e     rtsv7M4_T_le_v4SPD16_eabi.lib : i_tofd_t2.asm.obj (.text)
                  00004de2    0000002a     driverlib.lib : gpio.obj (.text:GPIODirModeSet)
                  00004e0c    00000026     grlib.lib : string.obj (.text:GrFontInfoGet)
                  00004e32    00000002     --HOLE-- [fill = 0]
                  00004e34    00000024     driverlib.lib : interrupt.obj (.text:IntPrioritySet)
                  00004e58    00000022     grlib.lib : string.obj (.text:GrFontGlyphDataGet)
                  00004e7a    0000001e     driverlib.lib : adc.obj (.text:ADCSequenceDataGet)
                  00004e98    0000001e     grlib.lib : string.obj (.text:GrFontCodepageGet)
                  00004eb6    00000002     --HOLE-- [fill = 0]
                  00004eb8    0000001c     driverlib.lib : sysctl.obj (.text:_SysCtlMemTimingGet)
                  00004ed4    0000001c     rtsv7M4_T_le_v4SPD16_eabi.lib : memccpy.c.obj (.text:memccpy)
                  00004ef0    0000001a     tm4c1294ncpdt_startup_ccs.obj (.text)
                  00004f0a    00000018     driverlib.lib : adc.obj (.text:ADCClockConfigSet)
                  00004f22    00000018                   : adc.obj (.text:ADCProcessorTrigger)
                  00004f3a    00000018                   : gpio.obj (.text:GPIOPinTypeGPIOOutput)
                  00004f52    00000018     rtsv7M4_T_le_v4SPD16_eabi.lib : snprintf.c.obj (.text:_outc)
                  00004f6a    00000016     grlib.lib : string.obj (.text:GrStringDraw)
                  00004f80    00000016     rtsv7M4_T_le_v4SPD16_eabi.lib : strchr.c.obj (.text:strchr)
                  00004f96    00000002     --HOLE-- [fill = 0]
                  00004f98    00000014     driverlib.lib : timer.obj (.text:TimerDisable)
                  00004fac    00000014     rtsv7M4_T_le_v4SPD16_eabi.lib : s_copysign.c.obj (.text:copysign)
                  00004fc0    00000014                                   : strlen.c.obj (.text:strlen)
                  00004fd4    00000012     driverlib.lib : gpio.obj (.text:GPIOPinTypeADC)
                  00004fe6    00000012                   : gpio.obj (.text:GPIOPinTypeGPIOInput)
                  00004ff8    00000012                   : gpio.obj (.text:GPIOPinTypeSSI)
                  0000500a    00000012                   : timer.obj (.text:TimerLoadSet)
                  0000501c    00000012     rtsv7M4_T_le_v4SPD16_eabi.lib : wcslen.c.obj (.text:wcslen)
                  0000502e    00000010     driverlib.lib : adc.obj (.text:ADCIntEnable)
                  0000503e    00000002     --HOLE-- [fill = 0]
                  00005040    00000010                   : fpu.obj (.text:FPUEnable)
                  00005050    00000010                   : fpu.obj (.text:FPULazyStackingEnable)
                  00005060    00000010                   : interrupt.obj (.text:IntMasterDisable)
                  00005070    00000010                   : interrupt.obj (.text:IntMasterEnable)
                  00005080    0000000e                   : adc.obj (.text:ADCSequenceDisable)
                  0000508e    0000000e                   : adc.obj (.text:ADCSequenceEnable)
                  0000509c    0000000e                   : timer.obj (.text:TimerEnable)
                  000050aa    0000000e     rtsv7M4_T_le_v4SPD16_eabi.lib : copy_decompress_none.c.obj (.text:decompress:none:__TI_decompress_none)
                  000050b8    0000000c     driverlib.lib : cpu.obj (.text:CPUcpsid)
                  000050c4    0000000c                   : cpu.obj (.text:CPUcpsie)
                  000050d0    0000000c     rtsv7M4_T_le_v4SPD16_eabi.lib : copy_zero_init.c.obj (.text:decompress:ZI:__TI_zero_init)
                  000050dc    0000000a     driverlib.lib : adc.obj (.text:ADCIntClear)
                  000050e6    0000000a                   : ssi.obj (.text:SSIDataPut)
                  000050f0    0000000a                   : ssi.obj (.text:SSIEnable)
                  000050fa    0000000a                   : timer.obj (.text:TimerIntStatus)
                  00005104    00000008     grlib.lib : charmap.obj (.text:GrMapISO8859_1_Unicode)
                  0000510c    00000008     driverlib.lib : ssi.obj (.text:SSIBusy)
                  00005114    00000008                   : timer.obj (.text:TimerIntEnable)
                  0000511c    00000008     rtsv7M4_T_le_v4SPD16_eabi.lib : errno.c.obj (.text:__aeabi_errno_addr)
                  00005124    00000006     driverlib.lib : gpio.obj (.text:GPIOPinRead)
                  0000512a    00000006                   : gpio.obj (.text:GPIOPinWrite)
                  00005130    00000006     grlib.lib : string.obj (.text:GrContextFontSet)
                  00005136    00000006     driverlib.lib : sysctl.obj (.text:SysCtlDelay)
                  0000513c    00000004                   : timer.obj (.text:TimerIntClear)
                  00005140    00000004     rtsv7M4_T_le_v4SPD16_eabi.lib : pre_init.c.obj (.text:_system_pre_init)
                  00005144    00000004                                   : exit.c.obj (.text:abort:abort)

.const     0    00005148    00000864     
                  00005148    000002f8     grlib.lib : fontfixed6x8.obj (.const:.string:g_pui8FontFixed6x8Data)
                  00005440    00000120     driverlib.lib : sysctl.obj (.const:g_pppui32XTALtoVCO)
                  00005560    00000101     rtsv7M4_T_le_v4SPD16_eabi.lib : ctype.c.obj (.const:.string:_ctypes_)
                  00005661    00000003     --HOLE-- [fill = 0]
                  00005664    000000c8     grlib.lib : fontfixed6x8.obj (.const:g_sFontFixed6x8)
                  0000572c    0000009c     driverlib.lib : interrupt.obj (.const:g_pui32Regs)
                  000057c8    00000090                   : gpio.obj (.const:g_pui32GPIOBaseAddrs)
                  00005858    00000070                   : interrupt.obj (.const)
                  000058c8    0000006c                   : sysctl.obj (.const:g_pui32Xtals)
                  00005934    00000030                   : sysctl.obj (.const:g_sXTALtoMEMTIM)
                  00005964    00000028     Crystalfontz128x128_ST7735.obj (.const:g_sCrystalfontz128x128)
                  0000598c    00000010     grlib.lib : context.obj (.const)
                  0000599c    00000008     main.obj (.const:$P$T0$1)
                  000059a4    00000008     driverlib.lib : sysctl.obj (.const)

.cinit     0    000059b0    00000050     
                  000059b0    00000027     (.cinit..data.load) [load image, compression = lzss]
                  000059d7    00000001     --HOLE-- [fill = 0]
                  000059d8    0000000c     (__TI_handler_table)
                  000059e4    00000004     --HOLE-- [fill = 0]
                  000059e8    00000008     (.cinit..bss.load) [load image, compression = zero_init]
                  000059f0    00000010     (__TI_cinit_table)

.init_array 
*          0    00000000    00000000     UNINITIALIZED

.data      0    20000000    00008068     UNINITIALIZED
                  20000000    00008000     Crystalfontz128x128_ST7735.obj (.data:Lcd_buffer)
                  20008000    00000024     buttons.obj (.data:count$2)
                  20008024    00000020     main.obj (.data)
                  20008044    00000010     OscilliscopeADC.obj (.data)
                  20008054    00000008     buttons.obj (.data:gJoystick)
                  2000805c    00000006     buttons.obj (.data)
                  20008062    00000002     --HOLE--
                  20008064    00000004     rtsv7M4_T_le_v4SPD16_eabi.lib : errno.c.obj (.data)

.bss       0    20008068    00001132     UNINITIALIZED
                  20008068    00001000     (.common:gADCBuffer)
                  20009068    00000100     (.common:ADCPrintBuffer)
                  20009168    00000014     buttons.obj (.bss:state$1)
                  2000917c    00000004     (.common:ADCLocalBufferIndex)
                  20009180    00000004     (.common:gADCErrors)
                  20009184    00000004     (.common:gADCSamplingRate)
                  20009188    00000004     (.common:gSystemClock)
                  2000918c    00000004     (.common:g_psGrLibDefaults)
                  20009190    00000002     (.common:Lcd_ScreenHeigth)
                  20009192    00000002     (.common:Lcd_ScreenWidth)
                  20009194    00000002     (.common:Lcd_TouchTrim)
                  20009196    00000001     (.common:Lcd_FlagRead)
                  20009197    00000001     (.common:Lcd_FontSolid)
                  20009198    00000001     (.common:Lcd_Orientation)
                  20009199    00000001     (.common:Lcd_PenSolid)

.stack     0    200091a0    00000800     UNINITIALIZED
                  200091a0    00000004     rtsv7M4_T_le_v4SPD16_eabi.lib : boot_cortex_m.c.obj (.stack)
                  200091a4    000007fc     --HOLE--

MODULE SUMMARY

       Module                                             code    ro data   rw data
       ------                                             ----    -------   -------
    .\
       Crystalfontz128x128_ST7735.obj                     1676    40        32778  
       OscilliscopeADC.obj                                1744    0         4120   
       main.obj                                           2104    8         292    
       buttons.obj                                        1744    0         74     
       tm4c1294ncpdt_startup_ccs.obj                      26      520       0      
       HAL_EK_TM4C1294XL_Crystalfontz128x128_ST7735.obj   456     0         0      
       sysctl_pll.obj                                     162     0         0      
    +--+--------------------------------------------------+-------+---------+---------+
       Total:                                             7912    568       37264  
                                                                                   
    C:/ti/tirtos_tivac_2_16_00_08/products/TivaWare_C_Series-2.1.1.71b/driverlib/ccs/Debug/driverlib.lib
       sysctl.obj                                         674     452       0      
       gpio.obj                                           508     144       0      
       interrupt.obj                                      172     268       0      
       adc.obj                                            362     0         0      
       timer.obj                                          258     0         0      
       ssi.obj                                            88      0         0      
       fpu.obj                                            32      0         0      
       cpu.obj                                            24      0         0      
    +--+--------------------------------------------------+-------+---------+---------+
       Total:                                             2118    864       0      
                                                                                   
    C:/ti/tirtos_tivac_2_16_00_08/products/TivaWare_C_Series-2.1.1.71b/grlib/ccs/Debug/grlib.lib
       string.obj                                         1192    0         0      
       fontfixed6x8.obj                                   0       960       0      
       line.obj                                           648     0         0      
       rectangle.obj                                      134     0         0      
       context.obj                                        104     16        4      
       charmap.obj                                        8       0         0      
    +--+--------------------------------------------------+-------+---------+---------+
       Total:                                             2086    976       4      
                                                                                   
    C:\ti\ccsv8\tools\compiler\ti-cgt-arm_18.1.2.LTS\lib\rtsv7M4_T_le_v4SPD16_eabi.lib
       _printfi.c.obj                                     4863    0         0      
       fd_add_t2.asm.obj                                  438     0         0      
       fd_div_t2.asm.obj                                  310     0         0      
       s_scalbn.c.obj                                     272     0         0      
       fd_cmp_t2.asm.obj                                  268     0         0      
       ctype.c.obj                                        0       257       0      
       fd_mul_t2.asm.obj                                  252     0         0      
       memcpy_t2.asm.obj                                  156     0         0      
       ull_div_t2.asm.obj                                 150     0         0      
       snprintf.c.obj                                     148     0         0      
       s_floorf.c.obj                                     128     0         0      
       memset_t2.asm.obj                                  122     0         0      
       fd_tos_t2.asm.obj                                  110     0         0      
       s_roundf.c.obj                                     110     0         0      
       copy_decompress_lzss.c.obj                         104     0         0      
       s_frexp.c.obj                                      100     0         0      
       ltoa.c.obj                                         84      0         0      
       atoi.c.obj                                         76      0         0      
       fd_toi_t2.asm.obj                                  72      0         0      
       autoinit.c.obj                                     68      0         0      
       boot_cortex_m.c.obj                                56      0         0      
       fs_tod_t2.asm.obj                                  56      0         0      
       i_tofd_t2.asm.obj                                  46      0         0      
       memccpy.c.obj                                      28      0         0      
       strchr.c.obj                                       22      0         0      
       s_copysign.c.obj                                   20      0         0      
       strlen.c.obj                                       20      0         0      
       wcslen.c.obj                                       18      0         0      
       copy_decompress_none.c.obj                         14      0         0      
       copy_zero_init.c.obj                               12      0         0      
       errno.c.obj                                        8       0         4      
       exit.c.obj                                         4       0         0      
       pre_init.c.obj                                     4       0         0      
       div0.asm.obj                                       2       0         0      
    +--+--------------------------------------------------+-------+---------+---------+
       Total:                                             8141    257       4      
                                                                                   
       Stack:                                             0       0         2048   
       Linker Generated:                                  0       75        0      
    +--+--------------------------------------------------+-------+---------+---------+
       Grand Total:                                       20257   2740      39320  


LINKER GENERATED COPY TABLES

__TI_cinit_table @ 000059f0 records: 2, size/record: 8, table size: 16
	.data: load addr=000059b0, load size=00000027 bytes, run addr=20000000, run size=00008068 bytes, compression=lzss
	.bss: load addr=000059e8, load size=00000008 bytes, run addr=20008068, run size=00001132 bytes, compression=zero_init


LINKER GENERATED HANDLER TABLE

__TI_handler_table @ 000059d8 records: 3, size/record: 4, table size: 12
	index: 0, handler: __TI_decompress_lzss
	index: 1, handler: __TI_decompress_none
	index: 2, handler: __TI_zero_init


GLOBAL SYMBOLS: SORTED ALPHABETICALLY BY Name 

address   name                              
-------   ----                              
00004f0b  ADCClockConfigSet                 
000050dd  ADCIntClear                       
0000502f  ADCIntEnable                      
00004d59  ADCIntStatus                      
2000917c  ADCLocalBufferIndex               
20009068  ADCPrintBuffer                    
00004f23  ADCProcessorTrigger               
2000802c  ADCSampleState                    
00004b59  ADCSequenceConfigure              
00004e7b  ADCSequenceDataGet                
00005081  ADCSequenceDisable                
0000508f  ADCSequenceEnable                 
000042e1  ADCSequenceStepConfigure          
00001839  ADC_ISR                           
00001fc1  ButtonAutoRepeat                  
00001d91  ButtonDebounce                    
00002061  ButtonISR                         
00001b71  ButtonInit                        
00001e51  ButtonReadJoystick                
00005145  C$$EXIT                           
000050b9  CPUcpsid                          
000050c5  CPUcpsie                          
00002241  Crystalfontz128x128_Init          
00002311  Crystalfontz128x128_SetDrawFrame  
00002409  Crystalfontz128x128_SetOrientation
00005041  FPUEnable                         
00005051  FPULazyStackingEnable             
00004de3  GPIODirModeSet                    
0000375b  GPIOPadConfigSet                  
000049b1  GPIOPinConfigure                  
00005125  GPIOPinRead                       
00004fd5  GPIOPinTypeADC                    
00004fe7  GPIOPinTypeGPIOInput              
00004f3b  GPIOPinTypeGPIOOutput             
00004ff9  GPIOPinTypeSSI                    
0000512b  GPIOPinWrite                      
000015e1  GetWaveform                       
00005131  GrContextFontSet                  
00004521  GrContextInit                     
00003cbf  GrDefaultStringRenderer           
00004e99  GrFontCodepageGet                 
00004e59  GrFontGlyphDataGet                
00002b3d  GrFontGlyphRender                 
00004e0d  GrFontInfoGet                     
00003abd  GrLineDraw                        
00004a89  GrLineDrawH                       
00004acf  GrLineDrawV                       
00005105  GrMapISO8859_1_Unicode            
000040cd  GrRectFill                        
00004f6b  GrStringDraw                      
00004d87  GrStringNextCharGet               
00003169  HAL_LCD_PortInit                  
00003201  HAL_LCD_SpiInit                   
00003299  HAL_LCD_writeCommand              
00003319  HAL_LCD_writeData                 
00004589  IntEnable                         
00005061  IntMasterDisable                  
00005071  IntMasterEnable                   
00004e35  IntPrioritySet                    
20008050  LastIndex                         
20009196  Lcd_FlagRead                      
20009197  Lcd_FontSolid                     
20009198  Lcd_Orientation                   
20009199  Lcd_PenSolid                      
20009190  Lcd_ScreenHeigth                  
20009192  Lcd_ScreenWidth                   
20009194  Lcd_TouchTrim                     
20000000  Lcd_buffer                        
00004ef1  ResetISR                          
0000510d  SSIBusy                           
00004bd5  SSIConfigSetExpClk                
000050e7  SSIDataPut                        
000050f1  SSIEnable                         
00002d95  SysCtlClockFreqSet                
00005137  SysCtlDelay                       
00003ef9  SysCtlFrequencyGet                
00004cf5  SysCtlPeripheralEnable            
000046bd  TimerConfigure                    
00004779  TimerControlTrigger               
00004f99  TimerDisable                      
0000509d  TimerEnable                       
0000513d  TimerIntClear                     
00005115  TimerIntEnable                    
000050fb  TimerIntStatus                    
0000500b  TimerLoadSet                      
20008028  VoltageScale                      
200099a0  __STACK_END                       
00000800  __STACK_SIZE                      
200093a0  __STACK_TOP                       
000059f0  __TI_CINIT_Base                   
00005a00  __TI_CINIT_Limit                  
000059d8  __TI_Handler_Table_Base           
000059e4  __TI_Handler_Table_Limit          
00004b15  __TI_auto_init_nobinit_nopinit    
000045f1  __TI_decompress_lzss              
000050ab  __TI_decompress_none              
ffffffff  __TI_pprof_out_hndl               
00000209  __TI_printfi                      
ffffffff  __TI_prof_data_size               
ffffffff  __TI_prof_data_start              
00000000  __TI_static_base__                
000050d1  __TI_zero_init                    
00004153  __aeabi_cdcmpeq                   
00004153  __aeabi_cdcmple                   
000041d9  __aeabi_cdrcmple                  
000044b1  __aeabi_d2f                       
00004a41  __aeabi_d2iz                      
0000333b  __aeabi_dadd                      
00003625  __aeabi_ddiv                      
00003bc3  __aeabi_dmul                      
00003331  __aeabi_dsub                      
0000511d  __aeabi_errno_addr                
00004c85  __aeabi_f2d                       
00004db5  __aeabi_i2d                       
00000c67  __aeabi_idiv0                     
00000c67  __aeabi_ldiv0                     
0000435b  __aeabi_memclr                    
0000435b  __aeabi_memclr4                   
0000435b  __aeabi_memclr8                   
00003f9b  __aeabi_memcpy                    
00003f9b  __aeabi_memcpy4                   
00003f9b  __aeabi_memcpy8                   
0000435d  __aeabi_memset                    
0000435d  __aeabi_memset4                   
0000435d  __aeabi_memset8                   
00004037  __aeabi_uldivmod                  
ffffffff  __binit__                         
ffffffff  __c_args__                        
UNDEFED   __mpu_init                        
200091a0  __stack                           
00004c4d  _c_int00_noargs                   
00005560  _ctypes_                          
UNDEFED   _system_post_cinit                
00005141  _system_pre_init                  
00005145  abort                             
000048cd  atoi                              
00000c69  binary_conversion                 
ffffffff  binit                             
000018b9  changeADCSampleRate               
00004fad  copysign                          
00004fad  copysignl                         
20008038  count_loaded                      
20008034  count_unloaded                    
2000803c  cpu_load                          
00001429  cpu_load_count                    
20008064  errno                             
00004261  floorf                            
00004659  frexp                             
00004659  frexpl                            
20008068  gADCBuffer                        
20008044  gADCBufferIndex                   
20009180  gADCErrors                        
20009184  gADCSamplingRate                  
2000805c  gButtons                          
20008054  gJoystick                         
20009188  gSystemClock                      
20008024  gTime                             
00000000  g_pfnVectors                      
0000598c  g_psDefaultCodePointMapTable      
00005964  g_sCrystalfontz128x128            
00005664  g_sFontFixed6x8                   
000014a1  initADC                           
000039ad  ldexp                             
000039ad  ldexpl                            
2000804c  loopCount                         
00004827  ltoa                              
00000c99  main                              
00004ed5  memccpy                           
00003f9b  memcpy                            
00004363  memset                            
20008030  prevADCSampleState                
20008048  prevVoltage                       
00004443  roundf                            
000039ad  scalbn                            
000039ad  scalbnl                           
00004919  snprintf                          
00004f81  strchr                            
00004fc1  strlen                            
20008040  tDirection                        
20008042  tVoltage                          
0000501d  wcslen                            


GLOBAL SYMBOLS: SORTED BY Symbol Address 

address   name                              
-------   ----                              
00000000  __TI_static_base__                
00000000  g_pfnVectors                      
00000209  __TI_printfi                      
00000800  __STACK_SIZE                      
00000c67  __aeabi_idiv0                     
00000c67  __aeabi_ldiv0                     
00000c69  binary_conversion                 
00000c99  main                              
00001429  cpu_load_count                    
000014a1  initADC                           
000015e1  GetWaveform                       
00001839  ADC_ISR                           
000018b9  changeADCSampleRate               
00001b71  ButtonInit                        
00001d91  ButtonDebounce                    
00001e51  ButtonReadJoystick                
00001fc1  ButtonAutoRepeat                  
00002061  ButtonISR                         
00002241  Crystalfontz128x128_Init          
00002311  Crystalfontz128x128_SetDrawFrame  
00002409  Crystalfontz128x128_SetOrientation
00002b3d  GrFontGlyphRender                 
00002d95  SysCtlClockFreqSet                
00003169  HAL_LCD_PortInit                  
00003201  HAL_LCD_SpiInit                   
00003299  HAL_LCD_writeCommand              
00003319  HAL_LCD_writeData                 
00003331  __aeabi_dsub                      
0000333b  __aeabi_dadd                      
00003625  __aeabi_ddiv                      
0000375b  GPIOPadConfigSet                  
000039ad  ldexp                             
000039ad  ldexpl                            
000039ad  scalbn                            
000039ad  scalbnl                           
00003abd  GrLineDraw                        
00003bc3  __aeabi_dmul                      
00003cbf  GrDefaultStringRenderer           
00003ef9  SysCtlFrequencyGet                
00003f9b  __aeabi_memcpy                    
00003f9b  __aeabi_memcpy4                   
00003f9b  __aeabi_memcpy8                   
00003f9b  memcpy                            
00004037  __aeabi_uldivmod                  
000040cd  GrRectFill                        
00004153  __aeabi_cdcmpeq                   
00004153  __aeabi_cdcmple                   
000041d9  __aeabi_cdrcmple                  
00004261  floorf                            
000042e1  ADCSequenceStepConfigure          
0000435b  __aeabi_memclr                    
0000435b  __aeabi_memclr4                   
0000435b  __aeabi_memclr8                   
0000435d  __aeabi_memset                    
0000435d  __aeabi_memset4                   
0000435d  __aeabi_memset8                   
00004363  memset                            
00004443  roundf                            
000044b1  __aeabi_d2f                       
00004521  GrContextInit                     
00004589  IntEnable                         
000045f1  __TI_decompress_lzss              
00004659  frexp                             
00004659  frexpl                            
000046bd  TimerConfigure                    
00004779  TimerControlTrigger               
00004827  ltoa                              
000048cd  atoi                              
00004919  snprintf                          
000049b1  GPIOPinConfigure                  
00004a41  __aeabi_d2iz                      
00004a89  GrLineDrawH                       
00004acf  GrLineDrawV                       
00004b15  __TI_auto_init_nobinit_nopinit    
00004b59  ADCSequenceConfigure              
00004bd5  SSIConfigSetExpClk                
00004c4d  _c_int00_noargs                   
00004c85  __aeabi_f2d                       
00004cf5  SysCtlPeripheralEnable            
00004d59  ADCIntStatus                      
00004d87  GrStringNextCharGet               
00004db5  __aeabi_i2d                       
00004de3  GPIODirModeSet                    
00004e0d  GrFontInfoGet                     
00004e35  IntPrioritySet                    
00004e59  GrFontGlyphDataGet                
00004e7b  ADCSequenceDataGet                
00004e99  GrFontCodepageGet                 
00004ed5  memccpy                           
00004ef1  ResetISR                          
00004f0b  ADCClockConfigSet                 
00004f23  ADCProcessorTrigger               
00004f3b  GPIOPinTypeGPIOOutput             
00004f6b  GrStringDraw                      
00004f81  strchr                            
00004f99  TimerDisable                      
00004fad  copysign                          
00004fad  copysignl                         
00004fc1  strlen                            
00004fd5  GPIOPinTypeADC                    
00004fe7  GPIOPinTypeGPIOInput              
00004ff9  GPIOPinTypeSSI                    
0000500b  TimerLoadSet                      
0000501d  wcslen                            
0000502f  ADCIntEnable                      
00005041  FPUEnable                         
00005051  FPULazyStackingEnable             
00005061  IntMasterDisable                  
00005071  IntMasterEnable                   
00005081  ADCSequenceDisable                
0000508f  ADCSequenceEnable                 
0000509d  TimerEnable                       
000050ab  __TI_decompress_none              
000050b9  CPUcpsid                          
000050c5  CPUcpsie                          
000050d1  __TI_zero_init                    
000050dd  ADCIntClear                       
000050e7  SSIDataPut                        
000050f1  SSIEnable                         
000050fb  TimerIntStatus                    
00005105  GrMapISO8859_1_Unicode            
0000510d  SSIBusy                           
00005115  TimerIntEnable                    
0000511d  __aeabi_errno_addr                
00005125  GPIOPinRead                       
0000512b  GPIOPinWrite                      
00005131  GrContextFontSet                  
00005137  SysCtlDelay                       
0000513d  TimerIntClear                     
00005141  _system_pre_init                  
00005145  C$$EXIT                           
00005145  abort                             
00005560  _ctypes_                          
00005664  g_sFontFixed6x8                   
00005964  g_sCrystalfontz128x128            
0000598c  g_psDefaultCodePointMapTable      
000059d8  __TI_Handler_Table_Base           
000059e4  __TI_Handler_Table_Limit          
000059f0  __TI_CINIT_Base                   
00005a00  __TI_CINIT_Limit                  
20000000  Lcd_buffer                        
20008024  gTime                             
20008028  VoltageScale                      
2000802c  ADCSampleState                    
20008030  prevADCSampleState                
20008034  count_unloaded                    
20008038  count_loaded                      
2000803c  cpu_load                          
20008040  tDirection                        
20008042  tVoltage                          
20008044  gADCBufferIndex                   
20008048  prevVoltage                       
2000804c  loopCount                         
20008050  LastIndex                         
20008054  gJoystick                         
2000805c  gButtons                          
20008064  errno                             
20008068  gADCBuffer                        
20009068  ADCPrintBuffer                    
2000917c  ADCLocalBufferIndex               
20009180  gADCErrors                        
20009184  gADCSamplingRate                  
20009188  gSystemClock                      
20009190  Lcd_ScreenHeigth                  
20009192  Lcd_ScreenWidth                   
20009194  Lcd_TouchTrim                     
20009196  Lcd_FlagRead                      
20009197  Lcd_FontSolid                     
20009198  Lcd_Orientation                   
20009199  Lcd_PenSolid                      
200091a0  __stack                           
200093a0  __STACK_TOP                       
200099a0  __STACK_END                       
ffffffff  __TI_pprof_out_hndl               
ffffffff  __TI_prof_data_size               
ffffffff  __TI_prof_data_start              
ffffffff  __binit__                         
ffffffff  __c_args__                        
ffffffff  binit                             
UNDEFED   __mpu_init                        
UNDEFED   _system_post_cinit                

[181 symbols]
