******************************************************************************
                  TI ARM Linker PC v18.1.2                     
******************************************************************************
>> Linked Wed Oct 31 12:12:52 2018

OUTPUT FILE NAME:   <ece3849_lab1_njlanotte_aonagal2.out>
ENTRY POINT SYMBOL: "_c_int00_noargs"  address: 000046dd


MEMORY CONFIGURATION

         name            origin    length      used     unused   attr    fill
----------------------  --------  ---------  --------  --------  ----  --------
  FLASH                 00000000   00100000  00005480  000fab80  R  X
  SRAM                  20000000   00040000  00009992  0003666e  RW X


SEGMENT ALLOCATION MAP

run origin  load origin   length   init length attrs members
----------  ----------- ---------- ----------- ----- -------
00000000    00000000    00005480   00005480    r-x
  00000000    00000000    00000208   00000208    r-- .intvecs
  00000208    00000208    000049cc   000049cc    r-x .text
  00004bd4    00004bd4    00000864   00000864    r-- .const
  00005438    00005438    00000048   00000048    r-- .cinit
20000000    20000000    00009998   00000000    rw-
  20000000    20000000    00008060   00000000    rw- .data
  20008060    20008060    00001132   00000000    rw- .bss
  20009198    20009198    00000800   00000000    rw- .stack


SECTION ALLOCATION MAP

 output                                  attributes/
section   page    origin      length       input sections
--------  ----  ----------  ----------   ----------------
.intvecs   0    00000000    00000208     
                  00000000    00000208     tm4c1294ncpdt_startup_ccs.obj (.intvecs)

.text      0    00000208    000049cc     
                  00000208    00000a5e     rtsv7M4_T_le_v4SPD16_eabi.lib : _printfi.c.obj (.text:__TI_printfi)
                  00000c66    00000002                                   : div0.asm.obj (.text)
                  00000c68    00000698     main.obj (.text)
                  00001300    0000068e     buttons.obj (.text)
                  0000198e    00000002     --HOLE-- [fill = 0]
                  00001990    0000068c     Crystalfontz128x128_ST7735.obj (.text)
                  0000201c    00000004     driverlib.lib : timer.obj (.text:TimerIntClear)
                  00002020    00000394     OscilliscopeADC.obj (.text)
                  000023b4    00000270     rtsv7M4_T_le_v4SPD16_eabi.lib : _printfi.c.obj (.text:_pconv_a)
                  00002624    00000256     grlib.lib : string.obj (.text:GrFontGlyphRender)
                  0000287a    00000002     --HOLE-- [fill = 0]
                  0000287c    00000204     driverlib.lib : sysctl.obj (.text:SysCtlClockFreqSet)
                  00002a80    000001d0     rtsv7M4_T_le_v4SPD16_eabi.lib : _printfi.c.obj (.text:_pconv_g)
                  00002c50    000001c8     HAL_EK_TM4C1294XL_Crystalfontz128x128_ST7735.obj (.text)
                  00002e18    000001b6     rtsv7M4_T_le_v4SPD16_eabi.lib : fd_add_t2.asm.obj (.text)
                  00002fce    00000002     --HOLE-- [fill = 0]
                  00002fd0    0000013c                                   : _printfi.c.obj (.text:_pconv_e)
                  0000310c    00000136                                   : fd_div_t2.asm.obj (.text)
                  00003242    00000130     driverlib.lib : gpio.obj (.text:GPIOPadConfigSet)
                  00003372    00000002     --HOLE-- [fill = 0]
                  00003374    00000120     rtsv7M4_T_le_v4SPD16_eabi.lib : _printfi.c.obj (.text:fcvt)
                  00003494    00000110                                   : s_scalbn.c.obj (.text:scalbn)
                  000035a4    00000106     grlib.lib : line.obj (.text:GrLineDraw)
                  000036aa    000000fc     rtsv7M4_T_le_v4SPD16_eabi.lib : fd_mul_t2.asm.obj (.text)
                  000037a6    000000c4     grlib.lib : string.obj (.text:GrDefaultStringRenderer)
                  0000386a    000000c0               : line.obj (.text:GrLineClip)
                  0000392a    00000002     --HOLE-- [fill = 0]
                  0000392c    000000b1     rtsv7M4_T_le_v4SPD16_eabi.lib : _printfi.c.obj (.text:_ltostr)
                  000039dd    00000003     --HOLE-- [fill = 0]
                  000039e0    000000a2     sysctl_pll.obj (.text)
                  00003a82    0000009c     rtsv7M4_T_le_v4SPD16_eabi.lib : memcpy_t2.asm.obj (.text)
                  00003b1e    00000096                                   : ull_div_t2.asm.obj (.text)
                  00003bb4    00000086     grlib.lib : rectangle.obj (.text:GrRectFill)
                  00003c3a    00000086     rtsv7M4_T_le_v4SPD16_eabi.lib : fd_cmp_t2.asm.obj (.text:__aeabi_cdcmple)
                  00003cc0    00000086                                   : fd_cmp_t2.asm.obj (.text:__aeabi_cdrcmple)
                  00003d46    00000002     --HOLE-- [fill = 0]
                  00003d48    00000080                                   : s_floorf.c.obj (.text:floorf)
                  00003dc8    0000007a     driverlib.lib : adc.obj (.text:ADCSequenceStepConfigure)
                  00003e42    0000007a     rtsv7M4_T_le_v4SPD16_eabi.lib : memset_t2.asm.obj (.text)
                  00003ebc    0000006e                                   : _printfi.c.obj (.text:_mcpy)
                  00003f2a    0000006e                                   : s_roundf.c.obj (.text:roundf)
                  00003f98    0000006e                                   : fd_tos_t2.asm.obj (.text)
                  00004006    00000002     --HOLE-- [fill = 0]
                  00004008    00000068     grlib.lib : context.obj (.text:GrContextInit)
                  00004070    00000068     driverlib.lib : interrupt.obj (.text:IntEnable)
                  000040d8    00000068     rtsv7M4_T_le_v4SPD16_eabi.lib : copy_decompress_lzss.c.obj (.text:decompress:lzss:__TI_decompress_lzss)
                  00004140    00000064                                   : s_frexp.c.obj (.text:frexp)
                  000041a4    00000060     driverlib.lib : timer.obj (.text:TimerConfigure)
                  00004204    0000005a     grlib.lib : string.obj (.text:FontWideGlyphDataGet)
                  0000425e    00000056     rtsv7M4_T_le_v4SPD16_eabi.lib : _printfi.c.obj (.text:_pconv_f)
                  000042b4    00000054                                   : ltoa.c.obj (.text:ltoa)
                  00004308    00000052                                   : _printfi.c.obj (.text:_ecpy)
                  0000435a    00000002     --HOLE-- [fill = 0]
                  0000435c    0000004c                                   : atoi.c.obj (.text:atoi)
                  000043a8    0000004c                                   : snprintf.c.obj (.text:snprintf)
                  000043f4    0000004a     grlib.lib : string.obj (.text:UpdateContextCharMapping)
                  0000443e    00000002     --HOLE-- [fill = 0]
                  00004440    00000048     driverlib.lib : gpio.obj (.text:GPIOPinConfigure)
                  00004488    00000048                   : sysctl.obj (.text:_SysCtlFrequencyGet)
                  000044d0    00000048     rtsv7M4_T_le_v4SPD16_eabi.lib : fd_toi_t2.asm.obj (.text)
                  00004518    00000046     grlib.lib : line.obj (.text:GrLineDrawH)
                  0000455e    00000046               : line.obj (.text:GrLineDrawV)
                  000045a4    00000044     rtsv7M4_T_le_v4SPD16_eabi.lib : autoinit.c.obj (.text:__TI_auto_init_nobinit_nopinit:__TI_auto_init_nobinit_nopinit)
                  000045e8    0000003e     driverlib.lib : adc.obj (.text:ADCSequenceConfigure)
                  00004626    0000003e     rtsv7M4_T_le_v4SPD16_eabi.lib : _printfi.c.obj (.text:_fcpy)
                  00004664    0000003c     driverlib.lib : ssi.obj (.text:SSIConfigSetExpClk)
                  000046a0    0000003a     grlib.lib : string.obj (.text:FontGlyphDataGet)
                  000046da    00000002     --HOLE-- [fill = 0]
                  000046dc    00000038     rtsv7M4_T_le_v4SPD16_eabi.lib : boot_cortex_m.c.obj (.text:_c_int00_noargs:_c_int00_noargs)
                  00004714    00000038                                   : fs_tod_t2.asm.obj (.text)
                  0000474c    00000036     grlib.lib : line.obj (.text:GrClipCodeGet)
                  00004782    00000002     --HOLE-- [fill = 0]
                  00004784    00000034     driverlib.lib : sysctl.obj (.text:SysCtlPeripheralEnable)
                  000047b8    00000030     rtsv7M4_T_le_v4SPD16_eabi.lib : snprintf.c.obj (.text:_outs)
                  000047e8    0000002e     driverlib.lib : adc.obj (.text:ADCIntStatus)
                  00004816    0000002e     grlib.lib : string.obj (.text:GrStringNextCharGet)
                  00004844    0000002e     rtsv7M4_T_le_v4SPD16_eabi.lib : i_tofd_t2.asm.obj (.text)
                  00004872    0000002a     driverlib.lib : gpio.obj (.text:GPIODirModeSet)
                  0000489c    00000026     grlib.lib : string.obj (.text:GrFontInfoGet)
                  000048c2    00000002     --HOLE-- [fill = 0]
                  000048c4    00000024     driverlib.lib : interrupt.obj (.text:IntPrioritySet)
                  000048e8    00000022     grlib.lib : string.obj (.text:GrFontGlyphDataGet)
                  0000490a    0000001e     driverlib.lib : adc.obj (.text:ADCSequenceDataGet)
                  00004928    0000001e     grlib.lib : string.obj (.text:GrFontCodepageGet)
                  00004946    00000002     --HOLE-- [fill = 0]
                  00004948    0000001c     driverlib.lib : sysctl.obj (.text:_SysCtlMemTimingGet)
                  00004964    0000001c     rtsv7M4_T_le_v4SPD16_eabi.lib : memccpy.c.obj (.text:memccpy)
                  00004980    0000001a     tm4c1294ncpdt_startup_ccs.obj (.text)
                  0000499a    00000018     driverlib.lib : adc.obj (.text:ADCClockConfigSet)
                  000049b2    00000018                   : adc.obj (.text:ADCProcessorTrigger)
                  000049ca    00000018                   : gpio.obj (.text:GPIOPinTypeGPIOOutput)
                  000049e2    00000018     rtsv7M4_T_le_v4SPD16_eabi.lib : snprintf.c.obj (.text:_outc)
                  000049fa    00000016     grlib.lib : string.obj (.text:GrStringDraw)
                  00004a10    00000016     rtsv7M4_T_le_v4SPD16_eabi.lib : strchr.c.obj (.text:strchr)
                  00004a26    00000002     --HOLE-- [fill = 0]
                  00004a28    00000014     driverlib.lib : timer.obj (.text:TimerDisable)
                  00004a3c    00000014     rtsv7M4_T_le_v4SPD16_eabi.lib : s_copysign.c.obj (.text:copysign)
                  00004a50    00000014                                   : strlen.c.obj (.text:strlen)
                  00004a64    00000012     driverlib.lib : gpio.obj (.text:GPIOPinTypeADC)
                  00004a76    00000012                   : gpio.obj (.text:GPIOPinTypeGPIOInput)
                  00004a88    00000012                   : gpio.obj (.text:GPIOPinTypeSSI)
                  00004a9a    00000012                   : timer.obj (.text:TimerLoadSet)
                  00004aac    00000012     rtsv7M4_T_le_v4SPD16_eabi.lib : wcslen.c.obj (.text:wcslen)
                  00004abe    00000010     driverlib.lib : adc.obj (.text:ADCIntEnable)
                  00004ace    00000002     --HOLE-- [fill = 0]
                  00004ad0    00000010                   : fpu.obj (.text:FPUEnable)
                  00004ae0    00000010                   : fpu.obj (.text:FPULazyStackingEnable)
                  00004af0    00000010                   : interrupt.obj (.text:IntMasterDisable)
                  00004b00    00000010                   : interrupt.obj (.text:IntMasterEnable)
                  00004b10    0000000e                   : adc.obj (.text:ADCSequenceDisable)
                  00004b1e    0000000e                   : adc.obj (.text:ADCSequenceEnable)
                  00004b2c    0000000e                   : timer.obj (.text:TimerEnable)
                  00004b3a    0000000e     rtsv7M4_T_le_v4SPD16_eabi.lib : copy_decompress_none.c.obj (.text:decompress:none:__TI_decompress_none)
                  00004b48    0000000c     driverlib.lib : cpu.obj (.text:CPUcpsid)
                  00004b54    0000000c                   : cpu.obj (.text:CPUcpsie)
                  00004b60    0000000c     rtsv7M4_T_le_v4SPD16_eabi.lib : copy_zero_init.c.obj (.text:decompress:ZI:__TI_zero_init)
                  00004b6c    0000000a     driverlib.lib : adc.obj (.text:ADCIntClear)
                  00004b76    0000000a                   : ssi.obj (.text:SSIDataPut)
                  00004b80    0000000a                   : ssi.obj (.text:SSIEnable)
                  00004b8a    0000000a                   : timer.obj (.text:TimerIntStatus)
                  00004b94    00000008     grlib.lib : charmap.obj (.text:GrMapISO8859_1_Unicode)
                  00004b9c    00000008     driverlib.lib : ssi.obj (.text:SSIBusy)
                  00004ba4    00000008                   : timer.obj (.text:TimerIntEnable)
                  00004bac    00000008     rtsv7M4_T_le_v4SPD16_eabi.lib : errno.c.obj (.text:__aeabi_errno_addr)
                  00004bb4    00000006     driverlib.lib : gpio.obj (.text:GPIOPinRead)
                  00004bba    00000006                   : gpio.obj (.text:GPIOPinWrite)
                  00004bc0    00000006     grlib.lib : string.obj (.text:GrContextFontSet)
                  00004bc6    00000006     driverlib.lib : sysctl.obj (.text:SysCtlDelay)
                  00004bcc    00000004     rtsv7M4_T_le_v4SPD16_eabi.lib : pre_init.c.obj (.text:_system_pre_init)
                  00004bd0    00000004                                   : exit.c.obj (.text:abort:abort)

.const     0    00004bd4    00000864     
                  00004bd4    000002f8     grlib.lib : fontfixed6x8.obj (.const:.string:g_pui8FontFixed6x8Data)
                  00004ecc    00000120     driverlib.lib : sysctl.obj (.const:g_pppui32XTALtoVCO)
                  00004fec    00000101     rtsv7M4_T_le_v4SPD16_eabi.lib : ctype.c.obj (.const:.string:_ctypes_)
                  000050ed    00000003     --HOLE-- [fill = 0]
                  000050f0    000000c8     grlib.lib : fontfixed6x8.obj (.const:g_sFontFixed6x8)
                  000051b8    0000009c     driverlib.lib : interrupt.obj (.const:g_pui32Regs)
                  00005254    00000090                   : gpio.obj (.const:g_pui32GPIOBaseAddrs)
                  000052e4    00000070                   : interrupt.obj (.const)
                  00005354    0000006c                   : sysctl.obj (.const:g_pui32Xtals)
                  000053c0    00000030                   : sysctl.obj (.const:g_sXTALtoMEMTIM)
                  000053f0    00000028     Crystalfontz128x128_ST7735.obj (.const:g_sCrystalfontz128x128)
                  00005418    00000010     grlib.lib : context.obj (.const)
                  00005428    00000008     main.obj (.const:$P$T0$1)
                  00005430    00000008     driverlib.lib : sysctl.obj (.const)

.cinit     0    00005438    00000048     
                  00005438    00000023     (.cinit..data.load) [load image, compression = lzss]
                  0000545b    00000001     --HOLE-- [fill = 0]
                  0000545c    0000000c     (__TI_handler_table)
                  00005468    00000008     (.cinit..bss.load) [load image, compression = zero_init]
                  00005470    00000010     (__TI_cinit_table)

.init_array 
*          0    00000000    00000000     UNINITIALIZED

.data      0    20000000    00008060     UNINITIALIZED
                  20000000    00008000     Crystalfontz128x128_ST7735.obj (.data:Lcd_buffer)
                  20008000    00000024     buttons.obj (.data:count$2)
                  20008024    00000018     main.obj (.data)
                  2000803c    00000010     OscilliscopeADC.obj (.data)
                  2000804c    00000008     buttons.obj (.data:gJoystick)
                  20008054    00000006     buttons.obj (.data)
                  2000805a    00000002     --HOLE--
                  2000805c    00000004     rtsv7M4_T_le_v4SPD16_eabi.lib : errno.c.obj (.data)

.bss       0    20008060    00001132     UNINITIALIZED
                  20008060    00001000     (.common:gADCBuffer)
                  20009060    00000100     (.common:ADCPrintBuffer)
                  20009160    00000014     buttons.obj (.bss:state$1)
                  20009174    00000004     (.common:ADCLocalBufferIndex)
                  20009178    00000004     (.common:gADCErrors)
                  2000917c    00000004     (.common:gADCSamplingRate)
                  20009180    00000004     (.common:gSystemClock)
                  20009184    00000004     (.common:g_psGrLibDefaults)
                  20009188    00000002     (.common:Lcd_ScreenHeigth)
                  2000918a    00000002     (.common:Lcd_ScreenWidth)
                  2000918c    00000002     (.common:Lcd_TouchTrim)
                  2000918e    00000001     (.common:Lcd_FlagRead)
                  2000918f    00000001     (.common:Lcd_FontSolid)
                  20009190    00000001     (.common:Lcd_Orientation)
                  20009191    00000001     (.common:Lcd_PenSolid)

.stack     0    20009198    00000800     UNINITIALIZED
                  20009198    00000004     rtsv7M4_T_le_v4SPD16_eabi.lib : boot_cortex_m.c.obj (.stack)
                  2000919c    000007fc     --HOLE--

MODULE SUMMARY

       Module                                             code    ro data   rw data
       ------                                             ----    -------   -------
    .\
       Crystalfontz128x128_ST7735.obj                     1676    40        32778  
       OscilliscopeADC.obj                                916     0         4120   
       main.obj                                           1688    8         284    
       buttons.obj                                        1678    0         74     
       tm4c1294ncpdt_startup_ccs.obj                      26      520       0      
       HAL_EK_TM4C1294XL_Crystalfontz128x128_ST7735.obj   456     0         0      
       sysctl_pll.obj                                     162     0         0      
    +--+--------------------------------------------------+-------+---------+---------+
       Total:                                             6602    568       37256  
                                                                                   
    C:/ti/tirtos_tivac_2_16_00_08/products/TivaWare_C_Series-2.1.1.71b/driverlib/ccs/Debug/driverlib.lib
       sysctl.obj                                         674     452       0      
       gpio.obj                                           508     144       0      
       interrupt.obj                                      172     268       0      
       adc.obj                                            362     0         0      
       timer.obj                                          170     0         0      
       ssi.obj                                            88      0         0      
       fpu.obj                                            32      0         0      
       cpu.obj                                            24      0         0      
    +--+--------------------------------------------------+-------+---------+---------+
       Total:                                             2030    864       0      
                                                                                   
    C:/ti/tirtos_tivac_2_16_00_08/products/TivaWare_C_Series-2.1.1.71b/grlib/ccs/Debug/grlib.lib
       string.obj                                         1192    0         0      
       fontfixed6x8.obj                                   0       960       0      
       line.obj                                           648     0         0      
       rectangle.obj                                      134     0         0      
       context.obj                                        104     16        4      
       charmap.obj                                        8       0         0      
    +--+--------------------------------------------------+-------+---------+---------+
       Total:                                             2086    976       4      
                                                                                   
    C:\ti\ccsv8\tools\compiler\ti-cgt-arm_18.1.2.LTS\lib\rtsv7M4_T_le_v4SPD16_eabi.lib
       _printfi.c.obj                                     4863    0         0      
       fd_add_t2.asm.obj                                  438     0         0      
       fd_div_t2.asm.obj                                  310     0         0      
       s_scalbn.c.obj                                     272     0         0      
       fd_cmp_t2.asm.obj                                  268     0         0      
       ctype.c.obj                                        0       257       0      
       fd_mul_t2.asm.obj                                  252     0         0      
       memcpy_t2.asm.obj                                  156     0         0      
       ull_div_t2.asm.obj                                 150     0         0      
       snprintf.c.obj                                     148     0         0      
       s_floorf.c.obj                                     128     0         0      
       memset_t2.asm.obj                                  122     0         0      
       fd_tos_t2.asm.obj                                  110     0         0      
       s_roundf.c.obj                                     110     0         0      
       copy_decompress_lzss.c.obj                         104     0         0      
       s_frexp.c.obj                                      100     0         0      
       ltoa.c.obj                                         84      0         0      
       atoi.c.obj                                         76      0         0      
       fd_toi_t2.asm.obj                                  72      0         0      
       autoinit.c.obj                                     68      0         0      
       boot_cortex_m.c.obj                                56      0         0      
       fs_tod_t2.asm.obj                                  56      0         0      
       i_tofd_t2.asm.obj                                  46      0         0      
       memccpy.c.obj                                      28      0         0      
       strchr.c.obj                                       22      0         0      
       s_copysign.c.obj                                   20      0         0      
       strlen.c.obj                                       20      0         0      
       wcslen.c.obj                                       18      0         0      
       copy_decompress_none.c.obj                         14      0         0      
       copy_zero_init.c.obj                               12      0         0      
       errno.c.obj                                        8       0         4      
       exit.c.obj                                         4       0         0      
       pre_init.c.obj                                     4       0         0      
       div0.asm.obj                                       2       0         0      
    +--+--------------------------------------------------+-------+---------+---------+
       Total:                                             8141    257       4      
                                                                                   
       Stack:                                             0       0         2048   
       Linker Generated:                                  0       71        0      
    +--+--------------------------------------------------+-------+---------+---------+
       Grand Total:                                       18859   2736      39312  


LINKER GENERATED COPY TABLES

__TI_cinit_table @ 00005470 records: 2, size/record: 8, table size: 16
	.data: load addr=00005438, load size=00000023 bytes, run addr=20000000, run size=00008060 bytes, compression=lzss
	.bss: load addr=00005468, load size=00000008 bytes, run addr=20008060, run size=00001132 bytes, compression=zero_init


LINKER GENERATED HANDLER TABLE

__TI_handler_table @ 0000545c records: 3, size/record: 4, table size: 12
	index: 0, handler: __TI_decompress_lzss
	index: 1, handler: __TI_decompress_none
	index: 2, handler: __TI_zero_init


GLOBAL SYMBOLS: SORTED ALPHABETICALLY BY Name 

address   name                              
-------   ----                              
0000499b  ADCClockConfigSet                 
00004b6d  ADCIntClear                       
00004abf  ADCIntEnable                      
000047e9  ADCIntStatus                      
20009174  ADCLocalBufferIndex               
20009060  ADCPrintBuffer                    
000049b3  ADCProcessorTrigger               
000045e9  ADCSequenceConfigure              
0000490b  ADCSequenceDataGet                
00004b11  ADCSequenceDisable                
00004b1f  ADCSequenceEnable                 
00003dc9  ADCSequenceStepConfigure          
00002339  ADC_ISR                           
00001751  ButtonAutoRepeat                  
00001521  ButtonDebounce                    
000017f1  ButtonISR                         
00001301  ButtonInit                        
000015e1  ButtonReadJoystick                
00004bd1  C$$EXIT                           
00004b49  CPUcpsid                          
00004b55  CPUcpsie                          
00001991  Crystalfontz128x128_Init          
00001a61  Crystalfontz128x128_SetDrawFrame  
00001b59  Crystalfontz128x128_SetOrientation
00004ad1  FPUEnable                         
00004ae1  FPULazyStackingEnable             
00004873  GPIODirModeSet                    
00003243  GPIOPadConfigSet                  
00004441  GPIOPinConfigure                  
00004bb5  GPIOPinRead                       
00004a65  GPIOPinTypeADC                    
00004a77  GPIOPinTypeGPIOInput              
000049cb  GPIOPinTypeGPIOOutput             
00004a89  GPIOPinTypeSSI                    
00004bbb  GPIOPinWrite                      
000020e1  GetWaveform                       
00004bc1  GrContextFontSet                  
00004009  GrContextInit                     
000037a7  GrDefaultStringRenderer           
00004929  GrFontCodepageGet                 
000048e9  GrFontGlyphDataGet                
00002625  GrFontGlyphRender                 
0000489d  GrFontInfoGet                     
000035a5  GrLineDraw                        
00004519  GrLineDrawH                       
0000455f  GrLineDrawV                       
00004b95  GrMapISO8859_1_Unicode            
00003bb5  GrRectFill                        
000049fb  GrStringDraw                      
00004817  GrStringNextCharGet               
00002c51  HAL_LCD_PortInit                  
00002ce9  HAL_LCD_SpiInit                   
00002d81  HAL_LCD_writeCommand              
00002e01  HAL_LCD_writeData                 
00004071  IntEnable                         
00004af1  IntMasterDisable                  
00004b01  IntMasterEnable                   
000048c5  IntPrioritySet                    
20008048  LastIndex                         
2000918e  Lcd_FlagRead                      
2000918f  Lcd_FontSolid                     
20009190  Lcd_Orientation                   
20009191  Lcd_PenSolid                      
20009188  Lcd_ScreenHeigth                  
2000918a  Lcd_ScreenWidth                   
2000918c  Lcd_TouchTrim                     
20000000  Lcd_buffer                        
00004981  ResetISR                          
00004b9d  SSIBusy                           
00004665  SSIConfigSetExpClk                
00004b77  SSIDataPut                        
00004b81  SSIEnable                         
0000287d  SysCtlClockFreqSet                
00004bc7  SysCtlDelay                       
000039e1  SysCtlFrequencyGet                
00004785  SysCtlPeripheralEnable            
000041a5  TimerConfigure                    
00004a29  TimerDisable                      
00004b2d  TimerEnable                       
0000201d  TimerIntClear                     
00004ba5  TimerIntEnable                    
00004b8b  TimerIntStatus                    
00004a9b  TimerLoadSet                      
20008028  VoltageScale                      
20009998  __STACK_END                       
00000800  __STACK_SIZE                      
20009398  __STACK_TOP                       
00005470  __TI_CINIT_Base                   
00005480  __TI_CINIT_Limit                  
0000545c  __TI_Handler_Table_Base           
00005468  __TI_Handler_Table_Limit          
000045a5  __TI_auto_init_nobinit_nopinit    
000040d9  __TI_decompress_lzss              
00004b3b  __TI_decompress_none              
ffffffff  __TI_pprof_out_hndl               
00000209  __TI_printfi                      
ffffffff  __TI_prof_data_size               
ffffffff  __TI_prof_data_start              
00000000  __TI_static_base__                
00004b61  __TI_zero_init                    
00003c3b  __aeabi_cdcmpeq                   
00003c3b  __aeabi_cdcmple                   
00003cc1  __aeabi_cdrcmple                  
00003f99  __aeabi_d2f                       
000044d1  __aeabi_d2iz                      
00002e23  __aeabi_dadd                      
0000310d  __aeabi_ddiv                      
000036ab  __aeabi_dmul                      
00002e19  __aeabi_dsub                      
00004bad  __aeabi_errno_addr                
00004715  __aeabi_f2d                       
00004845  __aeabi_i2d                       
00000c67  __aeabi_idiv0                     
00000c67  __aeabi_ldiv0                     
00003e43  __aeabi_memclr                    
00003e43  __aeabi_memclr4                   
00003e43  __aeabi_memclr8                   
00003a83  __aeabi_memcpy                    
00003a83  __aeabi_memcpy4                   
00003a83  __aeabi_memcpy8                   
00003e45  __aeabi_memset                    
00003e45  __aeabi_memset4                   
00003e45  __aeabi_memset8                   
00003b1f  __aeabi_uldivmod                  
ffffffff  __binit__                         
ffffffff  __c_args__                        
UNDEFED   __mpu_init                        
20009198  __stack                           
000046dd  _c_int00_noargs                   
00004fec  _ctypes_                          
UNDEFED   _system_post_cinit                
00004bcd  _system_pre_init                  
00004bd1  abort                             
0000435d  atoi                              
00000c69  binary_conversion                 
ffffffff  binit                             
00004a3d  copysign                          
00004a3d  copysignl                         
20008030  count_loaded                      
2000802c  count_unloaded                    
20008034  cpu_load                          
00001281  cpu_load_count                    
2000805c  errno                             
00003d49  floorf                            
00004141  frexp                             
00004141  frexpl                            
20008060  gADCBuffer                        
2000803c  gADCBufferIndex                   
20009178  gADCErrors                        
2000917c  gADCSamplingRate                  
20008054  gButtons                          
2000804c  gJoystick                         
20009180  gSystemClock                      
20008024  gTime                             
00000000  g_pfnVectors                      
00005418  g_psDefaultCodePointMapTable      
000053f0  g_sCrystalfontz128x128            
000050f0  g_sFontFixed6x8                   
00002021  initADC                           
00003495  ldexp                             
00003495  ldexpl                            
20008044  loopCount                         
000042b5  ltoa                              
00000c99  main                              
00004965  memccpy                           
00003a83  memcpy                            
00003e4b  memset                            
20008040  prevVoltage                       
00003f2b  roundf                            
00003495  scalbn                            
00003495  scalbnl                           
000043a9  snprintf                          
00004a11  strchr                            
00004a51  strlen                            
20008038  tDirection                        
2000803a  tVoltage                          
00004aad  wcslen                            


GLOBAL SYMBOLS: SORTED BY Symbol Address 

address   name                              
-------   ----                              
00000000  __TI_static_base__                
00000000  g_pfnVectors                      
00000209  __TI_printfi                      
00000800  __STACK_SIZE                      
00000c67  __aeabi_idiv0                     
00000c67  __aeabi_ldiv0                     
00000c69  binary_conversion                 
00000c99  main                              
00001281  cpu_load_count                    
00001301  ButtonInit                        
00001521  ButtonDebounce                    
000015e1  ButtonReadJoystick                
00001751  ButtonAutoRepeat                  
000017f1  ButtonISR                         
00001991  Crystalfontz128x128_Init          
00001a61  Crystalfontz128x128_SetDrawFrame  
00001b59  Crystalfontz128x128_SetOrientation
0000201d  TimerIntClear                     
00002021  initADC                           
000020e1  GetWaveform                       
00002339  ADC_ISR                           
00002625  GrFontGlyphRender                 
0000287d  SysCtlClockFreqSet                
00002c51  HAL_LCD_PortInit                  
00002ce9  HAL_LCD_SpiInit                   
00002d81  HAL_LCD_writeCommand              
00002e01  HAL_LCD_writeData                 
00002e19  __aeabi_dsub                      
00002e23  __aeabi_dadd                      
0000310d  __aeabi_ddiv                      
00003243  GPIOPadConfigSet                  
00003495  ldexp                             
00003495  ldexpl                            
00003495  scalbn                            
00003495  scalbnl                           
000035a5  GrLineDraw                        
000036ab  __aeabi_dmul                      
000037a7  GrDefaultStringRenderer           
000039e1  SysCtlFrequencyGet                
00003a83  __aeabi_memcpy                    
00003a83  __aeabi_memcpy4                   
00003a83  __aeabi_memcpy8                   
00003a83  memcpy                            
00003b1f  __aeabi_uldivmod                  
00003bb5  GrRectFill                        
00003c3b  __aeabi_cdcmpeq                   
00003c3b  __aeabi_cdcmple                   
00003cc1  __aeabi_cdrcmple                  
00003d49  floorf                            
00003dc9  ADCSequenceStepConfigure          
00003e43  __aeabi_memclr                    
00003e43  __aeabi_memclr4                   
00003e43  __aeabi_memclr8                   
00003e45  __aeabi_memset                    
00003e45  __aeabi_memset4                   
00003e45  __aeabi_memset8                   
00003e4b  memset                            
00003f2b  roundf                            
00003f99  __aeabi_d2f                       
00004009  GrContextInit                     
00004071  IntEnable                         
000040d9  __TI_decompress_lzss              
00004141  frexp                             
00004141  frexpl                            
000041a5  TimerConfigure                    
000042b5  ltoa                              
0000435d  atoi                              
000043a9  snprintf                          
00004441  GPIOPinConfigure                  
000044d1  __aeabi_d2iz                      
00004519  GrLineDrawH                       
0000455f  GrLineDrawV                       
000045a5  __TI_auto_init_nobinit_nopinit    
000045e9  ADCSequenceConfigure              
00004665  SSIConfigSetExpClk                
000046dd  _c_int00_noargs                   
00004715  __aeabi_f2d                       
00004785  SysCtlPeripheralEnable            
000047e9  ADCIntStatus                      
00004817  GrStringNextCharGet               
00004845  __aeabi_i2d                       
00004873  GPIODirModeSet                    
0000489d  GrFontInfoGet                     
000048c5  IntPrioritySet                    
000048e9  GrFontGlyphDataGet                
0000490b  ADCSequenceDataGet                
00004929  GrFontCodepageGet                 
00004965  memccpy                           
00004981  ResetISR                          
0000499b  ADCClockConfigSet                 
000049b3  ADCProcessorTrigger               
000049cb  GPIOPinTypeGPIOOutput             
000049fb  GrStringDraw                      
00004a11  strchr                            
00004a29  TimerDisable                      
00004a3d  copysign                          
00004a3d  copysignl                         
00004a51  strlen                            
00004a65  GPIOPinTypeADC                    
00004a77  GPIOPinTypeGPIOInput              
00004a89  GPIOPinTypeSSI                    
00004a9b  TimerLoadSet                      
00004aad  wcslen                            
00004abf  ADCIntEnable                      
00004ad1  FPUEnable                         
00004ae1  FPULazyStackingEnable             
00004af1  IntMasterDisable                  
00004b01  IntMasterEnable                   
00004b11  ADCSequenceDisable                
00004b1f  ADCSequenceEnable                 
00004b2d  TimerEnable                       
00004b3b  __TI_decompress_none              
00004b49  CPUcpsid                          
00004b55  CPUcpsie                          
00004b61  __TI_zero_init                    
00004b6d  ADCIntClear                       
00004b77  SSIDataPut                        
00004b81  SSIEnable                         
00004b8b  TimerIntStatus                    
00004b95  GrMapISO8859_1_Unicode            
00004b9d  SSIBusy                           
00004ba5  TimerIntEnable                    
00004bad  __aeabi_errno_addr                
00004bb5  GPIOPinRead                       
00004bbb  GPIOPinWrite                      
00004bc1  GrContextFontSet                  
00004bc7  SysCtlDelay                       
00004bcd  _system_pre_init                  
00004bd1  C$$EXIT                           
00004bd1  abort                             
00004fec  _ctypes_                          
000050f0  g_sFontFixed6x8                   
000053f0  g_sCrystalfontz128x128            
00005418  g_psDefaultCodePointMapTable      
0000545c  __TI_Handler_Table_Base           
00005468  __TI_Handler_Table_Limit          
00005470  __TI_CINIT_Base                   
00005480  __TI_CINIT_Limit                  
20000000  Lcd_buffer                        
20008024  gTime                             
20008028  VoltageScale                      
2000802c  count_unloaded                    
20008030  count_loaded                      
20008034  cpu_load                          
20008038  tDirection                        
2000803a  tVoltage                          
2000803c  gADCBufferIndex                   
20008040  prevVoltage                       
20008044  loopCount                         
20008048  LastIndex                         
2000804c  gJoystick                         
20008054  gButtons                          
2000805c  errno                             
20008060  gADCBuffer                        
20009060  ADCPrintBuffer                    
20009174  ADCLocalBufferIndex               
20009178  gADCErrors                        
2000917c  gADCSamplingRate                  
20009180  gSystemClock                      
20009188  Lcd_ScreenHeigth                  
2000918a  Lcd_ScreenWidth                   
2000918c  Lcd_TouchTrim                     
2000918e  Lcd_FlagRead                      
2000918f  Lcd_FontSolid                     
20009190  Lcd_Orientation                   
20009191  Lcd_PenSolid                      
20009198  __stack                           
20009398  __STACK_TOP                       
20009998  __STACK_END                       
ffffffff  __TI_pprof_out_hndl               
ffffffff  __TI_prof_data_size               
ffffffff  __TI_prof_data_start              
ffffffff  __binit__                         
ffffffff  __c_args__                        
ffffffff  binit                             
UNDEFED   __mpu_init                        
UNDEFED   _system_post_cinit                

[177 symbols]
